[0.103s] DEBUG:colcon:Command line arguments: ['/usr/bin/colcon', 'build', '--packages-select', 'uavsandbox/']
[0.103s] DEBUG:colcon:Parsed command line arguments: Namespace(log_base=None, log_level=None, verb_name='build', build_base='build', install_base='install', merge_install=False, symlink_install=False, test_result_base=None, continue_on_error=False, executor='parallel', parallel_workers=24, event_handlers=None, ignore_user_meta=False, metas=['./colcon.meta'], base_paths=['.'], packages_ignore=None, packages_ignore_regex=None, paths=None, packages_up_to=None, packages_up_to_regex=None, packages_above=None, packages_above_and_dependencies=None, packages_above_depth=None, packages_select_by_dep=None, packages_skip_by_dep=None, packages_skip_up_to=None, packages_select_build_failed=False, packages_skip_build_finished=False, packages_select_test_failures=False, packages_skip_test_passed=False, packages_select=['uavsandbox/'], packages_skip=None, packages_select_regex=None, packages_skip_regex=None, packages_start=None, packages_end=None, allow_overriding=[], cmake_args=None, cmake_target=None, cmake_target_skip_unavailable=False, cmake_clean_cache=False, cmake_clean_first=False, cmake_force_configure=False, ament_cmake_args=None, catkin_cmake_args=None, catkin_skip_building_tests=False, mixin_files=None, mixin=None, verb_parser=<colcon_mixin.mixin.mixin_argument.MixinArgumentDecorator object at 0x762e87209570>, verb_extension=<colcon_core.verb.build.BuildVerb object at 0x762e87208d90>, main=<bound method BuildVerb.main of <colcon_core.verb.build.BuildVerb object at 0x762e87208d90>>, mixin_verb=('build',))
[0.132s] Level 1:colcon.colcon_core.package_discovery:discover_packages(colcon_meta) check parameters
[0.132s] Level 1:colcon.colcon_core.package_discovery:discover_packages(recursive) check parameters
[0.132s] Level 1:colcon.colcon_core.package_discovery:discover_packages(ignore) check parameters
[0.132s] Level 1:colcon.colcon_core.package_discovery:discover_packages(path) check parameters
[0.132s] Level 1:colcon.colcon_core.package_discovery:discover_packages(colcon_meta) discover
[0.132s] Level 1:colcon.colcon_core.package_discovery:discover_packages(recursive) discover
[0.132s] INFO:colcon.colcon_core.package_discovery:Crawling recursively for packages in '/home/developer/ros2_ws/src'
[0.133s] Level 1:colcon.colcon_core.package_identification:_identify(.) by extensions ['ignore', 'ignore_ament_install']
[0.133s] Level 1:colcon.colcon_core.package_identification:_identify(.) by extension 'ignore'
[0.133s] Level 1:colcon.colcon_core.package_identification:_identify(.) by extension 'ignore_ament_install'
[0.133s] Level 1:colcon.colcon_core.package_identification:_identify(.) by extensions ['colcon_pkg']
[0.133s] Level 1:colcon.colcon_core.package_identification:_identify(.) by extension 'colcon_pkg'
[0.133s] Level 1:colcon.colcon_core.package_identification:_identify(.) by extensions ['colcon_meta']
[0.133s] Level 1:colcon.colcon_core.package_identification:_identify(.) by extension 'colcon_meta'
[0.133s] Level 1:colcon.colcon_core.package_identification:_identify(.) by extensions ['ros']
[0.133s] Level 1:colcon.colcon_core.package_identification:_identify(.) by extension 'ros'
[0.154s] Level 1:colcon.colcon_core.package_identification:_identify(.) by extensions ['cmake', 'python']
[0.154s] Level 1:colcon.colcon_core.package_identification:_identify(.) by extension 'cmake'
[0.154s] Level 1:colcon.colcon_core.package_identification:_identify(.) by extension 'python'
[0.154s] Level 1:colcon.colcon_core.package_identification:_identify(.) by extensions ['python_setup_py']
[0.154s] Level 1:colcon.colcon_core.package_identification:_identify(.) by extension 'python_setup_py'
[0.155s] Level 1:colcon.colcon_core.package_identification:_identify(bag_files) by extensions ['ignore', 'ignore_ament_install']
[0.155s] Level 1:colcon.colcon_core.package_identification:_identify(bag_files) by extension 'ignore'
[0.155s] Level 1:colcon.colcon_core.package_identification:_identify(bag_files) by extension 'ignore_ament_install'
[0.155s] Level 1:colcon.colcon_core.package_identification:_identify(bag_files) by extensions ['colcon_pkg']
[0.155s] Level 1:colcon.colcon_core.package_identification:_identify(bag_files) by extension 'colcon_pkg'
[0.155s] Level 1:colcon.colcon_core.package_identification:_identify(bag_files) by extensions ['colcon_meta']
[0.155s] Level 1:colcon.colcon_core.package_identification:_identify(bag_files) by extension 'colcon_meta'
[0.155s] Level 1:colcon.colcon_core.package_identification:_identify(bag_files) by extensions ['ros']
[0.155s] Level 1:colcon.colcon_core.package_identification:_identify(bag_files) by extension 'ros'
[0.155s] Level 1:colcon.colcon_core.package_identification:_identify(bag_files) by extensions ['cmake', 'python']
[0.155s] Level 1:colcon.colcon_core.package_identification:_identify(bag_files) by extension 'cmake'
[0.155s] Level 1:colcon.colcon_core.package_identification:_identify(bag_files) by extension 'python'
[0.155s] Level 1:colcon.colcon_core.package_identification:_identify(bag_files) by extensions ['python_setup_py']
[0.155s] Level 1:colcon.colcon_core.package_identification:_identify(bag_files) by extension 'python_setup_py'
[0.155s] Level 1:colcon.colcon_core.package_identification:_identify(bag_files/rosbag2_2026_03_18-10_49_19) by extensions ['ignore', 'ignore_ament_install']
[0.155s] Level 1:colcon.colcon_core.package_identification:_identify(bag_files/rosbag2_2026_03_18-10_49_19) by extension 'ignore'
[0.155s] Level 1:colcon.colcon_core.package_identification:_identify(bag_files/rosbag2_2026_03_18-10_49_19) by extension 'ignore_ament_install'
[0.155s] Level 1:colcon.colcon_core.package_identification:_identify(bag_files/rosbag2_2026_03_18-10_49_19) by extensions ['colcon_pkg']
[0.155s] Level 1:colcon.colcon_core.package_identification:_identify(bag_files/rosbag2_2026_03_18-10_49_19) by extension 'colcon_pkg'
[0.155s] Level 1:colcon.colcon_core.package_identification:_identify(bag_files/rosbag2_2026_03_18-10_49_19) by extensions ['colcon_meta']
[0.155s] Level 1:colcon.colcon_core.package_identification:_identify(bag_files/rosbag2_2026_03_18-10_49_19) by extension 'colcon_meta'
[0.155s] Level 1:colcon.colcon_core.package_identification:_identify(bag_files/rosbag2_2026_03_18-10_49_19) by extensions ['ros']
[0.155s] Level 1:colcon.colcon_core.package_identification:_identify(bag_files/rosbag2_2026_03_18-10_49_19) by extension 'ros'
[0.155s] Level 1:colcon.colcon_core.package_identification:_identify(bag_files/rosbag2_2026_03_18-10_49_19) by extensions ['cmake', 'python']
[0.155s] Level 1:colcon.colcon_core.package_identification:_identify(bag_files/rosbag2_2026_03_18-10_49_19) by extension 'cmake'
[0.155s] Level 1:colcon.colcon_core.package_identification:_identify(bag_files/rosbag2_2026_03_18-10_49_19) by extension 'python'
[0.156s] Level 1:colcon.colcon_core.package_identification:_identify(bag_files/rosbag2_2026_03_18-10_49_19) by extensions ['python_setup_py']
[0.156s] Level 1:colcon.colcon_core.package_identification:_identify(bag_files/rosbag2_2026_03_18-10_49_19) by extension 'python_setup_py'
[0.156s] Level 1:colcon.colcon_core.package_identification:_identify(bag_files/rosbag2_2026_03_18-10_51_23) by extensions ['ignore', 'ignore_ament_install']
[0.156s] Level 1:colcon.colcon_core.package_identification:_identify(bag_files/rosbag2_2026_03_18-10_51_23) by extension 'ignore'
[0.156s] Level 1:colcon.colcon_core.package_identification:_identify(bag_files/rosbag2_2026_03_18-10_51_23) by extension 'ignore_ament_install'
[0.156s] Level 1:colcon.colcon_core.package_identification:_identify(bag_files/rosbag2_2026_03_18-10_51_23) by extensions ['colcon_pkg']
[0.156s] Level 1:colcon.colcon_core.package_identification:_identify(bag_files/rosbag2_2026_03_18-10_51_23) by extension 'colcon_pkg'
[0.156s] Level 1:colcon.colcon_core.package_identification:_identify(bag_files/rosbag2_2026_03_18-10_51_23) by extensions ['colcon_meta']
[0.156s] Level 1:colcon.colcon_core.package_identification:_identify(bag_files/rosbag2_2026_03_18-10_51_23) by extension 'colcon_meta'
[0.156s] Level 1:colcon.colcon_core.package_identification:_identify(bag_files/rosbag2_2026_03_18-10_51_23) by extensions ['ros']
[0.156s] Level 1:colcon.colcon_core.package_identification:_identify(bag_files/rosbag2_2026_03_18-10_51_23) by extension 'ros'
[0.156s] Level 1:colcon.colcon_core.package_identification:_identify(bag_files/rosbag2_2026_03_18-10_51_23) by extensions ['cmake', 'python']
[0.156s] Level 1:colcon.colcon_core.package_identification:_identify(bag_files/rosbag2_2026_03_18-10_51_23) by extension 'cmake'
[0.156s] Level 1:colcon.colcon_core.package_identification:_identify(bag_files/rosbag2_2026_03_18-10_51_23) by extension 'python'
[0.156s] Level 1:colcon.colcon_core.package_identification:_identify(bag_files/rosbag2_2026_03_18-10_51_23) by extensions ['python_setup_py']
[0.156s] Level 1:colcon.colcon_core.package_identification:_identify(bag_files/rosbag2_2026_03_18-10_51_23) by extension 'python_setup_py'
[0.156s] Level 1:colcon.colcon_core.package_identification:_identify(build) by extensions ['ignore', 'ignore_ament_install']
[0.156s] Level 1:colcon.colcon_core.package_identification:_identify(build) by extension 'ignore'
[0.156s] Level 1:colcon.colcon_core.package_identification:_identify(build) ignored
[0.156s] Level 1:colcon.colcon_core.package_identification:_identify(cf_control) by extensions ['ignore', 'ignore_ament_install']
[0.156s] Level 1:colcon.colcon_core.package_identification:_identify(cf_control) by extension 'ignore'
[0.156s] Level 1:colcon.colcon_core.package_identification:_identify(cf_control) by extension 'ignore_ament_install'
[0.156s] Level 1:colcon.colcon_core.package_identification:_identify(cf_control) by extensions ['colcon_pkg']
[0.156s] Level 1:colcon.colcon_core.package_identification:_identify(cf_control) by extension 'colcon_pkg'
[0.156s] Level 1:colcon.colcon_core.package_identification:_identify(cf_control) by extensions ['colcon_meta']
[0.156s] Level 1:colcon.colcon_core.package_identification:_identify(cf_control) by extension 'colcon_meta'
[0.156s] Level 1:colcon.colcon_core.package_identification:_identify(cf_control) by extensions ['ros']
[0.157s] Level 1:colcon.colcon_core.package_identification:_identify(cf_control) by extension 'ros'
[0.158s] DEBUG:colcon.colcon_core.package_identification:Package 'cf_control' with type 'ros.ament_cmake' and name 'cf_control'
[0.158s] Level 1:colcon.colcon_core.package_identification:_identify(cf_control_msgs) by extensions ['ignore', 'ignore_ament_install']
[0.158s] Level 1:colcon.colcon_core.package_identification:_identify(cf_control_msgs) by extension 'ignore'
[0.158s] Level 1:colcon.colcon_core.package_identification:_identify(cf_control_msgs) by extension 'ignore_ament_install'
[0.158s] Level 1:colcon.colcon_core.package_identification:_identify(cf_control_msgs) by extensions ['colcon_pkg']
[0.159s] Level 1:colcon.colcon_core.package_identification:_identify(cf_control_msgs) by extension 'colcon_pkg'
[0.159s] Level 1:colcon.colcon_core.package_identification:_identify(cf_control_msgs) by extensions ['colcon_meta']
[0.159s] Level 1:colcon.colcon_core.package_identification:_identify(cf_control_msgs) by extension 'colcon_meta'
[0.159s] Level 1:colcon.colcon_core.package_identification:_identify(cf_control_msgs) by extensions ['ros']
[0.159s] Level 1:colcon.colcon_core.package_identification:_identify(cf_control_msgs) by extension 'ros'
[0.159s] DEBUG:colcon.colcon_core.package_identification:Package 'cf_control_msgs' with type 'ros.ament_cmake' and name 'cf_control_msgs'
[0.159s] Level 1:colcon.colcon_core.package_identification:_identify(install) by extensions ['ignore', 'ignore_ament_install']
[0.159s] Level 1:colcon.colcon_core.package_identification:_identify(install) by extension 'ignore'
[0.159s] Level 1:colcon.colcon_core.package_identification:_identify(install) ignored
[0.159s] Level 1:colcon.colcon_core.package_identification:_identify(log) by extensions ['ignore', 'ignore_ament_install']
[0.159s] Level 1:colcon.colcon_core.package_identification:_identify(log) by extension 'ignore'
[0.159s] Level 1:colcon.colcon_core.package_identification:_identify(log) ignored
[0.159s] Level 1:colcon.colcon_core.package_identification:_identify(logs) by extensions ['ignore', 'ignore_ament_install']
[0.159s] Level 1:colcon.colcon_core.package_identification:_identify(logs) by extension 'ignore'
[0.160s] Level 1:colcon.colcon_core.package_identification:_identify(logs) by extension 'ignore_ament_install'
[0.160s] Level 1:colcon.colcon_core.package_identification:_identify(logs) by extensions ['colcon_pkg']
[0.160s] Level 1:colcon.colcon_core.package_identification:_identify(logs) by extension 'colcon_pkg'
[0.160s] Level 1:colcon.colcon_core.package_identification:_identify(logs) by extensions ['colcon_meta']
[0.160s] Level 1:colcon.colcon_core.package_identification:_identify(logs) by extension 'colcon_meta'
[0.160s] Level 1:colcon.colcon_core.package_identification:_identify(logs) by extensions ['ros']
[0.160s] Level 1:colcon.colcon_core.package_identification:_identify(logs) by extension 'ros'
[0.160s] Level 1:colcon.colcon_core.package_identification:_identify(logs) by extensions ['cmake', 'python']
[0.160s] Level 1:colcon.colcon_core.package_identification:_identify(logs) by extension 'cmake'
[0.160s] Level 1:colcon.colcon_core.package_identification:_identify(logs) by extension 'python'
[0.160s] Level 1:colcon.colcon_core.package_identification:_identify(logs) by extensions ['python_setup_py']
[0.160s] Level 1:colcon.colcon_core.package_identification:_identify(logs) by extension 'python_setup_py'
[0.160s] Level 1:colcon.colcon_core.package_identification:_identify(logs/2026-03-18-10-07-43-621960-lsriw-swinica-1357) by extensions ['ignore', 'ignore_ament_install']
[0.160s] Level 1:colcon.colcon_core.package_identification:_identify(logs/2026-03-18-10-07-43-621960-lsriw-swinica-1357) by extension 'ignore'
[0.160s] Level 1:colcon.colcon_core.package_identification:_identify(logs/2026-03-18-10-07-43-621960-lsriw-swinica-1357) by extension 'ignore_ament_install'
[0.160s] Level 1:colcon.colcon_core.package_identification:_identify(logs/2026-03-18-10-07-43-621960-lsriw-swinica-1357) by extensions ['colcon_pkg']
[0.160s] Level 1:colcon.colcon_core.package_identification:_identify(logs/2026-03-18-10-07-43-621960-lsriw-swinica-1357) by extension 'colcon_pkg'
[0.160s] Level 1:colcon.colcon_core.package_identification:_identify(logs/2026-03-18-10-07-43-621960-lsriw-swinica-1357) by extensions ['colcon_meta']
[0.160s] Level 1:colcon.colcon_core.package_identification:_identify(logs/2026-03-18-10-07-43-621960-lsriw-swinica-1357) by extension 'colcon_meta'
[0.160s] Level 1:colcon.colcon_core.package_identification:_identify(logs/2026-03-18-10-07-43-621960-lsriw-swinica-1357) by extensions ['ros']
[0.160s] Level 1:colcon.colcon_core.package_identification:_identify(logs/2026-03-18-10-07-43-621960-lsriw-swinica-1357) by extension 'ros'
[0.160s] Level 1:colcon.colcon_core.package_identification:_identify(logs/2026-03-18-10-07-43-621960-lsriw-swinica-1357) by extensions ['cmake', 'python']
[0.160s] Level 1:colcon.colcon_core.package_identification:_identify(logs/2026-03-18-10-07-43-621960-lsriw-swinica-1357) by extension 'cmake'
[0.160s] Level 1:colcon.colcon_core.package_identification:_identify(logs/2026-03-18-10-07-43-621960-lsriw-swinica-1357) by extension 'python'
[0.160s] Level 1:colcon.colcon_core.package_identification:_identify(logs/2026-03-18-10-07-43-621960-lsriw-swinica-1357) by extensions ['python_setup_py']
[0.160s] Level 1:colcon.colcon_core.package_identification:_identify(logs/2026-03-18-10-07-43-621960-lsriw-swinica-1357) by extension 'python_setup_py'
[0.160s] Level 1:colcon.colcon_core.package_identification:_identify(logs/2026-03-18-10-57-05-514676-lsriw-swinica-18309) by extensions ['ignore', 'ignore_ament_install']
[0.160s] Level 1:colcon.colcon_core.package_identification:_identify(logs/2026-03-18-10-57-05-514676-lsriw-swinica-18309) by extension 'ignore'
[0.160s] Level 1:colcon.colcon_core.package_identification:_identify(logs/2026-03-18-10-57-05-514676-lsriw-swinica-18309) by extension 'ignore_ament_install'
[0.161s] Level 1:colcon.colcon_core.package_identification:_identify(logs/2026-03-18-10-57-05-514676-lsriw-swinica-18309) by extensions ['colcon_pkg']
[0.161s] Level 1:colcon.colcon_core.package_identification:_identify(logs/2026-03-18-10-57-05-514676-lsriw-swinica-18309) by extension 'colcon_pkg'
[0.161s] Level 1:colcon.colcon_core.package_identification:_identify(logs/2026-03-18-10-57-05-514676-lsriw-swinica-18309) by extensions ['colcon_meta']
[0.161s] Level 1:colcon.colcon_core.package_identification:_identify(logs/2026-03-18-10-57-05-514676-lsriw-swinica-18309) by extension 'colcon_meta'
[0.161s] Level 1:colcon.colcon_core.package_identification:_identify(logs/2026-03-18-10-57-05-514676-lsriw-swinica-18309) by extensions ['ros']
[0.161s] Level 1:colcon.colcon_core.package_identification:_identify(logs/2026-03-18-10-57-05-514676-lsriw-swinica-18309) by extension 'ros'
[0.161s] Level 1:colcon.colcon_core.package_identification:_identify(logs/2026-03-18-10-57-05-514676-lsriw-swinica-18309) by extensions ['cmake', 'python']
[0.161s] Level 1:colcon.colcon_core.package_identification:_identify(logs/2026-03-18-10-57-05-514676-lsriw-swinica-18309) by extension 'cmake'
[0.161s] Level 1:colcon.colcon_core.package_identification:_identify(logs/2026-03-18-10-57-05-514676-lsriw-swinica-18309) by extension 'python'
[0.161s] Level 1:colcon.colcon_core.package_identification:_identify(logs/2026-03-18-10-57-05-514676-lsriw-swinica-18309) by extensions ['python_setup_py']
[0.161s] Level 1:colcon.colcon_core.package_identification:_identify(logs/2026-03-18-10-57-05-514676-lsriw-swinica-18309) by extension 'python_setup_py'
[0.161s] Level 1:colcon.colcon_core.package_identification:_identify(logs/2026-03-18-10-59-20-490885-lsriw-swinica-19082) by extensions ['ignore', 'ignore_ament_install']
[0.161s] Level 1:colcon.colcon_core.package_identification:_identify(logs/2026-03-18-10-59-20-490885-lsriw-swinica-19082) by extension 'ignore'
[0.161s] Level 1:colcon.colcon_core.package_identification:_identify(logs/2026-03-18-10-59-20-490885-lsriw-swinica-19082) by extension 'ignore_ament_install'
[0.161s] Level 1:colcon.colcon_core.package_identification:_identify(logs/2026-03-18-10-59-20-490885-lsriw-swinica-19082) by extensions ['colcon_pkg']
[0.161s] Level 1:colcon.colcon_core.package_identification:_identify(logs/2026-03-18-10-59-20-490885-lsriw-swinica-19082) by extension 'colcon_pkg'
[0.161s] Level 1:colcon.colcon_core.package_identification:_identify(logs/2026-03-18-10-59-20-490885-lsriw-swinica-19082) by extensions ['colcon_meta']
[0.161s] Level 1:colcon.colcon_core.package_identification:_identify(logs/2026-03-18-10-59-20-490885-lsriw-swinica-19082) by extension 'colcon_meta'
[0.161s] Level 1:colcon.colcon_core.package_identification:_identify(logs/2026-03-18-10-59-20-490885-lsriw-swinica-19082) by extensions ['ros']
[0.161s] Level 1:colcon.colcon_core.package_identification:_identify(logs/2026-03-18-10-59-20-490885-lsriw-swinica-19082) by extension 'ros'
[0.161s] Level 1:colcon.colcon_core.package_identification:_identify(logs/2026-03-18-10-59-20-490885-lsriw-swinica-19082) by extensions ['cmake', 'python']
[0.161s] Level 1:colcon.colcon_core.package_identification:_identify(logs/2026-03-18-10-59-20-490885-lsriw-swinica-19082) by extension 'cmake'
[0.161s] Level 1:colcon.colcon_core.package_identification:_identify(logs/2026-03-18-10-59-20-490885-lsriw-swinica-19082) by extension 'python'
[0.161s] Level 1:colcon.colcon_core.package_identification:_identify(logs/2026-03-18-10-59-20-490885-lsriw-swinica-19082) by extensions ['python_setup_py']
[0.161s] Level 1:colcon.colcon_core.package_identification:_identify(logs/2026-03-18-10-59-20-490885-lsriw-swinica-19082) by extension 'python_setup_py'
[0.161s] Level 1:colcon.colcon_core.package_identification:_identify(logs/2026-03-18-11-02-01-688828-lsriw-swinica-20620) by extensions ['ignore', 'ignore_ament_install']
[0.161s] Level 1:colcon.colcon_core.package_identification:_identify(logs/2026-03-18-11-02-01-688828-lsriw-swinica-20620) by extension 'ignore'
[0.161s] Level 1:colcon.colcon_core.package_identification:_identify(logs/2026-03-18-11-02-01-688828-lsriw-swinica-20620) by extension 'ignore_ament_install'
[0.161s] Level 1:colcon.colcon_core.package_identification:_identify(logs/2026-03-18-11-02-01-688828-lsriw-swinica-20620) by extensions ['colcon_pkg']
[0.162s] Level 1:colcon.colcon_core.package_identification:_identify(logs/2026-03-18-11-02-01-688828-lsriw-swinica-20620) by extension 'colcon_pkg'
[0.162s] Level 1:colcon.colcon_core.package_identification:_identify(logs/2026-03-18-11-02-01-688828-lsriw-swinica-20620) by extensions ['colcon_meta']
[0.162s] Level 1:colcon.colcon_core.package_identification:_identify(logs/2026-03-18-11-02-01-688828-lsriw-swinica-20620) by extension 'colcon_meta'
[0.162s] Level 1:colcon.colcon_core.package_identification:_identify(logs/2026-03-18-11-02-01-688828-lsriw-swinica-20620) by extensions ['ros']
[0.162s] Level 1:colcon.colcon_core.package_identification:_identify(logs/2026-03-18-11-02-01-688828-lsriw-swinica-20620) by extension 'ros'
[0.162s] Level 1:colcon.colcon_core.package_identification:_identify(logs/2026-03-18-11-02-01-688828-lsriw-swinica-20620) by extensions ['cmake', 'python']
[0.162s] Level 1:colcon.colcon_core.package_identification:_identify(logs/2026-03-18-11-02-01-688828-lsriw-swinica-20620) by extension 'cmake'
[0.162s] Level 1:colcon.colcon_core.package_identification:_identify(logs/2026-03-18-11-02-01-688828-lsriw-swinica-20620) by extension 'python'
[0.162s] Level 1:colcon.colcon_core.package_identification:_identify(logs/2026-03-18-11-02-01-688828-lsriw-swinica-20620) by extensions ['python_setup_py']
[0.162s] Level 1:colcon.colcon_core.package_identification:_identify(logs/2026-03-18-11-02-01-688828-lsriw-swinica-20620) by extension 'python_setup_py'
[0.162s] Level 1:colcon.colcon_core.package_identification:_identify(logs/2026-03-18-11-02-51-263322-lsriw-swinica-21098) by extensions ['ignore', 'ignore_ament_install']
[0.162s] Level 1:colcon.colcon_core.package_identification:_identify(logs/2026-03-18-11-02-51-263322-lsriw-swinica-21098) by extension 'ignore'
[0.162s] Level 1:colcon.colcon_core.package_identification:_identify(logs/2026-03-18-11-02-51-263322-lsriw-swinica-21098) by extension 'ignore_ament_install'
[0.162s] Level 1:colcon.colcon_core.package_identification:_identify(logs/2026-03-18-11-02-51-263322-lsriw-swinica-21098) by extensions ['colcon_pkg']
[0.162s] Level 1:colcon.colcon_core.package_identification:_identify(logs/2026-03-18-11-02-51-263322-lsriw-swinica-21098) by extension 'colcon_pkg'
[0.162s] Level 1:colcon.colcon_core.package_identification:_identify(logs/2026-03-18-11-02-51-263322-lsriw-swinica-21098) by extensions ['colcon_meta']
[0.162s] Level 1:colcon.colcon_core.package_identification:_identify(logs/2026-03-18-11-02-51-263322-lsriw-swinica-21098) by extension 'colcon_meta'
[0.162s] Level 1:colcon.colcon_core.package_identification:_identify(logs/2026-03-18-11-02-51-263322-lsriw-swinica-21098) by extensions ['ros']
[0.162s] Level 1:colcon.colcon_core.package_identification:_identify(logs/2026-03-18-11-02-51-263322-lsriw-swinica-21098) by extension 'ros'
[0.162s] Level 1:colcon.colcon_core.package_identification:_identify(logs/2026-03-18-11-02-51-263322-lsriw-swinica-21098) by extensions ['cmake', 'python']
[0.162s] Level 1:colcon.colcon_core.package_identification:_identify(logs/2026-03-18-11-02-51-263322-lsriw-swinica-21098) by extension 'cmake'
[0.162s] Level 1:colcon.colcon_core.package_identification:_identify(logs/2026-03-18-11-02-51-263322-lsriw-swinica-21098) by extension 'python'
[0.162s] Level 1:colcon.colcon_core.package_identification:_identify(logs/2026-03-18-11-02-51-263322-lsriw-swinica-21098) by extensions ['python_setup_py']
[0.162s] Level 1:colcon.colcon_core.package_identification:_identify(logs/2026-03-18-11-02-51-263322-lsriw-swinica-21098) by extension 'python_setup_py'
[0.162s] Level 1:colcon.colcon_core.package_identification:_identify(logs/2026-03-18-11-05-22-318247-lsriw-swinica-22789) by extensions ['ignore', 'ignore_ament_install']
[0.162s] Level 1:colcon.colcon_core.package_identification:_identify(logs/2026-03-18-11-05-22-318247-lsriw-swinica-22789) by extension 'ignore'
[0.162s] Level 1:colcon.colcon_core.package_identification:_identify(logs/2026-03-18-11-05-22-318247-lsriw-swinica-22789) by extension 'ignore_ament_install'
[0.162s] Level 1:colcon.colcon_core.package_identification:_identify(logs/2026-03-18-11-05-22-318247-lsriw-swinica-22789) by extensions ['colcon_pkg']
[0.162s] Level 1:colcon.colcon_core.package_identification:_identify(logs/2026-03-18-11-05-22-318247-lsriw-swinica-22789) by extension 'colcon_pkg'
[0.163s] Level 1:colcon.colcon_core.package_identification:_identify(logs/2026-03-18-11-05-22-318247-lsriw-swinica-22789) by extensions ['colcon_meta']
[0.163s] Level 1:colcon.colcon_core.package_identification:_identify(logs/2026-03-18-11-05-22-318247-lsriw-swinica-22789) by extension 'colcon_meta'
[0.163s] Level 1:colcon.colcon_core.package_identification:_identify(logs/2026-03-18-11-05-22-318247-lsriw-swinica-22789) by extensions ['ros']
[0.163s] Level 1:colcon.colcon_core.package_identification:_identify(logs/2026-03-18-11-05-22-318247-lsriw-swinica-22789) by extension 'ros'
[0.163s] Level 1:colcon.colcon_core.package_identification:_identify(logs/2026-03-18-11-05-22-318247-lsriw-swinica-22789) by extensions ['cmake', 'python']
[0.163s] Level 1:colcon.colcon_core.package_identification:_identify(logs/2026-03-18-11-05-22-318247-lsriw-swinica-22789) by extension 'cmake'
[0.163s] Level 1:colcon.colcon_core.package_identification:_identify(logs/2026-03-18-11-05-22-318247-lsriw-swinica-22789) by extension 'python'
[0.163s] Level 1:colcon.colcon_core.package_identification:_identify(logs/2026-03-18-11-05-22-318247-lsriw-swinica-22789) by extensions ['python_setup_py']
[0.163s] Level 1:colcon.colcon_core.package_identification:_identify(logs/2026-03-18-11-05-22-318247-lsriw-swinica-22789) by extension 'python_setup_py'
[0.163s] Level 1:colcon.colcon_core.package_identification:_identify(logs/2026-03-18-11-08-30-636703-lsriw-swinica-23659) by extensions ['ignore', 'ignore_ament_install']
[0.163s] Level 1:colcon.colcon_core.package_identification:_identify(logs/2026-03-18-11-08-30-636703-lsriw-swinica-23659) by extension 'ignore'
[0.163s] Level 1:colcon.colcon_core.package_identification:_identify(logs/2026-03-18-11-08-30-636703-lsriw-swinica-23659) by extension 'ignore_ament_install'
[0.163s] Level 1:colcon.colcon_core.package_identification:_identify(logs/2026-03-18-11-08-30-636703-lsriw-swinica-23659) by extensions ['colcon_pkg']
[0.163s] Level 1:colcon.colcon_core.package_identification:_identify(logs/2026-03-18-11-08-30-636703-lsriw-swinica-23659) by extension 'colcon_pkg'
[0.163s] Level 1:colcon.colcon_core.package_identification:_identify(logs/2026-03-18-11-08-30-636703-lsriw-swinica-23659) by extensions ['colcon_meta']
[0.163s] Level 1:colcon.colcon_core.package_identification:_identify(logs/2026-03-18-11-08-30-636703-lsriw-swinica-23659) by extension 'colcon_meta'
[0.163s] Level 1:colcon.colcon_core.package_identification:_identify(logs/2026-03-18-11-08-30-636703-lsriw-swinica-23659) by extensions ['ros']
[0.163s] Level 1:colcon.colcon_core.package_identification:_identify(logs/2026-03-18-11-08-30-636703-lsriw-swinica-23659) by extension 'ros'
[0.163s] Level 1:colcon.colcon_core.package_identification:_identify(logs/2026-03-18-11-08-30-636703-lsriw-swinica-23659) by extensions ['cmake', 'python']
[0.163s] Level 1:colcon.colcon_core.package_identification:_identify(logs/2026-03-18-11-08-30-636703-lsriw-swinica-23659) by extension 'cmake'
[0.163s] Level 1:colcon.colcon_core.package_identification:_identify(logs/2026-03-18-11-08-30-636703-lsriw-swinica-23659) by extension 'python'
[0.163s] Level 1:colcon.colcon_core.package_identification:_identify(logs/2026-03-18-11-08-30-636703-lsriw-swinica-23659) by extensions ['python_setup_py']
[0.163s] Level 1:colcon.colcon_core.package_identification:_identify(logs/2026-03-18-11-08-30-636703-lsriw-swinica-23659) by extension 'python_setup_py'
[0.163s] Level 1:colcon.colcon_core.package_identification:_identify(logs/2026-03-25-10-28-20-317018-lsriw-swinica-11122) by extensions ['ignore', 'ignore_ament_install']
[0.163s] Level 1:colcon.colcon_core.package_identification:_identify(logs/2026-03-25-10-28-20-317018-lsriw-swinica-11122) by extension 'ignore'
[0.163s] Level 1:colcon.colcon_core.package_identification:_identify(logs/2026-03-25-10-28-20-317018-lsriw-swinica-11122) by extension 'ignore_ament_install'
[0.163s] Level 1:colcon.colcon_core.package_identification:_identify(logs/2026-03-25-10-28-20-317018-lsriw-swinica-11122) by extensions ['colcon_pkg']
[0.163s] Level 1:colcon.colcon_core.package_identification:_identify(logs/2026-03-25-10-28-20-317018-lsriw-swinica-11122) by extension 'colcon_pkg'
[0.163s] Level 1:colcon.colcon_core.package_identification:_identify(logs/2026-03-25-10-28-20-317018-lsriw-swinica-11122) by extensions ['colcon_meta']
[0.163s] Level 1:colcon.colcon_core.package_identification:_identify(logs/2026-03-25-10-28-20-317018-lsriw-swinica-11122) by extension 'colcon_meta'
[0.164s] Level 1:colcon.colcon_core.package_identification:_identify(logs/2026-03-25-10-28-20-317018-lsriw-swinica-11122) by extensions ['ros']
[0.164s] Level 1:colcon.colcon_core.package_identification:_identify(logs/2026-03-25-10-28-20-317018-lsriw-swinica-11122) by extension 'ros'
[0.164s] Level 1:colcon.colcon_core.package_identification:_identify(logs/2026-03-25-10-28-20-317018-lsriw-swinica-11122) by extensions ['cmake', 'python']
[0.164s] Level 1:colcon.colcon_core.package_identification:_identify(logs/2026-03-25-10-28-20-317018-lsriw-swinica-11122) by extension 'cmake'
[0.164s] Level 1:colcon.colcon_core.package_identification:_identify(logs/2026-03-25-10-28-20-317018-lsriw-swinica-11122) by extension 'python'
[0.164s] Level 1:colcon.colcon_core.package_identification:_identify(logs/2026-03-25-10-28-20-317018-lsriw-swinica-11122) by extensions ['python_setup_py']
[0.164s] Level 1:colcon.colcon_core.package_identification:_identify(logs/2026-03-25-10-28-20-317018-lsriw-swinica-11122) by extension 'python_setup_py'
[0.164s] Level 1:colcon.colcon_core.package_identification:_identify(logs/2026-04-01-09-51-30-276284-lsriw-swinica-1876) by extensions ['ignore', 'ignore_ament_install']
[0.164s] Level 1:colcon.colcon_core.package_identification:_identify(logs/2026-04-01-09-51-30-276284-lsriw-swinica-1876) by extension 'ignore'
[0.164s] Level 1:colcon.colcon_core.package_identification:_identify(logs/2026-04-01-09-51-30-276284-lsriw-swinica-1876) by extension 'ignore_ament_install'
[0.164s] Level 1:colcon.colcon_core.package_identification:_identify(logs/2026-04-01-09-51-30-276284-lsriw-swinica-1876) by extensions ['colcon_pkg']
[0.164s] Level 1:colcon.colcon_core.package_identification:_identify(logs/2026-04-01-09-51-30-276284-lsriw-swinica-1876) by extension 'colcon_pkg'
[0.164s] Level 1:colcon.colcon_core.package_identification:_identify(logs/2026-04-01-09-51-30-276284-lsriw-swinica-1876) by extensions ['colcon_meta']
[0.164s] Level 1:colcon.colcon_core.package_identification:_identify(logs/2026-04-01-09-51-30-276284-lsriw-swinica-1876) by extension 'colcon_meta'
[0.164s] Level 1:colcon.colcon_core.package_identification:_identify(logs/2026-04-01-09-51-30-276284-lsriw-swinica-1876) by extensions ['ros']
[0.164s] Level 1:colcon.colcon_core.package_identification:_identify(logs/2026-04-01-09-51-30-276284-lsriw-swinica-1876) by extension 'ros'
[0.164s] Level 1:colcon.colcon_core.package_identification:_identify(logs/2026-04-01-09-51-30-276284-lsriw-swinica-1876) by extensions ['cmake', 'python']
[0.164s] Level 1:colcon.colcon_core.package_identification:_identify(logs/2026-04-01-09-51-30-276284-lsriw-swinica-1876) by extension 'cmake'
[0.164s] Level 1:colcon.colcon_core.package_identification:_identify(logs/2026-04-01-09-51-30-276284-lsriw-swinica-1876) by extension 'python'
[0.164s] Level 1:colcon.colcon_core.package_identification:_identify(logs/2026-04-01-09-51-30-276284-lsriw-swinica-1876) by extensions ['python_setup_py']
[0.164s] Level 1:colcon.colcon_core.package_identification:_identify(logs/2026-04-01-09-51-30-276284-lsriw-swinica-1876) by extension 'python_setup_py'
[0.164s] Level 1:colcon.colcon_core.package_identification:_identify(ros_gz_crazyflie_bringup) by extensions ['ignore', 'ignore_ament_install']
[0.164s] Level 1:colcon.colcon_core.package_identification:_identify(ros_gz_crazyflie_bringup) by extension 'ignore'
[0.164s] Level 1:colcon.colcon_core.package_identification:_identify(ros_gz_crazyflie_bringup) by extension 'ignore_ament_install'
[0.164s] Level 1:colcon.colcon_core.package_identification:_identify(ros_gz_crazyflie_bringup) by extensions ['colcon_pkg']
[0.164s] Level 1:colcon.colcon_core.package_identification:_identify(ros_gz_crazyflie_bringup) by extension 'colcon_pkg'
[0.164s] Level 1:colcon.colcon_core.package_identification:_identify(ros_gz_crazyflie_bringup) by extensions ['colcon_meta']
[0.164s] Level 1:colcon.colcon_core.package_identification:_identify(ros_gz_crazyflie_bringup) by extension 'colcon_meta'
[0.165s] Level 1:colcon.colcon_core.package_identification:_identify(ros_gz_crazyflie_bringup) by extensions ['ros']
[0.165s] Level 1:colcon.colcon_core.package_identification:_identify(ros_gz_crazyflie_bringup) by extension 'ros'
[0.165s] DEBUG:colcon.colcon_core.package_identification:Package 'ros_gz_crazyflie_bringup' with type 'ros.ament_cmake' and name 'ros_gz_crazyflie_bringup'
[0.165s] Level 1:colcon.colcon_core.package_identification:_identify(uavsandbox) by extensions ['ignore', 'ignore_ament_install']
[0.165s] Level 1:colcon.colcon_core.package_identification:_identify(uavsandbox) by extension 'ignore'
[0.165s] Level 1:colcon.colcon_core.package_identification:_identify(uavsandbox) by extension 'ignore_ament_install'
[0.165s] Level 1:colcon.colcon_core.package_identification:_identify(uavsandbox) by extensions ['colcon_pkg']
[0.165s] Level 1:colcon.colcon_core.package_identification:_identify(uavsandbox) by extension 'colcon_pkg'
[0.165s] Level 1:colcon.colcon_core.package_identification:_identify(uavsandbox) by extensions ['colcon_meta']
[0.165s] Level 1:colcon.colcon_core.package_identification:_identify(uavsandbox) by extension 'colcon_meta'
[0.165s] Level 1:colcon.colcon_core.package_identification:_identify(uavsandbox) by extensions ['ros']
[0.165s] Level 1:colcon.colcon_core.package_identification:_identify(uavsandbox) by extension 'ros'
[0.166s] DEBUG:colcon.colcon_core.package_identification:Package 'uavsandbox' with type 'ros.ament_python' and name 'uavsandbox'
[0.166s] Level 1:colcon.colcon_core.package_discovery:discover_packages(recursive) using defaults
[0.166s] Level 1:colcon.colcon_core.package_discovery:discover_packages(ignore) discover
[0.166s] Level 1:colcon.colcon_core.package_discovery:discover_packages(ignore) using defaults
[0.166s] Level 1:colcon.colcon_core.package_discovery:discover_packages(path) discover
[0.166s] Level 1:colcon.colcon_core.package_discovery:discover_packages(path) using defaults
[0.166s] WARNING:colcon.colcon_core.package_selection:ignoring unknown package 'uavsandbox/' in --packages-select
[0.186s] INFO:colcon.colcon_core.package_selection:Skipping not selected package 'cf_control_msgs' in 'cf_control_msgs'
[0.186s] INFO:colcon.colcon_core.package_selection:Skipping not selected package 'ros_gz_crazyflie_bringup' in 'ros_gz_crazyflie_bringup'
[0.186s] INFO:colcon.colcon_core.package_selection:Skipping not selected package 'uavsandbox' in 'uavsandbox'
[0.186s] INFO:colcon.colcon_core.package_selection:Skipping not selected package 'cf_control' in 'cf_control'
[0.187s] Level 1:colcon.colcon_core.package_discovery:discover_packages(prefix_path) check parameters
[0.187s] Level 1:colcon.colcon_core.package_discovery:discover_packages(prefix_path) discover
[0.188s] DEBUG:colcon.colcon_installed_package_information.package_discovery:Found 5 installed packages in /home/developer/ros2_ws/install
[0.190s] DEBUG:colcon.colcon_installed_package_information.package_discovery:Found 347 installed packages in /opt/ros/humble
[0.191s] Level 1:colcon.colcon_core.package_discovery:discover_packages(prefix_path) using defaults
[0.225s] INFO:colcon.colcon_core.executor:Executing jobs using 'parallel' executor
[0.226s] DEBUG:colcon.colcon_parallel_executor.executor.parallel:run_until_complete
[0.227s] DEBUG:colcon.colcon_parallel_executor.executor.parallel:closing loop
[0.227s] DEBUG:colcon.colcon_parallel_executor.executor.parallel:loop closed
[0.227s] DEBUG:colcon.colcon_parallel_executor.executor.parallel:run_until_complete finished with '0'
[0.227s] DEBUG:colcon.colcon_core.event_reactor:joining thread
[0.231s] INFO:colcon.colcon_core.plugin_system:Skipping extension 'colcon_notification.desktop_notification.notify_send': Could not find 'notify-send'
[0.231s] INFO:colcon.colcon_core.plugin_system:Skipping extension 'colcon_notification.desktop_notification.terminal_notifier': Not used on non-Darwin systems
[0.231s] INFO:colcon.colcon_core.plugin_system:Skipping extension 'colcon_notification.desktop_notification.win32': Not used on non-Windows systems
[0.231s] INFO:colcon.colcon_notification.desktop_notification:Sending desktop notification using 'notify2'
[0.234s] DEBUG:colcon.colcon_notification.desktop_notification.notify2:Failed to initialize notify2: org.freedesktop.DBus.Error.Spawn.ExecFailed: /usr/bin/dbus-launch terminated abnormally without any error message
[0.235s] DEBUG:colcon.colcon_core.event_reactor:joined thread
[0.237s] INFO:colcon.colcon_core.plugin_system:Skipping extension 'colcon_core.shell.bat': Not used on non-Windows systems
[0.237s] INFO:colcon.colcon_core.shell:Creating prefix script '/home/developer/ros2_ws/src/install/local_setup.ps1'
[0.238s] INFO:colcon.colcon_core.shell:Creating prefix util module '/home/developer/ros2_ws/src/install/_local_setup_util_ps1.py'
[0.239s] INFO:colcon.colcon_core.shell:Creating prefix chain script '/home/developer/ros2_ws/src/install/setup.ps1'
[0.239s] INFO:colcon.colcon_core.shell:Creating prefix script '/home/developer/ros2_ws/src/install/local_setup.sh'
[0.240s] INFO:colcon.colcon_core.shell:Creating prefix util module '/home/developer/ros2_ws/src/install/_local_setup_util_sh.py'
[0.240s] INFO:colcon.colcon_core.shell:Creating prefix chain script '/home/developer/ros2_ws/src/install/setup.sh'
[0.241s] INFO:colcon.colcon_core.shell:Creating prefix script '/home/developer/ros2_ws/src/install/local_setup.bash'
[0.241s] INFO:colcon.colcon_core.shell:Creating prefix chain script '/home/developer/ros2_ws/src/install/setup.bash'
[0.242s] INFO:colcon.colcon_core.shell:Creating prefix script '/home/developer/ros2_ws/src/install/local_setup.zsh'
[0.242s] INFO:colcon.colcon_core.shell:Creating prefix chain script '/home/developer/ros2_ws/src/install/setup.zsh'
