[0.012s] Invoking command in '/home/developer/ros2_ws/src/build/cf_control_msgs': CMAKE_PREFIX_PATH=${CMAKE_PREFIX_PATH}:/opt/ros/humble /usr/local/bin/cmake /home/developer/ros2_ws/src/cf_control_msgs -DCMAKE_INSTALL_PREFIX=/home/developer/ros2_ws/src/install/cf_control_msgs
[0.117s] -- The C compiler identification is GNU 11.4.0
[0.192s] -- The CXX compiler identification is GNU 11.4.0
[0.220s] -- Detecting C compiler ABI info
[0.287s] -- Detecting C compiler ABI info - done
[0.297s] -- Check for working C compiler: /usr/bin/cc - skipped
[0.297s] -- Detecting C compile features
[0.298s] -- Detecting C compile features - done
[0.310s] -- Detecting CXX compiler ABI info
[0.391s] -- Detecting CXX compiler ABI info - done
[0.413s] -- Check for working CXX compiler: /usr/bin/c++ - skipped
[0.413s] -- Detecting CXX compile features
[0.415s] -- Detecting CXX compile features - done
[0.425s] -- Found ament_cmake: 1.3.13 (/opt/ros/humble/share/ament_cmake/cmake)
[0.585s] -- Found Python3: /usr/bin/python3 (found version "3.10.12") found components: Interpreter 
[0.712s] -- Found rosidl_default_generators: 1.2.0 (/opt/ros/humble/share/rosidl_default_generators/cmake)
[0.721s] -- Using all available rosidl_typesupport_c: rosidl_typesupport_fastrtps_c;rosidl_typesupport_introspection_c
[0.734s] -- Found rosidl_adapter: 3.1.8 (/opt/ros/humble/share/rosidl_adapter/cmake)
[0.799s] -- Using all available rosidl_typesupport_cpp: rosidl_typesupport_fastrtps_cpp;rosidl_typesupport_introspection_cpp
[0.854s] -- Found geometry_msgs: 4.9.1 (/opt/ros/humble/share/geometry_msgs/cmake)
[1.393s] -- Found ament_cmake_ros: 0.10.0 (/opt/ros/humble/share/ament_cmake_ros/cmake)
[1.964s] -- Using all available rosidl_typesupport_c: rosidl_typesupport_fastrtps_c;rosidl_typesupport_introspection_c
[2.710s] -- Using all available rosidl_typesupport_cpp: rosidl_typesupport_fastrtps_cpp;rosidl_typesupport_introspection_cpp
[2.714s] [33mCMake Warning (dev) at /opt/ros/humble/share/rosidl_generator_py/cmake/rosidl_generator_py_generate_interfaces.cmake:20 (find_package):
[2.714s]   Policy CMP0148 is not set: The FindPythonInterp and FindPythonLibs modules
[2.714s]   are removed.  Run "cmake --help-policy CMP0148" for policy details.  Use
[2.714s]   the cmake_policy command to set the policy and suppress this warning.
[2.714s] 
[2.714s] Call Stack (most recent call first):
[2.714s]   /opt/ros/humble/share/ament_cmake_core/cmake/core/ament_execute_extensions.cmake:48 (include)
[2.714s]   /opt/ros/humble/share/rosidl_cmake/cmake/rosidl_generate_interfaces.cmake:286 (ament_execute_extensions)
[2.714s]   CMakeLists.txt:17 (rosidl_generate_interfaces)
[2.714s] This warning is for project developers.  Use -Wno-dev to suppress it.
[2.715s] [0m
[2.740s] -- Found PythonInterp: /usr/bin/python3 (found suitable version "3.10.12", minimum required is "3.6") 
[2.747s] -- Found python_cmake_module: 0.10.0 (/opt/ros/humble/share/python_cmake_module/cmake)
[2.748s] [33mCMake Warning (dev) at /opt/ros/humble/share/python_cmake_module/cmake/Modules/FindPythonExtra.cmake:52 (find_package):
[2.748s]   Policy CMP0148 is not set: The FindPythonInterp and FindPythonLibs modules
[2.748s]   are removed.  Run "cmake --help-policy CMP0148" for policy details.  Use
[2.748s]   the cmake_policy command to set the policy and suppress this warning.
[2.748s] 
[2.748s] Call Stack (most recent call first):
[2.748s]   /opt/ros/humble/share/rosidl_generator_py/cmake/rosidl_generator_py_generate_interfaces.cmake:23 (find_package)
[2.748s]   /opt/ros/humble/share/ament_cmake_core/cmake/core/ament_execute_extensions.cmake:48 (include)
[2.748s]   /opt/ros/humble/share/rosidl_cmake/cmake/rosidl_generate_interfaces.cmake:286 (ament_execute_extensions)
[2.748s]   CMakeLists.txt:17 (rosidl_generate_interfaces)
[2.749s] This warning is for project developers.  Use -Wno-dev to suppress it.
[2.749s] [0m
[2.772s] [33mCMake Warning (dev) at /opt/ros/humble/share/python_cmake_module/cmake/Modules/FindPythonExtra.cmake:140 (find_package):
[2.772s]   Policy CMP0148 is not set: The FindPythonInterp and FindPythonLibs modules
[2.773s]   are removed.  Run "cmake --help-policy CMP0148" for policy details.  Use
[2.773s]   the cmake_policy command to set the policy and suppress this warning.
[2.773s] 
[2.773s] Call Stack (most recent call first):
[2.773s]   /opt/ros/humble/share/rosidl_generator_py/cmake/rosidl_generator_py_generate_interfaces.cmake:23 (find_package)
[2.773s]   /opt/ros/humble/share/ament_cmake_core/cmake/core/ament_execute_extensions.cmake:48 (include)
[2.773s]   /opt/ros/humble/share/rosidl_cmake/cmake/rosidl_generate_interfaces.cmake:286 (ament_execute_extensions)
[2.773s]   CMakeLists.txt:17 (rosidl_generate_interfaces)
[2.773s] This warning is for project developers.  Use -Wno-dev to suppress it.
[2.773s] [0m
[2.785s] -- Found PythonLibs: /usr/lib/x86_64-linux-gnu/libpython3.10.so (found suitable version "3.10.12", minimum required is "3.5") 
[2.785s] -- Using PYTHON_EXECUTABLE: /usr/bin/python3
[2.785s] -- Using PYTHON_INCLUDE_DIRS: /usr/include/python3.10
[2.785s] -- Using PYTHON_LIBRARIES: /usr/lib/x86_64-linux-gnu/libpython3.10.so
[2.810s] -- Found PythonExtra: .so  
[2.903s] -- Found ament_lint_auto: 0.12.15 (/opt/ros/humble/share/ament_lint_auto/cmake)
[2.936s] -- Added test 'lint_cmake' to check CMake code style
[2.937s] -- Added test 'xmllint' to check XML markup files
[2.940s] -- Configuring done (2.9s)
[2.980s] -- Generating done (0.0s)
[2.991s] -- Build files have been written to: /home/developer/ros2_ws/src/build/cf_control_msgs
[3.002s] Invoked command in '/home/developer/ros2_ws/src/build/cf_control_msgs' returned '0': CMAKE_PREFIX_PATH=${CMAKE_PREFIX_PATH}:/opt/ros/humble /usr/local/bin/cmake /home/developer/ros2_ws/src/cf_control_msgs -DCMAKE_INSTALL_PREFIX=/home/developer/ros2_ws/src/install/cf_control_msgs
[3.004s] Invoking command in '/home/developer/ros2_ws/src/build/cf_control_msgs': CMAKE_PREFIX_PATH=${CMAKE_PREFIX_PATH}:/opt/ros/humble /usr/local/bin/cmake --build /home/developer/ros2_ws/src/build/cf_control_msgs -- -j24 -l24
[3.051s] [  3%] [34m[1mGenerating C code for ROS interfaces[0m
[3.054s] [  6%] [34m[1mGenerating C++ code for ROS interfaces[0m
[3.059s] [  6%] Built target ament_cmake_python_copy_cf_control_msgs
[3.254s] [  9%] [32mBuilding C object CMakeFiles/cf_control_msgs__rosidl_generator_c.dir/rosidl_generator_c/cf_control_msgs/msg/detail/thrust_and_torque__functions.c.o[0m
[3.257s] [  9%] Built target cf_control_msgs__cpp
[3.262s] [ 12%] [34m[1mGenerating C++ type support for eProsima Fast-RTPS[0m
[3.263s] [ 16%] [34m[1mGenerating C++ introspection for ROS interfaces[0m
[3.263s] [ 19%] [34m[1mGenerating C++ type support dispatch for ROS interfaces[0m
[3.267s] running egg_info
[3.285s] creating cf_control_msgs.egg-info
[3.285s] writing cf_control_msgs.egg-info/PKG-INFO
[3.285s] writing dependency_links to cf_control_msgs.egg-info/dependency_links.txt
[3.286s] writing top-level names to cf_control_msgs.egg-info/top_level.txt
[3.286s] writing manifest file 'cf_control_msgs.egg-info/SOURCES.txt'
[3.308s] [ 22%] [32m[1mLinking C shared library libcf_control_msgs__rosidl_generator_c.so[0m
[3.337s] [ 22%] Built target cf_control_msgs__rosidl_generator_c
[3.342s] reading manifest file 'cf_control_msgs.egg-info/SOURCES.txt'
[3.343s] writing manifest file 'cf_control_msgs.egg-info/SOURCES.txt'
[3.343s] [ 25%] [34m[1mGenerating C introspection for ROS interfaces[0m
[3.344s] [ 32%] [34m[1mGenerating C type support dispatch for ROS interfaces[0m
[3.344s] [ 32%] [34m[1mGenerating C type support for eProsima Fast-RTPS[0m
[3.362s] [ 32%] Built target ament_cmake_python_build_cf_control_msgs_egg
[3.445s] [ 35%] [32mBuilding CXX object CMakeFiles/cf_control_msgs__rosidl_typesupport_cpp.dir/rosidl_typesupport_cpp/cf_control_msgs/msg/thrust_and_torque__type_support.cpp.o[0m
[3.460s] [ 38%] [32mBuilding CXX object CMakeFiles/cf_control_msgs__rosidl_typesupport_introspection_cpp.dir/rosidl_typesupport_introspection_cpp/cf_control_msgs/msg/detail/thrust_and_torque__type_support.cpp.o[0m
[3.460s] [ 41%] [32mBuilding CXX object CMakeFiles/cf_control_msgs__rosidl_typesupport_fastrtps_cpp.dir/rosidl_typesupport_fastrtps_cpp/cf_control_msgs/msg/detail/dds_fastrtps/thrust_and_torque__type_support.cpp.o[0m
[3.525s] [ 45%] [32mBuilding CXX object CMakeFiles/cf_control_msgs__rosidl_typesupport_c.dir/rosidl_typesupport_c/cf_control_msgs/msg/thrust_and_torque__type_support.cpp.o[0m
[3.540s] [ 48%] [32mBuilding C object CMakeFiles/cf_control_msgs__rosidl_typesupport_introspection_c.dir/rosidl_typesupport_introspection_c/cf_control_msgs/msg/detail/thrust_and_torque__type_support.c.o[0m
[3.544s] [ 51%] [32mBuilding CXX object CMakeFiles/cf_control_msgs__rosidl_typesupport_fastrtps_c.dir/rosidl_typesupport_fastrtps_c/cf_control_msgs/msg/detail/thrust_and_torque__type_support_c.cpp.o[0m
[3.554s] [ 54%] [32m[1mLinking CXX shared library libcf_control_msgs__rosidl_typesupport_c.so[0m
[3.573s] [ 58%] [32m[1mLinking C shared library libcf_control_msgs__rosidl_typesupport_introspection_c.so[0m
[3.584s] [ 58%] Built target cf_control_msgs__rosidl_typesupport_c
[3.595s] [ 58%] Built target cf_control_msgs__rosidl_typesupport_introspection_c
[3.672s] [ 61%] [32m[1mLinking CXX shared library libcf_control_msgs__rosidl_typesupport_cpp.so[0m
[3.701s] [ 61%] Built target cf_control_msgs__rosidl_typesupport_cpp
[3.759s] [ 64%] [32m[1mLinking CXX shared library libcf_control_msgs__rosidl_typesupport_introspection_cpp.so[0m
[3.768s] [ 67%] [32m[1mLinking CXX shared library libcf_control_msgs__rosidl_typesupport_fastrtps_cpp.so[0m
[3.806s] [ 67%] Built target cf_control_msgs__rosidl_typesupport_introspection_cpp
[3.823s] [ 70%] [32m[1mLinking CXX shared library libcf_control_msgs__rosidl_typesupport_fastrtps_c.so[0m
[3.824s] [ 70%] Built target cf_control_msgs__rosidl_typesupport_fastrtps_cpp
[3.877s] [ 70%] Built target cf_control_msgs__rosidl_typesupport_fastrtps_c
[3.888s] [ 70%] Built target cf_control_msgs
[3.899s] [ 74%] [34m[1mGenerating Python code for ROS interfaces[0m
[4.141s] [ 74%] Built target cf_control_msgs__py
[4.151s] [ 77%] [32mBuilding C object CMakeFiles/cf_control_msgs__rosidl_generator_py.dir/rosidl_generator_py/cf_control_msgs/msg/_thrust_and_torque_s.c.o[0m
[4.254s] [ 80%] [32m[1mLinking C shared library rosidl_generator_py/cf_control_msgs/libcf_control_msgs__rosidl_generator_py.so[0m
[4.285s] [ 80%] Built target cf_control_msgs__rosidl_generator_py
[4.297s] [ 83%] [32mBuilding C object CMakeFiles/cf_control_msgs__rosidl_typesupport_c__pyext.dir/rosidl_generator_py/cf_control_msgs/_cf_control_msgs_s.ep.rosidl_typesupport_c.c.o[0m
[4.297s] [ 87%] [32mBuilding C object CMakeFiles/cf_control_msgs__rosidl_typesupport_introspection_c__pyext.dir/rosidl_generator_py/cf_control_msgs/_cf_control_msgs_s.ep.rosidl_typesupport_introspection_c.c.o[0m
[4.297s] [ 90%] [32mBuilding C object CMakeFiles/cf_control_msgs__rosidl_typesupport_fastrtps_c__pyext.dir/rosidl_generator_py/cf_control_msgs/_cf_control_msgs_s.ep.rosidl_typesupport_fastrtps_c.c.o[0m
[4.395s] [ 93%] [32m[1mLinking C shared library rosidl_generator_py/cf_control_msgs/cf_control_msgs_s__rosidl_typesupport_c.cpython-310-x86_64-linux-gnu.so[0m
[4.396s] [ 96%] [32m[1mLinking C shared library rosidl_generator_py/cf_control_msgs/cf_control_msgs_s__rosidl_typesupport_introspection_c.cpython-310-x86_64-linux-gnu.so[0m
[4.396s] [100%] [32m[1mLinking C shared library rosidl_generator_py/cf_control_msgs/cf_control_msgs_s__rosidl_typesupport_fastrtps_c.cpython-310-x86_64-linux-gnu.so[0m
[4.427s] [100%] Built target cf_control_msgs__rosidl_typesupport_c__pyext
[4.428s] [100%] Built target cf_control_msgs__rosidl_typesupport_fastrtps_c__pyext
[4.429s] [100%] Built target cf_control_msgs__rosidl_typesupport_introspection_c__pyext
[4.440s] Invoked command in '/home/developer/ros2_ws/src/build/cf_control_msgs' returned '0': CMAKE_PREFIX_PATH=${CMAKE_PREFIX_PATH}:/opt/ros/humble /usr/local/bin/cmake --build /home/developer/ros2_ws/src/build/cf_control_msgs -- -j24 -l24
[4.441s] Invoking command in '/home/developer/ros2_ws/src/build/cf_control_msgs': CMAKE_PREFIX_PATH=${CMAKE_PREFIX_PATH}:/opt/ros/humble /usr/local/bin/cmake --install /home/developer/ros2_ws/src/build/cf_control_msgs
[4.467s] -- Install configuration: ""
[4.467s] -- Installing: /home/developer/ros2_ws/src/install/cf_control_msgs/share/ament_index/resource_index/rosidl_interfaces/cf_control_msgs
[4.467s] -- Installing: /home/developer/ros2_ws/src/install/cf_control_msgs/include/cf_control_msgs/cf_control_msgs
[4.467s] -- Installing: /home/developer/ros2_ws/src/install/cf_control_msgs/include/cf_control_msgs/cf_control_msgs/msg
[4.468s] -- Installing: /home/developer/ros2_ws/src/install/cf_control_msgs/include/cf_control_msgs/cf_control_msgs/msg/thrust_and_torque.h
[4.468s] -- Installing: /home/developer/ros2_ws/src/install/cf_control_msgs/include/cf_control_msgs/cf_control_msgs/msg/rosidl_generator_c__visibility_control.h
[4.468s] -- Installing: /home/developer/ros2_ws/src/install/cf_control_msgs/include/cf_control_msgs/cf_control_msgs/msg/detail
[4.468s] -- Installing: /home/developer/ros2_ws/src/install/cf_control_msgs/include/cf_control_msgs/cf_control_msgs/msg/detail/thrust_and_torque__struct.h
[4.468s] -- Installing: /home/developer/ros2_ws/src/install/cf_control_msgs/include/cf_control_msgs/cf_control_msgs/msg/detail/thrust_and_torque__functions.c
[4.468s] -- Installing: /home/developer/ros2_ws/src/install/cf_control_msgs/include/cf_control_msgs/cf_control_msgs/msg/detail/thrust_and_torque__type_support.h
[4.468s] -- Installing: /home/developer/ros2_ws/src/install/cf_control_msgs/include/cf_control_msgs/cf_control_msgs/msg/detail/thrust_and_torque__functions.h
[4.469s] -- Installing: /home/developer/ros2_ws/src/install/cf_control_msgs/share/cf_control_msgs/environment/library_path.sh
[4.469s] -- Installing: /home/developer/ros2_ws/src/install/cf_control_msgs/share/cf_control_msgs/environment/library_path.dsv
[4.469s] -- Installing: /home/developer/ros2_ws/src/install/cf_control_msgs/lib/libcf_control_msgs__rosidl_generator_c.so
[4.469s] -- Set runtime path of "/home/developer/ros2_ws/src/install/cf_control_msgs/lib/libcf_control_msgs__rosidl_generator_c.so" to ""
[4.470s] -- Up-to-date: /home/developer/ros2_ws/src/install/cf_control_msgs/include/cf_control_msgs/cf_control_msgs
[4.470s] -- Up-to-date: /home/developer/ros2_ws/src/install/cf_control_msgs/include/cf_control_msgs/cf_control_msgs/msg
[4.470s] -- Installing: /home/developer/ros2_ws/src/install/cf_control_msgs/include/cf_control_msgs/cf_control_msgs/msg/rosidl_typesupport_fastrtps_c__visibility_control.h
[4.470s] -- Up-to-date: /home/developer/ros2_ws/src/install/cf_control_msgs/include/cf_control_msgs/cf_control_msgs/msg/detail
[4.470s] -- Installing: /home/developer/ros2_ws/src/install/cf_control_msgs/include/cf_control_msgs/cf_control_msgs/msg/detail/thrust_and_torque__rosidl_typesupport_fastrtps_c.h
[4.470s] -- Installing: /home/developer/ros2_ws/src/install/cf_control_msgs/lib/libcf_control_msgs__rosidl_typesupport_fastrtps_c.so
[4.470s] -- Set runtime path of "/home/developer/ros2_ws/src/install/cf_control_msgs/lib/libcf_control_msgs__rosidl_typesupport_fastrtps_c.so" to ""
[4.471s] -- Up-to-date: /home/developer/ros2_ws/src/install/cf_control_msgs/include/cf_control_msgs/cf_control_msgs
[4.471s] -- Up-to-date: /home/developer/ros2_ws/src/install/cf_control_msgs/include/cf_control_msgs/cf_control_msgs/msg
[4.471s] -- Up-to-date: /home/developer/ros2_ws/src/install/cf_control_msgs/include/cf_control_msgs/cf_control_msgs/msg/detail
[4.471s] -- Installing: /home/developer/ros2_ws/src/install/cf_control_msgs/include/cf_control_msgs/cf_control_msgs/msg/detail/thrust_and_torque__rosidl_typesupport_introspection_c.h
[4.471s] -- Installing: /home/developer/ros2_ws/src/install/cf_control_msgs/include/cf_control_msgs/cf_control_msgs/msg/detail/thrust_and_torque__type_support.c
[4.471s] -- Installing: /home/developer/ros2_ws/src/install/cf_control_msgs/include/cf_control_msgs/cf_control_msgs/msg/rosidl_typesupport_introspection_c__visibility_control.h
[4.471s] -- Installing: /home/developer/ros2_ws/src/install/cf_control_msgs/lib/libcf_control_msgs__rosidl_typesupport_introspection_c.so
[4.471s] -- Set runtime path of "/home/developer/ros2_ws/src/install/cf_control_msgs/lib/libcf_control_msgs__rosidl_typesupport_introspection_c.so" to ""
[4.472s] -- Installing: /home/developer/ros2_ws/src/install/cf_control_msgs/lib/libcf_control_msgs__rosidl_typesupport_c.so
[4.472s] -- Set runtime path of "/home/developer/ros2_ws/src/install/cf_control_msgs/lib/libcf_control_msgs__rosidl_typesupport_c.so" to ""
[4.472s] -- Up-to-date: /home/developer/ros2_ws/src/install/cf_control_msgs/include/cf_control_msgs/cf_control_msgs
[4.472s] -- Up-to-date: /home/developer/ros2_ws/src/install/cf_control_msgs/include/cf_control_msgs/cf_control_msgs/msg
[4.472s] -- Installing: /home/developer/ros2_ws/src/install/cf_control_msgs/include/cf_control_msgs/cf_control_msgs/msg/thrust_and_torque.hpp
[4.472s] -- Installing: /home/developer/ros2_ws/src/install/cf_control_msgs/include/cf_control_msgs/cf_control_msgs/msg/rosidl_generator_cpp__visibility_control.hpp
[4.472s] -- Up-to-date: /home/developer/ros2_ws/src/install/cf_control_msgs/include/cf_control_msgs/cf_control_msgs/msg/detail
[4.473s] -- Installing: /home/developer/ros2_ws/src/install/cf_control_msgs/include/cf_control_msgs/cf_control_msgs/msg/detail/thrust_and_torque__struct.hpp
[4.473s] -- Installing: /home/developer/ros2_ws/src/install/cf_control_msgs/include/cf_control_msgs/cf_control_msgs/msg/detail/thrust_and_torque__traits.hpp
[4.473s] -- Installing: /home/developer/ros2_ws/src/install/cf_control_msgs/include/cf_control_msgs/cf_control_msgs/msg/detail/thrust_and_torque__builder.hpp
[4.473s] -- Installing: /home/developer/ros2_ws/src/install/cf_control_msgs/include/cf_control_msgs/cf_control_msgs/msg/detail/thrust_and_torque__type_support.hpp
[4.473s] -- Up-to-date: /home/developer/ros2_ws/src/install/cf_control_msgs/include/cf_control_msgs/cf_control_msgs
[4.473s] -- Up-to-date: /home/developer/ros2_ws/src/install/cf_control_msgs/include/cf_control_msgs/cf_control_msgs/msg
[4.473s] -- Installing: /home/developer/ros2_ws/src/install/cf_control_msgs/include/cf_control_msgs/cf_control_msgs/msg/rosidl_typesupport_fastrtps_cpp__visibility_control.h
[4.473s] -- Up-to-date: /home/developer/ros2_ws/src/install/cf_control_msgs/include/cf_control_msgs/cf_control_msgs/msg/detail
[4.473s] -- Installing: /home/developer/ros2_ws/src/install/cf_control_msgs/include/cf_control_msgs/cf_control_msgs/msg/detail/thrust_and_torque__rosidl_typesupport_fastrtps_cpp.hpp
[4.474s] -- Installing: /home/developer/ros2_ws/src/install/cf_control_msgs/include/cf_control_msgs/cf_control_msgs/msg/detail/dds_fastrtps
[4.474s] -- Installing: /home/developer/ros2_ws/src/install/cf_control_msgs/lib/libcf_control_msgs__rosidl_typesupport_fastrtps_cpp.so
[4.474s] -- Set runtime path of "/home/developer/ros2_ws/src/install/cf_control_msgs/lib/libcf_control_msgs__rosidl_typesupport_fastrtps_cpp.so" to ""
[4.474s] -- Up-to-date: /home/developer/ros2_ws/src/install/cf_control_msgs/include/cf_control_msgs/cf_control_msgs
[4.474s] -- Up-to-date: /home/developer/ros2_ws/src/install/cf_control_msgs/include/cf_control_msgs/cf_control_msgs/msg
[4.474s] -- Up-to-date: /home/developer/ros2_ws/src/install/cf_control_msgs/include/cf_control_msgs/cf_control_msgs/msg/detail
[4.474s] -- Installing: /home/developer/ros2_ws/src/install/cf_control_msgs/include/cf_control_msgs/cf_control_msgs/msg/detail/thrust_and_torque__rosidl_typesupport_introspection_cpp.hpp
[4.475s] -- Installing: /home/developer/ros2_ws/src/install/cf_control_msgs/include/cf_control_msgs/cf_control_msgs/msg/detail/thrust_and_torque__type_support.cpp
[4.475s] -- Installing: /home/developer/ros2_ws/src/install/cf_control_msgs/lib/libcf_control_msgs__rosidl_typesupport_introspection_cpp.so
[4.475s] -- Set runtime path of "/home/developer/ros2_ws/src/install/cf_control_msgs/lib/libcf_control_msgs__rosidl_typesupport_introspection_cpp.so" to ""
[4.475s] -- Installing: /home/developer/ros2_ws/src/install/cf_control_msgs/lib/libcf_control_msgs__rosidl_typesupport_cpp.so
[4.475s] -- Set runtime path of "/home/developer/ros2_ws/src/install/cf_control_msgs/lib/libcf_control_msgs__rosidl_typesupport_cpp.so" to ""
[4.475s] -- Installing: /home/developer/ros2_ws/src/install/cf_control_msgs/share/cf_control_msgs/environment/pythonpath.sh
[4.476s] -- Installing: /home/developer/ros2_ws/src/install/cf_control_msgs/share/cf_control_msgs/environment/pythonpath.dsv
[4.476s] -- Installing: /home/developer/ros2_ws/src/install/cf_control_msgs/local/lib/python3.10/dist-packages/cf_control_msgs-0.0.1-py3.10.egg-info
[4.476s] -- Installing: /home/developer/ros2_ws/src/install/cf_control_msgs/local/lib/python3.10/dist-packages/cf_control_msgs-0.0.1-py3.10.egg-info/top_level.txt
[4.476s] -- Installing: /home/developer/ros2_ws/src/install/cf_control_msgs/local/lib/python3.10/dist-packages/cf_control_msgs-0.0.1-py3.10.egg-info/PKG-INFO
[4.476s] -- Installing: /home/developer/ros2_ws/src/install/cf_control_msgs/local/lib/python3.10/dist-packages/cf_control_msgs-0.0.1-py3.10.egg-info/SOURCES.txt
[4.476s] -- Installing: /home/developer/ros2_ws/src/install/cf_control_msgs/local/lib/python3.10/dist-packages/cf_control_msgs-0.0.1-py3.10.egg-info/dependency_links.txt
[4.477s] -- Installing: /home/developer/ros2_ws/src/install/cf_control_msgs/local/lib/python3.10/dist-packages/cf_control_msgs
[4.477s] -- Installing: /home/developer/ros2_ws/src/install/cf_control_msgs/local/lib/python3.10/dist-packages/cf_control_msgs/cf_control_msgs_s__rosidl_typesupport_c.cpython-310-x86_64-linux-gnu.so
[4.477s] -- Installing: /home/developer/ros2_ws/src/install/cf_control_msgs/local/lib/python3.10/dist-packages/cf_control_msgs/_cf_control_msgs_s.ep.rosidl_typesupport_introspection_c.c
[4.477s] -- Installing: /home/developer/ros2_ws/src/install/cf_control_msgs/local/lib/python3.10/dist-packages/cf_control_msgs/msg
[4.477s] -- Installing: /home/developer/ros2_ws/src/install/cf_control_msgs/local/lib/python3.10/dist-packages/cf_control_msgs/msg/_thrust_and_torque.py
[4.477s] -- Installing: /home/developer/ros2_ws/src/install/cf_control_msgs/local/lib/python3.10/dist-packages/cf_control_msgs/msg/_thrust_and_torque_s.c
[4.477s] -- Installing: /home/developer/ros2_ws/src/install/cf_control_msgs/local/lib/python3.10/dist-packages/cf_control_msgs/msg/__init__.py
[4.477s] -- Installing: /home/developer/ros2_ws/src/install/cf_control_msgs/local/lib/python3.10/dist-packages/cf_control_msgs/_cf_control_msgs_s.ep.rosidl_typesupport_fastrtps_c.c
[4.478s] -- Installing: /home/developer/ros2_ws/src/install/cf_control_msgs/local/lib/python3.10/dist-packages/cf_control_msgs/libcf_control_msgs__rosidl_generator_py.so
[4.478s] -- Installing: /home/developer/ros2_ws/src/install/cf_control_msgs/local/lib/python3.10/dist-packages/cf_control_msgs/cf_control_msgs_s__rosidl_typesupport_introspection_c.cpython-310-x86_64-linux-gnu.so
[4.478s] -- Installing: /home/developer/ros2_ws/src/install/cf_control_msgs/local/lib/python3.10/dist-packages/cf_control_msgs/_cf_control_msgs_s.ep.rosidl_typesupport_c.c
[4.478s] -- Installing: /home/developer/ros2_ws/src/install/cf_control_msgs/local/lib/python3.10/dist-packages/cf_control_msgs/__init__.py
[4.478s] -- Installing: /home/developer/ros2_ws/src/install/cf_control_msgs/local/lib/python3.10/dist-packages/cf_control_msgs/cf_control_msgs_s__rosidl_typesupport_fastrtps_c.cpython-310-x86_64-linux-gnu.so
[4.508s] Listing '/home/developer/ros2_ws/src/install/cf_control_msgs/local/lib/python3.10/dist-packages/cf_control_msgs'...
[4.508s] Compiling '/home/developer/ros2_ws/src/install/cf_control_msgs/local/lib/python3.10/dist-packages/cf_control_msgs/__init__.py'...
[4.508s] Listing '/home/developer/ros2_ws/src/install/cf_control_msgs/local/lib/python3.10/dist-packages/cf_control_msgs/msg'...
[4.508s] Compiling '/home/developer/ros2_ws/src/install/cf_control_msgs/local/lib/python3.10/dist-packages/cf_control_msgs/msg/__init__.py'...
[4.508s] Compiling '/home/developer/ros2_ws/src/install/cf_control_msgs/local/lib/python3.10/dist-packages/cf_control_msgs/msg/_thrust_and_torque.py'...
[4.512s] -- Installing: /home/developer/ros2_ws/src/install/cf_control_msgs/local/lib/python3.10/dist-packages/cf_control_msgs/cf_control_msgs_s__rosidl_typesupport_fastrtps_c.cpython-310-x86_64-linux-gnu.so
[4.512s] -- Set runtime path of "/home/developer/ros2_ws/src/install/cf_control_msgs/local/lib/python3.10/dist-packages/cf_control_msgs/cf_control_msgs_s__rosidl_typesupport_fastrtps_c.cpython-310-x86_64-linux-gnu.so" to ""
[4.512s] -- Installing: /home/developer/ros2_ws/src/install/cf_control_msgs/local/lib/python3.10/dist-packages/cf_control_msgs/cf_control_msgs_s__rosidl_typesupport_introspection_c.cpython-310-x86_64-linux-gnu.so
[4.513s] -- Set runtime path of "/home/developer/ros2_ws/src/install/cf_control_msgs/local/lib/python3.10/dist-packages/cf_control_msgs/cf_control_msgs_s__rosidl_typesupport_introspection_c.cpython-310-x86_64-linux-gnu.so" to ""
[4.513s] -- Installing: /home/developer/ros2_ws/src/install/cf_control_msgs/local/lib/python3.10/dist-packages/cf_control_msgs/cf_control_msgs_s__rosidl_typesupport_c.cpython-310-x86_64-linux-gnu.so
[4.513s] -- Set runtime path of "/home/developer/ros2_ws/src/install/cf_control_msgs/local/lib/python3.10/dist-packages/cf_control_msgs/cf_control_msgs_s__rosidl_typesupport_c.cpython-310-x86_64-linux-gnu.so" to ""
[4.513s] -- Installing: /home/developer/ros2_ws/src/install/cf_control_msgs/lib/libcf_control_msgs__rosidl_generator_py.so
[4.514s] -- Set runtime path of "/home/developer/ros2_ws/src/install/cf_control_msgs/lib/libcf_control_msgs__rosidl_generator_py.so" to ""
[4.514s] -- Installing: /home/developer/ros2_ws/src/install/cf_control_msgs/share/cf_control_msgs/msg/ThrustAndTorque.idl
[4.514s] -- Installing: /home/developer/ros2_ws/src/install/cf_control_msgs/share/cf_control_msgs/msg/ThrustAndTorque.msg
[4.514s] -- Installing: /home/developer/ros2_ws/src/install/cf_control_msgs/share/ament_index/resource_index/package_run_dependencies/cf_control_msgs
[4.514s] -- Installing: /home/developer/ros2_ws/src/install/cf_control_msgs/share/ament_index/resource_index/parent_prefix_path/cf_control_msgs
[4.514s] -- Installing: /home/developer/ros2_ws/src/install/cf_control_msgs/share/cf_control_msgs/environment/ament_prefix_path.sh
[4.515s] -- Installing: /home/developer/ros2_ws/src/install/cf_control_msgs/share/cf_control_msgs/environment/ament_prefix_path.dsv
[4.515s] -- Installing: /home/developer/ros2_ws/src/install/cf_control_msgs/share/cf_control_msgs/environment/path.sh
[4.515s] -- Installing: /home/developer/ros2_ws/src/install/cf_control_msgs/share/cf_control_msgs/environment/path.dsv
[4.515s] -- Installing: /home/developer/ros2_ws/src/install/cf_control_msgs/share/cf_control_msgs/local_setup.bash
[4.515s] -- Installing: /home/developer/ros2_ws/src/install/cf_control_msgs/share/cf_control_msgs/local_setup.sh
[4.516s] -- Installing: /home/developer/ros2_ws/src/install/cf_control_msgs/share/cf_control_msgs/local_setup.zsh
[4.516s] -- Installing: /home/developer/ros2_ws/src/install/cf_control_msgs/share/cf_control_msgs/local_setup.dsv
[4.516s] -- Installing: /home/developer/ros2_ws/src/install/cf_control_msgs/share/cf_control_msgs/package.dsv
[4.516s] -- Installing: /home/developer/ros2_ws/src/install/cf_control_msgs/share/ament_index/resource_index/packages/cf_control_msgs
[4.516s] -- Installing: /home/developer/ros2_ws/src/install/cf_control_msgs/share/cf_control_msgs/cmake/export_cf_control_msgs__rosidl_generator_cExport.cmake
[4.517s] -- Installing: /home/developer/ros2_ws/src/install/cf_control_msgs/share/cf_control_msgs/cmake/export_cf_control_msgs__rosidl_generator_cExport-noconfig.cmake
[4.517s] -- Installing: /home/developer/ros2_ws/src/install/cf_control_msgs/share/cf_control_msgs/cmake/export_cf_control_msgs__rosidl_typesupport_fastrtps_cExport.cmake
[4.517s] -- Installing: /home/developer/ros2_ws/src/install/cf_control_msgs/share/cf_control_msgs/cmake/export_cf_control_msgs__rosidl_typesupport_fastrtps_cExport-noconfig.cmake
[4.517s] -- Installing: /home/developer/ros2_ws/src/install/cf_control_msgs/share/cf_control_msgs/cmake/cf_control_msgs__rosidl_typesupport_introspection_cExport.cmake
[4.517s] -- Installing: /home/developer/ros2_ws/src/install/cf_control_msgs/share/cf_control_msgs/cmake/cf_control_msgs__rosidl_typesupport_introspection_cExport-noconfig.cmake
[4.517s] -- Installing: /home/developer/ros2_ws/src/install/cf_control_msgs/share/cf_control_msgs/cmake/cf_control_msgs__rosidl_typesupport_cExport.cmake
[4.518s] -- Installing: /home/developer/ros2_ws/src/install/cf_control_msgs/share/cf_control_msgs/cmake/cf_control_msgs__rosidl_typesupport_cExport-noconfig.cmake
[4.518s] -- Installing: /home/developer/ros2_ws/src/install/cf_control_msgs/share/cf_control_msgs/cmake/export_cf_control_msgs__rosidl_generator_cppExport.cmake
[4.518s] -- Installing: /home/developer/ros2_ws/src/install/cf_control_msgs/share/cf_control_msgs/cmake/export_cf_control_msgs__rosidl_typesupport_fastrtps_cppExport.cmake
[4.518s] -- Installing: /home/developer/ros2_ws/src/install/cf_control_msgs/share/cf_control_msgs/cmake/export_cf_control_msgs__rosidl_typesupport_fastrtps_cppExport-noconfig.cmake
[4.518s] -- Installing: /home/developer/ros2_ws/src/install/cf_control_msgs/share/cf_control_msgs/cmake/cf_control_msgs__rosidl_typesupport_introspection_cppExport.cmake
[4.519s] -- Installing: /home/developer/ros2_ws/src/install/cf_control_msgs/share/cf_control_msgs/cmake/cf_control_msgs__rosidl_typesupport_introspection_cppExport-noconfig.cmake
[4.519s] -- Installing: /home/developer/ros2_ws/src/install/cf_control_msgs/share/cf_control_msgs/cmake/cf_control_msgs__rosidl_typesupport_cppExport.cmake
[4.519s] -- Installing: /home/developer/ros2_ws/src/install/cf_control_msgs/share/cf_control_msgs/cmake/cf_control_msgs__rosidl_typesupport_cppExport-noconfig.cmake
[4.519s] -- Installing: /home/developer/ros2_ws/src/install/cf_control_msgs/share/cf_control_msgs/cmake/export_cf_control_msgs__rosidl_generator_pyExport.cmake
[4.519s] -- Installing: /home/developer/ros2_ws/src/install/cf_control_msgs/share/cf_control_msgs/cmake/export_cf_control_msgs__rosidl_generator_pyExport-noconfig.cmake
[4.519s] -- Installing: /home/developer/ros2_ws/src/install/cf_control_msgs/share/cf_control_msgs/cmake/rosidl_cmake-extras.cmake
[4.520s] -- Installing: /home/developer/ros2_ws/src/install/cf_control_msgs/share/cf_control_msgs/cmake/ament_cmake_export_dependencies-extras.cmake
[4.520s] -- Installing: /home/developer/ros2_ws/src/install/cf_control_msgs/share/cf_control_msgs/cmake/ament_cmake_export_include_directories-extras.cmake
[4.520s] -- Installing: /home/developer/ros2_ws/src/install/cf_control_msgs/share/cf_control_msgs/cmake/ament_cmake_export_libraries-extras.cmake
[4.520s] -- Installing: /home/developer/ros2_ws/src/install/cf_control_msgs/share/cf_control_msgs/cmake/ament_cmake_export_targets-extras.cmake
[4.520s] -- Installing: /home/developer/ros2_ws/src/install/cf_control_msgs/share/cf_control_msgs/cmake/rosidl_cmake_export_typesupport_targets-extras.cmake
[4.521s] -- Installing: /home/developer/ros2_ws/src/install/cf_control_msgs/share/cf_control_msgs/cmake/rosidl_cmake_export_typesupport_libraries-extras.cmake
[4.521s] -- Installing: /home/developer/ros2_ws/src/install/cf_control_msgs/share/cf_control_msgs/cmake/cf_control_msgsConfig.cmake
[4.521s] -- Installing: /home/developer/ros2_ws/src/install/cf_control_msgs/share/cf_control_msgs/cmake/cf_control_msgsConfig-version.cmake
[4.521s] -- Installing: /home/developer/ros2_ws/src/install/cf_control_msgs/share/cf_control_msgs/package.xml
[4.527s] Invoked command in '/home/developer/ros2_ws/src/build/cf_control_msgs' returned '0': CMAKE_PREFIX_PATH=${CMAKE_PREFIX_PATH}:/opt/ros/humble /usr/local/bin/cmake --install /home/developer/ros2_ws/src/build/cf_control_msgs
