[0.111s] DEBUG:colcon:Command line arguments: ['/usr/bin/colcon', 'build', '--packages-select', 'crazyflie_interfaces']
[0.111s] DEBUG:colcon:Parsed command line arguments: Namespace(log_base=None, log_level=None, verb_name='build', build_base='build', install_base='install', merge_install=False, symlink_install=False, test_result_base=None, continue_on_error=False, executor='parallel', parallel_workers=24, event_handlers=None, ignore_user_meta=False, metas=['./colcon.meta'], base_paths=['.'], packages_ignore=None, packages_ignore_regex=None, paths=None, packages_up_to=None, packages_up_to_regex=None, packages_above=None, packages_above_and_dependencies=None, packages_above_depth=None, packages_select_by_dep=None, packages_skip_by_dep=None, packages_skip_up_to=None, packages_select_build_failed=False, packages_skip_build_finished=False, packages_select_test_failures=False, packages_skip_test_passed=False, packages_select=['crazyflie_interfaces'], packages_skip=None, packages_select_regex=None, packages_skip_regex=None, packages_start=None, packages_end=None, allow_overriding=[], cmake_args=None, cmake_target=None, cmake_target_skip_unavailable=False, cmake_clean_cache=False, cmake_clean_first=False, cmake_force_configure=False, ament_cmake_args=None, catkin_cmake_args=None, catkin_skip_building_tests=False, mixin_files=None, mixin=None, verb_parser=<colcon_mixin.mixin.mixin_argument.MixinArgumentDecorator object at 0x7c2f492511b0>, verb_extension=<colcon_core.verb.build.BuildVerb object at 0x7c2f492509d0>, main=<bound method BuildVerb.main of <colcon_core.verb.build.BuildVerb object at 0x7c2f492509d0>>, mixin_verb=('build',))
[0.144s] Level 1:colcon.colcon_core.package_discovery:discover_packages(colcon_meta) check parameters
[0.144s] Level 1:colcon.colcon_core.package_discovery:discover_packages(recursive) check parameters
[0.144s] Level 1:colcon.colcon_core.package_discovery:discover_packages(ignore) check parameters
[0.144s] Level 1:colcon.colcon_core.package_discovery:discover_packages(path) check parameters
[0.144s] Level 1:colcon.colcon_core.package_discovery:discover_packages(colcon_meta) discover
[0.144s] Level 1:colcon.colcon_core.package_discovery:discover_packages(recursive) discover
[0.144s] INFO:colcon.colcon_core.package_discovery:Crawling recursively for packages in '/home/developer/ros2_ws/src/crazyflie_interfaces'
[0.144s] Level 1:colcon.colcon_core.package_identification:_identify(.) by extensions ['ignore', 'ignore_ament_install']
[0.144s] Level 1:colcon.colcon_core.package_identification:_identify(.) by extension 'ignore'
[0.144s] Level 1:colcon.colcon_core.package_identification:_identify(.) by extension 'ignore_ament_install'
[0.144s] Level 1:colcon.colcon_core.package_identification:_identify(.) by extensions ['colcon_pkg']
[0.145s] Level 1:colcon.colcon_core.package_identification:_identify(.) by extension 'colcon_pkg'
[0.145s] Level 1:colcon.colcon_core.package_identification:_identify(.) by extensions ['colcon_meta']
[0.145s] Level 1:colcon.colcon_core.package_identification:_identify(.) by extension 'colcon_meta'
[0.145s] Level 1:colcon.colcon_core.package_identification:_identify(.) by extensions ['ros']
[0.145s] Level 1:colcon.colcon_core.package_identification:_identify(.) by extension 'ros'
[0.171s] DEBUG:colcon.colcon_core.package_identification:Package '.' with type 'ros.ament_cmake' and name 'crazyflie_interfaces'
[0.171s] Level 1:colcon.colcon_core.package_discovery:discover_packages(recursive) using defaults
[0.171s] Level 1:colcon.colcon_core.package_discovery:discover_packages(ignore) discover
[0.171s] Level 1:colcon.colcon_core.package_discovery:discover_packages(ignore) using defaults
[0.171s] Level 1:colcon.colcon_core.package_discovery:discover_packages(path) discover
[0.171s] Level 1:colcon.colcon_core.package_discovery:discover_packages(path) using defaults
[0.195s] Level 1:colcon.colcon_core.package_discovery:discover_packages(prefix_path) check parameters
[0.195s] Level 1:colcon.colcon_core.package_discovery:discover_packages(prefix_path) discover
[0.196s] DEBUG:colcon.colcon_installed_package_information.package_discovery:Found 4 installed packages in /home/developer/ros2_ws/src/install
[0.197s] DEBUG:colcon.colcon_installed_package_information.package_discovery:Found 4 installed packages in /home/developer/ros2_ws/install
[0.199s] DEBUG:colcon.colcon_installed_package_information.package_discovery:Found 294 installed packages in /opt/ros/humble
[0.200s] Level 1:colcon.colcon_core.package_discovery:discover_packages(prefix_path) using defaults
[0.231s] Level 5:colcon.colcon_core.verb:set package 'crazyflie_interfaces' build argument 'cmake_args' from command line to 'None'
[0.231s] Level 5:colcon.colcon_core.verb:set package 'crazyflie_interfaces' build argument 'cmake_target' from command line to 'None'
[0.232s] Level 5:colcon.colcon_core.verb:set package 'crazyflie_interfaces' build argument 'cmake_target_skip_unavailable' from command line to 'False'
[0.232s] Level 5:colcon.colcon_core.verb:set package 'crazyflie_interfaces' build argument 'cmake_clean_cache' from command line to 'False'
[0.232s] Level 5:colcon.colcon_core.verb:set package 'crazyflie_interfaces' build argument 'cmake_clean_first' from command line to 'False'
[0.232s] Level 5:colcon.colcon_core.verb:set package 'crazyflie_interfaces' build argument 'cmake_force_configure' from command line to 'False'
[0.232s] Level 5:colcon.colcon_core.verb:set package 'crazyflie_interfaces' build argument 'ament_cmake_args' from command line to 'None'
[0.232s] Level 5:colcon.colcon_core.verb:set package 'crazyflie_interfaces' build argument 'catkin_cmake_args' from command line to 'None'
[0.232s] Level 5:colcon.colcon_core.verb:set package 'crazyflie_interfaces' build argument 'catkin_skip_building_tests' from command line to 'False'
[0.232s] DEBUG:colcon.colcon_core.verb:Building package 'crazyflie_interfaces' with the following arguments: {'ament_cmake_args': None, 'build_base': '/home/developer/ros2_ws/src/crazyflie_interfaces/build/crazyflie_interfaces', 'catkin_cmake_args': None, 'catkin_skip_building_tests': False, 'cmake_args': None, 'cmake_clean_cache': False, 'cmake_clean_first': False, 'cmake_force_configure': False, 'cmake_target': None, 'cmake_target_skip_unavailable': False, 'install_base': '/home/developer/ros2_ws/src/crazyflie_interfaces/install/crazyflie_interfaces', 'merge_install': False, 'path': '/home/developer/ros2_ws/src/crazyflie_interfaces', 'symlink_install': False, 'test_result_base': None}
[0.232s] INFO:colcon.colcon_core.executor:Executing jobs using 'parallel' executor
[0.233s] DEBUG:colcon.colcon_parallel_executor.executor.parallel:run_until_complete
[0.233s] INFO:colcon.colcon_ros.task.ament_cmake.build:Building ROS package in '/home/developer/ros2_ws/src/crazyflie_interfaces' with build type 'ament_cmake'
[0.233s] INFO:colcon.colcon_cmake.task.cmake.build:Building CMake package in '/home/developer/ros2_ws/src/crazyflie_interfaces'
[0.235s] INFO:colcon.colcon_core.plugin_system:Skipping extension 'colcon_core.shell.bat': Not used on non-Windows systems
[0.235s] INFO:colcon.colcon_core.shell:Skip shell extension 'powershell' for command environment: Not usable outside of PowerShell
[0.235s] DEBUG:colcon.colcon_core.shell:Skip shell extension 'dsv' for command environment
[0.247s] DEBUG:colcon.colcon_core.event_handler.log_command:Invoking command in '/home/developer/ros2_ws/src/crazyflie_interfaces/build/crazyflie_interfaces': CMAKE_PREFIX_PATH=${CMAKE_PREFIX_PATH}:/home/developer/ros2_ws/src/install/uavsandbox:/opt/ros/humble /usr/local/bin/cmake /home/developer/ros2_ws/src/crazyflie_interfaces -DCMAKE_INSTALL_PREFIX=/home/developer/ros2_ws/src/crazyflie_interfaces/install/crazyflie_interfaces
[1.123s] DEBUG:colcon.colcon_core.event_handler.log_command:Invoked command in '/home/developer/ros2_ws/src/crazyflie_interfaces/build/crazyflie_interfaces' returned '0': CMAKE_PREFIX_PATH=${CMAKE_PREFIX_PATH}:/home/developer/ros2_ws/src/install/uavsandbox:/opt/ros/humble /usr/local/bin/cmake /home/developer/ros2_ws/src/crazyflie_interfaces -DCMAKE_INSTALL_PREFIX=/home/developer/ros2_ws/src/crazyflie_interfaces/install/crazyflie_interfaces
[1.125s] DEBUG:colcon.colcon_core.event_handler.log_command:Invoking command in '/home/developer/ros2_ws/src/crazyflie_interfaces/build/crazyflie_interfaces': CMAKE_PREFIX_PATH=${CMAKE_PREFIX_PATH}:/home/developer/ros2_ws/src/install/uavsandbox:/opt/ros/humble /usr/local/bin/cmake --build /home/developer/ros2_ws/src/crazyflie_interfaces/build/crazyflie_interfaces -- -j24 -l24
[1.174s] DEBUG:colcon.colcon_core.event_handler.log_command:Invoked command in '/home/developer/ros2_ws/src/crazyflie_interfaces/build/crazyflie_interfaces' returned '0': CMAKE_PREFIX_PATH=${CMAKE_PREFIX_PATH}:/home/developer/ros2_ws/src/install/uavsandbox:/opt/ros/humble /usr/local/bin/cmake --build /home/developer/ros2_ws/src/crazyflie_interfaces/build/crazyflie_interfaces -- -j24 -l24
[1.209s] DEBUG:colcon.colcon_core.event_handler.log_command:Invoking command in '/home/developer/ros2_ws/src/crazyflie_interfaces/build/crazyflie_interfaces': CMAKE_PREFIX_PATH=${CMAKE_PREFIX_PATH}:/home/developer/ros2_ws/src/install/uavsandbox:/opt/ros/humble /usr/local/bin/cmake --install /home/developer/ros2_ws/src/crazyflie_interfaces/build/crazyflie_interfaces
[1.244s] Level 1:colcon.colcon_core.environment:create_environment_scripts_only(crazyflie_interfaces)
[1.245s] DEBUG:colcon.colcon_core.event_handler.log_command:Invoked command in '/home/developer/ros2_ws/src/crazyflie_interfaces/build/crazyflie_interfaces' returned '0': CMAKE_PREFIX_PATH=${CMAKE_PREFIX_PATH}:/home/developer/ros2_ws/src/install/uavsandbox:/opt/ros/humble /usr/local/bin/cmake --install /home/developer/ros2_ws/src/crazyflie_interfaces/build/crazyflie_interfaces
[1.248s] Level 1:colcon.colcon_core.environment:checking '/home/developer/ros2_ws/src/crazyflie_interfaces/install/crazyflie_interfaces' for CMake module files
[1.249s] Level 1:colcon.colcon_core.environment:checking '/home/developer/ros2_ws/src/crazyflie_interfaces/install/crazyflie_interfaces' for CMake config files
[1.250s] Level 1:colcon.colcon_core.shell:create_environment_hook('crazyflie_interfaces', 'cmake_prefix_path')
[1.250s] INFO:colcon.colcon_core.shell:Creating environment hook '/home/developer/ros2_ws/src/crazyflie_interfaces/install/crazyflie_interfaces/share/crazyflie_interfaces/hook/cmake_prefix_path.ps1'
[1.251s] INFO:colcon.colcon_core.shell:Creating environment descriptor '/home/developer/ros2_ws/src/crazyflie_interfaces/install/crazyflie_interfaces/share/crazyflie_interfaces/hook/cmake_prefix_path.dsv'
[1.251s] INFO:colcon.colcon_core.shell:Creating environment hook '/home/developer/ros2_ws/src/crazyflie_interfaces/install/crazyflie_interfaces/share/crazyflie_interfaces/hook/cmake_prefix_path.sh'
[1.252s] Level 1:colcon.colcon_core.environment:checking '/home/developer/ros2_ws/src/crazyflie_interfaces/install/crazyflie_interfaces/bin'
[1.252s] Level 1:colcon.colcon_core.environment:checking '/home/developer/ros2_ws/src/crazyflie_interfaces/install/crazyflie_interfaces/lib/pkgconfig/crazyflie_interfaces.pc'
[1.253s] Level 1:colcon.colcon_core.environment:checking '/home/developer/ros2_ws/src/crazyflie_interfaces/install/crazyflie_interfaces/lib/python3.10/site-packages'
[1.253s] Level 1:colcon.colcon_core.environment:checking '/home/developer/ros2_ws/src/crazyflie_interfaces/install/crazyflie_interfaces/bin'
[1.253s] INFO:colcon.colcon_core.shell:Creating package script '/home/developer/ros2_ws/src/crazyflie_interfaces/install/crazyflie_interfaces/share/crazyflie_interfaces/package.ps1'
[1.254s] INFO:colcon.colcon_core.shell:Creating package descriptor '/home/developer/ros2_ws/src/crazyflie_interfaces/install/crazyflie_interfaces/share/crazyflie_interfaces/package.dsv'
[1.255s] INFO:colcon.colcon_core.shell:Creating package script '/home/developer/ros2_ws/src/crazyflie_interfaces/install/crazyflie_interfaces/share/crazyflie_interfaces/package.sh'
[1.256s] INFO:colcon.colcon_core.shell:Creating package script '/home/developer/ros2_ws/src/crazyflie_interfaces/install/crazyflie_interfaces/share/crazyflie_interfaces/package.bash'
[1.256s] INFO:colcon.colcon_core.shell:Creating package script '/home/developer/ros2_ws/src/crazyflie_interfaces/install/crazyflie_interfaces/share/crazyflie_interfaces/package.zsh'
[1.257s] Level 1:colcon.colcon_core.environment:create_file_with_runtime_dependencies(/home/developer/ros2_ws/src/crazyflie_interfaces/install/crazyflie_interfaces/share/colcon-core/packages/crazyflie_interfaces)
[1.258s] Level 1:colcon.colcon_core.environment:create_environment_scripts_only(crazyflie_interfaces)
[1.258s] Level 1:colcon.colcon_core.environment:checking '/home/developer/ros2_ws/src/crazyflie_interfaces/install/crazyflie_interfaces' for CMake module files
[1.258s] Level 1:colcon.colcon_core.environment:checking '/home/developer/ros2_ws/src/crazyflie_interfaces/install/crazyflie_interfaces' for CMake config files
[1.259s] Level 1:colcon.colcon_core.shell:create_environment_hook('crazyflie_interfaces', 'cmake_prefix_path')
[1.259s] INFO:colcon.colcon_core.shell:Creating environment hook '/home/developer/ros2_ws/src/crazyflie_interfaces/install/crazyflie_interfaces/share/crazyflie_interfaces/hook/cmake_prefix_path.ps1'
[1.259s] INFO:colcon.colcon_core.shell:Creating environment descriptor '/home/developer/ros2_ws/src/crazyflie_interfaces/install/crazyflie_interfaces/share/crazyflie_interfaces/hook/cmake_prefix_path.dsv'
[1.260s] INFO:colcon.colcon_core.shell:Creating environment hook '/home/developer/ros2_ws/src/crazyflie_interfaces/install/crazyflie_interfaces/share/crazyflie_interfaces/hook/cmake_prefix_path.sh'
[1.260s] Level 1:colcon.colcon_core.environment:checking '/home/developer/ros2_ws/src/crazyflie_interfaces/install/crazyflie_interfaces/bin'
[1.260s] Level 1:colcon.colcon_core.environment:checking '/home/developer/ros2_ws/src/crazyflie_interfaces/install/crazyflie_interfaces/lib/pkgconfig/crazyflie_interfaces.pc'
[1.261s] Level 1:colcon.colcon_core.environment:checking '/home/developer/ros2_ws/src/crazyflie_interfaces/install/crazyflie_interfaces/lib/python3.10/site-packages'
[1.261s] Level 1:colcon.colcon_core.environment:checking '/home/developer/ros2_ws/src/crazyflie_interfaces/install/crazyflie_interfaces/bin'
[1.261s] INFO:colcon.colcon_core.shell:Creating package script '/home/developer/ros2_ws/src/crazyflie_interfaces/install/crazyflie_interfaces/share/crazyflie_interfaces/package.ps1'
[1.262s] INFO:colcon.colcon_core.shell:Creating package descriptor '/home/developer/ros2_ws/src/crazyflie_interfaces/install/crazyflie_interfaces/share/crazyflie_interfaces/package.dsv'
[1.262s] INFO:colcon.colcon_core.shell:Creating package script '/home/developer/ros2_ws/src/crazyflie_interfaces/install/crazyflie_interfaces/share/crazyflie_interfaces/package.sh'
[1.263s] INFO:colcon.colcon_core.shell:Creating package script '/home/developer/ros2_ws/src/crazyflie_interfaces/install/crazyflie_interfaces/share/crazyflie_interfaces/package.bash'
[1.263s] INFO:colcon.colcon_core.shell:Creating package script '/home/developer/ros2_ws/src/crazyflie_interfaces/install/crazyflie_interfaces/share/crazyflie_interfaces/package.zsh'
[1.263s] Level 1:colcon.colcon_core.environment:create_file_with_runtime_dependencies(/home/developer/ros2_ws/src/crazyflie_interfaces/install/crazyflie_interfaces/share/colcon-core/packages/crazyflie_interfaces)
[1.264s] DEBUG:colcon.colcon_parallel_executor.executor.parallel:closing loop
[1.264s] DEBUG:colcon.colcon_parallel_executor.executor.parallel:loop closed
[1.264s] DEBUG:colcon.colcon_parallel_executor.executor.parallel:run_until_complete finished with '0'
[1.264s] DEBUG:colcon.colcon_core.event_reactor:joining thread
[1.273s] INFO:colcon.colcon_core.plugin_system:Skipping extension 'colcon_notification.desktop_notification.notify_send': Could not find 'notify-send'
[1.273s] INFO:colcon.colcon_core.plugin_system:Skipping extension 'colcon_notification.desktop_notification.terminal_notifier': Not used on non-Darwin systems
[1.273s] INFO:colcon.colcon_core.plugin_system:Skipping extension 'colcon_notification.desktop_notification.win32': Not used on non-Windows systems
[1.273s] INFO:colcon.colcon_notification.desktop_notification:Sending desktop notification using 'notify2'
[1.277s] DEBUG:colcon.colcon_notification.desktop_notification.notify2:Failed to initialize notify2: org.freedesktop.DBus.Error.Spawn.ExecFailed: /usr/bin/dbus-launch terminated abnormally without any error message
[1.278s] DEBUG:colcon.colcon_core.event_reactor:joined thread
[1.279s] INFO:colcon.colcon_core.shell:Creating prefix script '/home/developer/ros2_ws/src/crazyflie_interfaces/install/local_setup.ps1'
[1.280s] INFO:colcon.colcon_core.shell:Creating prefix util module '/home/developer/ros2_ws/src/crazyflie_interfaces/install/_local_setup_util_ps1.py'
[1.282s] INFO:colcon.colcon_core.shell:Creating prefix chain script '/home/developer/ros2_ws/src/crazyflie_interfaces/install/setup.ps1'
[1.285s] INFO:colcon.colcon_core.shell:Creating prefix script '/home/developer/ros2_ws/src/crazyflie_interfaces/install/local_setup.sh'
[1.285s] INFO:colcon.colcon_core.shell:Creating prefix util module '/home/developer/ros2_ws/src/crazyflie_interfaces/install/_local_setup_util_sh.py'
[1.286s] INFO:colcon.colcon_core.shell:Creating prefix chain script '/home/developer/ros2_ws/src/crazyflie_interfaces/install/setup.sh'
[1.288s] INFO:colcon.colcon_core.shell:Creating prefix script '/home/developer/ros2_ws/src/crazyflie_interfaces/install/local_setup.bash'
[1.288s] INFO:colcon.colcon_core.shell:Creating prefix chain script '/home/developer/ros2_ws/src/crazyflie_interfaces/install/setup.bash'
[1.290s] INFO:colcon.colcon_core.shell:Creating prefix script '/home/developer/ros2_ws/src/crazyflie_interfaces/install/local_setup.zsh'
[1.291s] INFO:colcon.colcon_core.shell:Creating prefix chain script '/home/developer/ros2_ws/src/crazyflie_interfaces/install/setup.zsh'
