[0.100s] DEBUG:colcon:Command line arguments: ['/usr/bin/colcon', 'build', '--packages-select', 'uavsandbox']
[0.100s] DEBUG:colcon:Parsed command line arguments: Namespace(log_base=None, log_level=None, verb_name='build', build_base='build', install_base='install', merge_install=False, symlink_install=False, test_result_base=None, continue_on_error=False, executor='parallel', parallel_workers=24, event_handlers=None, ignore_user_meta=False, metas=['./colcon.meta'], base_paths=['.'], packages_ignore=None, packages_ignore_regex=None, paths=None, packages_up_to=None, packages_up_to_regex=None, packages_above=None, packages_above_and_dependencies=None, packages_above_depth=None, packages_select_by_dep=None, packages_skip_by_dep=None, packages_skip_up_to=None, packages_select_build_failed=False, packages_skip_build_finished=False, packages_select_test_failures=False, packages_skip_test_passed=False, packages_select=['uavsandbox'], packages_skip=None, packages_select_regex=None, packages_skip_regex=None, packages_start=None, packages_end=None, allow_overriding=[], cmake_args=None, cmake_target=None, cmake_target_skip_unavailable=False, cmake_clean_cache=False, cmake_clean_first=False, cmake_force_configure=False, ament_cmake_args=None, catkin_cmake_args=None, catkin_skip_building_tests=False, mixin_files=None, mixin=None, verb_parser=<colcon_mixin.mixin.mixin_argument.MixinArgumentDecorator object at 0x77bbfc7d93f0>, verb_extension=<colcon_core.verb.build.BuildVerb object at 0x77bbfc7d8c10>, main=<bound method BuildVerb.main of <colcon_core.verb.build.BuildVerb object at 0x77bbfc7d8c10>>, mixin_verb=('build',))
[0.142s] Level 1:colcon.colcon_core.package_discovery:discover_packages(colcon_meta) check parameters
[0.142s] Level 1:colcon.colcon_core.package_discovery:discover_packages(recursive) check parameters
[0.142s] Level 1:colcon.colcon_core.package_discovery:discover_packages(ignore) check parameters
[0.142s] Level 1:colcon.colcon_core.package_discovery:discover_packages(path) check parameters
[0.142s] Level 1:colcon.colcon_core.package_discovery:discover_packages(colcon_meta) discover
[0.142s] Level 1:colcon.colcon_core.package_discovery:discover_packages(recursive) discover
[0.142s] INFO:colcon.colcon_core.package_discovery:Crawling recursively for packages in '/home/developer/ros2_ws/src'
[0.142s] Level 1:colcon.colcon_core.package_identification:_identify(.) by extensions ['ignore', 'ignore_ament_install']
[0.142s] Level 1:colcon.colcon_core.package_identification:_identify(.) by extension 'ignore'
[0.142s] Level 1:colcon.colcon_core.package_identification:_identify(.) by extension 'ignore_ament_install'
[0.142s] Level 1:colcon.colcon_core.package_identification:_identify(.) by extensions ['colcon_pkg']
[0.143s] Level 1:colcon.colcon_core.package_identification:_identify(.) by extension 'colcon_pkg'
[0.143s] Level 1:colcon.colcon_core.package_identification:_identify(.) by extensions ['colcon_meta']
[0.143s] Level 1:colcon.colcon_core.package_identification:_identify(.) by extension 'colcon_meta'
[0.143s] Level 1:colcon.colcon_core.package_identification:_identify(.) by extensions ['ros']
[0.143s] Level 1:colcon.colcon_core.package_identification:_identify(.) by extension 'ros'
[0.166s] Level 1:colcon.colcon_core.package_identification:_identify(.) by extensions ['cmake', 'python']
[0.167s] Level 1:colcon.colcon_core.package_identification:_identify(.) by extension 'cmake'
[0.167s] Level 1:colcon.colcon_core.package_identification:_identify(.) by extension 'python'
[0.167s] Level 1:colcon.colcon_core.package_identification:_identify(.) by extensions ['python_setup_py']
[0.167s] Level 1:colcon.colcon_core.package_identification:_identify(.) by extension 'python_setup_py'
[0.167s] Level 1:colcon.colcon_core.package_identification:_identify(bag_files) by extensions ['ignore', 'ignore_ament_install']
[0.167s] Level 1:colcon.colcon_core.package_identification:_identify(bag_files) by extension 'ignore'
[0.167s] Level 1:colcon.colcon_core.package_identification:_identify(bag_files) by extension 'ignore_ament_install'
[0.167s] Level 1:colcon.colcon_core.package_identification:_identify(bag_files) by extensions ['colcon_pkg']
[0.167s] Level 1:colcon.colcon_core.package_identification:_identify(bag_files) by extension 'colcon_pkg'
[0.167s] Level 1:colcon.colcon_core.package_identification:_identify(bag_files) by extensions ['colcon_meta']
[0.167s] Level 1:colcon.colcon_core.package_identification:_identify(bag_files) by extension 'colcon_meta'
[0.167s] Level 1:colcon.colcon_core.package_identification:_identify(bag_files) by extensions ['ros']
[0.167s] Level 1:colcon.colcon_core.package_identification:_identify(bag_files) by extension 'ros'
[0.167s] Level 1:colcon.colcon_core.package_identification:_identify(bag_files) by extensions ['cmake', 'python']
[0.167s] Level 1:colcon.colcon_core.package_identification:_identify(bag_files) by extension 'cmake'
[0.167s] Level 1:colcon.colcon_core.package_identification:_identify(bag_files) by extension 'python'
[0.167s] Level 1:colcon.colcon_core.package_identification:_identify(bag_files) by extensions ['python_setup_py']
[0.167s] Level 1:colcon.colcon_core.package_identification:_identify(bag_files) by extension 'python_setup_py'
[0.167s] Level 1:colcon.colcon_core.package_identification:_identify(bag_files/rosbag2_2026_03_18-10_49_19) by extensions ['ignore', 'ignore_ament_install']
[0.167s] Level 1:colcon.colcon_core.package_identification:_identify(bag_files/rosbag2_2026_03_18-10_49_19) by extension 'ignore'
[0.167s] Level 1:colcon.colcon_core.package_identification:_identify(bag_files/rosbag2_2026_03_18-10_49_19) by extension 'ignore_ament_install'
[0.167s] Level 1:colcon.colcon_core.package_identification:_identify(bag_files/rosbag2_2026_03_18-10_49_19) by extensions ['colcon_pkg']
[0.167s] Level 1:colcon.colcon_core.package_identification:_identify(bag_files/rosbag2_2026_03_18-10_49_19) by extension 'colcon_pkg'
[0.167s] Level 1:colcon.colcon_core.package_identification:_identify(bag_files/rosbag2_2026_03_18-10_49_19) by extensions ['colcon_meta']
[0.167s] Level 1:colcon.colcon_core.package_identification:_identify(bag_files/rosbag2_2026_03_18-10_49_19) by extension 'colcon_meta'
[0.167s] Level 1:colcon.colcon_core.package_identification:_identify(bag_files/rosbag2_2026_03_18-10_49_19) by extensions ['ros']
[0.167s] Level 1:colcon.colcon_core.package_identification:_identify(bag_files/rosbag2_2026_03_18-10_49_19) by extension 'ros'
[0.168s] Level 1:colcon.colcon_core.package_identification:_identify(bag_files/rosbag2_2026_03_18-10_49_19) by extensions ['cmake', 'python']
[0.168s] Level 1:colcon.colcon_core.package_identification:_identify(bag_files/rosbag2_2026_03_18-10_49_19) by extension 'cmake'
[0.168s] Level 1:colcon.colcon_core.package_identification:_identify(bag_files/rosbag2_2026_03_18-10_49_19) by extension 'python'
[0.168s] Level 1:colcon.colcon_core.package_identification:_identify(bag_files/rosbag2_2026_03_18-10_49_19) by extensions ['python_setup_py']
[0.168s] Level 1:colcon.colcon_core.package_identification:_identify(bag_files/rosbag2_2026_03_18-10_49_19) by extension 'python_setup_py'
[0.168s] Level 1:colcon.colcon_core.package_identification:_identify(bag_files/rosbag2_2026_03_18-10_51_23) by extensions ['ignore', 'ignore_ament_install']
[0.168s] Level 1:colcon.colcon_core.package_identification:_identify(bag_files/rosbag2_2026_03_18-10_51_23) by extension 'ignore'
[0.168s] Level 1:colcon.colcon_core.package_identification:_identify(bag_files/rosbag2_2026_03_18-10_51_23) by extension 'ignore_ament_install'
[0.168s] Level 1:colcon.colcon_core.package_identification:_identify(bag_files/rosbag2_2026_03_18-10_51_23) by extensions ['colcon_pkg']
[0.168s] Level 1:colcon.colcon_core.package_identification:_identify(bag_files/rosbag2_2026_03_18-10_51_23) by extension 'colcon_pkg'
[0.168s] Level 1:colcon.colcon_core.package_identification:_identify(bag_files/rosbag2_2026_03_18-10_51_23) by extensions ['colcon_meta']
[0.168s] Level 1:colcon.colcon_core.package_identification:_identify(bag_files/rosbag2_2026_03_18-10_51_23) by extension 'colcon_meta'
[0.168s] Level 1:colcon.colcon_core.package_identification:_identify(bag_files/rosbag2_2026_03_18-10_51_23) by extensions ['ros']
[0.168s] Level 1:colcon.colcon_core.package_identification:_identify(bag_files/rosbag2_2026_03_18-10_51_23) by extension 'ros'
[0.168s] Level 1:colcon.colcon_core.package_identification:_identify(bag_files/rosbag2_2026_03_18-10_51_23) by extensions ['cmake', 'python']
[0.168s] Level 1:colcon.colcon_core.package_identification:_identify(bag_files/rosbag2_2026_03_18-10_51_23) by extension 'cmake'
[0.168s] Level 1:colcon.colcon_core.package_identification:_identify(bag_files/rosbag2_2026_03_18-10_51_23) by extension 'python'
[0.168s] Level 1:colcon.colcon_core.package_identification:_identify(bag_files/rosbag2_2026_03_18-10_51_23) by extensions ['python_setup_py']
[0.168s] Level 1:colcon.colcon_core.package_identification:_identify(bag_files/rosbag2_2026_03_18-10_51_23) by extension 'python_setup_py'
[0.168s] Level 1:colcon.colcon_core.package_identification:_identify(build) by extensions ['ignore', 'ignore_ament_install']
[0.168s] Level 1:colcon.colcon_core.package_identification:_identify(build) by extension 'ignore'
[0.168s] Level 1:colcon.colcon_core.package_identification:_identify(build) ignored
[0.168s] Level 1:colcon.colcon_core.package_identification:_identify(cf_control) by extensions ['ignore', 'ignore_ament_install']
[0.168s] Level 1:colcon.colcon_core.package_identification:_identify(cf_control) by extension 'ignore'
[0.168s] Level 1:colcon.colcon_core.package_identification:_identify(cf_control) by extension 'ignore_ament_install'
[0.168s] Level 1:colcon.colcon_core.package_identification:_identify(cf_control) by extensions ['colcon_pkg']
[0.169s] Level 1:colcon.colcon_core.package_identification:_identify(cf_control) by extension 'colcon_pkg'
[0.169s] Level 1:colcon.colcon_core.package_identification:_identify(cf_control) by extensions ['colcon_meta']
[0.169s] Level 1:colcon.colcon_core.package_identification:_identify(cf_control) by extension 'colcon_meta'
[0.169s] Level 1:colcon.colcon_core.package_identification:_identify(cf_control) by extensions ['ros']
[0.169s] Level 1:colcon.colcon_core.package_identification:_identify(cf_control) by extension 'ros'
[0.171s] DEBUG:colcon.colcon_core.package_identification:Package 'cf_control' with type 'ros.ament_cmake' and name 'cf_control'
[0.171s] Level 1:colcon.colcon_core.package_identification:_identify(cf_control_msgs) by extensions ['ignore', 'ignore_ament_install']
[0.171s] Level 1:colcon.colcon_core.package_identification:_identify(cf_control_msgs) by extension 'ignore'
[0.171s] Level 1:colcon.colcon_core.package_identification:_identify(cf_control_msgs) by extension 'ignore_ament_install'
[0.171s] Level 1:colcon.colcon_core.package_identification:_identify(cf_control_msgs) by extensions ['colcon_pkg']
[0.171s] Level 1:colcon.colcon_core.package_identification:_identify(cf_control_msgs) by extension 'colcon_pkg'
[0.171s] Level 1:colcon.colcon_core.package_identification:_identify(cf_control_msgs) by extensions ['colcon_meta']
[0.171s] Level 1:colcon.colcon_core.package_identification:_identify(cf_control_msgs) by extension 'colcon_meta'
[0.171s] Level 1:colcon.colcon_core.package_identification:_identify(cf_control_msgs) by extensions ['ros']
[0.171s] Level 1:colcon.colcon_core.package_identification:_identify(cf_control_msgs) by extension 'ros'
[0.171s] DEBUG:colcon.colcon_core.package_identification:Package 'cf_control_msgs' with type 'ros.ament_cmake' and name 'cf_control_msgs'
[0.171s] Level 1:colcon.colcon_core.package_identification:_identify(install) by extensions ['ignore', 'ignore_ament_install']
[0.171s] Level 1:colcon.colcon_core.package_identification:_identify(install) by extension 'ignore'
[0.172s] Level 1:colcon.colcon_core.package_identification:_identify(install) ignored
[0.172s] Level 1:colcon.colcon_core.package_identification:_identify(log) by extensions ['ignore', 'ignore_ament_install']
[0.172s] Level 1:colcon.colcon_core.package_identification:_identify(log) by extension 'ignore'
[0.172s] Level 1:colcon.colcon_core.package_identification:_identify(log) ignored
[0.172s] Level 1:colcon.colcon_core.package_identification:_identify(logs) by extensions ['ignore', 'ignore_ament_install']
[0.172s] Level 1:colcon.colcon_core.package_identification:_identify(logs) by extension 'ignore'
[0.172s] Level 1:colcon.colcon_core.package_identification:_identify(logs) by extension 'ignore_ament_install'
[0.172s] Level 1:colcon.colcon_core.package_identification:_identify(logs) by extensions ['colcon_pkg']
[0.172s] Level 1:colcon.colcon_core.package_identification:_identify(logs) by extension 'colcon_pkg'
[0.172s] Level 1:colcon.colcon_core.package_identification:_identify(logs) by extensions ['colcon_meta']
[0.172s] Level 1:colcon.colcon_core.package_identification:_identify(logs) by extension 'colcon_meta'
[0.172s] Level 1:colcon.colcon_core.package_identification:_identify(logs) by extensions ['ros']
[0.172s] Level 1:colcon.colcon_core.package_identification:_identify(logs) by extension 'ros'
[0.172s] Level 1:colcon.colcon_core.package_identification:_identify(logs) by extensions ['cmake', 'python']
[0.172s] Level 1:colcon.colcon_core.package_identification:_identify(logs) by extension 'cmake'
[0.172s] Level 1:colcon.colcon_core.package_identification:_identify(logs) by extension 'python'
[0.172s] Level 1:colcon.colcon_core.package_identification:_identify(logs) by extensions ['python_setup_py']
[0.172s] Level 1:colcon.colcon_core.package_identification:_identify(logs) by extension 'python_setup_py'
[0.172s] Level 1:colcon.colcon_core.package_identification:_identify(logs/2026-03-18-10-07-43-621960-lsriw-swinica-1357) by extensions ['ignore', 'ignore_ament_install']
[0.172s] Level 1:colcon.colcon_core.package_identification:_identify(logs/2026-03-18-10-07-43-621960-lsriw-swinica-1357) by extension 'ignore'
[0.172s] Level 1:colcon.colcon_core.package_identification:_identify(logs/2026-03-18-10-07-43-621960-lsriw-swinica-1357) by extension 'ignore_ament_install'
[0.172s] Level 1:colcon.colcon_core.package_identification:_identify(logs/2026-03-18-10-07-43-621960-lsriw-swinica-1357) by extensions ['colcon_pkg']
[0.172s] Level 1:colcon.colcon_core.package_identification:_identify(logs/2026-03-18-10-07-43-621960-lsriw-swinica-1357) by extension 'colcon_pkg'
[0.173s] Level 1:colcon.colcon_core.package_identification:_identify(logs/2026-03-18-10-07-43-621960-lsriw-swinica-1357) by extensions ['colcon_meta']
[0.173s] Level 1:colcon.colcon_core.package_identification:_identify(logs/2026-03-18-10-07-43-621960-lsriw-swinica-1357) by extension 'colcon_meta'
[0.173s] Level 1:colcon.colcon_core.package_identification:_identify(logs/2026-03-18-10-07-43-621960-lsriw-swinica-1357) by extensions ['ros']
[0.173s] Level 1:colcon.colcon_core.package_identification:_identify(logs/2026-03-18-10-07-43-621960-lsriw-swinica-1357) by extension 'ros'
[0.173s] Level 1:colcon.colcon_core.package_identification:_identify(logs/2026-03-18-10-07-43-621960-lsriw-swinica-1357) by extensions ['cmake', 'python']
[0.173s] Level 1:colcon.colcon_core.package_identification:_identify(logs/2026-03-18-10-07-43-621960-lsriw-swinica-1357) by extension 'cmake'
[0.173s] Level 1:colcon.colcon_core.package_identification:_identify(logs/2026-03-18-10-07-43-621960-lsriw-swinica-1357) by extension 'python'
[0.173s] Level 1:colcon.colcon_core.package_identification:_identify(logs/2026-03-18-10-07-43-621960-lsriw-swinica-1357) by extensions ['python_setup_py']
[0.173s] Level 1:colcon.colcon_core.package_identification:_identify(logs/2026-03-18-10-07-43-621960-lsriw-swinica-1357) by extension 'python_setup_py'
[0.173s] Level 1:colcon.colcon_core.package_identification:_identify(logs/2026-03-18-10-57-05-514676-lsriw-swinica-18309) by extensions ['ignore', 'ignore_ament_install']
[0.173s] Level 1:colcon.colcon_core.package_identification:_identify(logs/2026-03-18-10-57-05-514676-lsriw-swinica-18309) by extension 'ignore'
[0.173s] Level 1:colcon.colcon_core.package_identification:_identify(logs/2026-03-18-10-57-05-514676-lsriw-swinica-18309) by extension 'ignore_ament_install'
[0.173s] Level 1:colcon.colcon_core.package_identification:_identify(logs/2026-03-18-10-57-05-514676-lsriw-swinica-18309) by extensions ['colcon_pkg']
[0.173s] Level 1:colcon.colcon_core.package_identification:_identify(logs/2026-03-18-10-57-05-514676-lsriw-swinica-18309) by extension 'colcon_pkg'
[0.173s] Level 1:colcon.colcon_core.package_identification:_identify(logs/2026-03-18-10-57-05-514676-lsriw-swinica-18309) by extensions ['colcon_meta']
[0.173s] Level 1:colcon.colcon_core.package_identification:_identify(logs/2026-03-18-10-57-05-514676-lsriw-swinica-18309) by extension 'colcon_meta'
[0.173s] Level 1:colcon.colcon_core.package_identification:_identify(logs/2026-03-18-10-57-05-514676-lsriw-swinica-18309) by extensions ['ros']
[0.173s] Level 1:colcon.colcon_core.package_identification:_identify(logs/2026-03-18-10-57-05-514676-lsriw-swinica-18309) by extension 'ros'
[0.173s] Level 1:colcon.colcon_core.package_identification:_identify(logs/2026-03-18-10-57-05-514676-lsriw-swinica-18309) by extensions ['cmake', 'python']
[0.173s] Level 1:colcon.colcon_core.package_identification:_identify(logs/2026-03-18-10-57-05-514676-lsriw-swinica-18309) by extension 'cmake'
[0.173s] Level 1:colcon.colcon_core.package_identification:_identify(logs/2026-03-18-10-57-05-514676-lsriw-swinica-18309) by extension 'python'
[0.173s] Level 1:colcon.colcon_core.package_identification:_identify(logs/2026-03-18-10-57-05-514676-lsriw-swinica-18309) by extensions ['python_setup_py']
[0.173s] Level 1:colcon.colcon_core.package_identification:_identify(logs/2026-03-18-10-57-05-514676-lsriw-swinica-18309) by extension 'python_setup_py'
[0.173s] Level 1:colcon.colcon_core.package_identification:_identify(logs/2026-03-18-10-59-20-490885-lsriw-swinica-19082) by extensions ['ignore', 'ignore_ament_install']
[0.173s] Level 1:colcon.colcon_core.package_identification:_identify(logs/2026-03-18-10-59-20-490885-lsriw-swinica-19082) by extension 'ignore'
[0.173s] Level 1:colcon.colcon_core.package_identification:_identify(logs/2026-03-18-10-59-20-490885-lsriw-swinica-19082) by extension 'ignore_ament_install'
[0.173s] Level 1:colcon.colcon_core.package_identification:_identify(logs/2026-03-18-10-59-20-490885-lsriw-swinica-19082) by extensions ['colcon_pkg']
[0.173s] Level 1:colcon.colcon_core.package_identification:_identify(logs/2026-03-18-10-59-20-490885-lsriw-swinica-19082) by extension 'colcon_pkg'
[0.173s] Level 1:colcon.colcon_core.package_identification:_identify(logs/2026-03-18-10-59-20-490885-lsriw-swinica-19082) by extensions ['colcon_meta']
[0.174s] Level 1:colcon.colcon_core.package_identification:_identify(logs/2026-03-18-10-59-20-490885-lsriw-swinica-19082) by extension 'colcon_meta'
[0.174s] Level 1:colcon.colcon_core.package_identification:_identify(logs/2026-03-18-10-59-20-490885-lsriw-swinica-19082) by extensions ['ros']
[0.174s] Level 1:colcon.colcon_core.package_identification:_identify(logs/2026-03-18-10-59-20-490885-lsriw-swinica-19082) by extension 'ros'
[0.174s] Level 1:colcon.colcon_core.package_identification:_identify(logs/2026-03-18-10-59-20-490885-lsriw-swinica-19082) by extensions ['cmake', 'python']
[0.174s] Level 1:colcon.colcon_core.package_identification:_identify(logs/2026-03-18-10-59-20-490885-lsriw-swinica-19082) by extension 'cmake'
[0.174s] Level 1:colcon.colcon_core.package_identification:_identify(logs/2026-03-18-10-59-20-490885-lsriw-swinica-19082) by extension 'python'
[0.174s] Level 1:colcon.colcon_core.package_identification:_identify(logs/2026-03-18-10-59-20-490885-lsriw-swinica-19082) by extensions ['python_setup_py']
[0.174s] Level 1:colcon.colcon_core.package_identification:_identify(logs/2026-03-18-10-59-20-490885-lsriw-swinica-19082) by extension 'python_setup_py'
[0.174s] Level 1:colcon.colcon_core.package_identification:_identify(logs/2026-03-18-11-02-01-688828-lsriw-swinica-20620) by extensions ['ignore', 'ignore_ament_install']
[0.174s] Level 1:colcon.colcon_core.package_identification:_identify(logs/2026-03-18-11-02-01-688828-lsriw-swinica-20620) by extension 'ignore'
[0.174s] Level 1:colcon.colcon_core.package_identification:_identify(logs/2026-03-18-11-02-01-688828-lsriw-swinica-20620) by extension 'ignore_ament_install'
[0.174s] Level 1:colcon.colcon_core.package_identification:_identify(logs/2026-03-18-11-02-01-688828-lsriw-swinica-20620) by extensions ['colcon_pkg']
[0.174s] Level 1:colcon.colcon_core.package_identification:_identify(logs/2026-03-18-11-02-01-688828-lsriw-swinica-20620) by extension 'colcon_pkg'
[0.174s] Level 1:colcon.colcon_core.package_identification:_identify(logs/2026-03-18-11-02-01-688828-lsriw-swinica-20620) by extensions ['colcon_meta']
[0.174s] Level 1:colcon.colcon_core.package_identification:_identify(logs/2026-03-18-11-02-01-688828-lsriw-swinica-20620) by extension 'colcon_meta'
[0.174s] Level 1:colcon.colcon_core.package_identification:_identify(logs/2026-03-18-11-02-01-688828-lsriw-swinica-20620) by extensions ['ros']
[0.174s] Level 1:colcon.colcon_core.package_identification:_identify(logs/2026-03-18-11-02-01-688828-lsriw-swinica-20620) by extension 'ros'
[0.174s] Level 1:colcon.colcon_core.package_identification:_identify(logs/2026-03-18-11-02-01-688828-lsriw-swinica-20620) by extensions ['cmake', 'python']
[0.174s] Level 1:colcon.colcon_core.package_identification:_identify(logs/2026-03-18-11-02-01-688828-lsriw-swinica-20620) by extension 'cmake'
[0.174s] Level 1:colcon.colcon_core.package_identification:_identify(logs/2026-03-18-11-02-01-688828-lsriw-swinica-20620) by extension 'python'
[0.174s] Level 1:colcon.colcon_core.package_identification:_identify(logs/2026-03-18-11-02-01-688828-lsriw-swinica-20620) by extensions ['python_setup_py']
[0.174s] Level 1:colcon.colcon_core.package_identification:_identify(logs/2026-03-18-11-02-01-688828-lsriw-swinica-20620) by extension 'python_setup_py'
[0.174s] Level 1:colcon.colcon_core.package_identification:_identify(logs/2026-03-18-11-02-51-263322-lsriw-swinica-21098) by extensions ['ignore', 'ignore_ament_install']
[0.174s] Level 1:colcon.colcon_core.package_identification:_identify(logs/2026-03-18-11-02-51-263322-lsriw-swinica-21098) by extension 'ignore'
[0.174s] Level 1:colcon.colcon_core.package_identification:_identify(logs/2026-03-18-11-02-51-263322-lsriw-swinica-21098) by extension 'ignore_ament_install'
[0.174s] Level 1:colcon.colcon_core.package_identification:_identify(logs/2026-03-18-11-02-51-263322-lsriw-swinica-21098) by extensions ['colcon_pkg']
[0.174s] Level 1:colcon.colcon_core.package_identification:_identify(logs/2026-03-18-11-02-51-263322-lsriw-swinica-21098) by extension 'colcon_pkg'
[0.174s] Level 1:colcon.colcon_core.package_identification:_identify(logs/2026-03-18-11-02-51-263322-lsriw-swinica-21098) by extensions ['colcon_meta']
[0.174s] Level 1:colcon.colcon_core.package_identification:_identify(logs/2026-03-18-11-02-51-263322-lsriw-swinica-21098) by extension 'colcon_meta'
[0.175s] Level 1:colcon.colcon_core.package_identification:_identify(logs/2026-03-18-11-02-51-263322-lsriw-swinica-21098) by extensions ['ros']
[0.175s] Level 1:colcon.colcon_core.package_identification:_identify(logs/2026-03-18-11-02-51-263322-lsriw-swinica-21098) by extension 'ros'
[0.175s] Level 1:colcon.colcon_core.package_identification:_identify(logs/2026-03-18-11-02-51-263322-lsriw-swinica-21098) by extensions ['cmake', 'python']
[0.175s] Level 1:colcon.colcon_core.package_identification:_identify(logs/2026-03-18-11-02-51-263322-lsriw-swinica-21098) by extension 'cmake'
[0.175s] Level 1:colcon.colcon_core.package_identification:_identify(logs/2026-03-18-11-02-51-263322-lsriw-swinica-21098) by extension 'python'
[0.175s] Level 1:colcon.colcon_core.package_identification:_identify(logs/2026-03-18-11-02-51-263322-lsriw-swinica-21098) by extensions ['python_setup_py']
[0.175s] Level 1:colcon.colcon_core.package_identification:_identify(logs/2026-03-18-11-02-51-263322-lsriw-swinica-21098) by extension 'python_setup_py'
[0.175s] Level 1:colcon.colcon_core.package_identification:_identify(logs/2026-03-18-11-05-22-318247-lsriw-swinica-22789) by extensions ['ignore', 'ignore_ament_install']
[0.175s] Level 1:colcon.colcon_core.package_identification:_identify(logs/2026-03-18-11-05-22-318247-lsriw-swinica-22789) by extension 'ignore'
[0.175s] Level 1:colcon.colcon_core.package_identification:_identify(logs/2026-03-18-11-05-22-318247-lsriw-swinica-22789) by extension 'ignore_ament_install'
[0.175s] Level 1:colcon.colcon_core.package_identification:_identify(logs/2026-03-18-11-05-22-318247-lsriw-swinica-22789) by extensions ['colcon_pkg']
[0.175s] Level 1:colcon.colcon_core.package_identification:_identify(logs/2026-03-18-11-05-22-318247-lsriw-swinica-22789) by extension 'colcon_pkg'
[0.175s] Level 1:colcon.colcon_core.package_identification:_identify(logs/2026-03-18-11-05-22-318247-lsriw-swinica-22789) by extensions ['colcon_meta']
[0.175s] Level 1:colcon.colcon_core.package_identification:_identify(logs/2026-03-18-11-05-22-318247-lsriw-swinica-22789) by extension 'colcon_meta'
[0.175s] Level 1:colcon.colcon_core.package_identification:_identify(logs/2026-03-18-11-05-22-318247-lsriw-swinica-22789) by extensions ['ros']
[0.175s] Level 1:colcon.colcon_core.package_identification:_identify(logs/2026-03-18-11-05-22-318247-lsriw-swinica-22789) by extension 'ros'
[0.175s] Level 1:colcon.colcon_core.package_identification:_identify(logs/2026-03-18-11-05-22-318247-lsriw-swinica-22789) by extensions ['cmake', 'python']
[0.175s] Level 1:colcon.colcon_core.package_identification:_identify(logs/2026-03-18-11-05-22-318247-lsriw-swinica-22789) by extension 'cmake'
[0.175s] Level 1:colcon.colcon_core.package_identification:_identify(logs/2026-03-18-11-05-22-318247-lsriw-swinica-22789) by extension 'python'
[0.175s] Level 1:colcon.colcon_core.package_identification:_identify(logs/2026-03-18-11-05-22-318247-lsriw-swinica-22789) by extensions ['python_setup_py']
[0.175s] Level 1:colcon.colcon_core.package_identification:_identify(logs/2026-03-18-11-05-22-318247-lsriw-swinica-22789) by extension 'python_setup_py'
[0.175s] Level 1:colcon.colcon_core.package_identification:_identify(logs/2026-03-18-11-08-30-636703-lsriw-swinica-23659) by extensions ['ignore', 'ignore_ament_install']
[0.175s] Level 1:colcon.colcon_core.package_identification:_identify(logs/2026-03-18-11-08-30-636703-lsriw-swinica-23659) by extension 'ignore'
[0.175s] Level 1:colcon.colcon_core.package_identification:_identify(logs/2026-03-18-11-08-30-636703-lsriw-swinica-23659) by extension 'ignore_ament_install'
[0.175s] Level 1:colcon.colcon_core.package_identification:_identify(logs/2026-03-18-11-08-30-636703-lsriw-swinica-23659) by extensions ['colcon_pkg']
[0.175s] Level 1:colcon.colcon_core.package_identification:_identify(logs/2026-03-18-11-08-30-636703-lsriw-swinica-23659) by extension 'colcon_pkg'
[0.175s] Level 1:colcon.colcon_core.package_identification:_identify(logs/2026-03-18-11-08-30-636703-lsriw-swinica-23659) by extensions ['colcon_meta']
[0.175s] Level 1:colcon.colcon_core.package_identification:_identify(logs/2026-03-18-11-08-30-636703-lsriw-swinica-23659) by extension 'colcon_meta'
[0.175s] Level 1:colcon.colcon_core.package_identification:_identify(logs/2026-03-18-11-08-30-636703-lsriw-swinica-23659) by extensions ['ros']
[0.176s] Level 1:colcon.colcon_core.package_identification:_identify(logs/2026-03-18-11-08-30-636703-lsriw-swinica-23659) by extension 'ros'
[0.176s] Level 1:colcon.colcon_core.package_identification:_identify(logs/2026-03-18-11-08-30-636703-lsriw-swinica-23659) by extensions ['cmake', 'python']
[0.176s] Level 1:colcon.colcon_core.package_identification:_identify(logs/2026-03-18-11-08-30-636703-lsriw-swinica-23659) by extension 'cmake'
[0.176s] Level 1:colcon.colcon_core.package_identification:_identify(logs/2026-03-18-11-08-30-636703-lsriw-swinica-23659) by extension 'python'
[0.176s] Level 1:colcon.colcon_core.package_identification:_identify(logs/2026-03-18-11-08-30-636703-lsriw-swinica-23659) by extensions ['python_setup_py']
[0.176s] Level 1:colcon.colcon_core.package_identification:_identify(logs/2026-03-18-11-08-30-636703-lsriw-swinica-23659) by extension 'python_setup_py'
[0.176s] Level 1:colcon.colcon_core.package_identification:_identify(logs/2026-03-25-10-28-20-317018-lsriw-swinica-11122) by extensions ['ignore', 'ignore_ament_install']
[0.176s] Level 1:colcon.colcon_core.package_identification:_identify(logs/2026-03-25-10-28-20-317018-lsriw-swinica-11122) by extension 'ignore'
[0.176s] Level 1:colcon.colcon_core.package_identification:_identify(logs/2026-03-25-10-28-20-317018-lsriw-swinica-11122) by extension 'ignore_ament_install'
[0.176s] Level 1:colcon.colcon_core.package_identification:_identify(logs/2026-03-25-10-28-20-317018-lsriw-swinica-11122) by extensions ['colcon_pkg']
[0.176s] Level 1:colcon.colcon_core.package_identification:_identify(logs/2026-03-25-10-28-20-317018-lsriw-swinica-11122) by extension 'colcon_pkg'
[0.176s] Level 1:colcon.colcon_core.package_identification:_identify(logs/2026-03-25-10-28-20-317018-lsriw-swinica-11122) by extensions ['colcon_meta']
[0.176s] Level 1:colcon.colcon_core.package_identification:_identify(logs/2026-03-25-10-28-20-317018-lsriw-swinica-11122) by extension 'colcon_meta'
[0.176s] Level 1:colcon.colcon_core.package_identification:_identify(logs/2026-03-25-10-28-20-317018-lsriw-swinica-11122) by extensions ['ros']
[0.176s] Level 1:colcon.colcon_core.package_identification:_identify(logs/2026-03-25-10-28-20-317018-lsriw-swinica-11122) by extension 'ros'
[0.176s] Level 1:colcon.colcon_core.package_identification:_identify(logs/2026-03-25-10-28-20-317018-lsriw-swinica-11122) by extensions ['cmake', 'python']
[0.176s] Level 1:colcon.colcon_core.package_identification:_identify(logs/2026-03-25-10-28-20-317018-lsriw-swinica-11122) by extension 'cmake'
[0.176s] Level 1:colcon.colcon_core.package_identification:_identify(logs/2026-03-25-10-28-20-317018-lsriw-swinica-11122) by extension 'python'
[0.176s] Level 1:colcon.colcon_core.package_identification:_identify(logs/2026-03-25-10-28-20-317018-lsriw-swinica-11122) by extensions ['python_setup_py']
[0.176s] Level 1:colcon.colcon_core.package_identification:_identify(logs/2026-03-25-10-28-20-317018-lsriw-swinica-11122) by extension 'python_setup_py'
[0.176s] Level 1:colcon.colcon_core.package_identification:_identify(logs/2026-04-01-09-51-30-276284-lsriw-swinica-1876) by extensions ['ignore', 'ignore_ament_install']
[0.176s] Level 1:colcon.colcon_core.package_identification:_identify(logs/2026-04-01-09-51-30-276284-lsriw-swinica-1876) by extension 'ignore'
[0.176s] Level 1:colcon.colcon_core.package_identification:_identify(logs/2026-04-01-09-51-30-276284-lsriw-swinica-1876) by extension 'ignore_ament_install'
[0.176s] Level 1:colcon.colcon_core.package_identification:_identify(logs/2026-04-01-09-51-30-276284-lsriw-swinica-1876) by extensions ['colcon_pkg']
[0.176s] Level 1:colcon.colcon_core.package_identification:_identify(logs/2026-04-01-09-51-30-276284-lsriw-swinica-1876) by extension 'colcon_pkg'
[0.176s] Level 1:colcon.colcon_core.package_identification:_identify(logs/2026-04-01-09-51-30-276284-lsriw-swinica-1876) by extensions ['colcon_meta']
[0.176s] Level 1:colcon.colcon_core.package_identification:_identify(logs/2026-04-01-09-51-30-276284-lsriw-swinica-1876) by extension 'colcon_meta'
[0.176s] Level 1:colcon.colcon_core.package_identification:_identify(logs/2026-04-01-09-51-30-276284-lsriw-swinica-1876) by extensions ['ros']
[0.176s] Level 1:colcon.colcon_core.package_identification:_identify(logs/2026-04-01-09-51-30-276284-lsriw-swinica-1876) by extension 'ros'
[0.177s] Level 1:colcon.colcon_core.package_identification:_identify(logs/2026-04-01-09-51-30-276284-lsriw-swinica-1876) by extensions ['cmake', 'python']
[0.177s] Level 1:colcon.colcon_core.package_identification:_identify(logs/2026-04-01-09-51-30-276284-lsriw-swinica-1876) by extension 'cmake'
[0.177s] Level 1:colcon.colcon_core.package_identification:_identify(logs/2026-04-01-09-51-30-276284-lsriw-swinica-1876) by extension 'python'
[0.177s] Level 1:colcon.colcon_core.package_identification:_identify(logs/2026-04-01-09-51-30-276284-lsriw-swinica-1876) by extensions ['python_setup_py']
[0.177s] Level 1:colcon.colcon_core.package_identification:_identify(logs/2026-04-01-09-51-30-276284-lsriw-swinica-1876) by extension 'python_setup_py'
[0.177s] Level 1:colcon.colcon_core.package_identification:_identify(logs/2026-04-01-10-17-17-684912-lsriw-swinica-8497) by extensions ['ignore', 'ignore_ament_install']
[0.177s] Level 1:colcon.colcon_core.package_identification:_identify(logs/2026-04-01-10-17-17-684912-lsriw-swinica-8497) by extension 'ignore'
[0.177s] Level 1:colcon.colcon_core.package_identification:_identify(logs/2026-04-01-10-17-17-684912-lsriw-swinica-8497) by extension 'ignore_ament_install'
[0.177s] Level 1:colcon.colcon_core.package_identification:_identify(logs/2026-04-01-10-17-17-684912-lsriw-swinica-8497) by extensions ['colcon_pkg']
[0.177s] Level 1:colcon.colcon_core.package_identification:_identify(logs/2026-04-01-10-17-17-684912-lsriw-swinica-8497) by extension 'colcon_pkg'
[0.177s] Level 1:colcon.colcon_core.package_identification:_identify(logs/2026-04-01-10-17-17-684912-lsriw-swinica-8497) by extensions ['colcon_meta']
[0.177s] Level 1:colcon.colcon_core.package_identification:_identify(logs/2026-04-01-10-17-17-684912-lsriw-swinica-8497) by extension 'colcon_meta'
[0.177s] Level 1:colcon.colcon_core.package_identification:_identify(logs/2026-04-01-10-17-17-684912-lsriw-swinica-8497) by extensions ['ros']
[0.177s] Level 1:colcon.colcon_core.package_identification:_identify(logs/2026-04-01-10-17-17-684912-lsriw-swinica-8497) by extension 'ros'
[0.177s] Level 1:colcon.colcon_core.package_identification:_identify(logs/2026-04-01-10-17-17-684912-lsriw-swinica-8497) by extensions ['cmake', 'python']
[0.177s] Level 1:colcon.colcon_core.package_identification:_identify(logs/2026-04-01-10-17-17-684912-lsriw-swinica-8497) by extension 'cmake'
[0.177s] Level 1:colcon.colcon_core.package_identification:_identify(logs/2026-04-01-10-17-17-684912-lsriw-swinica-8497) by extension 'python'
[0.177s] Level 1:colcon.colcon_core.package_identification:_identify(logs/2026-04-01-10-17-17-684912-lsriw-swinica-8497) by extensions ['python_setup_py']
[0.177s] Level 1:colcon.colcon_core.package_identification:_identify(logs/2026-04-01-10-17-17-684912-lsriw-swinica-8497) by extension 'python_setup_py'
[0.177s] Level 1:colcon.colcon_core.package_identification:_identify(logs/2026-04-01-10-46-54-992249-lsriw-swinica-15026) by extensions ['ignore', 'ignore_ament_install']
[0.177s] Level 1:colcon.colcon_core.package_identification:_identify(logs/2026-04-01-10-46-54-992249-lsriw-swinica-15026) by extension 'ignore'
[0.177s] Level 1:colcon.colcon_core.package_identification:_identify(logs/2026-04-01-10-46-54-992249-lsriw-swinica-15026) by extension 'ignore_ament_install'
[0.177s] Level 1:colcon.colcon_core.package_identification:_identify(logs/2026-04-01-10-46-54-992249-lsriw-swinica-15026) by extensions ['colcon_pkg']
[0.177s] Level 1:colcon.colcon_core.package_identification:_identify(logs/2026-04-01-10-46-54-992249-lsriw-swinica-15026) by extension 'colcon_pkg'
[0.177s] Level 1:colcon.colcon_core.package_identification:_identify(logs/2026-04-01-10-46-54-992249-lsriw-swinica-15026) by extensions ['colcon_meta']
[0.177s] Level 1:colcon.colcon_core.package_identification:_identify(logs/2026-04-01-10-46-54-992249-lsriw-swinica-15026) by extension 'colcon_meta'
[0.177s] Level 1:colcon.colcon_core.package_identification:_identify(logs/2026-04-01-10-46-54-992249-lsriw-swinica-15026) by extensions ['ros']
[0.177s] Level 1:colcon.colcon_core.package_identification:_identify(logs/2026-04-01-10-46-54-992249-lsriw-swinica-15026) by extension 'ros'
[0.178s] Level 1:colcon.colcon_core.package_identification:_identify(logs/2026-04-01-10-46-54-992249-lsriw-swinica-15026) by extensions ['cmake', 'python']
[0.178s] Level 1:colcon.colcon_core.package_identification:_identify(logs/2026-04-01-10-46-54-992249-lsriw-swinica-15026) by extension 'cmake'
[0.178s] Level 1:colcon.colcon_core.package_identification:_identify(logs/2026-04-01-10-46-54-992249-lsriw-swinica-15026) by extension 'python'
[0.178s] Level 1:colcon.colcon_core.package_identification:_identify(logs/2026-04-01-10-46-54-992249-lsriw-swinica-15026) by extensions ['python_setup_py']
[0.178s] Level 1:colcon.colcon_core.package_identification:_identify(logs/2026-04-01-10-46-54-992249-lsriw-swinica-15026) by extension 'python_setup_py'
[0.178s] Level 1:colcon.colcon_core.package_identification:_identify(logs/2026-04-01-10-55-52-824284-lsriw-swinica-18262) by extensions ['ignore', 'ignore_ament_install']
[0.178s] Level 1:colcon.colcon_core.package_identification:_identify(logs/2026-04-01-10-55-52-824284-lsriw-swinica-18262) by extension 'ignore'
[0.178s] Level 1:colcon.colcon_core.package_identification:_identify(logs/2026-04-01-10-55-52-824284-lsriw-swinica-18262) by extension 'ignore_ament_install'
[0.178s] Level 1:colcon.colcon_core.package_identification:_identify(logs/2026-04-01-10-55-52-824284-lsriw-swinica-18262) by extensions ['colcon_pkg']
[0.178s] Level 1:colcon.colcon_core.package_identification:_identify(logs/2026-04-01-10-55-52-824284-lsriw-swinica-18262) by extension 'colcon_pkg'
[0.178s] Level 1:colcon.colcon_core.package_identification:_identify(logs/2026-04-01-10-55-52-824284-lsriw-swinica-18262) by extensions ['colcon_meta']
[0.178s] Level 1:colcon.colcon_core.package_identification:_identify(logs/2026-04-01-10-55-52-824284-lsriw-swinica-18262) by extension 'colcon_meta'
[0.178s] Level 1:colcon.colcon_core.package_identification:_identify(logs/2026-04-01-10-55-52-824284-lsriw-swinica-18262) by extensions ['ros']
[0.178s] Level 1:colcon.colcon_core.package_identification:_identify(logs/2026-04-01-10-55-52-824284-lsriw-swinica-18262) by extension 'ros'
[0.178s] Level 1:colcon.colcon_core.package_identification:_identify(logs/2026-04-01-10-55-52-824284-lsriw-swinica-18262) by extensions ['cmake', 'python']
[0.178s] Level 1:colcon.colcon_core.package_identification:_identify(logs/2026-04-01-10-55-52-824284-lsriw-swinica-18262) by extension 'cmake'
[0.178s] Level 1:colcon.colcon_core.package_identification:_identify(logs/2026-04-01-10-55-52-824284-lsriw-swinica-18262) by extension 'python'
[0.178s] Level 1:colcon.colcon_core.package_identification:_identify(logs/2026-04-01-10-55-52-824284-lsriw-swinica-18262) by extensions ['python_setup_py']
[0.178s] Level 1:colcon.colcon_core.package_identification:_identify(logs/2026-04-01-10-55-52-824284-lsriw-swinica-18262) by extension 'python_setup_py'
[0.178s] Level 1:colcon.colcon_core.package_identification:_identify(logs/2026-04-01-11-04-06-461076-lsriw-swinica-21247) by extensions ['ignore', 'ignore_ament_install']
[0.178s] Level 1:colcon.colcon_core.package_identification:_identify(logs/2026-04-01-11-04-06-461076-lsriw-swinica-21247) by extension 'ignore'
[0.178s] Level 1:colcon.colcon_core.package_identification:_identify(logs/2026-04-01-11-04-06-461076-lsriw-swinica-21247) by extension 'ignore_ament_install'
[0.178s] Level 1:colcon.colcon_core.package_identification:_identify(logs/2026-04-01-11-04-06-461076-lsriw-swinica-21247) by extensions ['colcon_pkg']
[0.178s] Level 1:colcon.colcon_core.package_identification:_identify(logs/2026-04-01-11-04-06-461076-lsriw-swinica-21247) by extension 'colcon_pkg'
[0.178s] Level 1:colcon.colcon_core.package_identification:_identify(logs/2026-04-01-11-04-06-461076-lsriw-swinica-21247) by extensions ['colcon_meta']
[0.178s] Level 1:colcon.colcon_core.package_identification:_identify(logs/2026-04-01-11-04-06-461076-lsriw-swinica-21247) by extension 'colcon_meta'
[0.178s] Level 1:colcon.colcon_core.package_identification:_identify(logs/2026-04-01-11-04-06-461076-lsriw-swinica-21247) by extensions ['ros']
[0.178s] Level 1:colcon.colcon_core.package_identification:_identify(logs/2026-04-01-11-04-06-461076-lsriw-swinica-21247) by extension 'ros'
[0.179s] Level 1:colcon.colcon_core.package_identification:_identify(logs/2026-04-01-11-04-06-461076-lsriw-swinica-21247) by extensions ['cmake', 'python']
[0.179s] Level 1:colcon.colcon_core.package_identification:_identify(logs/2026-04-01-11-04-06-461076-lsriw-swinica-21247) by extension 'cmake'
[0.179s] Level 1:colcon.colcon_core.package_identification:_identify(logs/2026-04-01-11-04-06-461076-lsriw-swinica-21247) by extension 'python'
[0.179s] Level 1:colcon.colcon_core.package_identification:_identify(logs/2026-04-01-11-04-06-461076-lsriw-swinica-21247) by extensions ['python_setup_py']
[0.179s] Level 1:colcon.colcon_core.package_identification:_identify(logs/2026-04-01-11-04-06-461076-lsriw-swinica-21247) by extension 'python_setup_py'
[0.179s] Level 1:colcon.colcon_core.package_identification:_identify(logs/2026-04-01-11-06-02-725354-lsriw-swinica-22240) by extensions ['ignore', 'ignore_ament_install']
[0.179s] Level 1:colcon.colcon_core.package_identification:_identify(logs/2026-04-01-11-06-02-725354-lsriw-swinica-22240) by extension 'ignore'
[0.179s] Level 1:colcon.colcon_core.package_identification:_identify(logs/2026-04-01-11-06-02-725354-lsriw-swinica-22240) by extension 'ignore_ament_install'
[0.179s] Level 1:colcon.colcon_core.package_identification:_identify(logs/2026-04-01-11-06-02-725354-lsriw-swinica-22240) by extensions ['colcon_pkg']
[0.179s] Level 1:colcon.colcon_core.package_identification:_identify(logs/2026-04-01-11-06-02-725354-lsriw-swinica-22240) by extension 'colcon_pkg'
[0.179s] Level 1:colcon.colcon_core.package_identification:_identify(logs/2026-04-01-11-06-02-725354-lsriw-swinica-22240) by extensions ['colcon_meta']
[0.179s] Level 1:colcon.colcon_core.package_identification:_identify(logs/2026-04-01-11-06-02-725354-lsriw-swinica-22240) by extension 'colcon_meta'
[0.179s] Level 1:colcon.colcon_core.package_identification:_identify(logs/2026-04-01-11-06-02-725354-lsriw-swinica-22240) by extensions ['ros']
[0.179s] Level 1:colcon.colcon_core.package_identification:_identify(logs/2026-04-01-11-06-02-725354-lsriw-swinica-22240) by extension 'ros'
[0.179s] Level 1:colcon.colcon_core.package_identification:_identify(logs/2026-04-01-11-06-02-725354-lsriw-swinica-22240) by extensions ['cmake', 'python']
[0.179s] Level 1:colcon.colcon_core.package_identification:_identify(logs/2026-04-01-11-06-02-725354-lsriw-swinica-22240) by extension 'cmake'
[0.179s] Level 1:colcon.colcon_core.package_identification:_identify(logs/2026-04-01-11-06-02-725354-lsriw-swinica-22240) by extension 'python'
[0.179s] Level 1:colcon.colcon_core.package_identification:_identify(logs/2026-04-01-11-06-02-725354-lsriw-swinica-22240) by extensions ['python_setup_py']
[0.179s] Level 1:colcon.colcon_core.package_identification:_identify(logs/2026-04-01-11-06-02-725354-lsriw-swinica-22240) by extension 'python_setup_py'
[0.179s] Level 1:colcon.colcon_core.package_identification:_identify(ros_gz_crazyflie_bringup) by extensions ['ignore', 'ignore_ament_install']
[0.179s] Level 1:colcon.colcon_core.package_identification:_identify(ros_gz_crazyflie_bringup) by extension 'ignore'
[0.179s] Level 1:colcon.colcon_core.package_identification:_identify(ros_gz_crazyflie_bringup) by extension 'ignore_ament_install'
[0.179s] Level 1:colcon.colcon_core.package_identification:_identify(ros_gz_crazyflie_bringup) by extensions ['colcon_pkg']
[0.179s] Level 1:colcon.colcon_core.package_identification:_identify(ros_gz_crazyflie_bringup) by extension 'colcon_pkg'
[0.179s] Level 1:colcon.colcon_core.package_identification:_identify(ros_gz_crazyflie_bringup) by extensions ['colcon_meta']
[0.179s] Level 1:colcon.colcon_core.package_identification:_identify(ros_gz_crazyflie_bringup) by extension 'colcon_meta'
[0.179s] Level 1:colcon.colcon_core.package_identification:_identify(ros_gz_crazyflie_bringup) by extensions ['ros']
[0.179s] Level 1:colcon.colcon_core.package_identification:_identify(ros_gz_crazyflie_bringup) by extension 'ros'
[0.180s] DEBUG:colcon.colcon_core.package_identification:Package 'ros_gz_crazyflie_bringup' with type 'ros.ament_cmake' and name 'ros_gz_crazyflie_bringup'
[0.180s] Level 1:colcon.colcon_core.package_identification:_identify(uavsandbox) by extensions ['ignore', 'ignore_ament_install']
[0.180s] Level 1:colcon.colcon_core.package_identification:_identify(uavsandbox) by extension 'ignore'
[0.180s] Level 1:colcon.colcon_core.package_identification:_identify(uavsandbox) by extension 'ignore_ament_install'
[0.180s] Level 1:colcon.colcon_core.package_identification:_identify(uavsandbox) by extensions ['colcon_pkg']
[0.180s] Level 1:colcon.colcon_core.package_identification:_identify(uavsandbox) by extension 'colcon_pkg'
[0.180s] Level 1:colcon.colcon_core.package_identification:_identify(uavsandbox) by extensions ['colcon_meta']
[0.180s] Level 1:colcon.colcon_core.package_identification:_identify(uavsandbox) by extension 'colcon_meta'
[0.180s] Level 1:colcon.colcon_core.package_identification:_identify(uavsandbox) by extensions ['ros']
[0.180s] Level 1:colcon.colcon_core.package_identification:_identify(uavsandbox) by extension 'ros'
[0.181s] DEBUG:colcon.colcon_core.package_identification:Package 'uavsandbox' with type 'ros.ament_python' and name 'uavsandbox'
[0.181s] Level 1:colcon.colcon_core.package_discovery:discover_packages(recursive) using defaults
[0.181s] Level 1:colcon.colcon_core.package_discovery:discover_packages(ignore) discover
[0.181s] Level 1:colcon.colcon_core.package_discovery:discover_packages(ignore) using defaults
[0.181s] Level 1:colcon.colcon_core.package_discovery:discover_packages(path) discover
[0.181s] Level 1:colcon.colcon_core.package_discovery:discover_packages(path) using defaults
[0.204s] INFO:colcon.colcon_core.package_selection:Skipping not selected package 'cf_control_msgs' in 'cf_control_msgs'
[0.204s] INFO:colcon.colcon_core.package_selection:Skipping not selected package 'ros_gz_crazyflie_bringup' in 'ros_gz_crazyflie_bringup'
[0.204s] INFO:colcon.colcon_core.package_selection:Skipping not selected package 'cf_control' in 'cf_control'
[0.205s] Level 1:colcon.colcon_core.package_discovery:discover_packages(prefix_path) check parameters
[0.205s] Level 1:colcon.colcon_core.package_discovery:discover_packages(prefix_path) discover
[0.207s] DEBUG:colcon.colcon_installed_package_information.package_discovery:Found 1 installed packages in /home/developer/ros2_ws/install
[0.208s] DEBUG:colcon.colcon_installed_package_information.package_discovery:Found 347 installed packages in /opt/ros/humble
[0.210s] Level 1:colcon.colcon_core.package_discovery:discover_packages(prefix_path) using defaults
[0.244s] Level 5:colcon.colcon_core.verb:set package 'uavsandbox' build argument 'cmake_args' from command line to 'None'
[0.244s] Level 5:colcon.colcon_core.verb:set package 'uavsandbox' build argument 'cmake_target' from command line to 'None'
[0.244s] Level 5:colcon.colcon_core.verb:set package 'uavsandbox' build argument 'cmake_target_skip_unavailable' from command line to 'False'
[0.244s] Level 5:colcon.colcon_core.verb:set package 'uavsandbox' build argument 'cmake_clean_cache' from command line to 'False'
[0.244s] Level 5:colcon.colcon_core.verb:set package 'uavsandbox' build argument 'cmake_clean_first' from command line to 'False'
[0.244s] Level 5:colcon.colcon_core.verb:set package 'uavsandbox' build argument 'cmake_force_configure' from command line to 'False'
[0.244s] Level 5:colcon.colcon_core.verb:set package 'uavsandbox' build argument 'ament_cmake_args' from command line to 'None'
[0.244s] Level 5:colcon.colcon_core.verb:set package 'uavsandbox' build argument 'catkin_cmake_args' from command line to 'None'
[0.244s] Level 5:colcon.colcon_core.verb:set package 'uavsandbox' build argument 'catkin_skip_building_tests' from command line to 'False'
[0.244s] DEBUG:colcon.colcon_core.verb:Building package 'uavsandbox' with the following arguments: {'ament_cmake_args': None, 'build_base': '/home/developer/ros2_ws/src/build/uavsandbox', 'catkin_cmake_args': None, 'catkin_skip_building_tests': False, 'cmake_args': None, 'cmake_clean_cache': False, 'cmake_clean_first': False, 'cmake_force_configure': False, 'cmake_target': None, 'cmake_target_skip_unavailable': False, 'install_base': '/home/developer/ros2_ws/src/install/uavsandbox', 'merge_install': False, 'path': '/home/developer/ros2_ws/src/uavsandbox', 'symlink_install': False, 'test_result_base': None}
[0.244s] INFO:colcon.colcon_core.executor:Executing jobs using 'parallel' executor
[0.245s] DEBUG:colcon.colcon_parallel_executor.executor.parallel:run_until_complete
[0.245s] INFO:colcon.colcon_ros.task.ament_python.build:Building ROS package in '/home/developer/ros2_ws/src/uavsandbox' with build type 'ament_python'
[0.245s] Level 1:colcon.colcon_core.shell:create_environment_hook('uavsandbox', 'ament_prefix_path')
[0.247s] INFO:colcon.colcon_core.plugin_system:Skipping extension 'colcon_core.shell.bat': Not used on non-Windows systems
[0.247s] INFO:colcon.colcon_core.shell:Creating environment hook '/home/developer/ros2_ws/src/install/uavsandbox/share/uavsandbox/hook/ament_prefix_path.ps1'
[0.248s] INFO:colcon.colcon_core.shell:Creating environment descriptor '/home/developer/ros2_ws/src/install/uavsandbox/share/uavsandbox/hook/ament_prefix_path.dsv'
[0.248s] INFO:colcon.colcon_core.shell:Creating environment hook '/home/developer/ros2_ws/src/install/uavsandbox/share/uavsandbox/hook/ament_prefix_path.sh'
[0.249s] INFO:colcon.colcon_core.shell:Skip shell extension 'powershell' for command environment: Not usable outside of PowerShell
[0.249s] DEBUG:colcon.colcon_core.shell:Skip shell extension 'dsv' for command environment
[0.435s] INFO:colcon.colcon_core.task.python.build:Building Python package in '/home/developer/ros2_ws/src/uavsandbox'
[0.435s] INFO:colcon.colcon_core.shell:Skip shell extension 'powershell' for command environment: Not usable outside of PowerShell
[0.435s] DEBUG:colcon.colcon_core.shell:Skip shell extension 'dsv' for command environment
[0.870s] DEBUG:colcon.colcon_core.event_handler.log_command:Invoking command in '/home/developer/ros2_ws/src/uavsandbox': PYTHONPATH=/home/developer/ros2_ws/src/build/uavsandbox/prefix_override:/usr/lib/python3/dist-packages/colcon_core/task/python/colcon_distutils_commands:/home/developer/ros2_ws/src/install/uavsandbox/lib/python3.10/site-packages:${PYTHONPATH} /usr/bin/python3 -W ignore:setup.py install is deprecated -W ignore:easy_install command is deprecated setup.py egg_info --egg-base ../build/uavsandbox build --build-base /home/developer/ros2_ws/src/build/uavsandbox/build install --record /home/developer/ros2_ws/src/build/uavsandbox/install.log --single-version-externally-managed install_data
[1.263s] DEBUG:colcon.colcon_core.event_handler.log_command:Invoked command in '/home/developer/ros2_ws/src/uavsandbox' returned '0': PYTHONPATH=/home/developer/ros2_ws/src/build/uavsandbox/prefix_override:/usr/lib/python3/dist-packages/colcon_core/task/python/colcon_distutils_commands:/home/developer/ros2_ws/src/install/uavsandbox/lib/python3.10/site-packages:${PYTHONPATH} /usr/bin/python3 -W ignore:setup.py install is deprecated -W ignore:easy_install command is deprecated setup.py egg_info --egg-base ../build/uavsandbox build --build-base /home/developer/ros2_ws/src/build/uavsandbox/build install --record /home/developer/ros2_ws/src/build/uavsandbox/install.log --single-version-externally-managed install_data
[1.267s] Level 1:colcon.colcon_core.environment:checking '/home/developer/ros2_ws/src/install/uavsandbox' for CMake module files
[1.267s] Level 1:colcon.colcon_core.environment:checking '/home/developer/ros2_ws/src/install/uavsandbox' for CMake config files
[1.268s] Level 1:colcon.colcon_core.environment:checking '/home/developer/ros2_ws/src/install/uavsandbox/lib'
[1.268s] Level 1:colcon.colcon_core.environment:checking '/home/developer/ros2_ws/src/install/uavsandbox/bin'
[1.268s] Level 1:colcon.colcon_core.environment:checking '/home/developer/ros2_ws/src/install/uavsandbox/lib/pkgconfig/uavsandbox.pc'
[1.268s] Level 1:colcon.colcon_core.environment:checking '/home/developer/ros2_ws/src/install/uavsandbox/lib/python3.10/site-packages'
[1.268s] Level 1:colcon.colcon_core.shell:create_environment_hook('uavsandbox', 'pythonpath')
[1.268s] INFO:colcon.colcon_core.shell:Creating environment hook '/home/developer/ros2_ws/src/install/uavsandbox/share/uavsandbox/hook/pythonpath.ps1'
[1.268s] INFO:colcon.colcon_core.shell:Creating environment descriptor '/home/developer/ros2_ws/src/install/uavsandbox/share/uavsandbox/hook/pythonpath.dsv'
[1.269s] INFO:colcon.colcon_core.shell:Creating environment hook '/home/developer/ros2_ws/src/install/uavsandbox/share/uavsandbox/hook/pythonpath.sh'
[1.269s] Level 1:colcon.colcon_core.environment:checking '/home/developer/ros2_ws/src/install/uavsandbox/bin'
[1.269s] Level 1:colcon.colcon_core.environment:create_environment_scripts_only(uavsandbox)
[1.269s] INFO:colcon.colcon_core.shell:Creating package script '/home/developer/ros2_ws/src/install/uavsandbox/share/uavsandbox/package.ps1'
[1.270s] INFO:colcon.colcon_core.shell:Creating package descriptor '/home/developer/ros2_ws/src/install/uavsandbox/share/uavsandbox/package.dsv'
[1.271s] INFO:colcon.colcon_core.shell:Creating package script '/home/developer/ros2_ws/src/install/uavsandbox/share/uavsandbox/package.sh'
[1.271s] INFO:colcon.colcon_core.shell:Creating package script '/home/developer/ros2_ws/src/install/uavsandbox/share/uavsandbox/package.bash'
[1.272s] INFO:colcon.colcon_core.shell:Creating package script '/home/developer/ros2_ws/src/install/uavsandbox/share/uavsandbox/package.zsh'
[1.272s] Level 1:colcon.colcon_core.environment:create_file_with_runtime_dependencies(/home/developer/ros2_ws/src/install/uavsandbox/share/colcon-core/packages/uavsandbox)
[1.273s] DEBUG:colcon.colcon_parallel_executor.executor.parallel:closing loop
[1.273s] DEBUG:colcon.colcon_parallel_executor.executor.parallel:loop closed
[1.273s] DEBUG:colcon.colcon_parallel_executor.executor.parallel:run_until_complete finished with '0'
[1.273s] DEBUG:colcon.colcon_core.event_reactor:joining thread
[1.283s] INFO:colcon.colcon_core.plugin_system:Skipping extension 'colcon_notification.desktop_notification.notify_send': Could not find 'notify-send'
[1.283s] INFO:colcon.colcon_core.plugin_system:Skipping extension 'colcon_notification.desktop_notification.terminal_notifier': Not used on non-Darwin systems
[1.283s] INFO:colcon.colcon_core.plugin_system:Skipping extension 'colcon_notification.desktop_notification.win32': Not used on non-Windows systems
[1.283s] INFO:colcon.colcon_notification.desktop_notification:Sending desktop notification using 'notify2'
[1.286s] DEBUG:colcon.colcon_notification.desktop_notification.notify2:Failed to initialize notify2: org.freedesktop.DBus.Error.Spawn.ExecFailed: /usr/bin/dbus-launch terminated abnormally without any error message
[1.286s] DEBUG:colcon.colcon_core.event_reactor:joined thread
[1.287s] INFO:colcon.colcon_core.shell:Creating prefix script '/home/developer/ros2_ws/src/install/local_setup.ps1'
[1.288s] INFO:colcon.colcon_core.shell:Creating prefix util module '/home/developer/ros2_ws/src/install/_local_setup_util_ps1.py'
[1.289s] INFO:colcon.colcon_core.shell:Creating prefix chain script '/home/developer/ros2_ws/src/install/setup.ps1'
[1.290s] INFO:colcon.colcon_core.shell:Creating prefix script '/home/developer/ros2_ws/src/install/local_setup.sh'
[1.290s] INFO:colcon.colcon_core.shell:Creating prefix util module '/home/developer/ros2_ws/src/install/_local_setup_util_sh.py'
[1.291s] INFO:colcon.colcon_core.shell:Creating prefix chain script '/home/developer/ros2_ws/src/install/setup.sh'
[1.291s] INFO:colcon.colcon_core.shell:Creating prefix script '/home/developer/ros2_ws/src/install/local_setup.bash'
[1.292s] INFO:colcon.colcon_core.shell:Creating prefix chain script '/home/developer/ros2_ws/src/install/setup.bash'
[1.293s] INFO:colcon.colcon_core.shell:Creating prefix script '/home/developer/ros2_ws/src/install/local_setup.zsh'
[1.293s] INFO:colcon.colcon_core.shell:Creating prefix chain script '/home/developer/ros2_ws/src/install/setup.zsh'
