[0.020s] Invoking command in '/home/developer/ros2_ws/src/build/cf_control_msgs': CMAKE_PREFIX_PATH=${CMAKE_PREFIX_PATH}:/opt/ros/humble /usr/local/bin/cmake --build /home/developer/ros2_ws/src/build/cf_control_msgs -- -j24 -l24
[0.089s] [  3%] Built target cf_control_msgs__cpp
[0.093s] [  3%] Built target ament_cmake_python_copy_cf_control_msgs
[0.094s] [ 12%] Built target cf_control_msgs__rosidl_generator_c
[0.106s] [ 22%] Built target cf_control_msgs__rosidl_typesupport_introspection_cpp
[0.107s] [ 32%] Built target cf_control_msgs__rosidl_typesupport_fastrtps_cpp
[0.107s] [ 41%] Built target cf_control_msgs__rosidl_typesupport_cpp
[0.110s] [ 51%] Built target cf_control_msgs__rosidl_typesupport_introspection_c
[0.112s] [ 67%] Built target cf_control_msgs__rosidl_typesupport_fastrtps_c
[0.112s] [ 70%] Built target cf_control_msgs__rosidl_typesupport_c
[0.125s] [ 70%] Built target cf_control_msgs
[0.138s] [ 74%] Built target cf_control_msgs__py
[0.154s] [ 80%] Built target cf_control_msgs__rosidl_generator_py
[0.170s] [ 87%] Built target cf_control_msgs__rosidl_typesupport_fastrtps_c__pyext
[0.172s] [ 93%] Built target cf_control_msgs__rosidl_typesupport_introspection_c__pyext
[0.172s] [100%] Built target cf_control_msgs__rosidl_typesupport_c__pyext
[0.305s] running egg_info
[0.325s] writing cf_control_msgs.egg-info/PKG-INFO
[0.325s] writing dependency_links to cf_control_msgs.egg-info/dependency_links.txt
[0.325s] writing top-level names to cf_control_msgs.egg-info/top_level.txt
[0.383s] reading manifest file 'cf_control_msgs.egg-info/SOURCES.txt'
[0.383s] writing manifest file 'cf_control_msgs.egg-info/SOURCES.txt'
[0.404s] [100%] Built target ament_cmake_python_build_cf_control_msgs_egg
[0.415s] Invoked command in '/home/developer/ros2_ws/src/build/cf_control_msgs' returned '0': CMAKE_PREFIX_PATH=${CMAKE_PREFIX_PATH}:/opt/ros/humble /usr/local/bin/cmake --build /home/developer/ros2_ws/src/build/cf_control_msgs -- -j24 -l24
[0.417s] Invoking command in '/home/developer/ros2_ws/src/build/cf_control_msgs': CMAKE_PREFIX_PATH=${CMAKE_PREFIX_PATH}:/opt/ros/humble /usr/local/bin/cmake --install /home/developer/ros2_ws/src/build/cf_control_msgs
[0.446s] -- Install configuration: ""
[0.446s] -- Up-to-date: /home/developer/ros2_ws/src/install/cf_control_msgs/share/ament_index/resource_index/rosidl_interfaces/cf_control_msgs
[0.446s] -- Up-to-date: /home/developer/ros2_ws/src/install/cf_control_msgs/include/cf_control_msgs/cf_control_msgs
[0.446s] -- Up-to-date: /home/developer/ros2_ws/src/install/cf_control_msgs/include/cf_control_msgs/cf_control_msgs/msg
[0.446s] -- Up-to-date: /home/developer/ros2_ws/src/install/cf_control_msgs/include/cf_control_msgs/cf_control_msgs/msg/thrust_and_torque.h
[0.446s] -- Up-to-date: /home/developer/ros2_ws/src/install/cf_control_msgs/include/cf_control_msgs/cf_control_msgs/msg/rosidl_generator_c__visibility_control.h
[0.446s] -- Up-to-date: /home/developer/ros2_ws/src/install/cf_control_msgs/include/cf_control_msgs/cf_control_msgs/msg/detail
[0.446s] -- Up-to-date: /home/developer/ros2_ws/src/install/cf_control_msgs/include/cf_control_msgs/cf_control_msgs/msg/detail/thrust_and_torque__struct.h
[0.446s] -- Up-to-date: /home/developer/ros2_ws/src/install/cf_control_msgs/include/cf_control_msgs/cf_control_msgs/msg/detail/thrust_and_torque__functions.c
[0.447s] -- Up-to-date: /home/developer/ros2_ws/src/install/cf_control_msgs/include/cf_control_msgs/cf_control_msgs/msg/detail/thrust_and_torque__type_support.h
[0.447s] -- Up-to-date: /home/developer/ros2_ws/src/install/cf_control_msgs/include/cf_control_msgs/cf_control_msgs/msg/detail/thrust_and_torque__functions.h
[0.447s] -- Up-to-date: /home/developer/ros2_ws/src/install/cf_control_msgs/share/cf_control_msgs/environment/library_path.sh
[0.447s] -- Up-to-date: /home/developer/ros2_ws/src/install/cf_control_msgs/share/cf_control_msgs/environment/library_path.dsv
[0.447s] -- Up-to-date: /home/developer/ros2_ws/src/install/cf_control_msgs/lib/libcf_control_msgs__rosidl_generator_c.so
[0.447s] -- Up-to-date: /home/developer/ros2_ws/src/install/cf_control_msgs/include/cf_control_msgs/cf_control_msgs
[0.447s] -- Up-to-date: /home/developer/ros2_ws/src/install/cf_control_msgs/include/cf_control_msgs/cf_control_msgs/msg
[0.447s] -- Up-to-date: /home/developer/ros2_ws/src/install/cf_control_msgs/include/cf_control_msgs/cf_control_msgs/msg/rosidl_typesupport_fastrtps_c__visibility_control.h
[0.447s] -- Up-to-date: /home/developer/ros2_ws/src/install/cf_control_msgs/include/cf_control_msgs/cf_control_msgs/msg/detail
[0.448s] -- Up-to-date: /home/developer/ros2_ws/src/install/cf_control_msgs/include/cf_control_msgs/cf_control_msgs/msg/detail/thrust_and_torque__rosidl_typesupport_fastrtps_c.h
[0.448s] -- Up-to-date: /home/developer/ros2_ws/src/install/cf_control_msgs/lib/libcf_control_msgs__rosidl_typesupport_fastrtps_c.so
[0.448s] -- Up-to-date: /home/developer/ros2_ws/src/install/cf_control_msgs/include/cf_control_msgs/cf_control_msgs
[0.448s] -- Up-to-date: /home/developer/ros2_ws/src/install/cf_control_msgs/include/cf_control_msgs/cf_control_msgs/msg
[0.448s] -- Up-to-date: /home/developer/ros2_ws/src/install/cf_control_msgs/include/cf_control_msgs/cf_control_msgs/msg/detail
[0.448s] -- Up-to-date: /home/developer/ros2_ws/src/install/cf_control_msgs/include/cf_control_msgs/cf_control_msgs/msg/detail/thrust_and_torque__rosidl_typesupport_introspection_c.h
[0.448s] -- Up-to-date: /home/developer/ros2_ws/src/install/cf_control_msgs/include/cf_control_msgs/cf_control_msgs/msg/detail/thrust_and_torque__type_support.c
[0.448s] -- Up-to-date: /home/developer/ros2_ws/src/install/cf_control_msgs/include/cf_control_msgs/cf_control_msgs/msg/rosidl_typesupport_introspection_c__visibility_control.h
[0.449s] -- Up-to-date: /home/developer/ros2_ws/src/install/cf_control_msgs/lib/libcf_control_msgs__rosidl_typesupport_introspection_c.so
[0.449s] -- Up-to-date: /home/developer/ros2_ws/src/install/cf_control_msgs/lib/libcf_control_msgs__rosidl_typesupport_c.so
[0.449s] -- Up-to-date: /home/developer/ros2_ws/src/install/cf_control_msgs/include/cf_control_msgs/cf_control_msgs
[0.449s] -- Up-to-date: /home/developer/ros2_ws/src/install/cf_control_msgs/include/cf_control_msgs/cf_control_msgs/msg
[0.449s] -- Up-to-date: /home/developer/ros2_ws/src/install/cf_control_msgs/include/cf_control_msgs/cf_control_msgs/msg/thrust_and_torque.hpp
[0.449s] -- Up-to-date: /home/developer/ros2_ws/src/install/cf_control_msgs/include/cf_control_msgs/cf_control_msgs/msg/rosidl_generator_cpp__visibility_control.hpp
[0.450s] -- Up-to-date: /home/developer/ros2_ws/src/install/cf_control_msgs/include/cf_control_msgs/cf_control_msgs/msg/detail
[0.450s] -- Up-to-date: /home/developer/ros2_ws/src/install/cf_control_msgs/include/cf_control_msgs/cf_control_msgs/msg/detail/thrust_and_torque__struct.hpp
[0.450s] -- Up-to-date: /home/developer/ros2_ws/src/install/cf_control_msgs/include/cf_control_msgs/cf_control_msgs/msg/detail/thrust_and_torque__traits.hpp
[0.450s] -- Up-to-date: /home/developer/ros2_ws/src/install/cf_control_msgs/include/cf_control_msgs/cf_control_msgs/msg/detail/thrust_and_torque__builder.hpp
[0.450s] -- Up-to-date: /home/developer/ros2_ws/src/install/cf_control_msgs/include/cf_control_msgs/cf_control_msgs/msg/detail/thrust_and_torque__type_support.hpp
[0.450s] -- Up-to-date: /home/developer/ros2_ws/src/install/cf_control_msgs/include/cf_control_msgs/cf_control_msgs
[0.450s] -- Up-to-date: /home/developer/ros2_ws/src/install/cf_control_msgs/include/cf_control_msgs/cf_control_msgs/msg
[0.450s] -- Up-to-date: /home/developer/ros2_ws/src/install/cf_control_msgs/include/cf_control_msgs/cf_control_msgs/msg/rosidl_typesupport_fastrtps_cpp__visibility_control.h
[0.450s] -- Up-to-date: /home/developer/ros2_ws/src/install/cf_control_msgs/include/cf_control_msgs/cf_control_msgs/msg/detail
[0.450s] -- Up-to-date: /home/developer/ros2_ws/src/install/cf_control_msgs/include/cf_control_msgs/cf_control_msgs/msg/detail/thrust_and_torque__rosidl_typesupport_fastrtps_cpp.hpp
[0.450s] -- Up-to-date: /home/developer/ros2_ws/src/install/cf_control_msgs/include/cf_control_msgs/cf_control_msgs/msg/detail/dds_fastrtps
[0.450s] -- Up-to-date: /home/developer/ros2_ws/src/install/cf_control_msgs/lib/libcf_control_msgs__rosidl_typesupport_fastrtps_cpp.so
[0.451s] -- Up-to-date: /home/developer/ros2_ws/src/install/cf_control_msgs/include/cf_control_msgs/cf_control_msgs
[0.451s] -- Up-to-date: /home/developer/ros2_ws/src/install/cf_control_msgs/include/cf_control_msgs/cf_control_msgs/msg
[0.451s] -- Up-to-date: /home/developer/ros2_ws/src/install/cf_control_msgs/include/cf_control_msgs/cf_control_msgs/msg/detail
[0.451s] -- Up-to-date: /home/developer/ros2_ws/src/install/cf_control_msgs/include/cf_control_msgs/cf_control_msgs/msg/detail/thrust_and_torque__rosidl_typesupport_introspection_cpp.hpp
[0.451s] -- Up-to-date: /home/developer/ros2_ws/src/install/cf_control_msgs/include/cf_control_msgs/cf_control_msgs/msg/detail/thrust_and_torque__type_support.cpp
[0.451s] -- Up-to-date: /home/developer/ros2_ws/src/install/cf_control_msgs/lib/libcf_control_msgs__rosidl_typesupport_introspection_cpp.so
[0.452s] -- Up-to-date: /home/developer/ros2_ws/src/install/cf_control_msgs/lib/libcf_control_msgs__rosidl_typesupport_cpp.so
[0.452s] -- Up-to-date: /home/developer/ros2_ws/src/install/cf_control_msgs/share/cf_control_msgs/environment/pythonpath.sh
[0.452s] -- Up-to-date: /home/developer/ros2_ws/src/install/cf_control_msgs/share/cf_control_msgs/environment/pythonpath.dsv
[0.452s] -- Up-to-date: /home/developer/ros2_ws/src/install/cf_control_msgs/local/lib/python3.10/dist-packages/cf_control_msgs-0.0.1-py3.10.egg-info
[0.452s] -- Installing: /home/developer/ros2_ws/src/install/cf_control_msgs/local/lib/python3.10/dist-packages/cf_control_msgs-0.0.1-py3.10.egg-info/top_level.txt
[0.452s] -- Installing: /home/developer/ros2_ws/src/install/cf_control_msgs/local/lib/python3.10/dist-packages/cf_control_msgs-0.0.1-py3.10.egg-info/PKG-INFO
[0.452s] -- Installing: /home/developer/ros2_ws/src/install/cf_control_msgs/local/lib/python3.10/dist-packages/cf_control_msgs-0.0.1-py3.10.egg-info/SOURCES.txt
[0.453s] -- Installing: /home/developer/ros2_ws/src/install/cf_control_msgs/local/lib/python3.10/dist-packages/cf_control_msgs-0.0.1-py3.10.egg-info/dependency_links.txt
[0.453s] -- Up-to-date: /home/developer/ros2_ws/src/install/cf_control_msgs/local/lib/python3.10/dist-packages/cf_control_msgs
[0.453s] -- Up-to-date: /home/developer/ros2_ws/src/install/cf_control_msgs/local/lib/python3.10/dist-packages/cf_control_msgs/cf_control_msgs_s__rosidl_typesupport_c.cpython-310-x86_64-linux-gnu.so
[0.453s] -- Up-to-date: /home/developer/ros2_ws/src/install/cf_control_msgs/local/lib/python3.10/dist-packages/cf_control_msgs/_cf_control_msgs_s.ep.rosidl_typesupport_introspection_c.c
[0.453s] -- Up-to-date: /home/developer/ros2_ws/src/install/cf_control_msgs/local/lib/python3.10/dist-packages/cf_control_msgs/msg
[0.453s] -- Up-to-date: /home/developer/ros2_ws/src/install/cf_control_msgs/local/lib/python3.10/dist-packages/cf_control_msgs/msg/_thrust_and_torque.py
[0.453s] -- Up-to-date: /home/developer/ros2_ws/src/install/cf_control_msgs/local/lib/python3.10/dist-packages/cf_control_msgs/msg/_thrust_and_torque_s.c
[0.453s] -- Up-to-date: /home/developer/ros2_ws/src/install/cf_control_msgs/local/lib/python3.10/dist-packages/cf_control_msgs/msg/__init__.py
[0.453s] -- Up-to-date: /home/developer/ros2_ws/src/install/cf_control_msgs/local/lib/python3.10/dist-packages/cf_control_msgs/_cf_control_msgs_s.ep.rosidl_typesupport_fastrtps_c.c
[0.453s] -- Up-to-date: /home/developer/ros2_ws/src/install/cf_control_msgs/local/lib/python3.10/dist-packages/cf_control_msgs/libcf_control_msgs__rosidl_generator_py.so
[0.454s] -- Up-to-date: /home/developer/ros2_ws/src/install/cf_control_msgs/local/lib/python3.10/dist-packages/cf_control_msgs/cf_control_msgs_s__rosidl_typesupport_introspection_c.cpython-310-x86_64-linux-gnu.so
[0.454s] -- Up-to-date: /home/developer/ros2_ws/src/install/cf_control_msgs/local/lib/python3.10/dist-packages/cf_control_msgs/_cf_control_msgs_s.ep.rosidl_typesupport_c.c
[0.454s] -- Up-to-date: /home/developer/ros2_ws/src/install/cf_control_msgs/local/lib/python3.10/dist-packages/cf_control_msgs/__init__.py
[0.454s] -- Up-to-date: /home/developer/ros2_ws/src/install/cf_control_msgs/local/lib/python3.10/dist-packages/cf_control_msgs/cf_control_msgs_s__rosidl_typesupport_fastrtps_c.cpython-310-x86_64-linux-gnu.so
[0.485s] Listing '/home/developer/ros2_ws/src/install/cf_control_msgs/local/lib/python3.10/dist-packages/cf_control_msgs'...
[0.485s] Listing '/home/developer/ros2_ws/src/install/cf_control_msgs/local/lib/python3.10/dist-packages/cf_control_msgs/msg'...
[0.489s] -- Up-to-date: /home/developer/ros2_ws/src/install/cf_control_msgs/local/lib/python3.10/dist-packages/cf_control_msgs/cf_control_msgs_s__rosidl_typesupport_fastrtps_c.cpython-310-x86_64-linux-gnu.so
[0.490s] -- Up-to-date: /home/developer/ros2_ws/src/install/cf_control_msgs/local/lib/python3.10/dist-packages/cf_control_msgs/cf_control_msgs_s__rosidl_typesupport_introspection_c.cpython-310-x86_64-linux-gnu.so
[0.491s] -- Up-to-date: /home/developer/ros2_ws/src/install/cf_control_msgs/local/lib/python3.10/dist-packages/cf_control_msgs/cf_control_msgs_s__rosidl_typesupport_c.cpython-310-x86_64-linux-gnu.so
[0.492s] -- Up-to-date: /home/developer/ros2_ws/src/install/cf_control_msgs/lib/libcf_control_msgs__rosidl_generator_py.so
[0.492s] -- Up-to-date: /home/developer/ros2_ws/src/install/cf_control_msgs/share/cf_control_msgs/msg/ThrustAndTorque.idl
[0.492s] -- Up-to-date: /home/developer/ros2_ws/src/install/cf_control_msgs/share/cf_control_msgs/msg/ThrustAndTorque.msg
[0.493s] -- Up-to-date: /home/developer/ros2_ws/src/install/cf_control_msgs/share/ament_index/resource_index/package_run_dependencies/cf_control_msgs
[0.493s] -- Up-to-date: /home/developer/ros2_ws/src/install/cf_control_msgs/share/ament_index/resource_index/parent_prefix_path/cf_control_msgs
[0.493s] -- Up-to-date: /home/developer/ros2_ws/src/install/cf_control_msgs/share/cf_control_msgs/environment/ament_prefix_path.sh
[0.493s] -- Up-to-date: /home/developer/ros2_ws/src/install/cf_control_msgs/share/cf_control_msgs/environment/ament_prefix_path.dsv
[0.493s] -- Up-to-date: /home/developer/ros2_ws/src/install/cf_control_msgs/share/cf_control_msgs/environment/path.sh
[0.493s] -- Up-to-date: /home/developer/ros2_ws/src/install/cf_control_msgs/share/cf_control_msgs/environment/path.dsv
[0.493s] -- Up-to-date: /home/developer/ros2_ws/src/install/cf_control_msgs/share/cf_control_msgs/local_setup.bash
[0.494s] -- Up-to-date: /home/developer/ros2_ws/src/install/cf_control_msgs/share/cf_control_msgs/local_setup.sh
[0.494s] -- Up-to-date: /home/developer/ros2_ws/src/install/cf_control_msgs/share/cf_control_msgs/local_setup.zsh
[0.494s] -- Up-to-date: /home/developer/ros2_ws/src/install/cf_control_msgs/share/cf_control_msgs/local_setup.dsv
[0.494s] -- Installing: /home/developer/ros2_ws/src/install/cf_control_msgs/share/cf_control_msgs/package.dsv
[0.494s] -- Up-to-date: /home/developer/ros2_ws/src/install/cf_control_msgs/share/ament_index/resource_index/packages/cf_control_msgs
[0.494s] -- Up-to-date: /home/developer/ros2_ws/src/install/cf_control_msgs/share/cf_control_msgs/cmake/export_cf_control_msgs__rosidl_generator_cExport.cmake
[0.494s] -- Up-to-date: /home/developer/ros2_ws/src/install/cf_control_msgs/share/cf_control_msgs/cmake/export_cf_control_msgs__rosidl_generator_cExport-noconfig.cmake
[0.495s] -- Up-to-date: /home/developer/ros2_ws/src/install/cf_control_msgs/share/cf_control_msgs/cmake/export_cf_control_msgs__rosidl_typesupport_fastrtps_cExport.cmake
[0.495s] -- Up-to-date: /home/developer/ros2_ws/src/install/cf_control_msgs/share/cf_control_msgs/cmake/export_cf_control_msgs__rosidl_typesupport_fastrtps_cExport-noconfig.cmake
[0.495s] -- Up-to-date: /home/developer/ros2_ws/src/install/cf_control_msgs/share/cf_control_msgs/cmake/cf_control_msgs__rosidl_typesupport_introspection_cExport.cmake
[0.495s] -- Up-to-date: /home/developer/ros2_ws/src/install/cf_control_msgs/share/cf_control_msgs/cmake/cf_control_msgs__rosidl_typesupport_introspection_cExport-noconfig.cmake
[0.495s] -- Up-to-date: /home/developer/ros2_ws/src/install/cf_control_msgs/share/cf_control_msgs/cmake/cf_control_msgs__rosidl_typesupport_cExport.cmake
[0.495s] -- Up-to-date: /home/developer/ros2_ws/src/install/cf_control_msgs/share/cf_control_msgs/cmake/cf_control_msgs__rosidl_typesupport_cExport-noconfig.cmake
[0.495s] -- Up-to-date: /home/developer/ros2_ws/src/install/cf_control_msgs/share/cf_control_msgs/cmake/export_cf_control_msgs__rosidl_generator_cppExport.cmake
[0.495s] -- Up-to-date: /home/developer/ros2_ws/src/install/cf_control_msgs/share/cf_control_msgs/cmake/export_cf_control_msgs__rosidl_typesupport_fastrtps_cppExport.cmake
[0.496s] -- Up-to-date: /home/developer/ros2_ws/src/install/cf_control_msgs/share/cf_control_msgs/cmake/export_cf_control_msgs__rosidl_typesupport_fastrtps_cppExport-noconfig.cmake
[0.496s] -- Up-to-date: /home/developer/ros2_ws/src/install/cf_control_msgs/share/cf_control_msgs/cmake/cf_control_msgs__rosidl_typesupport_introspection_cppExport.cmake
[0.496s] -- Up-to-date: /home/developer/ros2_ws/src/install/cf_control_msgs/share/cf_control_msgs/cmake/cf_control_msgs__rosidl_typesupport_introspection_cppExport-noconfig.cmake
[0.496s] -- Up-to-date: /home/developer/ros2_ws/src/install/cf_control_msgs/share/cf_control_msgs/cmake/cf_control_msgs__rosidl_typesupport_cppExport.cmake
[0.496s] -- Up-to-date: /home/developer/ros2_ws/src/install/cf_control_msgs/share/cf_control_msgs/cmake/cf_control_msgs__rosidl_typesupport_cppExport-noconfig.cmake
[0.497s] -- Up-to-date: /home/developer/ros2_ws/src/install/cf_control_msgs/share/cf_control_msgs/cmake/export_cf_control_msgs__rosidl_generator_pyExport.cmake
[0.497s] -- Up-to-date: /home/developer/ros2_ws/src/install/cf_control_msgs/share/cf_control_msgs/cmake/export_cf_control_msgs__rosidl_generator_pyExport-noconfig.cmake
[0.497s] -- Up-to-date: /home/developer/ros2_ws/src/install/cf_control_msgs/share/cf_control_msgs/cmake/rosidl_cmake-extras.cmake
[0.497s] -- Up-to-date: /home/developer/ros2_ws/src/install/cf_control_msgs/share/cf_control_msgs/cmake/ament_cmake_export_dependencies-extras.cmake
[0.497s] -- Up-to-date: /home/developer/ros2_ws/src/install/cf_control_msgs/share/cf_control_msgs/cmake/ament_cmake_export_include_directories-extras.cmake
[0.497s] -- Up-to-date: /home/developer/ros2_ws/src/install/cf_control_msgs/share/cf_control_msgs/cmake/ament_cmake_export_libraries-extras.cmake
[0.497s] -- Up-to-date: /home/developer/ros2_ws/src/install/cf_control_msgs/share/cf_control_msgs/cmake/ament_cmake_export_targets-extras.cmake
[0.497s] -- Up-to-date: /home/developer/ros2_ws/src/install/cf_control_msgs/share/cf_control_msgs/cmake/rosidl_cmake_export_typesupport_targets-extras.cmake
[0.497s] -- Up-to-date: /home/developer/ros2_ws/src/install/cf_control_msgs/share/cf_control_msgs/cmake/rosidl_cmake_export_typesupport_libraries-extras.cmake
[0.498s] -- Up-to-date: /home/developer/ros2_ws/src/install/cf_control_msgs/share/cf_control_msgs/cmake/cf_control_msgsConfig.cmake
[0.498s] -- Up-to-date: /home/developer/ros2_ws/src/install/cf_control_msgs/share/cf_control_msgs/cmake/cf_control_msgsConfig-version.cmake
[0.498s] -- Up-to-date: /home/developer/ros2_ws/src/install/cf_control_msgs/share/cf_control_msgs/package.xml
[0.503s] Invoked command in '/home/developer/ros2_ws/src/build/cf_control_msgs' returned '0': CMAKE_PREFIX_PATH=${CMAKE_PREFIX_PATH}:/opt/ros/humble /usr/local/bin/cmake --install /home/developer/ros2_ws/src/build/cf_control_msgs
