-- The C compiler identification is GNU 11.4.0
-- The CXX compiler identification is GNU 11.4.0
-- Detecting C compiler ABI info
-- Detecting C compiler ABI info - done
-- Check for working C compiler: /usr/bin/cc - skipped
-- Detecting C compile features
-- Detecting C compile features - done
-- Detecting CXX compiler ABI info
-- Detecting CXX compiler ABI info - done
-- Check for working CXX compiler: /usr/bin/c++ - skipped
-- Detecting CXX compile features
-- Detecting CXX compile features - done
-- Found ament_cmake: 1.3.13 (/opt/ros/humble/share/ament_cmake/cmake)
-- Found Python3: /usr/bin/python3 (found version "3.10.12") found components: Interpreter 
-- Found ament_lint_auto: 0.12.15 (/opt/ros/humble/share/ament_lint_auto/cmake)
-- Added test 'cppcheck' to perform static code analysis on C / C++ code
-- Configured cppcheck include dirs: 
-- Configured cppcheck exclude dirs and/or files: 
-- Added test 'lint_cmake' to check CMake code style
-- Added test 'uncrustify' to check C / C++ code style
-- Configured uncrustify additional arguments: 
-- Added test 'xmllint' to check XML markup files
-- Configuring done (0.8s)
-- Generating done (0.0s)
-- Build files have been written to: /home/developer/ros2_ws/src/crazyflie_interfaces/build/crazyflie_interfaces
-- Install configuration: ""
-- Installing: /home/developer/ros2_ws/src/crazyflie_interfaces/install/crazyflie_interfaces/share/ament_index/resource_index/package_run_dependencies/crazyflie_interfaces
-- Installing: /home/developer/ros2_ws/src/crazyflie_interfaces/install/crazyflie_interfaces/share/ament_index/resource_index/parent_prefix_path/crazyflie_interfaces
-- Installing: /home/developer/ros2_ws/src/crazyflie_interfaces/install/crazyflie_interfaces/share/crazyflie_interfaces/environment/ament_prefix_path.sh
-- Installing: /home/developer/ros2_ws/src/crazyflie_interfaces/install/crazyflie_interfaces/share/crazyflie_interfaces/environment/ament_prefix_path.dsv
-- Installing: /home/developer/ros2_ws/src/crazyflie_interfaces/install/crazyflie_interfaces/share/crazyflie_interfaces/environment/path.sh
-- Installing: /home/developer/ros2_ws/src/crazyflie_interfaces/install/crazyflie_interfaces/share/crazyflie_interfaces/environment/path.dsv
-- Installing: /home/developer/ros2_ws/src/crazyflie_interfaces/install/crazyflie_interfaces/share/crazyflie_interfaces/local_setup.bash
-- Installing: /home/developer/ros2_ws/src/crazyflie_interfaces/install/crazyflie_interfaces/share/crazyflie_interfaces/local_setup.sh
-- Installing: /home/developer/ros2_ws/src/crazyflie_interfaces/install/crazyflie_interfaces/share/crazyflie_interfaces/local_setup.zsh
-- Installing: /home/developer/ros2_ws/src/crazyflie_interfaces/install/crazyflie_interfaces/share/crazyflie_interfaces/local_setup.dsv
-- Installing: /home/developer/ros2_ws/src/crazyflie_interfaces/install/crazyflie_interfaces/share/crazyflie_interfaces/package.dsv
-- Installing: /home/developer/ros2_ws/src/crazyflie_interfaces/install/crazyflie_interfaces/share/ament_index/resource_index/packages/crazyflie_interfaces
-- Installing: /home/developer/ros2_ws/src/crazyflie_interfaces/install/crazyflie_interfaces/share/crazyflie_interfaces/cmake/crazyflie_interfacesConfig.cmake
-- Installing: /home/developer/ros2_ws/src/crazyflie_interfaces/install/crazyflie_interfaces/share/crazyflie_interfaces/cmake/crazyflie_interfacesConfig-version.cmake
-- Installing: /home/developer/ros2_ws/src/crazyflie_interfaces/install/crazyflie_interfaces/share/crazyflie_interfaces/package.xml
