[  3%] Built target cf_control_msgs__cpp
[ 12%] Built target cf_control_msgs__rosidl_generator_c
[ 12%] Built target ament_cmake_python_copy_cf_control_msgs
[ 22%] Built target cf_control_msgs__rosidl_typesupport_cpp
[ 32%] Built target cf_control_msgs__rosidl_typesupport_introspection_cpp
[ 58%] Built target cf_control_msgs__rosidl_typesupport_fastrtps_cpp
[ 61%] Built target cf_control_msgs__rosidl_typesupport_introspection_c
[ 61%] Built target cf_control_msgs__rosidl_typesupport_c
[ 70%] Built target cf_control_msgs__rosidl_typesupport_fastrtps_c
[ 70%] Built target cf_control_msgs
[ 74%] Built target cf_control_msgs__py
[ 80%] Built target cf_control_msgs__rosidl_generator_py
[ 90%] Built target cf_control_msgs__rosidl_typesupport_fastrtps_c__pyext
[ 93%] Built target cf_control_msgs__rosidl_typesupport_c__pyext
[100%] Built target cf_control_msgs__rosidl_typesupport_introspection_c__pyext
running egg_info
writing cf_control_msgs.egg-info/PKG-INFO
writing dependency_links to cf_control_msgs.egg-info/dependency_links.txt
writing top-level names to cf_control_msgs.egg-info/top_level.txt
reading manifest file 'cf_control_msgs.egg-info/SOURCES.txt'
writing manifest file 'cf_control_msgs.egg-info/SOURCES.txt'
[100%] Built target ament_cmake_python_build_cf_control_msgs_egg
-- Install configuration: ""
-- Up-to-date: /home/developer/ros2_ws/src/install/cf_control_msgs/share/ament_index/resource_index/rosidl_interfaces/cf_control_msgs
-- Up-to-date: /home/developer/ros2_ws/src/install/cf_control_msgs/include/cf_control_msgs/cf_control_msgs
-- Up-to-date: /home/developer/ros2_ws/src/install/cf_control_msgs/include/cf_control_msgs/cf_control_msgs/msg
-- Up-to-date: /home/developer/ros2_ws/src/install/cf_control_msgs/include/cf_control_msgs/cf_control_msgs/msg/thrust_and_torque.h
-- Up-to-date: /home/developer/ros2_ws/src/install/cf_control_msgs/include/cf_control_msgs/cf_control_msgs/msg/rosidl_generator_c__visibility_control.h
-- Up-to-date: /home/developer/ros2_ws/src/install/cf_control_msgs/include/cf_control_msgs/cf_control_msgs/msg/detail
-- Up-to-date: /home/developer/ros2_ws/src/install/cf_control_msgs/include/cf_control_msgs/cf_control_msgs/msg/detail/thrust_and_torque__struct.h
-- Up-to-date: /home/developer/ros2_ws/src/install/cf_control_msgs/include/cf_control_msgs/cf_control_msgs/msg/detail/thrust_and_torque__functions.c
-- Up-to-date: /home/developer/ros2_ws/src/install/cf_control_msgs/include/cf_control_msgs/cf_control_msgs/msg/detail/thrust_and_torque__type_support.h
-- Up-to-date: /home/developer/ros2_ws/src/install/cf_control_msgs/include/cf_control_msgs/cf_control_msgs/msg/detail/thrust_and_torque__functions.h
-- Up-to-date: /home/developer/ros2_ws/src/install/cf_control_msgs/share/cf_control_msgs/environment/library_path.sh
-- Up-to-date: /home/developer/ros2_ws/src/install/cf_control_msgs/share/cf_control_msgs/environment/library_path.dsv
-- Up-to-date: /home/developer/ros2_ws/src/install/cf_control_msgs/lib/libcf_control_msgs__rosidl_generator_c.so
-- Up-to-date: /home/developer/ros2_ws/src/install/cf_control_msgs/include/cf_control_msgs/cf_control_msgs
-- Up-to-date: /home/developer/ros2_ws/src/install/cf_control_msgs/include/cf_control_msgs/cf_control_msgs/msg
-- Up-to-date: /home/developer/ros2_ws/src/install/cf_control_msgs/include/cf_control_msgs/cf_control_msgs/msg/rosidl_typesupport_fastrtps_c__visibility_control.h
-- Up-to-date: /home/developer/ros2_ws/src/install/cf_control_msgs/include/cf_control_msgs/cf_control_msgs/msg/detail
-- Up-to-date: /home/developer/ros2_ws/src/install/cf_control_msgs/include/cf_control_msgs/cf_control_msgs/msg/detail/thrust_and_torque__rosidl_typesupport_fastrtps_c.h
-- Up-to-date: /home/developer/ros2_ws/src/install/cf_control_msgs/lib/libcf_control_msgs__rosidl_typesupport_fastrtps_c.so
-- Up-to-date: /home/developer/ros2_ws/src/install/cf_control_msgs/include/cf_control_msgs/cf_control_msgs
-- Up-to-date: /home/developer/ros2_ws/src/install/cf_control_msgs/include/cf_control_msgs/cf_control_msgs/msg
-- Up-to-date: /home/developer/ros2_ws/src/install/cf_control_msgs/include/cf_control_msgs/cf_control_msgs/msg/detail
-- Up-to-date: /home/developer/ros2_ws/src/install/cf_control_msgs/include/cf_control_msgs/cf_control_msgs/msg/detail/thrust_and_torque__rosidl_typesupport_introspection_c.h
-- Up-to-date: /home/developer/ros2_ws/src/install/cf_control_msgs/include/cf_control_msgs/cf_control_msgs/msg/detail/thrust_and_torque__type_support.c
-- Up-to-date: /home/developer/ros2_ws/src/install/cf_control_msgs/include/cf_control_msgs/cf_control_msgs/msg/rosidl_typesupport_introspection_c__visibility_control.h
-- Up-to-date: /home/developer/ros2_ws/src/install/cf_control_msgs/lib/libcf_control_msgs__rosidl_typesupport_introspection_c.so
-- Up-to-date: /home/developer/ros2_ws/src/install/cf_control_msgs/lib/libcf_control_msgs__rosidl_typesupport_c.so
-- Up-to-date: /home/developer/ros2_ws/src/install/cf_control_msgs/include/cf_control_msgs/cf_control_msgs
-- Up-to-date: /home/developer/ros2_ws/src/install/cf_control_msgs/include/cf_control_msgs/cf_control_msgs/msg
-- Up-to-date: /home/developer/ros2_ws/src/install/cf_control_msgs/include/cf_control_msgs/cf_control_msgs/msg/thrust_and_torque.hpp
-- Up-to-date: /home/developer/ros2_ws/src/install/cf_control_msgs/include/cf_control_msgs/cf_control_msgs/msg/rosidl_generator_cpp__visibility_control.hpp
-- Up-to-date: /home/developer/ros2_ws/src/install/cf_control_msgs/include/cf_control_msgs/cf_control_msgs/msg/detail
-- Up-to-date: /home/developer/ros2_ws/src/install/cf_control_msgs/include/cf_control_msgs/cf_control_msgs/msg/detail/thrust_and_torque__struct.hpp
-- Up-to-date: /home/developer/ros2_ws/src/install/cf_control_msgs/include/cf_control_msgs/cf_control_msgs/msg/detail/thrust_and_torque__traits.hpp
-- Up-to-date: /home/developer/ros2_ws/src/install/cf_control_msgs/include/cf_control_msgs/cf_control_msgs/msg/detail/thrust_and_torque__builder.hpp
-- Up-to-date: /home/developer/ros2_ws/src/install/cf_control_msgs/include/cf_control_msgs/cf_control_msgs/msg/detail/thrust_and_torque__type_support.hpp
-- Up-to-date: /home/developer/ros2_ws/src/install/cf_control_msgs/include/cf_control_msgs/cf_control_msgs
-- Up-to-date: /home/developer/ros2_ws/src/install/cf_control_msgs/include/cf_control_msgs/cf_control_msgs/msg
-- Up-to-date: /home/developer/ros2_ws/src/install/cf_control_msgs/include/cf_control_msgs/cf_control_msgs/msg/rosidl_typesupport_fastrtps_cpp__visibility_control.h
-- Up-to-date: /home/developer/ros2_ws/src/install/cf_control_msgs/include/cf_control_msgs/cf_control_msgs/msg/detail
-- Up-to-date: /home/developer/ros2_ws/src/install/cf_control_msgs/include/cf_control_msgs/cf_control_msgs/msg/detail/thrust_and_torque__rosidl_typesupport_fastrtps_cpp.hpp
-- Up-to-date: /home/developer/ros2_ws/src/install/cf_control_msgs/include/cf_control_msgs/cf_control_msgs/msg/detail/dds_fastrtps
-- Up-to-date: /home/developer/ros2_ws/src/install/cf_control_msgs/lib/libcf_control_msgs__rosidl_typesupport_fastrtps_cpp.so
-- Up-to-date: /home/developer/ros2_ws/src/install/cf_control_msgs/include/cf_control_msgs/cf_control_msgs
-- Up-to-date: /home/developer/ros2_ws/src/install/cf_control_msgs/include/cf_control_msgs/cf_control_msgs/msg
-- Up-to-date: /home/developer/ros2_ws/src/install/cf_control_msgs/include/cf_control_msgs/cf_control_msgs/msg/detail
-- Up-to-date: /home/developer/ros2_ws/src/install/cf_control_msgs/include/cf_control_msgs/cf_control_msgs/msg/detail/thrust_and_torque__rosidl_typesupport_introspection_cpp.hpp
-- Up-to-date: /home/developer/ros2_ws/src/install/cf_control_msgs/include/cf_control_msgs/cf_control_msgs/msg/detail/thrust_and_torque__type_support.cpp
-- Up-to-date: /home/developer/ros2_ws/src/install/cf_control_msgs/lib/libcf_control_msgs__rosidl_typesupport_introspection_cpp.so
-- Up-to-date: /home/developer/ros2_ws/src/install/cf_control_msgs/lib/libcf_control_msgs__rosidl_typesupport_cpp.so
-- Up-to-date: /home/developer/ros2_ws/src/install/cf_control_msgs/share/cf_control_msgs/environment/pythonpath.sh
-- Up-to-date: /home/developer/ros2_ws/src/install/cf_control_msgs/share/cf_control_msgs/environment/pythonpath.dsv
-- Up-to-date: /home/developer/ros2_ws/src/install/cf_control_msgs/local/lib/python3.10/dist-packages/cf_control_msgs-0.0.1-py3.10.egg-info
-- Installing: /home/developer/ros2_ws/src/install/cf_control_msgs/local/lib/python3.10/dist-packages/cf_control_msgs-0.0.1-py3.10.egg-info/top_level.txt
-- Installing: /home/developer/ros2_ws/src/install/cf_control_msgs/local/lib/python3.10/dist-packages/cf_control_msgs-0.0.1-py3.10.egg-info/PKG-INFO
-- Installing: /home/developer/ros2_ws/src/install/cf_control_msgs/local/lib/python3.10/dist-packages/cf_control_msgs-0.0.1-py3.10.egg-info/SOURCES.txt
-- Installing: /home/developer/ros2_ws/src/install/cf_control_msgs/local/lib/python3.10/dist-packages/cf_control_msgs-0.0.1-py3.10.egg-info/dependency_links.txt
-- Up-to-date: /home/developer/ros2_ws/src/install/cf_control_msgs/local/lib/python3.10/dist-packages/cf_control_msgs
-- Up-to-date: /home/developer/ros2_ws/src/install/cf_control_msgs/local/lib/python3.10/dist-packages/cf_control_msgs/cf_control_msgs_s__rosidl_typesupport_c.cpython-310-x86_64-linux-gnu.so
-- Up-to-date: /home/developer/ros2_ws/src/install/cf_control_msgs/local/lib/python3.10/dist-packages/cf_control_msgs/_cf_control_msgs_s.ep.rosidl_typesupport_introspection_c.c
-- Up-to-date: /home/developer/ros2_ws/src/install/cf_control_msgs/local/lib/python3.10/dist-packages/cf_control_msgs/msg
-- Up-to-date: /home/developer/ros2_ws/src/install/cf_control_msgs/local/lib/python3.10/dist-packages/cf_control_msgs/msg/_thrust_and_torque.py
-- Up-to-date: /home/developer/ros2_ws/src/install/cf_control_msgs/local/lib/python3.10/dist-packages/cf_control_msgs/msg/_thrust_and_torque_s.c
-- Up-to-date: /home/developer/ros2_ws/src/install/cf_control_msgs/local/lib/python3.10/dist-packages/cf_control_msgs/msg/__init__.py
-- Up-to-date: /home/developer/ros2_ws/src/install/cf_control_msgs/local/lib/python3.10/dist-packages/cf_control_msgs/_cf_control_msgs_s.ep.rosidl_typesupport_fastrtps_c.c
-- Up-to-date: /home/developer/ros2_ws/src/install/cf_control_msgs/local/lib/python3.10/dist-packages/cf_control_msgs/libcf_control_msgs__rosidl_generator_py.so
-- Up-to-date: /home/developer/ros2_ws/src/install/cf_control_msgs/local/lib/python3.10/dist-packages/cf_control_msgs/cf_control_msgs_s__rosidl_typesupport_introspection_c.cpython-310-x86_64-linux-gnu.so
-- Up-to-date: /home/developer/ros2_ws/src/install/cf_control_msgs/local/lib/python3.10/dist-packages/cf_control_msgs/_cf_control_msgs_s.ep.rosidl_typesupport_c.c
-- Up-to-date: /home/developer/ros2_ws/src/install/cf_control_msgs/local/lib/python3.10/dist-packages/cf_control_msgs/__init__.py
-- Up-to-date: /home/developer/ros2_ws/src/install/cf_control_msgs/local/lib/python3.10/dist-packages/cf_control_msgs/cf_control_msgs_s__rosidl_typesupport_fastrtps_c.cpython-310-x86_64-linux-gnu.so
Listing '/home/developer/ros2_ws/src/install/cf_control_msgs/local/lib/python3.10/dist-packages/cf_control_msgs'...
Listing '/home/developer/ros2_ws/src/install/cf_control_msgs/local/lib/python3.10/dist-packages/cf_control_msgs/msg'...
-- Up-to-date: /home/developer/ros2_ws/src/install/cf_control_msgs/local/lib/python3.10/dist-packages/cf_control_msgs/cf_control_msgs_s__rosidl_typesupport_fastrtps_c.cpython-310-x86_64-linux-gnu.so
-- Up-to-date: /home/developer/ros2_ws/src/install/cf_control_msgs/local/lib/python3.10/dist-packages/cf_control_msgs/cf_control_msgs_s__rosidl_typesupport_introspection_c.cpython-310-x86_64-linux-gnu.so
-- Up-to-date: /home/developer/ros2_ws/src/install/cf_control_msgs/local/lib/python3.10/dist-packages/cf_control_msgs/cf_control_msgs_s__rosidl_typesupport_c.cpython-310-x86_64-linux-gnu.so
-- Up-to-date: /home/developer/ros2_ws/src/install/cf_control_msgs/lib/libcf_control_msgs__rosidl_generator_py.so
-- Up-to-date: /home/developer/ros2_ws/src/install/cf_control_msgs/share/cf_control_msgs/msg/ThrustAndTorque.idl
-- Up-to-date: /home/developer/ros2_ws/src/install/cf_control_msgs/share/cf_control_msgs/msg/ThrustAndTorque.msg
-- Up-to-date: /home/developer/ros2_ws/src/install/cf_control_msgs/share/ament_index/resource_index/package_run_dependencies/cf_control_msgs
-- Up-to-date: /home/developer/ros2_ws/src/install/cf_control_msgs/share/ament_index/resource_index/parent_prefix_path/cf_control_msgs
-- Up-to-date: /home/developer/ros2_ws/src/install/cf_control_msgs/share/cf_control_msgs/environment/ament_prefix_path.sh
-- Up-to-date: /home/developer/ros2_ws/src/install/cf_control_msgs/share/cf_control_msgs/environment/ament_prefix_path.dsv
-- Up-to-date: /home/developer/ros2_ws/src/install/cf_control_msgs/share/cf_control_msgs/environment/path.sh
-- Up-to-date: /home/developer/ros2_ws/src/install/cf_control_msgs/share/cf_control_msgs/environment/path.dsv
-- Up-to-date: /home/developer/ros2_ws/src/install/cf_control_msgs/share/cf_control_msgs/local_setup.bash
-- Up-to-date: /home/developer/ros2_ws/src/install/cf_control_msgs/share/cf_control_msgs/local_setup.sh
-- Up-to-date: /home/developer/ros2_ws/src/install/cf_control_msgs/share/cf_control_msgs/local_setup.zsh
-- Up-to-date: /home/developer/ros2_ws/src/install/cf_control_msgs/share/cf_control_msgs/local_setup.dsv
-- Installing: /home/developer/ros2_ws/src/install/cf_control_msgs/share/cf_control_msgs/package.dsv
-- Up-to-date: /home/developer/ros2_ws/src/install/cf_control_msgs/share/ament_index/resource_index/packages/cf_control_msgs
-- Up-to-date: /home/developer/ros2_ws/src/install/cf_control_msgs/share/cf_control_msgs/cmake/export_cf_control_msgs__rosidl_generator_cExport.cmake
-- Up-to-date: /home/developer/ros2_ws/src/install/cf_control_msgs/share/cf_control_msgs/cmake/export_cf_control_msgs__rosidl_generator_cExport-noconfig.cmake
-- Up-to-date: /home/developer/ros2_ws/src/install/cf_control_msgs/share/cf_control_msgs/cmake/export_cf_control_msgs__rosidl_typesupport_fastrtps_cExport.cmake
-- Up-to-date: /home/developer/ros2_ws/src/install/cf_control_msgs/share/cf_control_msgs/cmake/export_cf_control_msgs__rosidl_typesupport_fastrtps_cExport-noconfig.cmake
-- Up-to-date: /home/developer/ros2_ws/src/install/cf_control_msgs/share/cf_control_msgs/cmake/cf_control_msgs__rosidl_typesupport_introspection_cExport.cmake
-- Up-to-date: /home/developer/ros2_ws/src/install/cf_control_msgs/share/cf_control_msgs/cmake/cf_control_msgs__rosidl_typesupport_introspection_cExport-noconfig.cmake
-- Up-to-date: /home/developer/ros2_ws/src/install/cf_control_msgs/share/cf_control_msgs/cmake/cf_control_msgs__rosidl_typesupport_cExport.cmake
-- Up-to-date: /home/developer/ros2_ws/src/install/cf_control_msgs/share/cf_control_msgs/cmake/cf_control_msgs__rosidl_typesupport_cExport-noconfig.cmake
-- Up-to-date: /home/developer/ros2_ws/src/install/cf_control_msgs/share/cf_control_msgs/cmake/export_cf_control_msgs__rosidl_generator_cppExport.cmake
-- Up-to-date: /home/developer/ros2_ws/src/install/cf_control_msgs/share/cf_control_msgs/cmake/export_cf_control_msgs__rosidl_typesupport_fastrtps_cppExport.cmake
-- Up-to-date: /home/developer/ros2_ws/src/install/cf_control_msgs/share/cf_control_msgs/cmake/export_cf_control_msgs__rosidl_typesupport_fastrtps_cppExport-noconfig.cmake
-- Up-to-date: /home/developer/ros2_ws/src/install/cf_control_msgs/share/cf_control_msgs/cmake/cf_control_msgs__rosidl_typesupport_introspection_cppExport.cmake
-- Up-to-date: /home/developer/ros2_ws/src/install/cf_control_msgs/share/cf_control_msgs/cmake/cf_control_msgs__rosidl_typesupport_introspection_cppExport-noconfig.cmake
-- Up-to-date: /home/developer/ros2_ws/src/install/cf_control_msgs/share/cf_control_msgs/cmake/cf_control_msgs__rosidl_typesupport_cppExport.cmake
-- Up-to-date: /home/developer/ros2_ws/src/install/cf_control_msgs/share/cf_control_msgs/cmake/cf_control_msgs__rosidl_typesupport_cppExport-noconfig.cmake
-- Up-to-date: /home/developer/ros2_ws/src/install/cf_control_msgs/share/cf_control_msgs/cmake/export_cf_control_msgs__rosidl_generator_pyExport.cmake
-- Up-to-date: /home/developer/ros2_ws/src/install/cf_control_msgs/share/cf_control_msgs/cmake/export_cf_control_msgs__rosidl_generator_pyExport-noconfig.cmake
-- Up-to-date: /home/developer/ros2_ws/src/install/cf_control_msgs/share/cf_control_msgs/cmake/rosidl_cmake-extras.cmake
-- Up-to-date: /home/developer/ros2_ws/src/install/cf_control_msgs/share/cf_control_msgs/cmake/ament_cmake_export_dependencies-extras.cmake
-- Up-to-date: /home/developer/ros2_ws/src/install/cf_control_msgs/share/cf_control_msgs/cmake/ament_cmake_export_include_directories-extras.cmake
-- Up-to-date: /home/developer/ros2_ws/src/install/cf_control_msgs/share/cf_control_msgs/cmake/ament_cmake_export_libraries-extras.cmake
-- Up-to-date: /home/developer/ros2_ws/src/install/cf_control_msgs/share/cf_control_msgs/cmake/ament_cmake_export_targets-extras.cmake
-- Up-to-date: /home/developer/ros2_ws/src/install/cf_control_msgs/share/cf_control_msgs/cmake/rosidl_cmake_export_typesupport_targets-extras.cmake
-- Up-to-date: /home/developer/ros2_ws/src/install/cf_control_msgs/share/cf_control_msgs/cmake/rosidl_cmake_export_typesupport_libraries-extras.cmake
-- Up-to-date: /home/developer/ros2_ws/src/install/cf_control_msgs/share/cf_control_msgs/cmake/cf_control_msgsConfig.cmake
-- Up-to-date: /home/developer/ros2_ws/src/install/cf_control_msgs/share/cf_control_msgs/cmake/cf_control_msgsConfig-version.cmake
-- Up-to-date: /home/developer/ros2_ws/src/install/cf_control_msgs/share/cf_control_msgs/package.xml
