-- Install configuration: ""
-- Up-to-date: /home/developer/ros2_ws/src/install/ros_gz_crazyflie_bringup/share/ros_gz_crazyflie_bringup/launch
-- Up-to-date: /home/developer/ros2_ws/src/install/ros_gz_crazyflie_bringup/share/ros_gz_crazyflie_bringup/launch/crazyflie_simulation.launch.py
-- Up-to-date: /home/developer/ros2_ws/src/install/ros_gz_crazyflie_bringup/share/ros_gz_crazyflie_bringup/config
-- Up-to-date: /home/developer/ros2_ws/src/install/ros_gz_crazyflie_bringup/share/ros_gz_crazyflie_bringup/config/ros_gz_crazyflie_bridge.yaml
-- Up-to-date: /home/developer/ros2_ws/src/install/ros_gz_crazyflie_bringup/share/ros_gz_crazyflie_bringup/gazebo_files
-- Up-to-date: /home/developer/ros2_ws/src/install/ros_gz_crazyflie_bringup/share/ros_gz_crazyflie_bringup/gazebo_files/LICENSE
-- Up-to-date: /home/developer/ros2_ws/src/install/ros_gz_crazyflie_bringup/share/ros_gz_crazyflie_bringup/gazebo_files/meshes
-- Up-to-date: /home/developer/ros2_ws/src/install/ros_gz_crazyflie_bringup/share/ros_gz_crazyflie_bringup/gazebo_files/meshes/collada_files
-- Up-to-date: /home/developer/ros2_ws/src/install/ros_gz_crazyflie_bringup/share/ros_gz_crazyflie_bringup/gazebo_files/meshes/collada_files/ccw_prop.dae
-- Up-to-date: /home/developer/ros2_ws/src/install/ros_gz_crazyflie_bringup/share/ros_gz_crazyflie_bringup/gazebo_files/meshes/collada_files/cf2_assembly.dae
-- Up-to-date: /home/developer/ros2_ws/src/install/ros_gz_crazyflie_bringup/share/ros_gz_crazyflie_bringup/gazebo_files/meshes/collada_files/cw_prop.dae
-- Up-to-date: /home/developer/ros2_ws/src/install/ros_gz_crazyflie_bringup/share/ros_gz_crazyflie_bringup/gazebo_files/meshes/collada_files/cf2_assembly_with_props.dae
-- Up-to-date: /home/developer/ros2_ws/src/install/ros_gz_crazyflie_bringup/share/ros_gz_crazyflie_bringup/gazebo_files/meshes/stl_files
-- Up-to-date: /home/developer/ros2_ws/src/install/ros_gz_crazyflie_bringup/share/ros_gz_crazyflie_bringup/gazebo_files/meshes/stl_files/2_pinheaders.stl
-- Up-to-date: /home/developer/ros2_ws/src/install/ros_gz_crazyflie_bringup/share/ros_gz_crazyflie_bringup/gazebo_files/meshes/stl_files/4_motormounts.stl
-- Up-to-date: /home/developer/ros2_ws/src/install/ros_gz_crazyflie_bringup/share/ros_gz_crazyflie_bringup/gazebo_files/meshes/stl_files/cw_prop.stl
-- Up-to-date: /home/developer/ros2_ws/src/install/ros_gz_crazyflie_bringup/share/ros_gz_crazyflie_bringup/gazebo_files/meshes/stl_files/battery_holder.stl
-- Up-to-date: /home/developer/ros2_ws/src/install/ros_gz_crazyflie_bringup/share/ros_gz_crazyflie_bringup/gazebo_files/meshes/stl_files/motor_mount.stl
-- Up-to-date: /home/developer/ros2_ws/src/install/ros_gz_crazyflie_bringup/share/ros_gz_crazyflie_bringup/gazebo_files/meshes/stl_files/cf2_assembly.stl
-- Up-to-date: /home/developer/ros2_ws/src/install/ros_gz_crazyflie_bringup/share/ros_gz_crazyflie_bringup/gazebo_files/meshes/stl_files/4_motors.stl
-- Up-to-date: /home/developer/ros2_ws/src/install/ros_gz_crazyflie_bringup/share/ros_gz_crazyflie_bringup/gazebo_files/meshes/stl_files/cf_body.stl
-- Up-to-date: /home/developer/ros2_ws/src/install/ros_gz_crazyflie_bringup/share/ros_gz_crazyflie_bringup/gazebo_files/meshes/stl_files/pin_headers.stl
-- Up-to-date: /home/developer/ros2_ws/src/install/ros_gz_crazyflie_bringup/share/ros_gz_crazyflie_bringup/gazebo_files/meshes/stl_files/battery.stl
-- Up-to-date: /home/developer/ros2_ws/src/install/ros_gz_crazyflie_bringup/share/ros_gz_crazyflie_bringup/gazebo_files/meshes/stl_files/ccw_prop.stl
-- Up-to-date: /home/developer/ros2_ws/src/install/ros_gz_crazyflie_bringup/share/ros_gz_crazyflie_bringup/gazebo_files/meshes/blender_files
-- Up-to-date: /home/developer/ros2_ws/src/install/ros_gz_crazyflie_bringup/share/ros_gz_crazyflie_bringup/gazebo_files/meshes/blender_files/battery_holder.blend
-- Up-to-date: /home/developer/ros2_ws/src/install/ros_gz_crazyflie_bringup/share/ros_gz_crazyflie_bringup/gazebo_files/meshes/blender_files/cf_body.blend
-- Up-to-date: /home/developer/ros2_ws/src/install/ros_gz_crazyflie_bringup/share/ros_gz_crazyflie_bringup/gazebo_files/meshes/blender_files/battery.blend
-- Up-to-date: /home/developer/ros2_ws/src/install/ros_gz_crazyflie_bringup/share/ros_gz_crazyflie_bringup/gazebo_files/meshes/blender_files/cw_prop.blend
-- Up-to-date: /home/developer/ros2_ws/src/install/ros_gz_crazyflie_bringup/share/ros_gz_crazyflie_bringup/gazebo_files/meshes/blender_files/motor_mount.blend
-- Up-to-date: /home/developer/ros2_ws/src/install/ros_gz_crazyflie_bringup/share/ros_gz_crazyflie_bringup/gazebo_files/meshes/blender_files/cf2_assembly.blend
-- Up-to-date: /home/developer/ros2_ws/src/install/ros_gz_crazyflie_bringup/share/ros_gz_crazyflie_bringup/gazebo_files/meshes/blender_files/pin_headers.blend
-- Up-to-date: /home/developer/ros2_ws/src/install/ros_gz_crazyflie_bringup/share/ros_gz_crazyflie_bringup/gazebo_files/meshes/textures
-- Up-to-date: /home/developer/ros2_ws/src/install/ros_gz_crazyflie_bringup/share/ros_gz_crazyflie_bringup/gazebo_files/meshes/textures/fast_helix.png
-- Up-to-date: /home/developer/ros2_ws/src/install/ros_gz_crazyflie_bringup/share/ros_gz_crazyflie_bringup/gazebo_files/gazebo
-- Up-to-date: /home/developer/ros2_ws/src/install/ros_gz_crazyflie_bringup/share/ros_gz_crazyflie_bringup/gazebo_files/gazebo/crazyflie
-- Up-to-date: /home/developer/ros2_ws/src/install/ros_gz_crazyflie_bringup/share/ros_gz_crazyflie_bringup/gazebo_files/gazebo/crazyflie/model.sdf
-- Up-to-date: /home/developer/ros2_ws/src/install/ros_gz_crazyflie_bringup/share/ros_gz_crazyflie_bringup/gazebo_files/gazebo/crazyflie/model.config
-- Up-to-date: /home/developer/ros2_ws/src/install/ros_gz_crazyflie_bringup/share/ros_gz_crazyflie_bringup/gazebo_files/gazebo/worlds
-- Up-to-date: /home/developer/ros2_ws/src/install/ros_gz_crazyflie_bringup/share/ros_gz_crazyflie_bringup/gazebo_files/gazebo/worlds/crazyflie_world.sdf
-- Up-to-date: /home/developer/ros2_ws/src/install/ros_gz_crazyflie_bringup/share/ament_index/resource_index/package_run_dependencies/ros_gz_crazyflie_bringup
-- Up-to-date: /home/developer/ros2_ws/src/install/ros_gz_crazyflie_bringup/share/ament_index/resource_index/parent_prefix_path/ros_gz_crazyflie_bringup
-- Up-to-date: /home/developer/ros2_ws/src/install/ros_gz_crazyflie_bringup/share/ros_gz_crazyflie_bringup/environment/ament_prefix_path.sh
-- Up-to-date: /home/developer/ros2_ws/src/install/ros_gz_crazyflie_bringup/share/ros_gz_crazyflie_bringup/environment/ament_prefix_path.dsv
-- Up-to-date: /home/developer/ros2_ws/src/install/ros_gz_crazyflie_bringup/share/ros_gz_crazyflie_bringup/environment/path.sh
-- Up-to-date: /home/developer/ros2_ws/src/install/ros_gz_crazyflie_bringup/share/ros_gz_crazyflie_bringup/environment/path.dsv
-- Up-to-date: /home/developer/ros2_ws/src/install/ros_gz_crazyflie_bringup/share/ros_gz_crazyflie_bringup/local_setup.bash
-- Up-to-date: /home/developer/ros2_ws/src/install/ros_gz_crazyflie_bringup/share/ros_gz_crazyflie_bringup/local_setup.sh
-- Up-to-date: /home/developer/ros2_ws/src/install/ros_gz_crazyflie_bringup/share/ros_gz_crazyflie_bringup/local_setup.zsh
-- Up-to-date: /home/developer/ros2_ws/src/install/ros_gz_crazyflie_bringup/share/ros_gz_crazyflie_bringup/local_setup.dsv
-- Up-to-date: /home/developer/ros2_ws/src/install/ros_gz_crazyflie_bringup/share/ros_gz_crazyflie_bringup/package.dsv
-- Up-to-date: /home/developer/ros2_ws/src/install/ros_gz_crazyflie_bringup/share/ament_index/resource_index/packages/ros_gz_crazyflie_bringup
-- Up-to-date: /home/developer/ros2_ws/src/install/ros_gz_crazyflie_bringup/share/ros_gz_crazyflie_bringup/cmake/ros_gz_crazyflie_bringupConfig.cmake
-- Up-to-date: /home/developer/ros2_ws/src/install/ros_gz_crazyflie_bringup/share/ros_gz_crazyflie_bringup/cmake/ros_gz_crazyflie_bringupConfig-version.cmake
-- Up-to-date: /home/developer/ros2_ws/src/install/ros_gz_crazyflie_bringup/share/ros_gz_crazyflie_bringup/package.xml
