[0.016s] Invoking command in '/home/developer/ros2_ws/src/build/ros_gz_crazyflie_bringup': CMAKE_PREFIX_PATH=${CMAKE_PREFIX_PATH}:/opt/ros/humble /usr/local/bin/cmake --build /home/developer/ros2_ws/src/build/ros_gz_crazyflie_bringup -- -j24 -l24
[0.217s] Invoked command in '/home/developer/ros2_ws/src/build/ros_gz_crazyflie_bringup' returned '0': CMAKE_PREFIX_PATH=${CMAKE_PREFIX_PATH}:/opt/ros/humble /usr/local/bin/cmake --build /home/developer/ros2_ws/src/build/ros_gz_crazyflie_bringup -- -j24 -l24
[0.253s] Invoking command in '/home/developer/ros2_ws/src/build/ros_gz_crazyflie_bringup': CMAKE_PREFIX_PATH=${CMAKE_PREFIX_PATH}:/opt/ros/humble /usr/local/bin/cmake --install /home/developer/ros2_ws/src/build/ros_gz_crazyflie_bringup
[0.281s] -- Install configuration: ""
[0.281s] -- Up-to-date: /home/developer/ros2_ws/src/install/ros_gz_crazyflie_bringup/share/ros_gz_crazyflie_bringup/launch
[0.282s] -- Up-to-date: /home/developer/ros2_ws/src/install/ros_gz_crazyflie_bringup/share/ros_gz_crazyflie_bringup/launch/crazyflie_simulation.launch.py
[0.282s] -- Up-to-date: /home/developer/ros2_ws/src/install/ros_gz_crazyflie_bringup/share/ros_gz_crazyflie_bringup/config
[0.282s] -- Up-to-date: /home/developer/ros2_ws/src/install/ros_gz_crazyflie_bringup/share/ros_gz_crazyflie_bringup/config/ros_gz_crazyflie_bridge.yaml
[0.282s] -- Up-to-date: /home/developer/ros2_ws/src/install/ros_gz_crazyflie_bringup/share/ros_gz_crazyflie_bringup/gazebo_files
[0.282s] -- Up-to-date: /home/developer/ros2_ws/src/install/ros_gz_crazyflie_bringup/share/ros_gz_crazyflie_bringup/gazebo_files/LICENSE
[0.282s] -- Up-to-date: /home/developer/ros2_ws/src/install/ros_gz_crazyflie_bringup/share/ros_gz_crazyflie_bringup/gazebo_files/meshes
[0.282s] -- Up-to-date: /home/developer/ros2_ws/src/install/ros_gz_crazyflie_bringup/share/ros_gz_crazyflie_bringup/gazebo_files/meshes/collada_files
[0.282s] -- Up-to-date: /home/developer/ros2_ws/src/install/ros_gz_crazyflie_bringup/share/ros_gz_crazyflie_bringup/gazebo_files/meshes/collada_files/ccw_prop.dae
[0.282s] -- Up-to-date: /home/developer/ros2_ws/src/install/ros_gz_crazyflie_bringup/share/ros_gz_crazyflie_bringup/gazebo_files/meshes/collada_files/cf2_assembly.dae
[0.282s] -- Up-to-date: /home/developer/ros2_ws/src/install/ros_gz_crazyflie_bringup/share/ros_gz_crazyflie_bringup/gazebo_files/meshes/collada_files/cw_prop.dae
[0.282s] -- Up-to-date: /home/developer/ros2_ws/src/install/ros_gz_crazyflie_bringup/share/ros_gz_crazyflie_bringup/gazebo_files/meshes/collada_files/cf2_assembly_with_props.dae
[0.282s] -- Up-to-date: /home/developer/ros2_ws/src/install/ros_gz_crazyflie_bringup/share/ros_gz_crazyflie_bringup/gazebo_files/meshes/stl_files
[0.282s] -- Up-to-date: /home/developer/ros2_ws/src/install/ros_gz_crazyflie_bringup/share/ros_gz_crazyflie_bringup/gazebo_files/meshes/stl_files/2_pinheaders.stl
[0.283s] -- Up-to-date: /home/developer/ros2_ws/src/install/ros_gz_crazyflie_bringup/share/ros_gz_crazyflie_bringup/gazebo_files/meshes/stl_files/4_motormounts.stl
[0.283s] -- Up-to-date: /home/developer/ros2_ws/src/install/ros_gz_crazyflie_bringup/share/ros_gz_crazyflie_bringup/gazebo_files/meshes/stl_files/cw_prop.stl
[0.283s] -- Up-to-date: /home/developer/ros2_ws/src/install/ros_gz_crazyflie_bringup/share/ros_gz_crazyflie_bringup/gazebo_files/meshes/stl_files/battery_holder.stl
[0.283s] -- Up-to-date: /home/developer/ros2_ws/src/install/ros_gz_crazyflie_bringup/share/ros_gz_crazyflie_bringup/gazebo_files/meshes/stl_files/motor_mount.stl
[0.283s] -- Up-to-date: /home/developer/ros2_ws/src/install/ros_gz_crazyflie_bringup/share/ros_gz_crazyflie_bringup/gazebo_files/meshes/stl_files/cf2_assembly.stl
[0.283s] -- Up-to-date: /home/developer/ros2_ws/src/install/ros_gz_crazyflie_bringup/share/ros_gz_crazyflie_bringup/gazebo_files/meshes/stl_files/4_motors.stl
[0.283s] -- Up-to-date: /home/developer/ros2_ws/src/install/ros_gz_crazyflie_bringup/share/ros_gz_crazyflie_bringup/gazebo_files/meshes/stl_files/cf_body.stl
[0.283s] -- Up-to-date: /home/developer/ros2_ws/src/install/ros_gz_crazyflie_bringup/share/ros_gz_crazyflie_bringup/gazebo_files/meshes/stl_files/pin_headers.stl
[0.283s] -- Up-to-date: /home/developer/ros2_ws/src/install/ros_gz_crazyflie_bringup/share/ros_gz_crazyflie_bringup/gazebo_files/meshes/stl_files/battery.stl
[0.283s] -- Up-to-date: /home/developer/ros2_ws/src/install/ros_gz_crazyflie_bringup/share/ros_gz_crazyflie_bringup/gazebo_files/meshes/stl_files/ccw_prop.stl
[0.283s] -- Up-to-date: /home/developer/ros2_ws/src/install/ros_gz_crazyflie_bringup/share/ros_gz_crazyflie_bringup/gazebo_files/meshes/blender_files
[0.283s] -- Up-to-date: /home/developer/ros2_ws/src/install/ros_gz_crazyflie_bringup/share/ros_gz_crazyflie_bringup/gazebo_files/meshes/blender_files/battery_holder.blend
[0.283s] -- Up-to-date: /home/developer/ros2_ws/src/install/ros_gz_crazyflie_bringup/share/ros_gz_crazyflie_bringup/gazebo_files/meshes/blender_files/cf_body.blend
[0.284s] -- Up-to-date: /home/developer/ros2_ws/src/install/ros_gz_crazyflie_bringup/share/ros_gz_crazyflie_bringup/gazebo_files/meshes/blender_files/battery.blend
[0.284s] -- Up-to-date: /home/developer/ros2_ws/src/install/ros_gz_crazyflie_bringup/share/ros_gz_crazyflie_bringup/gazebo_files/meshes/blender_files/cw_prop.blend
[0.284s] -- Up-to-date: /home/developer/ros2_ws/src/install/ros_gz_crazyflie_bringup/share/ros_gz_crazyflie_bringup/gazebo_files/meshes/blender_files/motor_mount.blend
[0.284s] -- Up-to-date: /home/developer/ros2_ws/src/install/ros_gz_crazyflie_bringup/share/ros_gz_crazyflie_bringup/gazebo_files/meshes/blender_files/cf2_assembly.blend
[0.284s] -- Up-to-date: /home/developer/ros2_ws/src/install/ros_gz_crazyflie_bringup/share/ros_gz_crazyflie_bringup/gazebo_files/meshes/blender_files/pin_headers.blend
[0.284s] -- Up-to-date: /home/developer/ros2_ws/src/install/ros_gz_crazyflie_bringup/share/ros_gz_crazyflie_bringup/gazebo_files/meshes/textures
[0.284s] -- Up-to-date: /home/developer/ros2_ws/src/install/ros_gz_crazyflie_bringup/share/ros_gz_crazyflie_bringup/gazebo_files/meshes/textures/fast_helix.png
[0.284s] -- Up-to-date: /home/developer/ros2_ws/src/install/ros_gz_crazyflie_bringup/share/ros_gz_crazyflie_bringup/gazebo_files/gazebo
[0.284s] -- Up-to-date: /home/developer/ros2_ws/src/install/ros_gz_crazyflie_bringup/share/ros_gz_crazyflie_bringup/gazebo_files/gazebo/crazyflie
[0.284s] -- Up-to-date: /home/developer/ros2_ws/src/install/ros_gz_crazyflie_bringup/share/ros_gz_crazyflie_bringup/gazebo_files/gazebo/crazyflie/model.sdf
[0.284s] -- Up-to-date: /home/developer/ros2_ws/src/install/ros_gz_crazyflie_bringup/share/ros_gz_crazyflie_bringup/gazebo_files/gazebo/crazyflie/model.config
[0.284s] -- Up-to-date: /home/developer/ros2_ws/src/install/ros_gz_crazyflie_bringup/share/ros_gz_crazyflie_bringup/gazebo_files/gazebo/worlds
[0.284s] -- Up-to-date: /home/developer/ros2_ws/src/install/ros_gz_crazyflie_bringup/share/ros_gz_crazyflie_bringup/gazebo_files/gazebo/worlds/crazyflie_world.sdf
[0.284s] -- Up-to-date: /home/developer/ros2_ws/src/install/ros_gz_crazyflie_bringup/share/ament_index/resource_index/package_run_dependencies/ros_gz_crazyflie_bringup
[0.284s] -- Up-to-date: /home/developer/ros2_ws/src/install/ros_gz_crazyflie_bringup/share/ament_index/resource_index/parent_prefix_path/ros_gz_crazyflie_bringup
[0.284s] -- Up-to-date: /home/developer/ros2_ws/src/install/ros_gz_crazyflie_bringup/share/ros_gz_crazyflie_bringup/environment/ament_prefix_path.sh
[0.284s] -- Up-to-date: /home/developer/ros2_ws/src/install/ros_gz_crazyflie_bringup/share/ros_gz_crazyflie_bringup/environment/ament_prefix_path.dsv
[0.284s] -- Up-to-date: /home/developer/ros2_ws/src/install/ros_gz_crazyflie_bringup/share/ros_gz_crazyflie_bringup/environment/path.sh
[0.284s] -- Up-to-date: /home/developer/ros2_ws/src/install/ros_gz_crazyflie_bringup/share/ros_gz_crazyflie_bringup/environment/path.dsv
[0.285s] -- Up-to-date: /home/developer/ros2_ws/src/install/ros_gz_crazyflie_bringup/share/ros_gz_crazyflie_bringup/local_setup.bash
[0.285s] -- Up-to-date: /home/developer/ros2_ws/src/install/ros_gz_crazyflie_bringup/share/ros_gz_crazyflie_bringup/local_setup.sh
[0.285s] -- Up-to-date: /home/developer/ros2_ws/src/install/ros_gz_crazyflie_bringup/share/ros_gz_crazyflie_bringup/local_setup.zsh
[0.285s] -- Up-to-date: /home/developer/ros2_ws/src/install/ros_gz_crazyflie_bringup/share/ros_gz_crazyflie_bringup/local_setup.dsv
[0.285s] -- Up-to-date: /home/developer/ros2_ws/src/install/ros_gz_crazyflie_bringup/share/ros_gz_crazyflie_bringup/package.dsv
[0.285s] -- Up-to-date: /home/developer/ros2_ws/src/install/ros_gz_crazyflie_bringup/share/ament_index/resource_index/packages/ros_gz_crazyflie_bringup
[0.285s] -- Up-to-date: /home/developer/ros2_ws/src/install/ros_gz_crazyflie_bringup/share/ros_gz_crazyflie_bringup/cmake/ros_gz_crazyflie_bringupConfig.cmake
[0.285s] -- Up-to-date: /home/developer/ros2_ws/src/install/ros_gz_crazyflie_bringup/share/ros_gz_crazyflie_bringup/cmake/ros_gz_crazyflie_bringupConfig-version.cmake
[0.285s] -- Up-to-date: /home/developer/ros2_ws/src/install/ros_gz_crazyflie_bringup/share/ros_gz_crazyflie_bringup/package.xml
[0.289s] Invoked command in '/home/developer/ros2_ws/src/build/ros_gz_crazyflie_bringup' returned '0': CMAKE_PREFIX_PATH=${CMAKE_PREFIX_PATH}:/opt/ros/humble /usr/local/bin/cmake --install /home/developer/ros2_ws/src/build/ros_gz_crazyflie_bringup
