[0.125s] DEBUG:colcon:Command line arguments: ['/usr/bin/colcon', 'build']
[0.125s] DEBUG:colcon:Parsed command line arguments: Namespace(log_base=None, log_level=None, verb_name='build', build_base='build', install_base='install', merge_install=False, symlink_install=False, test_result_base=None, continue_on_error=False, executor='parallel', parallel_workers=24, event_handlers=None, ignore_user_meta=False, metas=['./colcon.meta'], base_paths=['.'], packages_ignore=None, packages_ignore_regex=None, paths=None, packages_up_to=None, packages_up_to_regex=None, packages_above=None, packages_above_and_dependencies=None, packages_above_depth=None, packages_select_by_dep=None, packages_skip_by_dep=None, packages_skip_up_to=None, packages_select_build_failed=False, packages_skip_build_finished=False, packages_select_test_failures=False, packages_skip_test_passed=False, packages_select=None, packages_skip=None, packages_select_regex=None, packages_skip_regex=None, packages_start=None, packages_end=None, allow_overriding=[], cmake_args=None, cmake_target=None, cmake_target_skip_unavailable=False, cmake_clean_cache=False, cmake_clean_first=False, cmake_force_configure=False, ament_cmake_args=None, catkin_cmake_args=None, catkin_skip_building_tests=False, mixin_files=None, mixin=None, verb_parser=<colcon_mixin.mixin.mixin_argument.MixinArgumentDecorator object at 0x718ea1b511b0>, verb_extension=<colcon_core.verb.build.BuildVerb object at 0x718ea1b509d0>, main=<bound method BuildVerb.main of <colcon_core.verb.build.BuildVerb object at 0x718ea1b509d0>>, mixin_verb=('build',))
[0.167s] Level 1:colcon.colcon_core.package_discovery:discover_packages(colcon_meta) check parameters
[0.167s] Level 1:colcon.colcon_core.package_discovery:discover_packages(recursive) check parameters
[0.167s] Level 1:colcon.colcon_core.package_discovery:discover_packages(ignore) check parameters
[0.167s] Level 1:colcon.colcon_core.package_discovery:discover_packages(path) check parameters
[0.167s] Level 1:colcon.colcon_core.package_discovery:discover_packages(colcon_meta) discover
[0.167s] Level 1:colcon.colcon_core.package_discovery:discover_packages(recursive) discover
[0.167s] INFO:colcon.colcon_core.package_discovery:Crawling recursively for packages in '/home/developer/ros2_ws/src'
[0.167s] Level 1:colcon.colcon_core.package_identification:_identify(.) by extensions ['ignore', 'ignore_ament_install']
[0.167s] Level 1:colcon.colcon_core.package_identification:_identify(.) by extension 'ignore'
[0.167s] Level 1:colcon.colcon_core.package_identification:_identify(.) by extension 'ignore_ament_install'
[0.168s] Level 1:colcon.colcon_core.package_identification:_identify(.) by extensions ['colcon_pkg']
[0.168s] Level 1:colcon.colcon_core.package_identification:_identify(.) by extension 'colcon_pkg'
[0.168s] Level 1:colcon.colcon_core.package_identification:_identify(.) by extensions ['colcon_meta']
[0.168s] Level 1:colcon.colcon_core.package_identification:_identify(.) by extension 'colcon_meta'
[0.168s] Level 1:colcon.colcon_core.package_identification:_identify(.) by extensions ['ros']
[0.168s] Level 1:colcon.colcon_core.package_identification:_identify(.) by extension 'ros'
[0.190s] Level 1:colcon.colcon_core.package_identification:_identify(.) by extensions ['cmake', 'python']
[0.190s] Level 1:colcon.colcon_core.package_identification:_identify(.) by extension 'cmake'
[0.190s] Level 1:colcon.colcon_core.package_identification:_identify(.) by extension 'python'
[0.190s] Level 1:colcon.colcon_core.package_identification:_identify(.) by extensions ['python_setup_py']
[0.190s] Level 1:colcon.colcon_core.package_identification:_identify(.) by extension 'python_setup_py'
[0.191s] Level 1:colcon.colcon_core.package_identification:_identify(bag_files) by extensions ['ignore', 'ignore_ament_install']
[0.191s] Level 1:colcon.colcon_core.package_identification:_identify(bag_files) by extension 'ignore'
[0.191s] Level 1:colcon.colcon_core.package_identification:_identify(bag_files) by extension 'ignore_ament_install'
[0.191s] Level 1:colcon.colcon_core.package_identification:_identify(bag_files) by extensions ['colcon_pkg']
[0.191s] Level 1:colcon.colcon_core.package_identification:_identify(bag_files) by extension 'colcon_pkg'
[0.191s] Level 1:colcon.colcon_core.package_identification:_identify(bag_files) by extensions ['colcon_meta']
[0.191s] Level 1:colcon.colcon_core.package_identification:_identify(bag_files) by extension 'colcon_meta'
[0.191s] Level 1:colcon.colcon_core.package_identification:_identify(bag_files) by extensions ['ros']
[0.191s] Level 1:colcon.colcon_core.package_identification:_identify(bag_files) by extension 'ros'
[0.191s] Level 1:colcon.colcon_core.package_identification:_identify(bag_files) by extensions ['cmake', 'python']
[0.191s] Level 1:colcon.colcon_core.package_identification:_identify(bag_files) by extension 'cmake'
[0.191s] Level 1:colcon.colcon_core.package_identification:_identify(bag_files) by extension 'python'
[0.191s] Level 1:colcon.colcon_core.package_identification:_identify(bag_files) by extensions ['python_setup_py']
[0.191s] Level 1:colcon.colcon_core.package_identification:_identify(bag_files) by extension 'python_setup_py'
[0.191s] Level 1:colcon.colcon_core.package_identification:_identify(bag_files/rosbag2_2026_03_18-10_49_19) by extensions ['ignore', 'ignore_ament_install']
[0.191s] Level 1:colcon.colcon_core.package_identification:_identify(bag_files/rosbag2_2026_03_18-10_49_19) by extension 'ignore'
[0.191s] Level 1:colcon.colcon_core.package_identification:_identify(bag_files/rosbag2_2026_03_18-10_49_19) by extension 'ignore_ament_install'
[0.191s] Level 1:colcon.colcon_core.package_identification:_identify(bag_files/rosbag2_2026_03_18-10_49_19) by extensions ['colcon_pkg']
[0.191s] Level 1:colcon.colcon_core.package_identification:_identify(bag_files/rosbag2_2026_03_18-10_49_19) by extension 'colcon_pkg'
[0.191s] Level 1:colcon.colcon_core.package_identification:_identify(bag_files/rosbag2_2026_03_18-10_49_19) by extensions ['colcon_meta']
[0.191s] Level 1:colcon.colcon_core.package_identification:_identify(bag_files/rosbag2_2026_03_18-10_49_19) by extension 'colcon_meta'
[0.191s] Level 1:colcon.colcon_core.package_identification:_identify(bag_files/rosbag2_2026_03_18-10_49_19) by extensions ['ros']
[0.191s] Level 1:colcon.colcon_core.package_identification:_identify(bag_files/rosbag2_2026_03_18-10_49_19) by extension 'ros'
[0.191s] Level 1:colcon.colcon_core.package_identification:_identify(bag_files/rosbag2_2026_03_18-10_49_19) by extensions ['cmake', 'python']
[0.191s] Level 1:colcon.colcon_core.package_identification:_identify(bag_files/rosbag2_2026_03_18-10_49_19) by extension 'cmake'
[0.191s] Level 1:colcon.colcon_core.package_identification:_identify(bag_files/rosbag2_2026_03_18-10_49_19) by extension 'python'
[0.191s] Level 1:colcon.colcon_core.package_identification:_identify(bag_files/rosbag2_2026_03_18-10_49_19) by extensions ['python_setup_py']
[0.191s] Level 1:colcon.colcon_core.package_identification:_identify(bag_files/rosbag2_2026_03_18-10_49_19) by extension 'python_setup_py'
[0.192s] Level 1:colcon.colcon_core.package_identification:_identify(bag_files/rosbag2_2026_03_18-10_51_23) by extensions ['ignore', 'ignore_ament_install']
[0.192s] Level 1:colcon.colcon_core.package_identification:_identify(bag_files/rosbag2_2026_03_18-10_51_23) by extension 'ignore'
[0.192s] Level 1:colcon.colcon_core.package_identification:_identify(bag_files/rosbag2_2026_03_18-10_51_23) by extension 'ignore_ament_install'
[0.192s] Level 1:colcon.colcon_core.package_identification:_identify(bag_files/rosbag2_2026_03_18-10_51_23) by extensions ['colcon_pkg']
[0.192s] Level 1:colcon.colcon_core.package_identification:_identify(bag_files/rosbag2_2026_03_18-10_51_23) by extension 'colcon_pkg'
[0.192s] Level 1:colcon.colcon_core.package_identification:_identify(bag_files/rosbag2_2026_03_18-10_51_23) by extensions ['colcon_meta']
[0.192s] Level 1:colcon.colcon_core.package_identification:_identify(bag_files/rosbag2_2026_03_18-10_51_23) by extension 'colcon_meta'
[0.192s] Level 1:colcon.colcon_core.package_identification:_identify(bag_files/rosbag2_2026_03_18-10_51_23) by extensions ['ros']
[0.192s] Level 1:colcon.colcon_core.package_identification:_identify(bag_files/rosbag2_2026_03_18-10_51_23) by extension 'ros'
[0.192s] Level 1:colcon.colcon_core.package_identification:_identify(bag_files/rosbag2_2026_03_18-10_51_23) by extensions ['cmake', 'python']
[0.192s] Level 1:colcon.colcon_core.package_identification:_identify(bag_files/rosbag2_2026_03_18-10_51_23) by extension 'cmake'
[0.192s] Level 1:colcon.colcon_core.package_identification:_identify(bag_files/rosbag2_2026_03_18-10_51_23) by extension 'python'
[0.192s] Level 1:colcon.colcon_core.package_identification:_identify(bag_files/rosbag2_2026_03_18-10_51_23) by extensions ['python_setup_py']
[0.192s] Level 1:colcon.colcon_core.package_identification:_identify(bag_files/rosbag2_2026_03_18-10_51_23) by extension 'python_setup_py'
[0.192s] Level 1:colcon.colcon_core.package_identification:_identify(build) by extensions ['ignore', 'ignore_ament_install']
[0.192s] Level 1:colcon.colcon_core.package_identification:_identify(build) by extension 'ignore'
[0.192s] Level 1:colcon.colcon_core.package_identification:_identify(build) ignored
[0.192s] Level 1:colcon.colcon_core.package_identification:_identify(cf_control) by extensions ['ignore', 'ignore_ament_install']
[0.192s] Level 1:colcon.colcon_core.package_identification:_identify(cf_control) by extension 'ignore'
[0.192s] Level 1:colcon.colcon_core.package_identification:_identify(cf_control) by extension 'ignore_ament_install'
[0.192s] Level 1:colcon.colcon_core.package_identification:_identify(cf_control) by extensions ['colcon_pkg']
[0.192s] Level 1:colcon.colcon_core.package_identification:_identify(cf_control) by extension 'colcon_pkg'
[0.192s] Level 1:colcon.colcon_core.package_identification:_identify(cf_control) by extensions ['colcon_meta']
[0.192s] Level 1:colcon.colcon_core.package_identification:_identify(cf_control) by extension 'colcon_meta'
[0.192s] Level 1:colcon.colcon_core.package_identification:_identify(cf_control) by extensions ['ros']
[0.193s] Level 1:colcon.colcon_core.package_identification:_identify(cf_control) by extension 'ros'
[0.194s] DEBUG:colcon.colcon_core.package_identification:Package 'cf_control' with type 'ros.ament_cmake' and name 'cf_control'
[0.194s] Level 1:colcon.colcon_core.package_identification:_identify(cf_control_msgs) by extensions ['ignore', 'ignore_ament_install']
[0.194s] Level 1:colcon.colcon_core.package_identification:_identify(cf_control_msgs) by extension 'ignore'
[0.195s] Level 1:colcon.colcon_core.package_identification:_identify(cf_control_msgs) by extension 'ignore_ament_install'
[0.195s] Level 1:colcon.colcon_core.package_identification:_identify(cf_control_msgs) by extensions ['colcon_pkg']
[0.195s] Level 1:colcon.colcon_core.package_identification:_identify(cf_control_msgs) by extension 'colcon_pkg'
[0.195s] Level 1:colcon.colcon_core.package_identification:_identify(cf_control_msgs) by extensions ['colcon_meta']
[0.195s] Level 1:colcon.colcon_core.package_identification:_identify(cf_control_msgs) by extension 'colcon_meta'
[0.195s] Level 1:colcon.colcon_core.package_identification:_identify(cf_control_msgs) by extensions ['ros']
[0.195s] Level 1:colcon.colcon_core.package_identification:_identify(cf_control_msgs) by extension 'ros'
[0.195s] DEBUG:colcon.colcon_core.package_identification:Package 'cf_control_msgs' with type 'ros.ament_cmake' and name 'cf_control_msgs'
[0.195s] Level 1:colcon.colcon_core.package_identification:_identify(install) by extensions ['ignore', 'ignore_ament_install']
[0.195s] Level 1:colcon.colcon_core.package_identification:_identify(install) by extension 'ignore'
[0.195s] Level 1:colcon.colcon_core.package_identification:_identify(install) ignored
[0.195s] Level 1:colcon.colcon_core.package_identification:_identify(log) by extensions ['ignore', 'ignore_ament_install']
[0.195s] Level 1:colcon.colcon_core.package_identification:_identify(log) by extension 'ignore'
[0.195s] Level 1:colcon.colcon_core.package_identification:_identify(log) ignored
[0.195s] Level 1:colcon.colcon_core.package_identification:_identify(logs) by extensions ['ignore', 'ignore_ament_install']
[0.196s] Level 1:colcon.colcon_core.package_identification:_identify(logs) by extension 'ignore'
[0.196s] Level 1:colcon.colcon_core.package_identification:_identify(logs) by extension 'ignore_ament_install'
[0.196s] Level 1:colcon.colcon_core.package_identification:_identify(logs) by extensions ['colcon_pkg']
[0.196s] Level 1:colcon.colcon_core.package_identification:_identify(logs) by extension 'colcon_pkg'
[0.196s] Level 1:colcon.colcon_core.package_identification:_identify(logs) by extensions ['colcon_meta']
[0.196s] Level 1:colcon.colcon_core.package_identification:_identify(logs) by extension 'colcon_meta'
[0.196s] Level 1:colcon.colcon_core.package_identification:_identify(logs) by extensions ['ros']
[0.196s] Level 1:colcon.colcon_core.package_identification:_identify(logs) by extension 'ros'
[0.196s] Level 1:colcon.colcon_core.package_identification:_identify(logs) by extensions ['cmake', 'python']
[0.196s] Level 1:colcon.colcon_core.package_identification:_identify(logs) by extension 'cmake'
[0.196s] Level 1:colcon.colcon_core.package_identification:_identify(logs) by extension 'python'
[0.196s] Level 1:colcon.colcon_core.package_identification:_identify(logs) by extensions ['python_setup_py']
[0.196s] Level 1:colcon.colcon_core.package_identification:_identify(logs) by extension 'python_setup_py'
[0.196s] Level 1:colcon.colcon_core.package_identification:_identify(logs/2026-03-18-10-07-43-621960-lsriw-swinica-1357) by extensions ['ignore', 'ignore_ament_install']
[0.196s] Level 1:colcon.colcon_core.package_identification:_identify(logs/2026-03-18-10-07-43-621960-lsriw-swinica-1357) by extension 'ignore'
[0.196s] Level 1:colcon.colcon_core.package_identification:_identify(logs/2026-03-18-10-07-43-621960-lsriw-swinica-1357) by extension 'ignore_ament_install'
[0.196s] Level 1:colcon.colcon_core.package_identification:_identify(logs/2026-03-18-10-07-43-621960-lsriw-swinica-1357) by extensions ['colcon_pkg']
[0.196s] Level 1:colcon.colcon_core.package_identification:_identify(logs/2026-03-18-10-07-43-621960-lsriw-swinica-1357) by extension 'colcon_pkg'
[0.196s] Level 1:colcon.colcon_core.package_identification:_identify(logs/2026-03-18-10-07-43-621960-lsriw-swinica-1357) by extensions ['colcon_meta']
[0.196s] Level 1:colcon.colcon_core.package_identification:_identify(logs/2026-03-18-10-07-43-621960-lsriw-swinica-1357) by extension 'colcon_meta'
[0.196s] Level 1:colcon.colcon_core.package_identification:_identify(logs/2026-03-18-10-07-43-621960-lsriw-swinica-1357) by extensions ['ros']
[0.196s] Level 1:colcon.colcon_core.package_identification:_identify(logs/2026-03-18-10-07-43-621960-lsriw-swinica-1357) by extension 'ros'
[0.196s] Level 1:colcon.colcon_core.package_identification:_identify(logs/2026-03-18-10-07-43-621960-lsriw-swinica-1357) by extensions ['cmake', 'python']
[0.196s] Level 1:colcon.colcon_core.package_identification:_identify(logs/2026-03-18-10-07-43-621960-lsriw-swinica-1357) by extension 'cmake'
[0.196s] Level 1:colcon.colcon_core.package_identification:_identify(logs/2026-03-18-10-07-43-621960-lsriw-swinica-1357) by extension 'python'
[0.196s] Level 1:colcon.colcon_core.package_identification:_identify(logs/2026-03-18-10-07-43-621960-lsriw-swinica-1357) by extensions ['python_setup_py']
[0.196s] Level 1:colcon.colcon_core.package_identification:_identify(logs/2026-03-18-10-07-43-621960-lsriw-swinica-1357) by extension 'python_setup_py'
[0.197s] Level 1:colcon.colcon_core.package_identification:_identify(logs/2026-03-18-10-57-05-514676-lsriw-swinica-18309) by extensions ['ignore', 'ignore_ament_install']
[0.197s] Level 1:colcon.colcon_core.package_identification:_identify(logs/2026-03-18-10-57-05-514676-lsriw-swinica-18309) by extension 'ignore'
[0.197s] Level 1:colcon.colcon_core.package_identification:_identify(logs/2026-03-18-10-57-05-514676-lsriw-swinica-18309) by extension 'ignore_ament_install'
[0.197s] Level 1:colcon.colcon_core.package_identification:_identify(logs/2026-03-18-10-57-05-514676-lsriw-swinica-18309) by extensions ['colcon_pkg']
[0.197s] Level 1:colcon.colcon_core.package_identification:_identify(logs/2026-03-18-10-57-05-514676-lsriw-swinica-18309) by extension 'colcon_pkg'
[0.197s] Level 1:colcon.colcon_core.package_identification:_identify(logs/2026-03-18-10-57-05-514676-lsriw-swinica-18309) by extensions ['colcon_meta']
[0.197s] Level 1:colcon.colcon_core.package_identification:_identify(logs/2026-03-18-10-57-05-514676-lsriw-swinica-18309) by extension 'colcon_meta'
[0.197s] Level 1:colcon.colcon_core.package_identification:_identify(logs/2026-03-18-10-57-05-514676-lsriw-swinica-18309) by extensions ['ros']
[0.197s] Level 1:colcon.colcon_core.package_identification:_identify(logs/2026-03-18-10-57-05-514676-lsriw-swinica-18309) by extension 'ros'
[0.197s] Level 1:colcon.colcon_core.package_identification:_identify(logs/2026-03-18-10-57-05-514676-lsriw-swinica-18309) by extensions ['cmake', 'python']
[0.197s] Level 1:colcon.colcon_core.package_identification:_identify(logs/2026-03-18-10-57-05-514676-lsriw-swinica-18309) by extension 'cmake'
[0.197s] Level 1:colcon.colcon_core.package_identification:_identify(logs/2026-03-18-10-57-05-514676-lsriw-swinica-18309) by extension 'python'
[0.197s] Level 1:colcon.colcon_core.package_identification:_identify(logs/2026-03-18-10-57-05-514676-lsriw-swinica-18309) by extensions ['python_setup_py']
[0.197s] Level 1:colcon.colcon_core.package_identification:_identify(logs/2026-03-18-10-57-05-514676-lsriw-swinica-18309) by extension 'python_setup_py'
[0.197s] Level 1:colcon.colcon_core.package_identification:_identify(logs/2026-03-18-10-59-20-490885-lsriw-swinica-19082) by extensions ['ignore', 'ignore_ament_install']
[0.197s] Level 1:colcon.colcon_core.package_identification:_identify(logs/2026-03-18-10-59-20-490885-lsriw-swinica-19082) by extension 'ignore'
[0.197s] Level 1:colcon.colcon_core.package_identification:_identify(logs/2026-03-18-10-59-20-490885-lsriw-swinica-19082) by extension 'ignore_ament_install'
[0.197s] Level 1:colcon.colcon_core.package_identification:_identify(logs/2026-03-18-10-59-20-490885-lsriw-swinica-19082) by extensions ['colcon_pkg']
[0.197s] Level 1:colcon.colcon_core.package_identification:_identify(logs/2026-03-18-10-59-20-490885-lsriw-swinica-19082) by extension 'colcon_pkg'
[0.197s] Level 1:colcon.colcon_core.package_identification:_identify(logs/2026-03-18-10-59-20-490885-lsriw-swinica-19082) by extensions ['colcon_meta']
[0.197s] Level 1:colcon.colcon_core.package_identification:_identify(logs/2026-03-18-10-59-20-490885-lsriw-swinica-19082) by extension 'colcon_meta'
[0.197s] Level 1:colcon.colcon_core.package_identification:_identify(logs/2026-03-18-10-59-20-490885-lsriw-swinica-19082) by extensions ['ros']
[0.197s] Level 1:colcon.colcon_core.package_identification:_identify(logs/2026-03-18-10-59-20-490885-lsriw-swinica-19082) by extension 'ros'
[0.197s] Level 1:colcon.colcon_core.package_identification:_identify(logs/2026-03-18-10-59-20-490885-lsriw-swinica-19082) by extensions ['cmake', 'python']
[0.197s] Level 1:colcon.colcon_core.package_identification:_identify(logs/2026-03-18-10-59-20-490885-lsriw-swinica-19082) by extension 'cmake'
[0.197s] Level 1:colcon.colcon_core.package_identification:_identify(logs/2026-03-18-10-59-20-490885-lsriw-swinica-19082) by extension 'python'
[0.197s] Level 1:colcon.colcon_core.package_identification:_identify(logs/2026-03-18-10-59-20-490885-lsriw-swinica-19082) by extensions ['python_setup_py']
[0.197s] Level 1:colcon.colcon_core.package_identification:_identify(logs/2026-03-18-10-59-20-490885-lsriw-swinica-19082) by extension 'python_setup_py'
[0.198s] Level 1:colcon.colcon_core.package_identification:_identify(logs/2026-03-18-11-02-01-688828-lsriw-swinica-20620) by extensions ['ignore', 'ignore_ament_install']
[0.198s] Level 1:colcon.colcon_core.package_identification:_identify(logs/2026-03-18-11-02-01-688828-lsriw-swinica-20620) by extension 'ignore'
[0.198s] Level 1:colcon.colcon_core.package_identification:_identify(logs/2026-03-18-11-02-01-688828-lsriw-swinica-20620) by extension 'ignore_ament_install'
[0.198s] Level 1:colcon.colcon_core.package_identification:_identify(logs/2026-03-18-11-02-01-688828-lsriw-swinica-20620) by extensions ['colcon_pkg']
[0.198s] Level 1:colcon.colcon_core.package_identification:_identify(logs/2026-03-18-11-02-01-688828-lsriw-swinica-20620) by extension 'colcon_pkg'
[0.198s] Level 1:colcon.colcon_core.package_identification:_identify(logs/2026-03-18-11-02-01-688828-lsriw-swinica-20620) by extensions ['colcon_meta']
[0.198s] Level 1:colcon.colcon_core.package_identification:_identify(logs/2026-03-18-11-02-01-688828-lsriw-swinica-20620) by extension 'colcon_meta'
[0.198s] Level 1:colcon.colcon_core.package_identification:_identify(logs/2026-03-18-11-02-01-688828-lsriw-swinica-20620) by extensions ['ros']
[0.198s] Level 1:colcon.colcon_core.package_identification:_identify(logs/2026-03-18-11-02-01-688828-lsriw-swinica-20620) by extension 'ros'
[0.198s] Level 1:colcon.colcon_core.package_identification:_identify(logs/2026-03-18-11-02-01-688828-lsriw-swinica-20620) by extensions ['cmake', 'python']
[0.198s] Level 1:colcon.colcon_core.package_identification:_identify(logs/2026-03-18-11-02-01-688828-lsriw-swinica-20620) by extension 'cmake'
[0.198s] Level 1:colcon.colcon_core.package_identification:_identify(logs/2026-03-18-11-02-01-688828-lsriw-swinica-20620) by extension 'python'
[0.198s] Level 1:colcon.colcon_core.package_identification:_identify(logs/2026-03-18-11-02-01-688828-lsriw-swinica-20620) by extensions ['python_setup_py']
[0.198s] Level 1:colcon.colcon_core.package_identification:_identify(logs/2026-03-18-11-02-01-688828-lsriw-swinica-20620) by extension 'python_setup_py'
[0.198s] Level 1:colcon.colcon_core.package_identification:_identify(logs/2026-03-18-11-02-51-263322-lsriw-swinica-21098) by extensions ['ignore', 'ignore_ament_install']
[0.198s] Level 1:colcon.colcon_core.package_identification:_identify(logs/2026-03-18-11-02-51-263322-lsriw-swinica-21098) by extension 'ignore'
[0.198s] Level 1:colcon.colcon_core.package_identification:_identify(logs/2026-03-18-11-02-51-263322-lsriw-swinica-21098) by extension 'ignore_ament_install'
[0.198s] Level 1:colcon.colcon_core.package_identification:_identify(logs/2026-03-18-11-02-51-263322-lsriw-swinica-21098) by extensions ['colcon_pkg']
[0.198s] Level 1:colcon.colcon_core.package_identification:_identify(logs/2026-03-18-11-02-51-263322-lsriw-swinica-21098) by extension 'colcon_pkg'
[0.198s] Level 1:colcon.colcon_core.package_identification:_identify(logs/2026-03-18-11-02-51-263322-lsriw-swinica-21098) by extensions ['colcon_meta']
[0.198s] Level 1:colcon.colcon_core.package_identification:_identify(logs/2026-03-18-11-02-51-263322-lsriw-swinica-21098) by extension 'colcon_meta'
[0.198s] Level 1:colcon.colcon_core.package_identification:_identify(logs/2026-03-18-11-02-51-263322-lsriw-swinica-21098) by extensions ['ros']
[0.198s] Level 1:colcon.colcon_core.package_identification:_identify(logs/2026-03-18-11-02-51-263322-lsriw-swinica-21098) by extension 'ros'
[0.198s] Level 1:colcon.colcon_core.package_identification:_identify(logs/2026-03-18-11-02-51-263322-lsriw-swinica-21098) by extensions ['cmake', 'python']
[0.198s] Level 1:colcon.colcon_core.package_identification:_identify(logs/2026-03-18-11-02-51-263322-lsriw-swinica-21098) by extension 'cmake'
[0.198s] Level 1:colcon.colcon_core.package_identification:_identify(logs/2026-03-18-11-02-51-263322-lsriw-swinica-21098) by extension 'python'
[0.198s] Level 1:colcon.colcon_core.package_identification:_identify(logs/2026-03-18-11-02-51-263322-lsriw-swinica-21098) by extensions ['python_setup_py']
[0.198s] Level 1:colcon.colcon_core.package_identification:_identify(logs/2026-03-18-11-02-51-263322-lsriw-swinica-21098) by extension 'python_setup_py'
[0.199s] Level 1:colcon.colcon_core.package_identification:_identify(ros_gz_crazyflie_bringup) by extensions ['ignore', 'ignore_ament_install']
[0.199s] Level 1:colcon.colcon_core.package_identification:_identify(ros_gz_crazyflie_bringup) by extension 'ignore'
[0.199s] Level 1:colcon.colcon_core.package_identification:_identify(ros_gz_crazyflie_bringup) by extension 'ignore_ament_install'
[0.199s] Level 1:colcon.colcon_core.package_identification:_identify(ros_gz_crazyflie_bringup) by extensions ['colcon_pkg']
[0.199s] Level 1:colcon.colcon_core.package_identification:_identify(ros_gz_crazyflie_bringup) by extension 'colcon_pkg'
[0.199s] Level 1:colcon.colcon_core.package_identification:_identify(ros_gz_crazyflie_bringup) by extensions ['colcon_meta']
[0.199s] Level 1:colcon.colcon_core.package_identification:_identify(ros_gz_crazyflie_bringup) by extension 'colcon_meta'
[0.199s] Level 1:colcon.colcon_core.package_identification:_identify(ros_gz_crazyflie_bringup) by extensions ['ros']
[0.199s] Level 1:colcon.colcon_core.package_identification:_identify(ros_gz_crazyflie_bringup) by extension 'ros'
[0.199s] DEBUG:colcon.colcon_core.package_identification:Package 'ros_gz_crazyflie_bringup' with type 'ros.ament_cmake' and name 'ros_gz_crazyflie_bringup'
[0.199s] Level 1:colcon.colcon_core.package_discovery:discover_packages(recursive) using defaults
[0.199s] Level 1:colcon.colcon_core.package_discovery:discover_packages(ignore) discover
[0.200s] Level 1:colcon.colcon_core.package_discovery:discover_packages(ignore) using defaults
[0.200s] Level 1:colcon.colcon_core.package_discovery:discover_packages(path) discover
[0.200s] Level 1:colcon.colcon_core.package_discovery:discover_packages(path) using defaults
[0.223s] Level 1:colcon.colcon_core.package_discovery:discover_packages(prefix_path) check parameters
[0.223s] Level 1:colcon.colcon_core.package_discovery:discover_packages(prefix_path) discover
[0.225s] DEBUG:colcon.colcon_installed_package_information.package_discovery:Found 3 installed packages in /home/developer/ros2_ws/install
[0.227s] DEBUG:colcon.colcon_installed_package_information.package_discovery:Found 347 installed packages in /opt/ros/humble
[0.228s] Level 1:colcon.colcon_core.package_discovery:discover_packages(prefix_path) using defaults
[0.265s] Level 5:colcon.colcon_core.verb:set package 'cf_control_msgs' build argument 'cmake_args' from command line to 'None'
[0.265s] Level 5:colcon.colcon_core.verb:set package 'cf_control_msgs' build argument 'cmake_target' from command line to 'None'
[0.265s] Level 5:colcon.colcon_core.verb:set package 'cf_control_msgs' build argument 'cmake_target_skip_unavailable' from command line to 'False'
[0.265s] Level 5:colcon.colcon_core.verb:set package 'cf_control_msgs' build argument 'cmake_clean_cache' from command line to 'False'
[0.265s] Level 5:colcon.colcon_core.verb:set package 'cf_control_msgs' build argument 'cmake_clean_first' from command line to 'False'
[0.265s] Level 5:colcon.colcon_core.verb:set package 'cf_control_msgs' build argument 'cmake_force_configure' from command line to 'False'
[0.265s] Level 5:colcon.colcon_core.verb:set package 'cf_control_msgs' build argument 'ament_cmake_args' from command line to 'None'
[0.265s] Level 5:colcon.colcon_core.verb:set package 'cf_control_msgs' build argument 'catkin_cmake_args' from command line to 'None'
[0.265s] Level 5:colcon.colcon_core.verb:set package 'cf_control_msgs' build argument 'catkin_skip_building_tests' from command line to 'False'
[0.265s] DEBUG:colcon.colcon_core.verb:Building package 'cf_control_msgs' with the following arguments: {'ament_cmake_args': None, 'build_base': '/home/developer/ros2_ws/src/build/cf_control_msgs', 'catkin_cmake_args': None, 'catkin_skip_building_tests': False, 'cmake_args': None, 'cmake_clean_cache': False, 'cmake_clean_first': False, 'cmake_force_configure': False, 'cmake_target': None, 'cmake_target_skip_unavailable': False, 'install_base': '/home/developer/ros2_ws/src/install/cf_control_msgs', 'merge_install': False, 'path': '/home/developer/ros2_ws/src/cf_control_msgs', 'symlink_install': False, 'test_result_base': None}
[0.265s] Level 5:colcon.colcon_core.verb:set package 'ros_gz_crazyflie_bringup' build argument 'cmake_args' from command line to 'None'
[0.265s] Level 5:colcon.colcon_core.verb:set package 'ros_gz_crazyflie_bringup' build argument 'cmake_target' from command line to 'None'
[0.265s] Level 5:colcon.colcon_core.verb:set package 'ros_gz_crazyflie_bringup' build argument 'cmake_target_skip_unavailable' from command line to 'False'
[0.265s] Level 5:colcon.colcon_core.verb:set package 'ros_gz_crazyflie_bringup' build argument 'cmake_clean_cache' from command line to 'False'
[0.265s] Level 5:colcon.colcon_core.verb:set package 'ros_gz_crazyflie_bringup' build argument 'cmake_clean_first' from command line to 'False'
[0.265s] Level 5:colcon.colcon_core.verb:set package 'ros_gz_crazyflie_bringup' build argument 'cmake_force_configure' from command line to 'False'
[0.265s] Level 5:colcon.colcon_core.verb:set package 'ros_gz_crazyflie_bringup' build argument 'ament_cmake_args' from command line to 'None'
[0.265s] Level 5:colcon.colcon_core.verb:set package 'ros_gz_crazyflie_bringup' build argument 'catkin_cmake_args' from command line to 'None'
[0.265s] Level 5:colcon.colcon_core.verb:set package 'ros_gz_crazyflie_bringup' build argument 'catkin_skip_building_tests' from command line to 'False'
[0.265s] DEBUG:colcon.colcon_core.verb:Building package 'ros_gz_crazyflie_bringup' with the following arguments: {'ament_cmake_args': None, 'build_base': '/home/developer/ros2_ws/src/build/ros_gz_crazyflie_bringup', 'catkin_cmake_args': None, 'catkin_skip_building_tests': False, 'cmake_args': None, 'cmake_clean_cache': False, 'cmake_clean_first': False, 'cmake_force_configure': False, 'cmake_target': None, 'cmake_target_skip_unavailable': False, 'install_base': '/home/developer/ros2_ws/src/install/ros_gz_crazyflie_bringup', 'merge_install': False, 'path': '/home/developer/ros2_ws/src/ros_gz_crazyflie_bringup', 'symlink_install': False, 'test_result_base': None}
[0.266s] Level 5:colcon.colcon_core.verb:set package 'cf_control' build argument 'cmake_args' from command line to 'None'
[0.266s] Level 5:colcon.colcon_core.verb:set package 'cf_control' build argument 'cmake_target' from command line to 'None'
[0.266s] Level 5:colcon.colcon_core.verb:set package 'cf_control' build argument 'cmake_target_skip_unavailable' from command line to 'False'
[0.266s] Level 5:colcon.colcon_core.verb:set package 'cf_control' build argument 'cmake_clean_cache' from command line to 'False'
[0.266s] Level 5:colcon.colcon_core.verb:set package 'cf_control' build argument 'cmake_clean_first' from command line to 'False'
[0.266s] Level 5:colcon.colcon_core.verb:set package 'cf_control' build argument 'cmake_force_configure' from command line to 'False'
[0.266s] Level 5:colcon.colcon_core.verb:set package 'cf_control' build argument 'ament_cmake_args' from command line to 'None'
[0.266s] Level 5:colcon.colcon_core.verb:set package 'cf_control' build argument 'catkin_cmake_args' from command line to 'None'
[0.266s] Level 5:colcon.colcon_core.verb:set package 'cf_control' build argument 'catkin_skip_building_tests' from command line to 'False'
[0.266s] DEBUG:colcon.colcon_core.verb:Building package 'cf_control' with the following arguments: {'ament_cmake_args': None, 'build_base': '/home/developer/ros2_ws/src/build/cf_control', 'catkin_cmake_args': None, 'catkin_skip_building_tests': False, 'cmake_args': None, 'cmake_clean_cache': False, 'cmake_clean_first': False, 'cmake_force_configure': False, 'cmake_target': None, 'cmake_target_skip_unavailable': False, 'install_base': '/home/developer/ros2_ws/src/install/cf_control', 'merge_install': False, 'path': '/home/developer/ros2_ws/src/cf_control', 'symlink_install': False, 'test_result_base': None}
[0.266s] INFO:colcon.colcon_core.executor:Executing jobs using 'parallel' executor
[0.267s] DEBUG:colcon.colcon_parallel_executor.executor.parallel:run_until_complete
[0.267s] INFO:colcon.colcon_ros.task.ament_cmake.build:Building ROS package in '/home/developer/ros2_ws/src/cf_control_msgs' with build type 'ament_cmake'
[0.267s] INFO:colcon.colcon_cmake.task.cmake.build:Building CMake package in '/home/developer/ros2_ws/src/cf_control_msgs'
[0.269s] INFO:colcon.colcon_core.plugin_system:Skipping extension 'colcon_core.shell.bat': Not used on non-Windows systems
[0.270s] INFO:colcon.colcon_core.shell:Skip shell extension 'powershell' for command environment: Not usable outside of PowerShell
[0.270s] DEBUG:colcon.colcon_core.shell:Skip shell extension 'dsv' for command environment
[0.273s] INFO:colcon.colcon_ros.task.ament_cmake.build:Building ROS package in '/home/developer/ros2_ws/src/ros_gz_crazyflie_bringup' with build type 'ament_cmake'
[0.273s] INFO:colcon.colcon_cmake.task.cmake.build:Building CMake package in '/home/developer/ros2_ws/src/ros_gz_crazyflie_bringup'
[0.273s] INFO:colcon.colcon_core.shell:Skip shell extension 'powershell' for command environment: Not usable outside of PowerShell
[0.273s] DEBUG:colcon.colcon_core.shell:Skip shell extension 'dsv' for command environment
[0.280s] DEBUG:colcon.colcon_core.event_handler.log_command:Invoking command in '/home/developer/ros2_ws/src/build/cf_control_msgs': CMAKE_PREFIX_PATH=${CMAKE_PREFIX_PATH}:/opt/ros/humble /usr/local/bin/cmake /home/developer/ros2_ws/src/cf_control_msgs -DCMAKE_INSTALL_PREFIX=/home/developer/ros2_ws/src/install/cf_control_msgs
[0.283s] DEBUG:colcon.colcon_core.event_handler.log_command:Invoking command in '/home/developer/ros2_ws/src/build/ros_gz_crazyflie_bringup': CMAKE_PREFIX_PATH=${CMAKE_PREFIX_PATH}:/opt/ros/humble /usr/local/bin/cmake /home/developer/ros2_ws/src/ros_gz_crazyflie_bringup -DCMAKE_INSTALL_PREFIX=/home/developer/ros2_ws/src/install/ros_gz_crazyflie_bringup
[1.046s] DEBUG:colcon.colcon_core.event_handler.log_command:Invoked command in '/home/developer/ros2_ws/src/build/ros_gz_crazyflie_bringup' returned '0': CMAKE_PREFIX_PATH=${CMAKE_PREFIX_PATH}:/opt/ros/humble /usr/local/bin/cmake /home/developer/ros2_ws/src/ros_gz_crazyflie_bringup -DCMAKE_INSTALL_PREFIX=/home/developer/ros2_ws/src/install/ros_gz_crazyflie_bringup
[1.048s] DEBUG:colcon.colcon_core.event_handler.log_command:Invoking command in '/home/developer/ros2_ws/src/build/ros_gz_crazyflie_bringup': CMAKE_PREFIX_PATH=${CMAKE_PREFIX_PATH}:/opt/ros/humble /usr/local/bin/cmake --build /home/developer/ros2_ws/src/build/ros_gz_crazyflie_bringup -- -j24 -l24
[1.092s] DEBUG:colcon.colcon_core.event_handler.log_command:Invoked command in '/home/developer/ros2_ws/src/build/ros_gz_crazyflie_bringup' returned '0': CMAKE_PREFIX_PATH=${CMAKE_PREFIX_PATH}:/opt/ros/humble /usr/local/bin/cmake --build /home/developer/ros2_ws/src/build/ros_gz_crazyflie_bringup -- -j24 -l24
[1.123s] DEBUG:colcon.colcon_core.event_handler.log_command:Invoking command in '/home/developer/ros2_ws/src/build/ros_gz_crazyflie_bringup': CMAKE_PREFIX_PATH=${CMAKE_PREFIX_PATH}:/opt/ros/humble /usr/local/bin/cmake --install /home/developer/ros2_ws/src/build/ros_gz_crazyflie_bringup
[1.168s] Level 1:colcon.colcon_core.environment:create_environment_scripts_only(ros_gz_crazyflie_bringup)
[1.168s] DEBUG:colcon.colcon_core.event_handler.log_command:Invoked command in '/home/developer/ros2_ws/src/build/ros_gz_crazyflie_bringup' returned '0': CMAKE_PREFIX_PATH=${CMAKE_PREFIX_PATH}:/opt/ros/humble /usr/local/bin/cmake --install /home/developer/ros2_ws/src/build/ros_gz_crazyflie_bringup
[1.172s] Level 1:colcon.colcon_core.environment:checking '/home/developer/ros2_ws/src/install/ros_gz_crazyflie_bringup' for CMake module files
[1.172s] Level 1:colcon.colcon_core.environment:checking '/home/developer/ros2_ws/src/install/ros_gz_crazyflie_bringup' for CMake config files
[1.173s] Level 1:colcon.colcon_core.shell:create_environment_hook('ros_gz_crazyflie_bringup', 'cmake_prefix_path')
[1.173s] INFO:colcon.colcon_core.shell:Creating environment hook '/home/developer/ros2_ws/src/install/ros_gz_crazyflie_bringup/share/ros_gz_crazyflie_bringup/hook/cmake_prefix_path.ps1'
[1.173s] INFO:colcon.colcon_core.shell:Creating environment descriptor '/home/developer/ros2_ws/src/install/ros_gz_crazyflie_bringup/share/ros_gz_crazyflie_bringup/hook/cmake_prefix_path.dsv'
[1.174s] INFO:colcon.colcon_core.shell:Creating environment hook '/home/developer/ros2_ws/src/install/ros_gz_crazyflie_bringup/share/ros_gz_crazyflie_bringup/hook/cmake_prefix_path.sh'
[1.175s] Level 1:colcon.colcon_core.environment:checking '/home/developer/ros2_ws/src/install/ros_gz_crazyflie_bringup/bin'
[1.175s] Level 1:colcon.colcon_core.environment:checking '/home/developer/ros2_ws/src/install/ros_gz_crazyflie_bringup/lib/pkgconfig/ros_gz_crazyflie_bringup.pc'
[1.175s] Level 1:colcon.colcon_core.environment:checking '/home/developer/ros2_ws/src/install/ros_gz_crazyflie_bringup/lib/python3.10/site-packages'
[1.175s] Level 1:colcon.colcon_core.environment:checking '/home/developer/ros2_ws/src/install/ros_gz_crazyflie_bringup/bin'
[1.175s] INFO:colcon.colcon_core.shell:Creating package script '/home/developer/ros2_ws/src/install/ros_gz_crazyflie_bringup/share/ros_gz_crazyflie_bringup/package.ps1'
[1.176s] INFO:colcon.colcon_core.shell:Creating package descriptor '/home/developer/ros2_ws/src/install/ros_gz_crazyflie_bringup/share/ros_gz_crazyflie_bringup/package.dsv'
[1.177s] INFO:colcon.colcon_core.shell:Creating package script '/home/developer/ros2_ws/src/install/ros_gz_crazyflie_bringup/share/ros_gz_crazyflie_bringup/package.sh'
[1.178s] INFO:colcon.colcon_core.shell:Creating package script '/home/developer/ros2_ws/src/install/ros_gz_crazyflie_bringup/share/ros_gz_crazyflie_bringup/package.bash'
[1.179s] INFO:colcon.colcon_core.shell:Creating package script '/home/developer/ros2_ws/src/install/ros_gz_crazyflie_bringup/share/ros_gz_crazyflie_bringup/package.zsh'
[1.180s] Level 1:colcon.colcon_core.environment:create_file_with_runtime_dependencies(/home/developer/ros2_ws/src/install/ros_gz_crazyflie_bringup/share/colcon-core/packages/ros_gz_crazyflie_bringup)
[1.181s] Level 1:colcon.colcon_core.environment:create_environment_scripts_only(ros_gz_crazyflie_bringup)
[1.182s] Level 1:colcon.colcon_core.environment:checking '/home/developer/ros2_ws/src/install/ros_gz_crazyflie_bringup' for CMake module files
[1.183s] Level 1:colcon.colcon_core.environment:checking '/home/developer/ros2_ws/src/install/ros_gz_crazyflie_bringup' for CMake config files
[1.183s] Level 1:colcon.colcon_core.shell:create_environment_hook('ros_gz_crazyflie_bringup', 'cmake_prefix_path')
[1.183s] INFO:colcon.colcon_core.shell:Creating environment hook '/home/developer/ros2_ws/src/install/ros_gz_crazyflie_bringup/share/ros_gz_crazyflie_bringup/hook/cmake_prefix_path.ps1'
[1.184s] INFO:colcon.colcon_core.shell:Creating environment descriptor '/home/developer/ros2_ws/src/install/ros_gz_crazyflie_bringup/share/ros_gz_crazyflie_bringup/hook/cmake_prefix_path.dsv'
[1.184s] INFO:colcon.colcon_core.shell:Creating environment hook '/home/developer/ros2_ws/src/install/ros_gz_crazyflie_bringup/share/ros_gz_crazyflie_bringup/hook/cmake_prefix_path.sh'
[1.185s] Level 1:colcon.colcon_core.environment:checking '/home/developer/ros2_ws/src/install/ros_gz_crazyflie_bringup/bin'
[1.185s] Level 1:colcon.colcon_core.environment:checking '/home/developer/ros2_ws/src/install/ros_gz_crazyflie_bringup/lib/pkgconfig/ros_gz_crazyflie_bringup.pc'
[1.186s] Level 1:colcon.colcon_core.environment:checking '/home/developer/ros2_ws/src/install/ros_gz_crazyflie_bringup/lib/python3.10/site-packages'
[1.186s] Level 1:colcon.colcon_core.environment:checking '/home/developer/ros2_ws/src/install/ros_gz_crazyflie_bringup/bin'
[1.187s] INFO:colcon.colcon_core.shell:Creating package script '/home/developer/ros2_ws/src/install/ros_gz_crazyflie_bringup/share/ros_gz_crazyflie_bringup/package.ps1'
[1.187s] INFO:colcon.colcon_core.shell:Creating package descriptor '/home/developer/ros2_ws/src/install/ros_gz_crazyflie_bringup/share/ros_gz_crazyflie_bringup/package.dsv'
[1.188s] INFO:colcon.colcon_core.shell:Creating package script '/home/developer/ros2_ws/src/install/ros_gz_crazyflie_bringup/share/ros_gz_crazyflie_bringup/package.sh'
[1.189s] INFO:colcon.colcon_core.shell:Creating package script '/home/developer/ros2_ws/src/install/ros_gz_crazyflie_bringup/share/ros_gz_crazyflie_bringup/package.bash'
[1.189s] INFO:colcon.colcon_core.shell:Creating package script '/home/developer/ros2_ws/src/install/ros_gz_crazyflie_bringup/share/ros_gz_crazyflie_bringup/package.zsh'
[1.190s] Level 1:colcon.colcon_core.environment:create_file_with_runtime_dependencies(/home/developer/ros2_ws/src/install/ros_gz_crazyflie_bringup/share/colcon-core/packages/ros_gz_crazyflie_bringup)
[3.270s] DEBUG:colcon.colcon_core.event_handler.log_command:Invoked command in '/home/developer/ros2_ws/src/build/cf_control_msgs' returned '0': CMAKE_PREFIX_PATH=${CMAKE_PREFIX_PATH}:/opt/ros/humble /usr/local/bin/cmake /home/developer/ros2_ws/src/cf_control_msgs -DCMAKE_INSTALL_PREFIX=/home/developer/ros2_ws/src/install/cf_control_msgs
[3.272s] DEBUG:colcon.colcon_core.event_handler.log_command:Invoking command in '/home/developer/ros2_ws/src/build/cf_control_msgs': CMAKE_PREFIX_PATH=${CMAKE_PREFIX_PATH}:/opt/ros/humble /usr/local/bin/cmake --build /home/developer/ros2_ws/src/build/cf_control_msgs -- -j24 -l24
[4.707s] DEBUG:colcon.colcon_core.event_handler.log_command:Invoked command in '/home/developer/ros2_ws/src/build/cf_control_msgs' returned '0': CMAKE_PREFIX_PATH=${CMAKE_PREFIX_PATH}:/opt/ros/humble /usr/local/bin/cmake --build /home/developer/ros2_ws/src/build/cf_control_msgs -- -j24 -l24
[4.709s] DEBUG:colcon.colcon_core.event_handler.log_command:Invoking command in '/home/developer/ros2_ws/src/build/cf_control_msgs': CMAKE_PREFIX_PATH=${CMAKE_PREFIX_PATH}:/opt/ros/humble /usr/local/bin/cmake --install /home/developer/ros2_ws/src/build/cf_control_msgs
[4.793s] Level 1:colcon.colcon_core.environment:create_environment_scripts_only(cf_control_msgs)
[4.794s] Level 1:colcon.colcon_core.environment:checking '/home/developer/ros2_ws/src/install/cf_control_msgs' for CMake module files
[4.795s] DEBUG:colcon.colcon_core.event_handler.log_command:Invoked command in '/home/developer/ros2_ws/src/build/cf_control_msgs' returned '0': CMAKE_PREFIX_PATH=${CMAKE_PREFIX_PATH}:/opt/ros/humble /usr/local/bin/cmake --install /home/developer/ros2_ws/src/build/cf_control_msgs
[4.795s] Level 1:colcon.colcon_core.environment:checking '/home/developer/ros2_ws/src/install/cf_control_msgs' for CMake config files
[4.796s] Level 1:colcon.colcon_core.shell:create_environment_hook('cf_control_msgs', 'cmake_prefix_path')
[4.796s] INFO:colcon.colcon_core.shell:Creating environment hook '/home/developer/ros2_ws/src/install/cf_control_msgs/share/cf_control_msgs/hook/cmake_prefix_path.ps1'
[4.796s] INFO:colcon.colcon_core.shell:Creating environment descriptor '/home/developer/ros2_ws/src/install/cf_control_msgs/share/cf_control_msgs/hook/cmake_prefix_path.dsv'
[4.797s] INFO:colcon.colcon_core.shell:Creating environment hook '/home/developer/ros2_ws/src/install/cf_control_msgs/share/cf_control_msgs/hook/cmake_prefix_path.sh'
[4.797s] Level 1:colcon.colcon_core.environment:checking '/home/developer/ros2_ws/src/install/cf_control_msgs/lib'
[4.797s] Level 1:colcon.colcon_core.shell:create_environment_hook('cf_control_msgs', 'ld_library_path_lib')
[4.797s] INFO:colcon.colcon_core.shell:Creating environment hook '/home/developer/ros2_ws/src/install/cf_control_msgs/share/cf_control_msgs/hook/ld_library_path_lib.ps1'
[4.797s] INFO:colcon.colcon_core.shell:Creating environment descriptor '/home/developer/ros2_ws/src/install/cf_control_msgs/share/cf_control_msgs/hook/ld_library_path_lib.dsv'
[4.798s] INFO:colcon.colcon_core.shell:Creating environment hook '/home/developer/ros2_ws/src/install/cf_control_msgs/share/cf_control_msgs/hook/ld_library_path_lib.sh'
[4.798s] Level 1:colcon.colcon_core.environment:checking '/home/developer/ros2_ws/src/install/cf_control_msgs/bin'
[4.798s] Level 1:colcon.colcon_core.environment:checking '/home/developer/ros2_ws/src/install/cf_control_msgs/lib/pkgconfig/cf_control_msgs.pc'
[4.798s] Level 1:colcon.colcon_core.environment:checking '/home/developer/ros2_ws/src/install/cf_control_msgs/lib/python3.10/site-packages'
[4.798s] Level 1:colcon.colcon_core.environment:checking '/home/developer/ros2_ws/src/install/cf_control_msgs/bin'
[4.799s] INFO:colcon.colcon_core.shell:Creating package script '/home/developer/ros2_ws/src/install/cf_control_msgs/share/cf_control_msgs/package.ps1'
[4.799s] INFO:colcon.colcon_core.shell:Creating package descriptor '/home/developer/ros2_ws/src/install/cf_control_msgs/share/cf_control_msgs/package.dsv'
[4.799s] INFO:colcon.colcon_core.shell:Creating package script '/home/developer/ros2_ws/src/install/cf_control_msgs/share/cf_control_msgs/package.sh'
[4.799s] INFO:colcon.colcon_core.shell:Creating package script '/home/developer/ros2_ws/src/install/cf_control_msgs/share/cf_control_msgs/package.bash'
[4.800s] INFO:colcon.colcon_core.shell:Creating package script '/home/developer/ros2_ws/src/install/cf_control_msgs/share/cf_control_msgs/package.zsh'
[4.800s] Level 1:colcon.colcon_core.environment:create_file_with_runtime_dependencies(/home/developer/ros2_ws/src/install/cf_control_msgs/share/colcon-core/packages/cf_control_msgs)
[4.800s] Level 1:colcon.colcon_core.environment:create_environment_scripts_only(cf_control_msgs)
[4.800s] Level 1:colcon.colcon_core.environment:checking '/home/developer/ros2_ws/src/install/cf_control_msgs' for CMake module files
[4.801s] Level 1:colcon.colcon_core.environment:checking '/home/developer/ros2_ws/src/install/cf_control_msgs' for CMake config files
[4.801s] Level 1:colcon.colcon_core.shell:create_environment_hook('cf_control_msgs', 'cmake_prefix_path')
[4.801s] INFO:colcon.colcon_core.shell:Creating environment hook '/home/developer/ros2_ws/src/install/cf_control_msgs/share/cf_control_msgs/hook/cmake_prefix_path.ps1'
[4.802s] INFO:colcon.colcon_core.shell:Creating environment descriptor '/home/developer/ros2_ws/src/install/cf_control_msgs/share/cf_control_msgs/hook/cmake_prefix_path.dsv'
[4.802s] INFO:colcon.colcon_core.shell:Creating environment hook '/home/developer/ros2_ws/src/install/cf_control_msgs/share/cf_control_msgs/hook/cmake_prefix_path.sh'
[4.802s] Level 1:colcon.colcon_core.environment:checking '/home/developer/ros2_ws/src/install/cf_control_msgs/lib'
[4.802s] Level 1:colcon.colcon_core.shell:create_environment_hook('cf_control_msgs', 'ld_library_path_lib')
[4.802s] INFO:colcon.colcon_core.shell:Creating environment hook '/home/developer/ros2_ws/src/install/cf_control_msgs/share/cf_control_msgs/hook/ld_library_path_lib.ps1'
[4.803s] INFO:colcon.colcon_core.shell:Creating environment descriptor '/home/developer/ros2_ws/src/install/cf_control_msgs/share/cf_control_msgs/hook/ld_library_path_lib.dsv'
[4.803s] INFO:colcon.colcon_core.shell:Creating environment hook '/home/developer/ros2_ws/src/install/cf_control_msgs/share/cf_control_msgs/hook/ld_library_path_lib.sh'
[4.803s] Level 1:colcon.colcon_core.environment:checking '/home/developer/ros2_ws/src/install/cf_control_msgs/bin'
[4.803s] Level 1:colcon.colcon_core.environment:checking '/home/developer/ros2_ws/src/install/cf_control_msgs/lib/pkgconfig/cf_control_msgs.pc'
[4.803s] Level 1:colcon.colcon_core.environment:checking '/home/developer/ros2_ws/src/install/cf_control_msgs/lib/python3.10/site-packages'
[4.804s] Level 1:colcon.colcon_core.environment:checking '/home/developer/ros2_ws/src/install/cf_control_msgs/bin'
[4.804s] INFO:colcon.colcon_core.shell:Creating package script '/home/developer/ros2_ws/src/install/cf_control_msgs/share/cf_control_msgs/package.ps1'
[4.804s] INFO:colcon.colcon_core.shell:Creating package descriptor '/home/developer/ros2_ws/src/install/cf_control_msgs/share/cf_control_msgs/package.dsv'
[4.804s] INFO:colcon.colcon_core.shell:Creating package script '/home/developer/ros2_ws/src/install/cf_control_msgs/share/cf_control_msgs/package.sh'
[4.805s] INFO:colcon.colcon_core.shell:Creating package script '/home/developer/ros2_ws/src/install/cf_control_msgs/share/cf_control_msgs/package.bash'
[4.805s] INFO:colcon.colcon_core.shell:Creating package script '/home/developer/ros2_ws/src/install/cf_control_msgs/share/cf_control_msgs/package.zsh'
[4.805s] Level 1:colcon.colcon_core.environment:create_file_with_runtime_dependencies(/home/developer/ros2_ws/src/install/cf_control_msgs/share/colcon-core/packages/cf_control_msgs)
[4.806s] INFO:colcon.colcon_ros.task.ament_cmake.build:Building ROS package in '/home/developer/ros2_ws/src/cf_control' with build type 'ament_cmake'
[4.806s] INFO:colcon.colcon_cmake.task.cmake.build:Building CMake package in '/home/developer/ros2_ws/src/cf_control'
[4.806s] INFO:colcon.colcon_core.shell:Skip shell extension 'powershell' for command environment: Not usable outside of PowerShell
[4.806s] DEBUG:colcon.colcon_core.shell:Skip shell extension 'dsv' for command environment
[4.819s] DEBUG:colcon.colcon_core.event_handler.log_command:Invoking command in '/home/developer/ros2_ws/src/build/cf_control': AMENT_PREFIX_PATH=/home/developer/ros2_ws/src/install/cf_control_msgs:${AMENT_PREFIX_PATH} CMAKE_PREFIX_PATH=/home/developer/ros2_ws/src/install/cf_control_msgs:/home/developer/ros2_ws/install:/opt/ros/humble LD_LIBRARY_PATH=/home/developer/ros2_ws/src/install/cf_control_msgs/lib:${LD_LIBRARY_PATH} PYTHONPATH=/home/developer/ros2_ws/src/install/cf_control_msgs/local/lib/python3.10/dist-packages:${PYTHONPATH} /usr/local/bin/cmake /home/developer/ros2_ws/src/cf_control -DCMAKE_INSTALL_PREFIX=/home/developer/ros2_ws/src/install/cf_control
[6.307s] DEBUG:colcon.colcon_core.event_handler.log_command:Invoked command in '/home/developer/ros2_ws/src/build/cf_control' returned '0': AMENT_PREFIX_PATH=/home/developer/ros2_ws/src/install/cf_control_msgs:${AMENT_PREFIX_PATH} CMAKE_PREFIX_PATH=/home/developer/ros2_ws/src/install/cf_control_msgs:/home/developer/ros2_ws/install:/opt/ros/humble LD_LIBRARY_PATH=/home/developer/ros2_ws/src/install/cf_control_msgs/lib:${LD_LIBRARY_PATH} PYTHONPATH=/home/developer/ros2_ws/src/install/cf_control_msgs/local/lib/python3.10/dist-packages:${PYTHONPATH} /usr/local/bin/cmake /home/developer/ros2_ws/src/cf_control -DCMAKE_INSTALL_PREFIX=/home/developer/ros2_ws/src/install/cf_control
[6.308s] DEBUG:colcon.colcon_core.event_handler.log_command:Invoking command in '/home/developer/ros2_ws/src/build/cf_control': AMENT_PREFIX_PATH=/home/developer/ros2_ws/src/install/cf_control_msgs:${AMENT_PREFIX_PATH} CMAKE_PREFIX_PATH=/home/developer/ros2_ws/src/install/cf_control_msgs:/home/developer/ros2_ws/install:/opt/ros/humble LD_LIBRARY_PATH=/home/developer/ros2_ws/src/install/cf_control_msgs/lib:${LD_LIBRARY_PATH} PYTHONPATH=/home/developer/ros2_ws/src/install/cf_control_msgs/local/lib/python3.10/dist-packages:${PYTHONPATH} /usr/local/bin/cmake --build /home/developer/ros2_ws/src/build/cf_control -- -j24 -l24
[13.123s] DEBUG:colcon.colcon_core.event_handler.log_command:Invoked command in '/home/developer/ros2_ws/src/build/cf_control' returned '0': AMENT_PREFIX_PATH=/home/developer/ros2_ws/src/install/cf_control_msgs:${AMENT_PREFIX_PATH} CMAKE_PREFIX_PATH=/home/developer/ros2_ws/src/install/cf_control_msgs:/home/developer/ros2_ws/install:/opt/ros/humble LD_LIBRARY_PATH=/home/developer/ros2_ws/src/install/cf_control_msgs/lib:${LD_LIBRARY_PATH} PYTHONPATH=/home/developer/ros2_ws/src/install/cf_control_msgs/local/lib/python3.10/dist-packages:${PYTHONPATH} /usr/local/bin/cmake --build /home/developer/ros2_ws/src/build/cf_control -- -j24 -l24
[13.125s] DEBUG:colcon.colcon_core.event_handler.log_command:Invoking command in '/home/developer/ros2_ws/src/build/cf_control': AMENT_PREFIX_PATH=/home/developer/ros2_ws/src/install/cf_control_msgs:${AMENT_PREFIX_PATH} CMAKE_PREFIX_PATH=/home/developer/ros2_ws/src/install/cf_control_msgs:/home/developer/ros2_ws/install:/opt/ros/humble LD_LIBRARY_PATH=/home/developer/ros2_ws/src/install/cf_control_msgs/lib:${LD_LIBRARY_PATH} PYTHONPATH=/home/developer/ros2_ws/src/install/cf_control_msgs/local/lib/python3.10/dist-packages:${PYTHONPATH} /usr/local/bin/cmake --install /home/developer/ros2_ws/src/build/cf_control
[13.167s] Level 1:colcon.colcon_core.environment:create_environment_scripts_only(cf_control)
[13.168s] Level 1:colcon.colcon_core.environment:checking '/home/developer/ros2_ws/src/install/cf_control' for CMake module files
[13.168s] DEBUG:colcon.colcon_core.event_handler.log_command:Invoked command in '/home/developer/ros2_ws/src/build/cf_control' returned '0': AMENT_PREFIX_PATH=/home/developer/ros2_ws/src/install/cf_control_msgs:${AMENT_PREFIX_PATH} CMAKE_PREFIX_PATH=/home/developer/ros2_ws/src/install/cf_control_msgs:/home/developer/ros2_ws/install:/opt/ros/humble LD_LIBRARY_PATH=/home/developer/ros2_ws/src/install/cf_control_msgs/lib:${LD_LIBRARY_PATH} PYTHONPATH=/home/developer/ros2_ws/src/install/cf_control_msgs/local/lib/python3.10/dist-packages:${PYTHONPATH} /usr/local/bin/cmake --install /home/developer/ros2_ws/src/build/cf_control
[13.169s] Level 1:colcon.colcon_core.environment:checking '/home/developer/ros2_ws/src/install/cf_control' for CMake config files
[13.169s] Level 1:colcon.colcon_core.shell:create_environment_hook('cf_control', 'cmake_prefix_path')
[13.170s] INFO:colcon.colcon_core.shell:Creating environment hook '/home/developer/ros2_ws/src/install/cf_control/share/cf_control/hook/cmake_prefix_path.ps1'
[13.170s] INFO:colcon.colcon_core.shell:Creating environment descriptor '/home/developer/ros2_ws/src/install/cf_control/share/cf_control/hook/cmake_prefix_path.dsv'
[13.171s] INFO:colcon.colcon_core.shell:Creating environment hook '/home/developer/ros2_ws/src/install/cf_control/share/cf_control/hook/cmake_prefix_path.sh'
[13.171s] Level 1:colcon.colcon_core.environment:checking '/home/developer/ros2_ws/src/install/cf_control/lib'
[13.171s] Level 1:colcon.colcon_core.shell:create_environment_hook('cf_control', 'ld_library_path_lib')
[13.172s] INFO:colcon.colcon_core.shell:Creating environment hook '/home/developer/ros2_ws/src/install/cf_control/share/cf_control/hook/ld_library_path_lib.ps1'
[13.172s] INFO:colcon.colcon_core.shell:Creating environment descriptor '/home/developer/ros2_ws/src/install/cf_control/share/cf_control/hook/ld_library_path_lib.dsv'
[13.173s] INFO:colcon.colcon_core.shell:Creating environment hook '/home/developer/ros2_ws/src/install/cf_control/share/cf_control/hook/ld_library_path_lib.sh'
[13.173s] Level 1:colcon.colcon_core.environment:checking '/home/developer/ros2_ws/src/install/cf_control/bin'
[13.173s] Level 1:colcon.colcon_core.environment:checking '/home/developer/ros2_ws/src/install/cf_control/lib/pkgconfig/cf_control.pc'
[13.174s] Level 1:colcon.colcon_core.environment:checking '/home/developer/ros2_ws/src/install/cf_control/lib/python3.10/site-packages'
[13.174s] Level 1:colcon.colcon_core.environment:checking '/home/developer/ros2_ws/src/install/cf_control/bin'
[13.175s] INFO:colcon.colcon_core.shell:Creating package script '/home/developer/ros2_ws/src/install/cf_control/share/cf_control/package.ps1'
[13.175s] INFO:colcon.colcon_core.shell:Creating package descriptor '/home/developer/ros2_ws/src/install/cf_control/share/cf_control/package.dsv'
[13.176s] INFO:colcon.colcon_core.shell:Creating package script '/home/developer/ros2_ws/src/install/cf_control/share/cf_control/package.sh'
[13.177s] INFO:colcon.colcon_core.shell:Creating package script '/home/developer/ros2_ws/src/install/cf_control/share/cf_control/package.bash'
[13.177s] INFO:colcon.colcon_core.shell:Creating package script '/home/developer/ros2_ws/src/install/cf_control/share/cf_control/package.zsh'
[13.177s] Level 1:colcon.colcon_core.environment:create_file_with_runtime_dependencies(/home/developer/ros2_ws/src/install/cf_control/share/colcon-core/packages/cf_control)
[13.178s] Level 1:colcon.colcon_core.environment:create_environment_scripts_only(cf_control)
[13.178s] Level 1:colcon.colcon_core.environment:checking '/home/developer/ros2_ws/src/install/cf_control' for CMake module files
[13.179s] Level 1:colcon.colcon_core.environment:checking '/home/developer/ros2_ws/src/install/cf_control' for CMake config files
[13.180s] Level 1:colcon.colcon_core.shell:create_environment_hook('cf_control', 'cmake_prefix_path')
[13.180s] INFO:colcon.colcon_core.shell:Creating environment hook '/home/developer/ros2_ws/src/install/cf_control/share/cf_control/hook/cmake_prefix_path.ps1'
[13.181s] INFO:colcon.colcon_core.shell:Creating environment descriptor '/home/developer/ros2_ws/src/install/cf_control/share/cf_control/hook/cmake_prefix_path.dsv'
[13.181s] INFO:colcon.colcon_core.shell:Creating environment hook '/home/developer/ros2_ws/src/install/cf_control/share/cf_control/hook/cmake_prefix_path.sh'
[13.182s] Level 1:colcon.colcon_core.environment:checking '/home/developer/ros2_ws/src/install/cf_control/lib'
[13.182s] Level 1:colcon.colcon_core.shell:create_environment_hook('cf_control', 'ld_library_path_lib')
[13.182s] INFO:colcon.colcon_core.shell:Creating environment hook '/home/developer/ros2_ws/src/install/cf_control/share/cf_control/hook/ld_library_path_lib.ps1'
[13.183s] INFO:colcon.colcon_core.shell:Creating environment descriptor '/home/developer/ros2_ws/src/install/cf_control/share/cf_control/hook/ld_library_path_lib.dsv'
[13.183s] INFO:colcon.colcon_core.shell:Creating environment hook '/home/developer/ros2_ws/src/install/cf_control/share/cf_control/hook/ld_library_path_lib.sh'
[13.183s] Level 1:colcon.colcon_core.environment:checking '/home/developer/ros2_ws/src/install/cf_control/bin'
[13.184s] Level 1:colcon.colcon_core.environment:checking '/home/developer/ros2_ws/src/install/cf_control/lib/pkgconfig/cf_control.pc'
[13.184s] Level 1:colcon.colcon_core.environment:checking '/home/developer/ros2_ws/src/install/cf_control/lib/python3.10/site-packages'
[13.184s] Level 1:colcon.colcon_core.environment:checking '/home/developer/ros2_ws/src/install/cf_control/bin'
[13.185s] INFO:colcon.colcon_core.shell:Creating package script '/home/developer/ros2_ws/src/install/cf_control/share/cf_control/package.ps1'
[13.185s] INFO:colcon.colcon_core.shell:Creating package descriptor '/home/developer/ros2_ws/src/install/cf_control/share/cf_control/package.dsv'
[13.186s] INFO:colcon.colcon_core.shell:Creating package script '/home/developer/ros2_ws/src/install/cf_control/share/cf_control/package.sh'
[13.187s] INFO:colcon.colcon_core.shell:Creating package script '/home/developer/ros2_ws/src/install/cf_control/share/cf_control/package.bash'
[13.187s] INFO:colcon.colcon_core.shell:Creating package script '/home/developer/ros2_ws/src/install/cf_control/share/cf_control/package.zsh'
[13.188s] Level 1:colcon.colcon_core.environment:create_file_with_runtime_dependencies(/home/developer/ros2_ws/src/install/cf_control/share/colcon-core/packages/cf_control)
[13.188s] DEBUG:colcon.colcon_parallel_executor.executor.parallel:closing loop
[13.188s] DEBUG:colcon.colcon_parallel_executor.executor.parallel:loop closed
[13.188s] DEBUG:colcon.colcon_parallel_executor.executor.parallel:run_until_complete finished with '0'
[13.189s] DEBUG:colcon.colcon_core.event_reactor:joining thread
[13.194s] INFO:colcon.colcon_core.plugin_system:Skipping extension 'colcon_notification.desktop_notification.notify_send': Could not find 'notify-send'
[13.194s] INFO:colcon.colcon_core.plugin_system:Skipping extension 'colcon_notification.desktop_notification.terminal_notifier': Not used on non-Darwin systems
[13.194s] INFO:colcon.colcon_core.plugin_system:Skipping extension 'colcon_notification.desktop_notification.win32': Not used on non-Windows systems
[13.194s] INFO:colcon.colcon_notification.desktop_notification:Sending desktop notification using 'notify2'
[13.197s] DEBUG:colcon.colcon_notification.desktop_notification.notify2:Failed to initialize notify2: org.freedesktop.DBus.Error.Spawn.ExecFailed: /usr/bin/dbus-launch terminated abnormally without any error message
[13.198s] DEBUG:colcon.colcon_core.event_reactor:joined thread
[13.199s] INFO:colcon.colcon_core.shell:Creating prefix script '/home/developer/ros2_ws/src/install/local_setup.ps1'
[13.200s] INFO:colcon.colcon_core.shell:Creating prefix util module '/home/developer/ros2_ws/src/install/_local_setup_util_ps1.py'
[13.202s] INFO:colcon.colcon_core.shell:Creating prefix chain script '/home/developer/ros2_ws/src/install/setup.ps1'
[13.204s] INFO:colcon.colcon_core.shell:Creating prefix script '/home/developer/ros2_ws/src/install/local_setup.sh'
[13.205s] INFO:colcon.colcon_core.shell:Creating prefix util module '/home/developer/ros2_ws/src/install/_local_setup_util_sh.py'
[13.205s] INFO:colcon.colcon_core.shell:Creating prefix chain script '/home/developer/ros2_ws/src/install/setup.sh'
[13.207s] INFO:colcon.colcon_core.shell:Creating prefix script '/home/developer/ros2_ws/src/install/local_setup.bash'
[13.207s] INFO:colcon.colcon_core.shell:Creating prefix chain script '/home/developer/ros2_ws/src/install/setup.bash'
[13.209s] INFO:colcon.colcon_core.shell:Creating prefix script '/home/developer/ros2_ws/src/install/local_setup.zsh'
[13.210s] INFO:colcon.colcon_core.shell:Creating prefix chain script '/home/developer/ros2_ws/src/install/setup.zsh'
