-- Found ament_cmake: 1.3.13 (/opt/ros/humble/share/ament_cmake/cmake)
-- Found geometry_msgs: 4.9.1 (/opt/ros/humble/share/geometry_msgs/cmake)
-- Found rosidl_generator_c: 3.1.8 (/opt/ros/humble/share/rosidl_generator_c/cmake)
-- Found rosidl_adapter: 3.1.8 (/opt/ros/humble/share/rosidl_adapter/cmake)
-- Found rosidl_generator_cpp: 3.1.8 (/opt/ros/humble/share/rosidl_generator_cpp/cmake)
-- Using all available rosidl_typesupport_c: rosidl_typesupport_fastrtps_c;rosidl_typesupport_introspection_c
-- Using all available rosidl_typesupport_cpp: rosidl_typesupport_fastrtps_cpp;rosidl_typesupport_introspection_cpp
-- Found rosidl_default_generators: 1.2.0 (/opt/ros/humble/share/rosidl_default_generators/cmake)
-- Found ament_cmake_ros: 0.10.0 (/opt/ros/humble/share/ament_cmake_ros/cmake)
-- Using all available rosidl_typesupport_c: rosidl_typesupport_fastrtps_c;rosidl_typesupport_introspection_c
-- Using all available rosidl_typesupport_cpp: rosidl_typesupport_fastrtps_cpp;rosidl_typesupport_introspection_cpp
[33mCMake Warning (dev) at /opt/ros/humble/share/rosidl_generator_py/cmake/rosidl_generator_py_generate_interfaces.cmake:20 (find_package):
  Policy CMP0148 is not set: The FindPythonInterp and FindPythonLibs modules
  are removed.  Run "cmake --help-policy CMP0148" for policy details.  Use
  the cmake_policy command to set the policy and suppress this warning.

Call Stack (most recent call first):
  /opt/ros/humble/share/ament_cmake_core/cmake/core/ament_execute_extensions.cmake:48 (include)
  /opt/ros/humble/share/rosidl_cmake/cmake/rosidl_generate_interfaces.cmake:286 (ament_execute_extensions)
  CMakeLists.txt:14 (rosidl_generate_interfaces)
This warning is for project developers.  Use -Wno-dev to suppress it.
[0m
-- Found PythonInterp: /usr/bin/python3 (found suitable version "3.10.12", minimum required is "3.6") 
-- Found python_cmake_module: 0.10.0 (/opt/ros/humble/share/python_cmake_module/cmake)
[33mCMake Warning (dev) at /opt/ros/humble/share/python_cmake_module/cmake/Modules/FindPythonExtra.cmake:52 (find_package):
  Policy CMP0148 is not set: The FindPythonInterp and FindPythonLibs modules
  are removed.  Run "cmake --help-policy CMP0148" for policy details.  Use
  the cmake_policy command to set the policy and suppress this warning.

Call Stack (most recent call first):
  /opt/ros/humble/share/rosidl_generator_py/cmake/rosidl_generator_py_generate_interfaces.cmake:23 (find_package)
  /opt/ros/humble/share/ament_cmake_core/cmake/core/ament_execute_extensions.cmake:48 (include)
  /opt/ros/humble/share/rosidl_cmake/cmake/rosidl_generate_interfaces.cmake:286 (ament_execute_extensions)
  CMakeLists.txt:14 (rosidl_generate_interfaces)
This warning is for project developers.  Use -Wno-dev to suppress it.
[0m
[33mCMake Warning (dev) at /opt/ros/humble/share/python_cmake_module/cmake/Modules/FindPythonExtra.cmake:140 (find_package):
  Policy CMP0148 is not set: The FindPythonInterp and FindPythonLibs modules
  are removed.  Run "cmake --help-policy CMP0148" for policy details.  Use
  the cmake_policy command to set the policy and suppress this warning.

Call Stack (most recent call first):
  /opt/ros/humble/share/rosidl_generator_py/cmake/rosidl_generator_py_generate_interfaces.cmake:23 (find_package)
  /opt/ros/humble/share/ament_cmake_core/cmake/core/ament_execute_extensions.cmake:48 (include)
  /opt/ros/humble/share/rosidl_cmake/cmake/rosidl_generate_interfaces.cmake:286 (ament_execute_extensions)
  CMakeLists.txt:14 (rosidl_generate_interfaces)
This warning is for project developers.  Use -Wno-dev to suppress it.
[0m
-- Found PythonLibs: /usr/lib/x86_64-linux-gnu/libpython3.10.so (found suitable version "3.10.12", minimum required is "3.5") 
-- Using PYTHON_EXECUTABLE: /usr/bin/python3
-- Using PYTHON_INCLUDE_DIRS: /usr/include/python3.10
-- Using PYTHON_LIBRARIES: /usr/lib/x86_64-linux-gnu/libpython3.10.so
-- Found PythonExtra: .so  
-- Found ament_lint_auto: 0.12.15 (/opt/ros/humble/share/ament_lint_auto/cmake)
-- Added test 'cppcheck' to perform static code analysis on C / C++ code
-- Configured cppcheck include dirs: $<BUILD_INTERFACE:/home/developer/ros2_ws/src/crazyflie_interfaces/build/crazyflie_interfaces/rosidl_generator_c>;$<BUILD_INTERFACE:/home/developer/ros2_ws/src/crazyflie_interfaces/build/crazyflie_interfaces/rosidl_typesupport_fastrtps_c>;$<BUILD_INTERFACE:/home/developer/ros2_ws/src/crazyflie_interfaces/build/crazyflie_interfaces/rosidl_generator_cpp>;$<BUILD_INTERFACE:/home/developer/ros2_ws/src/crazyflie_interfaces/build/crazyflie_interfaces/rosidl_typesupport_fastrtps_cpp>;$<BUILD_INTERFACE:/home/developer/ros2_ws/src/crazyflie_interfaces/build/crazyflie_interfaces/rosidl_typesupport_introspection_c>;$<BUILD_INTERFACE:/home/developer/ros2_ws/src/crazyflie_interfaces/build/crazyflie_interfaces/rosidl_typesupport_introspection_cpp>;/home/developer/ros2_ws/src/crazyflie_interfaces/build/crazyflie_interfaces/rosidl_generator_c;/home/developer/ros2_ws/src/crazyflie_interfaces/build/crazyflie_interfaces/rosidl_generator_py
-- Configured cppcheck exclude dirs and/or files: 
-- Added test 'flake8' to check Python code syntax and style conventions
-- Added test 'lint_cmake' to check CMake code style
-- Added test 'pep257' to check Python code against some of the docstring style conventions in PEP 257
-- Added test 'uncrustify' to check C / C++ code style
-- Configured uncrustify additional arguments: 
-- Added test 'xmllint' to check XML markup files
-- Configuring done (2.8s)
-- Generating done (0.0s)
-- Build files have been written to: /home/developer/ros2_ws/src/crazyflie_interfaces/build/crazyflie_interfaces
[  3%] [34m[1mGenerating C code for ROS interfaces[0m
[  6%] [34m[1mGenerating C++ code for ROS interfaces[0m
[  6%] Built target ament_cmake_python_copy_crazyflie_interfaces
running egg_info
[  6%] Built target crazyflie_interfaces__cpp
[  9%] [32mBuilding C object CMakeFiles/crazyflie_interfaces__rosidl_generator_c.dir/rosidl_generator_c/crazyflie_interfaces/msg/detail/flat_target__functions.c.o[0m
[ 12%] [34m[1mGenerating C++ type support dispatch for ROS interfaces[0m
[ 19%] [34m[1mGenerating C++ type support for eProsima Fast-RTPS[0m
[ 19%] [34m[1mGenerating C++ introspection for ROS interfaces[0m
creating crazyflie_interfaces.egg-info
writing crazyflie_interfaces.egg-info/PKG-INFO
writing dependency_links to crazyflie_interfaces.egg-info/dependency_links.txt
writing top-level names to crazyflie_interfaces.egg-info/top_level.txt
writing manifest file 'crazyflie_interfaces.egg-info/SOURCES.txt'
[ 22%] [32m[1mLinking C shared library libcrazyflie_interfaces__rosidl_generator_c.so[0m
reading manifest file 'crazyflie_interfaces.egg-info/SOURCES.txt'
writing manifest file 'crazyflie_interfaces.egg-info/SOURCES.txt'
[ 22%] Built target ament_cmake_python_build_crazyflie_interfaces_egg
[ 22%] Built target crazyflie_interfaces__rosidl_generator_c
[ 25%] [34m[1mGenerating C introspection for ROS interfaces[0m
[ 29%] [34m[1mGenerating C type support dispatch for ROS interfaces[0m
[ 32%] [34m[1mGenerating C type support for eProsima Fast-RTPS[0m
[ 35%] [32mBuilding CXX object CMakeFiles/crazyflie_interfaces__rosidl_typesupport_cpp.dir/rosidl_typesupport_cpp/crazyflie_interfaces/msg/flat_target__type_support.cpp.o[0m
[ 38%] [32mBuilding CXX object CMakeFiles/crazyflie_interfaces__rosidl_typesupport_introspection_cpp.dir/rosidl_typesupport_introspection_cpp/crazyflie_interfaces/msg/detail/flat_target__type_support.cpp.o[0m
[ 41%] [32mBuilding CXX object CMakeFiles/crazyflie_interfaces__rosidl_typesupport_fastrtps_cpp.dir/rosidl_typesupport_fastrtps_cpp/crazyflie_interfaces/msg/detail/dds_fastrtps/flat_target__type_support.cpp.o[0m
[ 45%] [32mBuilding CXX object CMakeFiles/crazyflie_interfaces__rosidl_typesupport_c.dir/rosidl_typesupport_c/crazyflie_interfaces/msg/flat_target__type_support.cpp.o[0m
[ 48%] [32mBuilding C object CMakeFiles/crazyflie_interfaces__rosidl_typesupport_introspection_c.dir/rosidl_typesupport_introspection_c/crazyflie_interfaces/msg/detail/flat_target__type_support.c.o[0m
[ 51%] [32mBuilding CXX object CMakeFiles/crazyflie_interfaces__rosidl_typesupport_fastrtps_c.dir/rosidl_typesupport_fastrtps_c/crazyflie_interfaces/msg/detail/flat_target__type_support_c.cpp.o[0m
[ 54%] [32m[1mLinking CXX shared library libcrazyflie_interfaces__rosidl_typesupport_c.so[0m
[ 58%] [32m[1mLinking C shared library libcrazyflie_interfaces__rosidl_typesupport_introspection_c.so[0m
[ 58%] Built target crazyflie_interfaces__rosidl_typesupport_introspection_c
[ 58%] Built target crazyflie_interfaces__rosidl_typesupport_c
[ 61%] [32m[1mLinking CXX shared library libcrazyflie_interfaces__rosidl_typesupport_cpp.so[0m
[ 61%] Built target crazyflie_interfaces__rosidl_typesupport_cpp
[ 64%] [32m[1mLinking CXX shared library libcrazyflie_interfaces__rosidl_typesupport_introspection_cpp.so[0m
[ 67%] [32m[1mLinking CXX shared library libcrazyflie_interfaces__rosidl_typesupport_fastrtps_cpp.so[0m
[ 70%] [32m[1mLinking CXX shared library libcrazyflie_interfaces__rosidl_typesupport_fastrtps_c.so[0m
[ 70%] Built target crazyflie_interfaces__rosidl_typesupport_introspection_cpp
[ 70%] Built target crazyflie_interfaces__rosidl_typesupport_fastrtps_cpp
[ 70%] Built target crazyflie_interfaces__rosidl_typesupport_fastrtps_c
[ 70%] Built target crazyflie_interfaces
[ 74%] [34m[1mGenerating Python code for ROS interfaces[0m
[ 74%] Built target crazyflie_interfaces__py
[ 77%] [32mBuilding C object CMakeFiles/crazyflie_interfaces__rosidl_generator_py.dir/rosidl_generator_py/crazyflie_interfaces/msg/_flat_target_s.c.o[0m
[ 80%] [32m[1mLinking C shared library rosidl_generator_py/crazyflie_interfaces/libcrazyflie_interfaces__rosidl_generator_py.so[0m
[ 80%] Built target crazyflie_interfaces__rosidl_generator_py
[ 83%] [32mBuilding C object CMakeFiles/crazyflie_interfaces__rosidl_typesupport_fastrtps_c__pyext.dir/rosidl_generator_py/crazyflie_interfaces/_crazyflie_interfaces_s.ep.rosidl_typesupport_fastrtps_c.c.o[0m
[ 87%] [32mBuilding C object CMakeFiles/crazyflie_interfaces__rosidl_typesupport_introspection_c__pyext.dir/rosidl_generator_py/crazyflie_interfaces/_crazyflie_interfaces_s.ep.rosidl_typesupport_introspection_c.c.o[0m
[ 90%] [32mBuilding C object CMakeFiles/crazyflie_interfaces__rosidl_typesupport_c__pyext.dir/rosidl_generator_py/crazyflie_interfaces/_crazyflie_interfaces_s.ep.rosidl_typesupport_c.c.o[0m
[ 93%] [32m[1mLinking C shared library rosidl_generator_py/crazyflie_interfaces/crazyflie_interfaces_s__rosidl_typesupport_fastrtps_c.cpython-310-x86_64-linux-gnu.so[0m
[ 96%] [32m[1mLinking C shared library rosidl_generator_py/crazyflie_interfaces/crazyflie_interfaces_s__rosidl_typesupport_introspection_c.cpython-310-x86_64-linux-gnu.so[0m
[100%] [32m[1mLinking C shared library rosidl_generator_py/crazyflie_interfaces/crazyflie_interfaces_s__rosidl_typesupport_c.cpython-310-x86_64-linux-gnu.so[0m
[100%] Built target crazyflie_interfaces__rosidl_typesupport_introspection_c__pyext
[100%] Built target crazyflie_interfaces__rosidl_typesupport_fastrtps_c__pyext
[100%] Built target crazyflie_interfaces__rosidl_typesupport_c__pyext
-- Install configuration: ""
-- Installing: /home/developer/ros2_ws/src/crazyflie_interfaces/install/crazyflie_interfaces/share/ament_index/resource_index/rosidl_interfaces/crazyflie_interfaces
-- Installing: /home/developer/ros2_ws/src/crazyflie_interfaces/install/crazyflie_interfaces/include/crazyflie_interfaces/crazyflie_interfaces
-- Installing: /home/developer/ros2_ws/src/crazyflie_interfaces/install/crazyflie_interfaces/include/crazyflie_interfaces/crazyflie_interfaces/msg
-- Installing: /home/developer/ros2_ws/src/crazyflie_interfaces/install/crazyflie_interfaces/include/crazyflie_interfaces/crazyflie_interfaces/msg/flat_target.h
-- Installing: /home/developer/ros2_ws/src/crazyflie_interfaces/install/crazyflie_interfaces/include/crazyflie_interfaces/crazyflie_interfaces/msg/rosidl_generator_c__visibility_control.h
-- Installing: /home/developer/ros2_ws/src/crazyflie_interfaces/install/crazyflie_interfaces/include/crazyflie_interfaces/crazyflie_interfaces/msg/detail
-- Installing: /home/developer/ros2_ws/src/crazyflie_interfaces/install/crazyflie_interfaces/include/crazyflie_interfaces/crazyflie_interfaces/msg/detail/flat_target__struct.h
-- Installing: /home/developer/ros2_ws/src/crazyflie_interfaces/install/crazyflie_interfaces/include/crazyflie_interfaces/crazyflie_interfaces/msg/detail/flat_target__functions.c
-- Installing: /home/developer/ros2_ws/src/crazyflie_interfaces/install/crazyflie_interfaces/include/crazyflie_interfaces/crazyflie_interfaces/msg/detail/flat_target__functions.h
-- Installing: /home/developer/ros2_ws/src/crazyflie_interfaces/install/crazyflie_interfaces/include/crazyflie_interfaces/crazyflie_interfaces/msg/detail/flat_target__type_support.h
-- Installing: /home/developer/ros2_ws/src/crazyflie_interfaces/install/crazyflie_interfaces/share/crazyflie_interfaces/environment/library_path.sh
-- Installing: /home/developer/ros2_ws/src/crazyflie_interfaces/install/crazyflie_interfaces/share/crazyflie_interfaces/environment/library_path.dsv
-- Installing: /home/developer/ros2_ws/src/crazyflie_interfaces/install/crazyflie_interfaces/lib/libcrazyflie_interfaces__rosidl_generator_c.so
-- Set runtime path of "/home/developer/ros2_ws/src/crazyflie_interfaces/install/crazyflie_interfaces/lib/libcrazyflie_interfaces__rosidl_generator_c.so" to ""
-- Up-to-date: /home/developer/ros2_ws/src/crazyflie_interfaces/install/crazyflie_interfaces/include/crazyflie_interfaces/crazyflie_interfaces
-- Up-to-date: /home/developer/ros2_ws/src/crazyflie_interfaces/install/crazyflie_interfaces/include/crazyflie_interfaces/crazyflie_interfaces/msg
-- Installing: /home/developer/ros2_ws/src/crazyflie_interfaces/install/crazyflie_interfaces/include/crazyflie_interfaces/crazyflie_interfaces/msg/rosidl_typesupport_fastrtps_c__visibility_control.h
-- Up-to-date: /home/developer/ros2_ws/src/crazyflie_interfaces/install/crazyflie_interfaces/include/crazyflie_interfaces/crazyflie_interfaces/msg/detail
-- Installing: /home/developer/ros2_ws/src/crazyflie_interfaces/install/crazyflie_interfaces/include/crazyflie_interfaces/crazyflie_interfaces/msg/detail/flat_target__rosidl_typesupport_fastrtps_c.h
-- Installing: /home/developer/ros2_ws/src/crazyflie_interfaces/install/crazyflie_interfaces/lib/libcrazyflie_interfaces__rosidl_typesupport_fastrtps_c.so
-- Set runtime path of "/home/developer/ros2_ws/src/crazyflie_interfaces/install/crazyflie_interfaces/lib/libcrazyflie_interfaces__rosidl_typesupport_fastrtps_c.so" to ""
-- Up-to-date: /home/developer/ros2_ws/src/crazyflie_interfaces/install/crazyflie_interfaces/include/crazyflie_interfaces/crazyflie_interfaces
-- Up-to-date: /home/developer/ros2_ws/src/crazyflie_interfaces/install/crazyflie_interfaces/include/crazyflie_interfaces/crazyflie_interfaces/msg
-- Installing: /home/developer/ros2_ws/src/crazyflie_interfaces/install/crazyflie_interfaces/include/crazyflie_interfaces/crazyflie_interfaces/msg/rosidl_generator_cpp__visibility_control.hpp
-- Installing: /home/developer/ros2_ws/src/crazyflie_interfaces/install/crazyflie_interfaces/include/crazyflie_interfaces/crazyflie_interfaces/msg/flat_target.hpp
-- Up-to-date: /home/developer/ros2_ws/src/crazyflie_interfaces/install/crazyflie_interfaces/include/crazyflie_interfaces/crazyflie_interfaces/msg/detail
-- Installing: /home/developer/ros2_ws/src/crazyflie_interfaces/install/crazyflie_interfaces/include/crazyflie_interfaces/crazyflie_interfaces/msg/detail/flat_target__type_support.hpp
-- Installing: /home/developer/ros2_ws/src/crazyflie_interfaces/install/crazyflie_interfaces/include/crazyflie_interfaces/crazyflie_interfaces/msg/detail/flat_target__builder.hpp
-- Installing: /home/developer/ros2_ws/src/crazyflie_interfaces/install/crazyflie_interfaces/include/crazyflie_interfaces/crazyflie_interfaces/msg/detail/flat_target__struct.hpp
-- Installing: /home/developer/ros2_ws/src/crazyflie_interfaces/install/crazyflie_interfaces/include/crazyflie_interfaces/crazyflie_interfaces/msg/detail/flat_target__traits.hpp
-- Up-to-date: /home/developer/ros2_ws/src/crazyflie_interfaces/install/crazyflie_interfaces/include/crazyflie_interfaces/crazyflie_interfaces
-- Up-to-date: /home/developer/ros2_ws/src/crazyflie_interfaces/install/crazyflie_interfaces/include/crazyflie_interfaces/crazyflie_interfaces/msg
-- Installing: /home/developer/ros2_ws/src/crazyflie_interfaces/install/crazyflie_interfaces/include/crazyflie_interfaces/crazyflie_interfaces/msg/rosidl_typesupport_fastrtps_cpp__visibility_control.h
-- Up-to-date: /home/developer/ros2_ws/src/crazyflie_interfaces/install/crazyflie_interfaces/include/crazyflie_interfaces/crazyflie_interfaces/msg/detail
-- Installing: /home/developer/ros2_ws/src/crazyflie_interfaces/install/crazyflie_interfaces/include/crazyflie_interfaces/crazyflie_interfaces/msg/detail/dds_fastrtps
-- Installing: /home/developer/ros2_ws/src/crazyflie_interfaces/install/crazyflie_interfaces/include/crazyflie_interfaces/crazyflie_interfaces/msg/detail/flat_target__rosidl_typesupport_fastrtps_cpp.hpp
-- Installing: /home/developer/ros2_ws/src/crazyflie_interfaces/install/crazyflie_interfaces/lib/libcrazyflie_interfaces__rosidl_typesupport_fastrtps_cpp.so
-- Set runtime path of "/home/developer/ros2_ws/src/crazyflie_interfaces/install/crazyflie_interfaces/lib/libcrazyflie_interfaces__rosidl_typesupport_fastrtps_cpp.so" to ""
-- Up-to-date: /home/developer/ros2_ws/src/crazyflie_interfaces/install/crazyflie_interfaces/include/crazyflie_interfaces/crazyflie_interfaces
-- Up-to-date: /home/developer/ros2_ws/src/crazyflie_interfaces/install/crazyflie_interfaces/include/crazyflie_interfaces/crazyflie_interfaces/msg
-- Up-to-date: /home/developer/ros2_ws/src/crazyflie_interfaces/install/crazyflie_interfaces/include/crazyflie_interfaces/crazyflie_interfaces/msg/detail
-- Installing: /home/developer/ros2_ws/src/crazyflie_interfaces/install/crazyflie_interfaces/include/crazyflie_interfaces/crazyflie_interfaces/msg/detail/flat_target__rosidl_typesupport_introspection_c.h
-- Installing: /home/developer/ros2_ws/src/crazyflie_interfaces/install/crazyflie_interfaces/include/crazyflie_interfaces/crazyflie_interfaces/msg/detail/flat_target__type_support.c
-- Installing: /home/developer/ros2_ws/src/crazyflie_interfaces/install/crazyflie_interfaces/include/crazyflie_interfaces/crazyflie_interfaces/msg/rosidl_typesupport_introspection_c__visibility_control.h
-- Installing: /home/developer/ros2_ws/src/crazyflie_interfaces/install/crazyflie_interfaces/lib/libcrazyflie_interfaces__rosidl_typesupport_introspection_c.so
-- Set runtime path of "/home/developer/ros2_ws/src/crazyflie_interfaces/install/crazyflie_interfaces/lib/libcrazyflie_interfaces__rosidl_typesupport_introspection_c.so" to ""
-- Installing: /home/developer/ros2_ws/src/crazyflie_interfaces/install/crazyflie_interfaces/lib/libcrazyflie_interfaces__rosidl_typesupport_c.so
-- Set runtime path of "/home/developer/ros2_ws/src/crazyflie_interfaces/install/crazyflie_interfaces/lib/libcrazyflie_interfaces__rosidl_typesupport_c.so" to ""
-- Up-to-date: /home/developer/ros2_ws/src/crazyflie_interfaces/install/crazyflie_interfaces/include/crazyflie_interfaces/crazyflie_interfaces
-- Up-to-date: /home/developer/ros2_ws/src/crazyflie_interfaces/install/crazyflie_interfaces/include/crazyflie_interfaces/crazyflie_interfaces/msg
-- Up-to-date: /home/developer/ros2_ws/src/crazyflie_interfaces/install/crazyflie_interfaces/include/crazyflie_interfaces/crazyflie_interfaces/msg/detail
-- Installing: /home/developer/ros2_ws/src/crazyflie_interfaces/install/crazyflie_interfaces/include/crazyflie_interfaces/crazyflie_interfaces/msg/detail/flat_target__rosidl_typesupport_introspection_cpp.hpp
-- Installing: /home/developer/ros2_ws/src/crazyflie_interfaces/install/crazyflie_interfaces/include/crazyflie_interfaces/crazyflie_interfaces/msg/detail/flat_target__type_support.cpp
-- Installing: /home/developer/ros2_ws/src/crazyflie_interfaces/install/crazyflie_interfaces/lib/libcrazyflie_interfaces__rosidl_typesupport_introspection_cpp.so
-- Set runtime path of "/home/developer/ros2_ws/src/crazyflie_interfaces/install/crazyflie_interfaces/lib/libcrazyflie_interfaces__rosidl_typesupport_introspection_cpp.so" to ""
-- Installing: /home/developer/ros2_ws/src/crazyflie_interfaces/install/crazyflie_interfaces/lib/libcrazyflie_interfaces__rosidl_typesupport_cpp.so
-- Set runtime path of "/home/developer/ros2_ws/src/crazyflie_interfaces/install/crazyflie_interfaces/lib/libcrazyflie_interfaces__rosidl_typesupport_cpp.so" to ""
-- Installing: /home/developer/ros2_ws/src/crazyflie_interfaces/install/crazyflie_interfaces/share/crazyflie_interfaces/environment/pythonpath.sh
-- Installing: /home/developer/ros2_ws/src/crazyflie_interfaces/install/crazyflie_interfaces/share/crazyflie_interfaces/environment/pythonpath.dsv
-- Installing: /home/developer/ros2_ws/src/crazyflie_interfaces/install/crazyflie_interfaces/local/lib/python3.10/dist-packages/crazyflie_interfaces-0.0.0-py3.10.egg-info
-- Installing: /home/developer/ros2_ws/src/crazyflie_interfaces/install/crazyflie_interfaces/local/lib/python3.10/dist-packages/crazyflie_interfaces-0.0.0-py3.10.egg-info/top_level.txt
-- Installing: /home/developer/ros2_ws/src/crazyflie_interfaces/install/crazyflie_interfaces/local/lib/python3.10/dist-packages/crazyflie_interfaces-0.0.0-py3.10.egg-info/PKG-INFO
-- Installing: /home/developer/ros2_ws/src/crazyflie_interfaces/install/crazyflie_interfaces/local/lib/python3.10/dist-packages/crazyflie_interfaces-0.0.0-py3.10.egg-info/SOURCES.txt
-- Installing: /home/developer/ros2_ws/src/crazyflie_interfaces/install/crazyflie_interfaces/local/lib/python3.10/dist-packages/crazyflie_interfaces-0.0.0-py3.10.egg-info/dependency_links.txt
-- Installing: /home/developer/ros2_ws/src/crazyflie_interfaces/install/crazyflie_interfaces/local/lib/python3.10/dist-packages/crazyflie_interfaces
-- Installing: /home/developer/ros2_ws/src/crazyflie_interfaces/install/crazyflie_interfaces/local/lib/python3.10/dist-packages/crazyflie_interfaces/crazyflie_interfaces_s__rosidl_typesupport_introspection_c.cpython-310-x86_64-linux-gnu.so
-- Installing: /home/developer/ros2_ws/src/crazyflie_interfaces/install/crazyflie_interfaces/local/lib/python3.10/dist-packages/crazyflie_interfaces/msg
-- Installing: /home/developer/ros2_ws/src/crazyflie_interfaces/install/crazyflie_interfaces/local/lib/python3.10/dist-packages/crazyflie_interfaces/msg/_flat_target_s.c
-- Installing: /home/developer/ros2_ws/src/crazyflie_interfaces/install/crazyflie_interfaces/local/lib/python3.10/dist-packages/crazyflie_interfaces/msg/__init__.py
-- Installing: /home/developer/ros2_ws/src/crazyflie_interfaces/install/crazyflie_interfaces/local/lib/python3.10/dist-packages/crazyflie_interfaces/msg/_flat_target.py
-- Installing: /home/developer/ros2_ws/src/crazyflie_interfaces/install/crazyflie_interfaces/local/lib/python3.10/dist-packages/crazyflie_interfaces/_crazyflie_interfaces_s.ep.rosidl_typesupport_c.c
-- Installing: /home/developer/ros2_ws/src/crazyflie_interfaces/install/crazyflie_interfaces/local/lib/python3.10/dist-packages/crazyflie_interfaces/_crazyflie_interfaces_s.ep.rosidl_typesupport_fastrtps_c.c
-- Installing: /home/developer/ros2_ws/src/crazyflie_interfaces/install/crazyflie_interfaces/local/lib/python3.10/dist-packages/crazyflie_interfaces/crazyflie_interfaces_s__rosidl_typesupport_c.cpython-310-x86_64-linux-gnu.so
-- Installing: /home/developer/ros2_ws/src/crazyflie_interfaces/install/crazyflie_interfaces/local/lib/python3.10/dist-packages/crazyflie_interfaces/__init__.py
-- Installing: /home/developer/ros2_ws/src/crazyflie_interfaces/install/crazyflie_interfaces/local/lib/python3.10/dist-packages/crazyflie_interfaces/crazyflie_interfaces_s__rosidl_typesupport_fastrtps_c.cpython-310-x86_64-linux-gnu.so
-- Installing: /home/developer/ros2_ws/src/crazyflie_interfaces/install/crazyflie_interfaces/local/lib/python3.10/dist-packages/crazyflie_interfaces/_crazyflie_interfaces_s.ep.rosidl_typesupport_introspection_c.c
-- Installing: /home/developer/ros2_ws/src/crazyflie_interfaces/install/crazyflie_interfaces/local/lib/python3.10/dist-packages/crazyflie_interfaces/libcrazyflie_interfaces__rosidl_generator_py.so
Listing '/home/developer/ros2_ws/src/crazyflie_interfaces/install/crazyflie_interfaces/local/lib/python3.10/dist-packages/crazyflie_interfaces'...
Compiling '/home/developer/ros2_ws/src/crazyflie_interfaces/install/crazyflie_interfaces/local/lib/python3.10/dist-packages/crazyflie_interfaces/__init__.py'...
Listing '/home/developer/ros2_ws/src/crazyflie_interfaces/install/crazyflie_interfaces/local/lib/python3.10/dist-packages/crazyflie_interfaces/msg'...
Compiling '/home/developer/ros2_ws/src/crazyflie_interfaces/install/crazyflie_interfaces/local/lib/python3.10/dist-packages/crazyflie_interfaces/msg/__init__.py'...
Compiling '/home/developer/ros2_ws/src/crazyflie_interfaces/install/crazyflie_interfaces/local/lib/python3.10/dist-packages/crazyflie_interfaces/msg/_flat_target.py'...
-- Installing: /home/developer/ros2_ws/src/crazyflie_interfaces/install/crazyflie_interfaces/local/lib/python3.10/dist-packages/crazyflie_interfaces/crazyflie_interfaces_s__rosidl_typesupport_fastrtps_c.cpython-310-x86_64-linux-gnu.so
-- Set runtime path of "/home/developer/ros2_ws/src/crazyflie_interfaces/install/crazyflie_interfaces/local/lib/python3.10/dist-packages/crazyflie_interfaces/crazyflie_interfaces_s__rosidl_typesupport_fastrtps_c.cpython-310-x86_64-linux-gnu.so" to ""
-- Installing: /home/developer/ros2_ws/src/crazyflie_interfaces/install/crazyflie_interfaces/local/lib/python3.10/dist-packages/crazyflie_interfaces/crazyflie_interfaces_s__rosidl_typesupport_introspection_c.cpython-310-x86_64-linux-gnu.so
-- Set runtime path of "/home/developer/ros2_ws/src/crazyflie_interfaces/install/crazyflie_interfaces/local/lib/python3.10/dist-packages/crazyflie_interfaces/crazyflie_interfaces_s__rosidl_typesupport_introspection_c.cpython-310-x86_64-linux-gnu.so" to ""
-- Installing: /home/developer/ros2_ws/src/crazyflie_interfaces/install/crazyflie_interfaces/local/lib/python3.10/dist-packages/crazyflie_interfaces/crazyflie_interfaces_s__rosidl_typesupport_c.cpython-310-x86_64-linux-gnu.so
-- Set runtime path of "/home/developer/ros2_ws/src/crazyflie_interfaces/install/crazyflie_interfaces/local/lib/python3.10/dist-packages/crazyflie_interfaces/crazyflie_interfaces_s__rosidl_typesupport_c.cpython-310-x86_64-linux-gnu.so" to ""
-- Installing: /home/developer/ros2_ws/src/crazyflie_interfaces/install/crazyflie_interfaces/lib/libcrazyflie_interfaces__rosidl_generator_py.so
-- Set runtime path of "/home/developer/ros2_ws/src/crazyflie_interfaces/install/crazyflie_interfaces/lib/libcrazyflie_interfaces__rosidl_generator_py.so" to ""
-- Installing: /home/developer/ros2_ws/src/crazyflie_interfaces/install/crazyflie_interfaces/share/crazyflie_interfaces/msg/FlatTarget.idl
-- Installing: /home/developer/ros2_ws/src/crazyflie_interfaces/install/crazyflie_interfaces/share/crazyflie_interfaces/msg/FlatTarget.msg
-- Up-to-date: /home/developer/ros2_ws/src/crazyflie_interfaces/install/crazyflie_interfaces/share/ament_index/resource_index/package_run_dependencies/crazyflie_interfaces
-- Installing: /home/developer/ros2_ws/src/crazyflie_interfaces/install/crazyflie_interfaces/share/ament_index/resource_index/parent_prefix_path/crazyflie_interfaces
-- Up-to-date: /home/developer/ros2_ws/src/crazyflie_interfaces/install/crazyflie_interfaces/share/crazyflie_interfaces/environment/ament_prefix_path.sh
-- Installing: /home/developer/ros2_ws/src/crazyflie_interfaces/install/crazyflie_interfaces/share/crazyflie_interfaces/environment/ament_prefix_path.dsv
-- Up-to-date: /home/developer/ros2_ws/src/crazyflie_interfaces/install/crazyflie_interfaces/share/crazyflie_interfaces/environment/path.sh
-- Installing: /home/developer/ros2_ws/src/crazyflie_interfaces/install/crazyflie_interfaces/share/crazyflie_interfaces/environment/path.dsv
-- Up-to-date: /home/developer/ros2_ws/src/crazyflie_interfaces/install/crazyflie_interfaces/share/crazyflie_interfaces/local_setup.bash
-- Installing: /home/developer/ros2_ws/src/crazyflie_interfaces/install/crazyflie_interfaces/share/crazyflie_interfaces/local_setup.sh
-- Up-to-date: /home/developer/ros2_ws/src/crazyflie_interfaces/install/crazyflie_interfaces/share/crazyflie_interfaces/local_setup.zsh
-- Installing: /home/developer/ros2_ws/src/crazyflie_interfaces/install/crazyflie_interfaces/share/crazyflie_interfaces/local_setup.dsv
-- Installing: /home/developer/ros2_ws/src/crazyflie_interfaces/install/crazyflie_interfaces/share/crazyflie_interfaces/package.dsv
-- Up-to-date: /home/developer/ros2_ws/src/crazyflie_interfaces/install/crazyflie_interfaces/share/ament_index/resource_index/packages/crazyflie_interfaces
-- Installing: /home/developer/ros2_ws/src/crazyflie_interfaces/install/crazyflie_interfaces/share/crazyflie_interfaces/cmake/export_crazyflie_interfaces__rosidl_generator_cExport.cmake
-- Installing: /home/developer/ros2_ws/src/crazyflie_interfaces/install/crazyflie_interfaces/share/crazyflie_interfaces/cmake/export_crazyflie_interfaces__rosidl_generator_cExport-noconfig.cmake
-- Installing: /home/developer/ros2_ws/src/crazyflie_interfaces/install/crazyflie_interfaces/share/crazyflie_interfaces/cmake/export_crazyflie_interfaces__rosidl_typesupport_fastrtps_cExport.cmake
-- Installing: /home/developer/ros2_ws/src/crazyflie_interfaces/install/crazyflie_interfaces/share/crazyflie_interfaces/cmake/export_crazyflie_interfaces__rosidl_typesupport_fastrtps_cExport-noconfig.cmake
-- Installing: /home/developer/ros2_ws/src/crazyflie_interfaces/install/crazyflie_interfaces/share/crazyflie_interfaces/cmake/export_crazyflie_interfaces__rosidl_generator_cppExport.cmake
-- Installing: /home/developer/ros2_ws/src/crazyflie_interfaces/install/crazyflie_interfaces/share/crazyflie_interfaces/cmake/export_crazyflie_interfaces__rosidl_typesupport_fastrtps_cppExport.cmake
-- Installing: /home/developer/ros2_ws/src/crazyflie_interfaces/install/crazyflie_interfaces/share/crazyflie_interfaces/cmake/export_crazyflie_interfaces__rosidl_typesupport_fastrtps_cppExport-noconfig.cmake
-- Installing: /home/developer/ros2_ws/src/crazyflie_interfaces/install/crazyflie_interfaces/share/crazyflie_interfaces/cmake/crazyflie_interfaces__rosidl_typesupport_introspection_cExport.cmake
-- Installing: /home/developer/ros2_ws/src/crazyflie_interfaces/install/crazyflie_interfaces/share/crazyflie_interfaces/cmake/crazyflie_interfaces__rosidl_typesupport_introspection_cExport-noconfig.cmake
-- Installing: /home/developer/ros2_ws/src/crazyflie_interfaces/install/crazyflie_interfaces/share/crazyflie_interfaces/cmake/crazyflie_interfaces__rosidl_typesupport_cExport.cmake
-- Installing: /home/developer/ros2_ws/src/crazyflie_interfaces/install/crazyflie_interfaces/share/crazyflie_interfaces/cmake/crazyflie_interfaces__rosidl_typesupport_cExport-noconfig.cmake
-- Installing: /home/developer/ros2_ws/src/crazyflie_interfaces/install/crazyflie_interfaces/share/crazyflie_interfaces/cmake/crazyflie_interfaces__rosidl_typesupport_introspection_cppExport.cmake
-- Installing: /home/developer/ros2_ws/src/crazyflie_interfaces/install/crazyflie_interfaces/share/crazyflie_interfaces/cmake/crazyflie_interfaces__rosidl_typesupport_introspection_cppExport-noconfig.cmake
-- Installing: /home/developer/ros2_ws/src/crazyflie_interfaces/install/crazyflie_interfaces/share/crazyflie_interfaces/cmake/crazyflie_interfaces__rosidl_typesupport_cppExport.cmake
-- Installing: /home/developer/ros2_ws/src/crazyflie_interfaces/install/crazyflie_interfaces/share/crazyflie_interfaces/cmake/crazyflie_interfaces__rosidl_typesupport_cppExport-noconfig.cmake
-- Installing: /home/developer/ros2_ws/src/crazyflie_interfaces/install/crazyflie_interfaces/share/crazyflie_interfaces/cmake/export_crazyflie_interfaces__rosidl_generator_pyExport.cmake
-- Installing: /home/developer/ros2_ws/src/crazyflie_interfaces/install/crazyflie_interfaces/share/crazyflie_interfaces/cmake/export_crazyflie_interfaces__rosidl_generator_pyExport-noconfig.cmake
-- Installing: /home/developer/ros2_ws/src/crazyflie_interfaces/install/crazyflie_interfaces/share/crazyflie_interfaces/cmake/rosidl_cmake-extras.cmake
-- Installing: /home/developer/ros2_ws/src/crazyflie_interfaces/install/crazyflie_interfaces/share/crazyflie_interfaces/cmake/ament_cmake_export_dependencies-extras.cmake
-- Installing: /home/developer/ros2_ws/src/crazyflie_interfaces/install/crazyflie_interfaces/share/crazyflie_interfaces/cmake/ament_cmake_export_include_directories-extras.cmake
-- Installing: /home/developer/ros2_ws/src/crazyflie_interfaces/install/crazyflie_interfaces/share/crazyflie_interfaces/cmake/ament_cmake_export_libraries-extras.cmake
-- Installing: /home/developer/ros2_ws/src/crazyflie_interfaces/install/crazyflie_interfaces/share/crazyflie_interfaces/cmake/ament_cmake_export_targets-extras.cmake
-- Installing: /home/developer/ros2_ws/src/crazyflie_interfaces/install/crazyflie_interfaces/share/crazyflie_interfaces/cmake/rosidl_cmake_export_typesupport_targets-extras.cmake
-- Installing: /home/developer/ros2_ws/src/crazyflie_interfaces/install/crazyflie_interfaces/share/crazyflie_interfaces/cmake/rosidl_cmake_export_typesupport_libraries-extras.cmake
-- Installing: /home/developer/ros2_ws/src/crazyflie_interfaces/install/crazyflie_interfaces/share/crazyflie_interfaces/cmake/crazyflie_interfacesConfig.cmake
-- Up-to-date: /home/developer/ros2_ws/src/crazyflie_interfaces/install/crazyflie_interfaces/share/crazyflie_interfaces/cmake/crazyflie_interfacesConfig-version.cmake
-- Up-to-date: /home/developer/ros2_ws/src/crazyflie_interfaces/install/crazyflie_interfaces/share/crazyflie_interfaces/package.xml
