[0.129s] DEBUG:colcon:Command line arguments: ['/usr/bin/colcon', 'build']
[0.129s] DEBUG:colcon:Parsed command line arguments: Namespace(log_base=None, log_level=None, verb_name='build', build_base='build', install_base='install', merge_install=False, symlink_install=False, test_result_base=None, continue_on_error=False, executor='parallel', parallel_workers=24, event_handlers=None, ignore_user_meta=False, metas=['./colcon.meta'], base_paths=['.'], packages_ignore=None, packages_ignore_regex=None, paths=None, packages_up_to=None, packages_up_to_regex=None, packages_above=None, packages_above_and_dependencies=None, packages_above_depth=None, packages_select_by_dep=None, packages_skip_by_dep=None, packages_skip_up_to=None, packages_select_build_failed=False, packages_skip_build_finished=False, packages_select_test_failures=False, packages_skip_test_passed=False, packages_select=None, packages_skip=None, packages_select_regex=None, packages_skip_regex=None, packages_start=None, packages_end=None, allow_overriding=[], cmake_args=None, cmake_target=None, cmake_target_skip_unavailable=False, cmake_clean_cache=False, cmake_clean_first=False, cmake_force_configure=False, ament_cmake_args=None, catkin_cmake_args=None, catkin_skip_building_tests=False, mixin_files=None, mixin=None, verb_parser=<colcon_mixin.mixin.mixin_argument.MixinArgumentDecorator object at 0x729420ddd810>, verb_extension=<colcon_core.verb.build.BuildVerb object at 0x729420ddd030>, main=<bound method BuildVerb.main of <colcon_core.verb.build.BuildVerb object at 0x729420ddd030>>, mixin_verb=('build',))
[0.173s] Level 1:colcon.colcon_core.package_discovery:discover_packages(colcon_meta) check parameters
[0.173s] Level 1:colcon.colcon_core.package_discovery:discover_packages(recursive) check parameters
[0.173s] Level 1:colcon.colcon_core.package_discovery:discover_packages(ignore) check parameters
[0.173s] Level 1:colcon.colcon_core.package_discovery:discover_packages(path) check parameters
[0.173s] Level 1:colcon.colcon_core.package_discovery:discover_packages(colcon_meta) discover
[0.173s] Level 1:colcon.colcon_core.package_discovery:discover_packages(recursive) discover
[0.173s] INFO:colcon.colcon_core.package_discovery:Crawling recursively for packages in '/home/developer/ros2_ws/src'
[0.173s] Level 1:colcon.colcon_core.package_identification:_identify(.) by extensions ['ignore', 'ignore_ament_install']
[0.173s] Level 1:colcon.colcon_core.package_identification:_identify(.) by extension 'ignore'
[0.173s] Level 1:colcon.colcon_core.package_identification:_identify(.) by extension 'ignore_ament_install'
[0.173s] Level 1:colcon.colcon_core.package_identification:_identify(.) by extensions ['colcon_pkg']
[0.173s] Level 1:colcon.colcon_core.package_identification:_identify(.) by extension 'colcon_pkg'
[0.173s] Level 1:colcon.colcon_core.package_identification:_identify(.) by extensions ['colcon_meta']
[0.173s] Level 1:colcon.colcon_core.package_identification:_identify(.) by extension 'colcon_meta'
[0.173s] Level 1:colcon.colcon_core.package_identification:_identify(.) by extensions ['ros']
[0.173s] Level 1:colcon.colcon_core.package_identification:_identify(.) by extension 'ros'
[0.198s] Level 1:colcon.colcon_core.package_identification:_identify(.) by extensions ['cmake', 'python']
[0.198s] Level 1:colcon.colcon_core.package_identification:_identify(.) by extension 'cmake'
[0.198s] Level 1:colcon.colcon_core.package_identification:_identify(.) by extension 'python'
[0.198s] Level 1:colcon.colcon_core.package_identification:_identify(.) by extensions ['python_setup_py']
[0.198s] Level 1:colcon.colcon_core.package_identification:_identify(.) by extension 'python_setup_py'
[0.198s] Level 1:colcon.colcon_core.package_identification:_identify(bag_files) by extensions ['ignore', 'ignore_ament_install']
[0.199s] Level 1:colcon.colcon_core.package_identification:_identify(bag_files) by extension 'ignore'
[0.199s] Level 1:colcon.colcon_core.package_identification:_identify(bag_files) by extension 'ignore_ament_install'
[0.199s] Level 1:colcon.colcon_core.package_identification:_identify(bag_files) by extensions ['colcon_pkg']
[0.199s] Level 1:colcon.colcon_core.package_identification:_identify(bag_files) by extension 'colcon_pkg'
[0.199s] Level 1:colcon.colcon_core.package_identification:_identify(bag_files) by extensions ['colcon_meta']
[0.199s] Level 1:colcon.colcon_core.package_identification:_identify(bag_files) by extension 'colcon_meta'
[0.199s] Level 1:colcon.colcon_core.package_identification:_identify(bag_files) by extensions ['ros']
[0.199s] Level 1:colcon.colcon_core.package_identification:_identify(bag_files) by extension 'ros'
[0.199s] Level 1:colcon.colcon_core.package_identification:_identify(bag_files) by extensions ['cmake', 'python']
[0.199s] Level 1:colcon.colcon_core.package_identification:_identify(bag_files) by extension 'cmake'
[0.199s] Level 1:colcon.colcon_core.package_identification:_identify(bag_files) by extension 'python'
[0.199s] Level 1:colcon.colcon_core.package_identification:_identify(bag_files) by extensions ['python_setup_py']
[0.199s] Level 1:colcon.colcon_core.package_identification:_identify(bag_files) by extension 'python_setup_py'
[0.199s] Level 1:colcon.colcon_core.package_identification:_identify(bag_files/rosbag2_2026_03_18-10_49_19) by extensions ['ignore', 'ignore_ament_install']
[0.199s] Level 1:colcon.colcon_core.package_identification:_identify(bag_files/rosbag2_2026_03_18-10_49_19) by extension 'ignore'
[0.199s] Level 1:colcon.colcon_core.package_identification:_identify(bag_files/rosbag2_2026_03_18-10_49_19) by extension 'ignore_ament_install'
[0.199s] Level 1:colcon.colcon_core.package_identification:_identify(bag_files/rosbag2_2026_03_18-10_49_19) by extensions ['colcon_pkg']
[0.199s] Level 1:colcon.colcon_core.package_identification:_identify(bag_files/rosbag2_2026_03_18-10_49_19) by extension 'colcon_pkg'
[0.199s] Level 1:colcon.colcon_core.package_identification:_identify(bag_files/rosbag2_2026_03_18-10_49_19) by extensions ['colcon_meta']
[0.199s] Level 1:colcon.colcon_core.package_identification:_identify(bag_files/rosbag2_2026_03_18-10_49_19) by extension 'colcon_meta'
[0.199s] Level 1:colcon.colcon_core.package_identification:_identify(bag_files/rosbag2_2026_03_18-10_49_19) by extensions ['ros']
[0.199s] Level 1:colcon.colcon_core.package_identification:_identify(bag_files/rosbag2_2026_03_18-10_49_19) by extension 'ros'
[0.199s] Level 1:colcon.colcon_core.package_identification:_identify(bag_files/rosbag2_2026_03_18-10_49_19) by extensions ['cmake', 'python']
[0.199s] Level 1:colcon.colcon_core.package_identification:_identify(bag_files/rosbag2_2026_03_18-10_49_19) by extension 'cmake'
[0.199s] Level 1:colcon.colcon_core.package_identification:_identify(bag_files/rosbag2_2026_03_18-10_49_19) by extension 'python'
[0.199s] Level 1:colcon.colcon_core.package_identification:_identify(bag_files/rosbag2_2026_03_18-10_49_19) by extensions ['python_setup_py']
[0.199s] Level 1:colcon.colcon_core.package_identification:_identify(bag_files/rosbag2_2026_03_18-10_49_19) by extension 'python_setup_py'
[0.200s] Level 1:colcon.colcon_core.package_identification:_identify(bag_files/rosbag2_2026_03_18-10_51_23) by extensions ['ignore', 'ignore_ament_install']
[0.200s] Level 1:colcon.colcon_core.package_identification:_identify(bag_files/rosbag2_2026_03_18-10_51_23) by extension 'ignore'
[0.200s] Level 1:colcon.colcon_core.package_identification:_identify(bag_files/rosbag2_2026_03_18-10_51_23) by extension 'ignore_ament_install'
[0.200s] Level 1:colcon.colcon_core.package_identification:_identify(bag_files/rosbag2_2026_03_18-10_51_23) by extensions ['colcon_pkg']
[0.200s] Level 1:colcon.colcon_core.package_identification:_identify(bag_files/rosbag2_2026_03_18-10_51_23) by extension 'colcon_pkg'
[0.200s] Level 1:colcon.colcon_core.package_identification:_identify(bag_files/rosbag2_2026_03_18-10_51_23) by extensions ['colcon_meta']
[0.200s] Level 1:colcon.colcon_core.package_identification:_identify(bag_files/rosbag2_2026_03_18-10_51_23) by extension 'colcon_meta'
[0.200s] Level 1:colcon.colcon_core.package_identification:_identify(bag_files/rosbag2_2026_03_18-10_51_23) by extensions ['ros']
[0.200s] Level 1:colcon.colcon_core.package_identification:_identify(bag_files/rosbag2_2026_03_18-10_51_23) by extension 'ros'
[0.200s] Level 1:colcon.colcon_core.package_identification:_identify(bag_files/rosbag2_2026_03_18-10_51_23) by extensions ['cmake', 'python']
[0.200s] Level 1:colcon.colcon_core.package_identification:_identify(bag_files/rosbag2_2026_03_18-10_51_23) by extension 'cmake'
[0.200s] Level 1:colcon.colcon_core.package_identification:_identify(bag_files/rosbag2_2026_03_18-10_51_23) by extension 'python'
[0.200s] Level 1:colcon.colcon_core.package_identification:_identify(bag_files/rosbag2_2026_03_18-10_51_23) by extensions ['python_setup_py']
[0.200s] Level 1:colcon.colcon_core.package_identification:_identify(bag_files/rosbag2_2026_03_18-10_51_23) by extension 'python_setup_py'
[0.200s] Level 1:colcon.colcon_core.package_identification:_identify(build) by extensions ['ignore', 'ignore_ament_install']
[0.200s] Level 1:colcon.colcon_core.package_identification:_identify(build) by extension 'ignore'
[0.200s] Level 1:colcon.colcon_core.package_identification:_identify(build) ignored
[0.200s] Level 1:colcon.colcon_core.package_identification:_identify(cf_control) by extensions ['ignore', 'ignore_ament_install']
[0.200s] Level 1:colcon.colcon_core.package_identification:_identify(cf_control) by extension 'ignore'
[0.200s] Level 1:colcon.colcon_core.package_identification:_identify(cf_control) by extension 'ignore_ament_install'
[0.200s] Level 1:colcon.colcon_core.package_identification:_identify(cf_control) by extensions ['colcon_pkg']
[0.200s] Level 1:colcon.colcon_core.package_identification:_identify(cf_control) by extension 'colcon_pkg'
[0.200s] Level 1:colcon.colcon_core.package_identification:_identify(cf_control) by extensions ['colcon_meta']
[0.200s] Level 1:colcon.colcon_core.package_identification:_identify(cf_control) by extension 'colcon_meta'
[0.200s] Level 1:colcon.colcon_core.package_identification:_identify(cf_control) by extensions ['ros']
[0.200s] Level 1:colcon.colcon_core.package_identification:_identify(cf_control) by extension 'ros'
[0.203s] DEBUG:colcon.colcon_core.package_identification:Package 'cf_control' with type 'ros.ament_cmake' and name 'cf_control'
[0.203s] Level 1:colcon.colcon_core.package_identification:_identify(cf_control_msgs) by extensions ['ignore', 'ignore_ament_install']
[0.203s] Level 1:colcon.colcon_core.package_identification:_identify(cf_control_msgs) by extension 'ignore'
[0.203s] Level 1:colcon.colcon_core.package_identification:_identify(cf_control_msgs) by extension 'ignore_ament_install'
[0.203s] Level 1:colcon.colcon_core.package_identification:_identify(cf_control_msgs) by extensions ['colcon_pkg']
[0.203s] Level 1:colcon.colcon_core.package_identification:_identify(cf_control_msgs) by extension 'colcon_pkg'
[0.203s] Level 1:colcon.colcon_core.package_identification:_identify(cf_control_msgs) by extensions ['colcon_meta']
[0.203s] Level 1:colcon.colcon_core.package_identification:_identify(cf_control_msgs) by extension 'colcon_meta'
[0.203s] Level 1:colcon.colcon_core.package_identification:_identify(cf_control_msgs) by extensions ['ros']
[0.203s] Level 1:colcon.colcon_core.package_identification:_identify(cf_control_msgs) by extension 'ros'
[0.204s] DEBUG:colcon.colcon_core.package_identification:Package 'cf_control_msgs' with type 'ros.ament_cmake' and name 'cf_control_msgs'
[0.204s] Level 1:colcon.colcon_core.package_identification:_identify(install) by extensions ['ignore', 'ignore_ament_install']
[0.204s] Level 1:colcon.colcon_core.package_identification:_identify(install) by extension 'ignore'
[0.204s] Level 1:colcon.colcon_core.package_identification:_identify(install) ignored
[0.204s] Level 1:colcon.colcon_core.package_identification:_identify(log) by extensions ['ignore', 'ignore_ament_install']
[0.204s] Level 1:colcon.colcon_core.package_identification:_identify(log) by extension 'ignore'
[0.204s] Level 1:colcon.colcon_core.package_identification:_identify(log) ignored
[0.204s] Level 1:colcon.colcon_core.package_identification:_identify(logs) by extensions ['ignore', 'ignore_ament_install']
[0.204s] Level 1:colcon.colcon_core.package_identification:_identify(logs) by extension 'ignore'
[0.204s] Level 1:colcon.colcon_core.package_identification:_identify(logs) by extension 'ignore_ament_install'
[0.204s] Level 1:colcon.colcon_core.package_identification:_identify(logs) by extensions ['colcon_pkg']
[0.204s] Level 1:colcon.colcon_core.package_identification:_identify(logs) by extension 'colcon_pkg'
[0.204s] Level 1:colcon.colcon_core.package_identification:_identify(logs) by extensions ['colcon_meta']
[0.204s] Level 1:colcon.colcon_core.package_identification:_identify(logs) by extension 'colcon_meta'
[0.204s] Level 1:colcon.colcon_core.package_identification:_identify(logs) by extensions ['ros']
[0.204s] Level 1:colcon.colcon_core.package_identification:_identify(logs) by extension 'ros'
[0.204s] Level 1:colcon.colcon_core.package_identification:_identify(logs) by extensions ['cmake', 'python']
[0.204s] Level 1:colcon.colcon_core.package_identification:_identify(logs) by extension 'cmake'
[0.204s] Level 1:colcon.colcon_core.package_identification:_identify(logs) by extension 'python'
[0.205s] Level 1:colcon.colcon_core.package_identification:_identify(logs) by extensions ['python_setup_py']
[0.205s] Level 1:colcon.colcon_core.package_identification:_identify(logs) by extension 'python_setup_py'
[0.205s] Level 1:colcon.colcon_core.package_identification:_identify(logs/2026-03-18-10-07-43-621960-lsriw-swinica-1357) by extensions ['ignore', 'ignore_ament_install']
[0.205s] Level 1:colcon.colcon_core.package_identification:_identify(logs/2026-03-18-10-07-43-621960-lsriw-swinica-1357) by extension 'ignore'
[0.205s] Level 1:colcon.colcon_core.package_identification:_identify(logs/2026-03-18-10-07-43-621960-lsriw-swinica-1357) by extension 'ignore_ament_install'
[0.205s] Level 1:colcon.colcon_core.package_identification:_identify(logs/2026-03-18-10-07-43-621960-lsriw-swinica-1357) by extensions ['colcon_pkg']
[0.205s] Level 1:colcon.colcon_core.package_identification:_identify(logs/2026-03-18-10-07-43-621960-lsriw-swinica-1357) by extension 'colcon_pkg'
[0.205s] Level 1:colcon.colcon_core.package_identification:_identify(logs/2026-03-18-10-07-43-621960-lsriw-swinica-1357) by extensions ['colcon_meta']
[0.205s] Level 1:colcon.colcon_core.package_identification:_identify(logs/2026-03-18-10-07-43-621960-lsriw-swinica-1357) by extension 'colcon_meta'
[0.205s] Level 1:colcon.colcon_core.package_identification:_identify(logs/2026-03-18-10-07-43-621960-lsriw-swinica-1357) by extensions ['ros']
[0.205s] Level 1:colcon.colcon_core.package_identification:_identify(logs/2026-03-18-10-07-43-621960-lsriw-swinica-1357) by extension 'ros'
[0.205s] Level 1:colcon.colcon_core.package_identification:_identify(logs/2026-03-18-10-07-43-621960-lsriw-swinica-1357) by extensions ['cmake', 'python']
[0.205s] Level 1:colcon.colcon_core.package_identification:_identify(logs/2026-03-18-10-07-43-621960-lsriw-swinica-1357) by extension 'cmake'
[0.205s] Level 1:colcon.colcon_core.package_identification:_identify(logs/2026-03-18-10-07-43-621960-lsriw-swinica-1357) by extension 'python'
[0.205s] Level 1:colcon.colcon_core.package_identification:_identify(logs/2026-03-18-10-07-43-621960-lsriw-swinica-1357) by extensions ['python_setup_py']
[0.205s] Level 1:colcon.colcon_core.package_identification:_identify(logs/2026-03-18-10-07-43-621960-lsriw-swinica-1357) by extension 'python_setup_py'
[0.205s] Level 1:colcon.colcon_core.package_identification:_identify(logs/2026-03-18-10-57-05-514676-lsriw-swinica-18309) by extensions ['ignore', 'ignore_ament_install']
[0.205s] Level 1:colcon.colcon_core.package_identification:_identify(logs/2026-03-18-10-57-05-514676-lsriw-swinica-18309) by extension 'ignore'
[0.205s] Level 1:colcon.colcon_core.package_identification:_identify(logs/2026-03-18-10-57-05-514676-lsriw-swinica-18309) by extension 'ignore_ament_install'
[0.205s] Level 1:colcon.colcon_core.package_identification:_identify(logs/2026-03-18-10-57-05-514676-lsriw-swinica-18309) by extensions ['colcon_pkg']
[0.205s] Level 1:colcon.colcon_core.package_identification:_identify(logs/2026-03-18-10-57-05-514676-lsriw-swinica-18309) by extension 'colcon_pkg'
[0.205s] Level 1:colcon.colcon_core.package_identification:_identify(logs/2026-03-18-10-57-05-514676-lsriw-swinica-18309) by extensions ['colcon_meta']
[0.205s] Level 1:colcon.colcon_core.package_identification:_identify(logs/2026-03-18-10-57-05-514676-lsriw-swinica-18309) by extension 'colcon_meta'
[0.205s] Level 1:colcon.colcon_core.package_identification:_identify(logs/2026-03-18-10-57-05-514676-lsriw-swinica-18309) by extensions ['ros']
[0.205s] Level 1:colcon.colcon_core.package_identification:_identify(logs/2026-03-18-10-57-05-514676-lsriw-swinica-18309) by extension 'ros'
[0.206s] Level 1:colcon.colcon_core.package_identification:_identify(logs/2026-03-18-10-57-05-514676-lsriw-swinica-18309) by extensions ['cmake', 'python']
[0.206s] Level 1:colcon.colcon_core.package_identification:_identify(logs/2026-03-18-10-57-05-514676-lsriw-swinica-18309) by extension 'cmake'
[0.206s] Level 1:colcon.colcon_core.package_identification:_identify(logs/2026-03-18-10-57-05-514676-lsriw-swinica-18309) by extension 'python'
[0.206s] Level 1:colcon.colcon_core.package_identification:_identify(logs/2026-03-18-10-57-05-514676-lsriw-swinica-18309) by extensions ['python_setup_py']
[0.206s] Level 1:colcon.colcon_core.package_identification:_identify(logs/2026-03-18-10-57-05-514676-lsriw-swinica-18309) by extension 'python_setup_py'
[0.206s] Level 1:colcon.colcon_core.package_identification:_identify(logs/2026-03-18-10-59-20-490885-lsriw-swinica-19082) by extensions ['ignore', 'ignore_ament_install']
[0.206s] Level 1:colcon.colcon_core.package_identification:_identify(logs/2026-03-18-10-59-20-490885-lsriw-swinica-19082) by extension 'ignore'
[0.206s] Level 1:colcon.colcon_core.package_identification:_identify(logs/2026-03-18-10-59-20-490885-lsriw-swinica-19082) by extension 'ignore_ament_install'
[0.206s] Level 1:colcon.colcon_core.package_identification:_identify(logs/2026-03-18-10-59-20-490885-lsriw-swinica-19082) by extensions ['colcon_pkg']
[0.206s] Level 1:colcon.colcon_core.package_identification:_identify(logs/2026-03-18-10-59-20-490885-lsriw-swinica-19082) by extension 'colcon_pkg'
[0.206s] Level 1:colcon.colcon_core.package_identification:_identify(logs/2026-03-18-10-59-20-490885-lsriw-swinica-19082) by extensions ['colcon_meta']
[0.206s] Level 1:colcon.colcon_core.package_identification:_identify(logs/2026-03-18-10-59-20-490885-lsriw-swinica-19082) by extension 'colcon_meta'
[0.206s] Level 1:colcon.colcon_core.package_identification:_identify(logs/2026-03-18-10-59-20-490885-lsriw-swinica-19082) by extensions ['ros']
[0.206s] Level 1:colcon.colcon_core.package_identification:_identify(logs/2026-03-18-10-59-20-490885-lsriw-swinica-19082) by extension 'ros'
[0.206s] Level 1:colcon.colcon_core.package_identification:_identify(logs/2026-03-18-10-59-20-490885-lsriw-swinica-19082) by extensions ['cmake', 'python']
[0.206s] Level 1:colcon.colcon_core.package_identification:_identify(logs/2026-03-18-10-59-20-490885-lsriw-swinica-19082) by extension 'cmake'
[0.206s] Level 1:colcon.colcon_core.package_identification:_identify(logs/2026-03-18-10-59-20-490885-lsriw-swinica-19082) by extension 'python'
[0.206s] Level 1:colcon.colcon_core.package_identification:_identify(logs/2026-03-18-10-59-20-490885-lsriw-swinica-19082) by extensions ['python_setup_py']
[0.206s] Level 1:colcon.colcon_core.package_identification:_identify(logs/2026-03-18-10-59-20-490885-lsriw-swinica-19082) by extension 'python_setup_py'
[0.206s] Level 1:colcon.colcon_core.package_identification:_identify(logs/2026-03-18-11-02-01-688828-lsriw-swinica-20620) by extensions ['ignore', 'ignore_ament_install']
[0.206s] Level 1:colcon.colcon_core.package_identification:_identify(logs/2026-03-18-11-02-01-688828-lsriw-swinica-20620) by extension 'ignore'
[0.206s] Level 1:colcon.colcon_core.package_identification:_identify(logs/2026-03-18-11-02-01-688828-lsriw-swinica-20620) by extension 'ignore_ament_install'
[0.206s] Level 1:colcon.colcon_core.package_identification:_identify(logs/2026-03-18-11-02-01-688828-lsriw-swinica-20620) by extensions ['colcon_pkg']
[0.206s] Level 1:colcon.colcon_core.package_identification:_identify(logs/2026-03-18-11-02-01-688828-lsriw-swinica-20620) by extension 'colcon_pkg'
[0.206s] Level 1:colcon.colcon_core.package_identification:_identify(logs/2026-03-18-11-02-01-688828-lsriw-swinica-20620) by extensions ['colcon_meta']
[0.206s] Level 1:colcon.colcon_core.package_identification:_identify(logs/2026-03-18-11-02-01-688828-lsriw-swinica-20620) by extension 'colcon_meta'
[0.206s] Level 1:colcon.colcon_core.package_identification:_identify(logs/2026-03-18-11-02-01-688828-lsriw-swinica-20620) by extensions ['ros']
[0.206s] Level 1:colcon.colcon_core.package_identification:_identify(logs/2026-03-18-11-02-01-688828-lsriw-swinica-20620) by extension 'ros'
[0.207s] Level 1:colcon.colcon_core.package_identification:_identify(logs/2026-03-18-11-02-01-688828-lsriw-swinica-20620) by extensions ['cmake', 'python']
[0.207s] Level 1:colcon.colcon_core.package_identification:_identify(logs/2026-03-18-11-02-01-688828-lsriw-swinica-20620) by extension 'cmake'
[0.207s] Level 1:colcon.colcon_core.package_identification:_identify(logs/2026-03-18-11-02-01-688828-lsriw-swinica-20620) by extension 'python'
[0.207s] Level 1:colcon.colcon_core.package_identification:_identify(logs/2026-03-18-11-02-01-688828-lsriw-swinica-20620) by extensions ['python_setup_py']
[0.207s] Level 1:colcon.colcon_core.package_identification:_identify(logs/2026-03-18-11-02-01-688828-lsriw-swinica-20620) by extension 'python_setup_py'
[0.207s] Level 1:colcon.colcon_core.package_identification:_identify(logs/2026-03-18-11-02-51-263322-lsriw-swinica-21098) by extensions ['ignore', 'ignore_ament_install']
[0.207s] Level 1:colcon.colcon_core.package_identification:_identify(logs/2026-03-18-11-02-51-263322-lsriw-swinica-21098) by extension 'ignore'
[0.207s] Level 1:colcon.colcon_core.package_identification:_identify(logs/2026-03-18-11-02-51-263322-lsriw-swinica-21098) by extension 'ignore_ament_install'
[0.207s] Level 1:colcon.colcon_core.package_identification:_identify(logs/2026-03-18-11-02-51-263322-lsriw-swinica-21098) by extensions ['colcon_pkg']
[0.207s] Level 1:colcon.colcon_core.package_identification:_identify(logs/2026-03-18-11-02-51-263322-lsriw-swinica-21098) by extension 'colcon_pkg'
[0.207s] Level 1:colcon.colcon_core.package_identification:_identify(logs/2026-03-18-11-02-51-263322-lsriw-swinica-21098) by extensions ['colcon_meta']
[0.207s] Level 1:colcon.colcon_core.package_identification:_identify(logs/2026-03-18-11-02-51-263322-lsriw-swinica-21098) by extension 'colcon_meta'
[0.207s] Level 1:colcon.colcon_core.package_identification:_identify(logs/2026-03-18-11-02-51-263322-lsriw-swinica-21098) by extensions ['ros']
[0.207s] Level 1:colcon.colcon_core.package_identification:_identify(logs/2026-03-18-11-02-51-263322-lsriw-swinica-21098) by extension 'ros'
[0.207s] Level 1:colcon.colcon_core.package_identification:_identify(logs/2026-03-18-11-02-51-263322-lsriw-swinica-21098) by extensions ['cmake', 'python']
[0.207s] Level 1:colcon.colcon_core.package_identification:_identify(logs/2026-03-18-11-02-51-263322-lsriw-swinica-21098) by extension 'cmake'
[0.207s] Level 1:colcon.colcon_core.package_identification:_identify(logs/2026-03-18-11-02-51-263322-lsriw-swinica-21098) by extension 'python'
[0.207s] Level 1:colcon.colcon_core.package_identification:_identify(logs/2026-03-18-11-02-51-263322-lsriw-swinica-21098) by extensions ['python_setup_py']
[0.207s] Level 1:colcon.colcon_core.package_identification:_identify(logs/2026-03-18-11-02-51-263322-lsriw-swinica-21098) by extension 'python_setup_py'
[0.207s] Level 1:colcon.colcon_core.package_identification:_identify(logs/2026-03-18-11-05-22-318247-lsriw-swinica-22789) by extensions ['ignore', 'ignore_ament_install']
[0.207s] Level 1:colcon.colcon_core.package_identification:_identify(logs/2026-03-18-11-05-22-318247-lsriw-swinica-22789) by extension 'ignore'
[0.207s] Level 1:colcon.colcon_core.package_identification:_identify(logs/2026-03-18-11-05-22-318247-lsriw-swinica-22789) by extension 'ignore_ament_install'
[0.207s] Level 1:colcon.colcon_core.package_identification:_identify(logs/2026-03-18-11-05-22-318247-lsriw-swinica-22789) by extensions ['colcon_pkg']
[0.207s] Level 1:colcon.colcon_core.package_identification:_identify(logs/2026-03-18-11-05-22-318247-lsriw-swinica-22789) by extension 'colcon_pkg'
[0.207s] Level 1:colcon.colcon_core.package_identification:_identify(logs/2026-03-18-11-05-22-318247-lsriw-swinica-22789) by extensions ['colcon_meta']
[0.207s] Level 1:colcon.colcon_core.package_identification:_identify(logs/2026-03-18-11-05-22-318247-lsriw-swinica-22789) by extension 'colcon_meta'
[0.207s] Level 1:colcon.colcon_core.package_identification:_identify(logs/2026-03-18-11-05-22-318247-lsriw-swinica-22789) by extensions ['ros']
[0.208s] Level 1:colcon.colcon_core.package_identification:_identify(logs/2026-03-18-11-05-22-318247-lsriw-swinica-22789) by extension 'ros'
[0.208s] Level 1:colcon.colcon_core.package_identification:_identify(logs/2026-03-18-11-05-22-318247-lsriw-swinica-22789) by extensions ['cmake', 'python']
[0.208s] Level 1:colcon.colcon_core.package_identification:_identify(logs/2026-03-18-11-05-22-318247-lsriw-swinica-22789) by extension 'cmake'
[0.208s] Level 1:colcon.colcon_core.package_identification:_identify(logs/2026-03-18-11-05-22-318247-lsriw-swinica-22789) by extension 'python'
[0.208s] Level 1:colcon.colcon_core.package_identification:_identify(logs/2026-03-18-11-05-22-318247-lsriw-swinica-22789) by extensions ['python_setup_py']
[0.208s] Level 1:colcon.colcon_core.package_identification:_identify(logs/2026-03-18-11-05-22-318247-lsriw-swinica-22789) by extension 'python_setup_py'
[0.208s] Level 1:colcon.colcon_core.package_identification:_identify(logs/2026-03-18-11-08-30-636703-lsriw-swinica-23659) by extensions ['ignore', 'ignore_ament_install']
[0.208s] Level 1:colcon.colcon_core.package_identification:_identify(logs/2026-03-18-11-08-30-636703-lsriw-swinica-23659) by extension 'ignore'
[0.208s] Level 1:colcon.colcon_core.package_identification:_identify(logs/2026-03-18-11-08-30-636703-lsriw-swinica-23659) by extension 'ignore_ament_install'
[0.208s] Level 1:colcon.colcon_core.package_identification:_identify(logs/2026-03-18-11-08-30-636703-lsriw-swinica-23659) by extensions ['colcon_pkg']
[0.208s] Level 1:colcon.colcon_core.package_identification:_identify(logs/2026-03-18-11-08-30-636703-lsriw-swinica-23659) by extension 'colcon_pkg'
[0.208s] Level 1:colcon.colcon_core.package_identification:_identify(logs/2026-03-18-11-08-30-636703-lsriw-swinica-23659) by extensions ['colcon_meta']
[0.208s] Level 1:colcon.colcon_core.package_identification:_identify(logs/2026-03-18-11-08-30-636703-lsriw-swinica-23659) by extension 'colcon_meta'
[0.208s] Level 1:colcon.colcon_core.package_identification:_identify(logs/2026-03-18-11-08-30-636703-lsriw-swinica-23659) by extensions ['ros']
[0.208s] Level 1:colcon.colcon_core.package_identification:_identify(logs/2026-03-18-11-08-30-636703-lsriw-swinica-23659) by extension 'ros'
[0.208s] Level 1:colcon.colcon_core.package_identification:_identify(logs/2026-03-18-11-08-30-636703-lsriw-swinica-23659) by extensions ['cmake', 'python']
[0.208s] Level 1:colcon.colcon_core.package_identification:_identify(logs/2026-03-18-11-08-30-636703-lsriw-swinica-23659) by extension 'cmake'
[0.208s] Level 1:colcon.colcon_core.package_identification:_identify(logs/2026-03-18-11-08-30-636703-lsriw-swinica-23659) by extension 'python'
[0.208s] Level 1:colcon.colcon_core.package_identification:_identify(logs/2026-03-18-11-08-30-636703-lsriw-swinica-23659) by extensions ['python_setup_py']
[0.208s] Level 1:colcon.colcon_core.package_identification:_identify(logs/2026-03-18-11-08-30-636703-lsriw-swinica-23659) by extension 'python_setup_py'
[0.208s] Level 1:colcon.colcon_core.package_identification:_identify(logs/2026-03-25-10-28-20-317018-lsriw-swinica-11122) by extensions ['ignore', 'ignore_ament_install']
[0.208s] Level 1:colcon.colcon_core.package_identification:_identify(logs/2026-03-25-10-28-20-317018-lsriw-swinica-11122) by extension 'ignore'
[0.208s] Level 1:colcon.colcon_core.package_identification:_identify(logs/2026-03-25-10-28-20-317018-lsriw-swinica-11122) by extension 'ignore_ament_install'
[0.208s] Level 1:colcon.colcon_core.package_identification:_identify(logs/2026-03-25-10-28-20-317018-lsriw-swinica-11122) by extensions ['colcon_pkg']
[0.208s] Level 1:colcon.colcon_core.package_identification:_identify(logs/2026-03-25-10-28-20-317018-lsriw-swinica-11122) by extension 'colcon_pkg'
[0.208s] Level 1:colcon.colcon_core.package_identification:_identify(logs/2026-03-25-10-28-20-317018-lsriw-swinica-11122) by extensions ['colcon_meta']
[0.208s] Level 1:colcon.colcon_core.package_identification:_identify(logs/2026-03-25-10-28-20-317018-lsriw-swinica-11122) by extension 'colcon_meta'
[0.209s] Level 1:colcon.colcon_core.package_identification:_identify(logs/2026-03-25-10-28-20-317018-lsriw-swinica-11122) by extensions ['ros']
[0.209s] Level 1:colcon.colcon_core.package_identification:_identify(logs/2026-03-25-10-28-20-317018-lsriw-swinica-11122) by extension 'ros'
[0.209s] Level 1:colcon.colcon_core.package_identification:_identify(logs/2026-03-25-10-28-20-317018-lsriw-swinica-11122) by extensions ['cmake', 'python']
[0.209s] Level 1:colcon.colcon_core.package_identification:_identify(logs/2026-03-25-10-28-20-317018-lsriw-swinica-11122) by extension 'cmake'
[0.209s] Level 1:colcon.colcon_core.package_identification:_identify(logs/2026-03-25-10-28-20-317018-lsriw-swinica-11122) by extension 'python'
[0.209s] Level 1:colcon.colcon_core.package_identification:_identify(logs/2026-03-25-10-28-20-317018-lsriw-swinica-11122) by extensions ['python_setup_py']
[0.209s] Level 1:colcon.colcon_core.package_identification:_identify(logs/2026-03-25-10-28-20-317018-lsriw-swinica-11122) by extension 'python_setup_py'
[0.209s] Level 1:colcon.colcon_core.package_identification:_identify(logs/2026-04-01-09-51-30-276284-lsriw-swinica-1876) by extensions ['ignore', 'ignore_ament_install']
[0.209s] Level 1:colcon.colcon_core.package_identification:_identify(logs/2026-04-01-09-51-30-276284-lsriw-swinica-1876) by extension 'ignore'
[0.209s] Level 1:colcon.colcon_core.package_identification:_identify(logs/2026-04-01-09-51-30-276284-lsriw-swinica-1876) by extension 'ignore_ament_install'
[0.209s] Level 1:colcon.colcon_core.package_identification:_identify(logs/2026-04-01-09-51-30-276284-lsriw-swinica-1876) by extensions ['colcon_pkg']
[0.209s] Level 1:colcon.colcon_core.package_identification:_identify(logs/2026-04-01-09-51-30-276284-lsriw-swinica-1876) by extension 'colcon_pkg'
[0.209s] Level 1:colcon.colcon_core.package_identification:_identify(logs/2026-04-01-09-51-30-276284-lsriw-swinica-1876) by extensions ['colcon_meta']
[0.209s] Level 1:colcon.colcon_core.package_identification:_identify(logs/2026-04-01-09-51-30-276284-lsriw-swinica-1876) by extension 'colcon_meta'
[0.209s] Level 1:colcon.colcon_core.package_identification:_identify(logs/2026-04-01-09-51-30-276284-lsriw-swinica-1876) by extensions ['ros']
[0.209s] Level 1:colcon.colcon_core.package_identification:_identify(logs/2026-04-01-09-51-30-276284-lsriw-swinica-1876) by extension 'ros'
[0.209s] Level 1:colcon.colcon_core.package_identification:_identify(logs/2026-04-01-09-51-30-276284-lsriw-swinica-1876) by extensions ['cmake', 'python']
[0.209s] Level 1:colcon.colcon_core.package_identification:_identify(logs/2026-04-01-09-51-30-276284-lsriw-swinica-1876) by extension 'cmake'
[0.209s] Level 1:colcon.colcon_core.package_identification:_identify(logs/2026-04-01-09-51-30-276284-lsriw-swinica-1876) by extension 'python'
[0.209s] Level 1:colcon.colcon_core.package_identification:_identify(logs/2026-04-01-09-51-30-276284-lsriw-swinica-1876) by extensions ['python_setup_py']
[0.209s] Level 1:colcon.colcon_core.package_identification:_identify(logs/2026-04-01-09-51-30-276284-lsriw-swinica-1876) by extension 'python_setup_py'
[0.209s] Level 1:colcon.colcon_core.package_identification:_identify(ros_gz_crazyflie_bringup) by extensions ['ignore', 'ignore_ament_install']
[0.209s] Level 1:colcon.colcon_core.package_identification:_identify(ros_gz_crazyflie_bringup) by extension 'ignore'
[0.209s] Level 1:colcon.colcon_core.package_identification:_identify(ros_gz_crazyflie_bringup) by extension 'ignore_ament_install'
[0.209s] Level 1:colcon.colcon_core.package_identification:_identify(ros_gz_crazyflie_bringup) by extensions ['colcon_pkg']
[0.209s] Level 1:colcon.colcon_core.package_identification:_identify(ros_gz_crazyflie_bringup) by extension 'colcon_pkg'
[0.210s] Level 1:colcon.colcon_core.package_identification:_identify(ros_gz_crazyflie_bringup) by extensions ['colcon_meta']
[0.210s] Level 1:colcon.colcon_core.package_identification:_identify(ros_gz_crazyflie_bringup) by extension 'colcon_meta'
[0.210s] Level 1:colcon.colcon_core.package_identification:_identify(ros_gz_crazyflie_bringup) by extensions ['ros']
[0.210s] Level 1:colcon.colcon_core.package_identification:_identify(ros_gz_crazyflie_bringup) by extension 'ros'
[0.210s] DEBUG:colcon.colcon_core.package_identification:Package 'ros_gz_crazyflie_bringup' with type 'ros.ament_cmake' and name 'ros_gz_crazyflie_bringup'
[0.210s] Level 1:colcon.colcon_core.package_identification:_identify(uavsandbox) by extensions ['ignore', 'ignore_ament_install']
[0.210s] Level 1:colcon.colcon_core.package_identification:_identify(uavsandbox) by extension 'ignore'
[0.210s] Level 1:colcon.colcon_core.package_identification:_identify(uavsandbox) by extension 'ignore_ament_install'
[0.210s] Level 1:colcon.colcon_core.package_identification:_identify(uavsandbox) by extensions ['colcon_pkg']
[0.210s] Level 1:colcon.colcon_core.package_identification:_identify(uavsandbox) by extension 'colcon_pkg'
[0.210s] Level 1:colcon.colcon_core.package_identification:_identify(uavsandbox) by extensions ['colcon_meta']
[0.211s] Level 1:colcon.colcon_core.package_identification:_identify(uavsandbox) by extension 'colcon_meta'
[0.211s] Level 1:colcon.colcon_core.package_identification:_identify(uavsandbox) by extensions ['ros']
[0.211s] Level 1:colcon.colcon_core.package_identification:_identify(uavsandbox) by extension 'ros'
[0.211s] DEBUG:colcon.colcon_core.package_identification:Package 'uavsandbox' with type 'ros.ament_python' and name 'uavsandbox'
[0.211s] Level 1:colcon.colcon_core.package_discovery:discover_packages(recursive) using defaults
[0.211s] Level 1:colcon.colcon_core.package_discovery:discover_packages(ignore) discover
[0.211s] Level 1:colcon.colcon_core.package_discovery:discover_packages(ignore) using defaults
[0.211s] Level 1:colcon.colcon_core.package_discovery:discover_packages(path) discover
[0.211s] Level 1:colcon.colcon_core.package_discovery:discover_packages(path) using defaults
[0.236s] Level 1:colcon.colcon_core.package_discovery:discover_packages(prefix_path) check parameters
[0.236s] Level 1:colcon.colcon_core.package_discovery:discover_packages(prefix_path) discover
[0.238s] DEBUG:colcon.colcon_installed_package_information.package_discovery:Found 3 installed packages in /home/developer/ros2_ws/src/install
[0.238s] DEBUG:colcon.colcon_installed_package_information.package_discovery:Found 5 installed packages in /home/developer/ros2_ws/install
[0.240s] DEBUG:colcon.colcon_installed_package_information.package_discovery:Found 347 installed packages in /opt/ros/humble
[0.241s] Level 1:colcon.colcon_core.package_discovery:discover_packages(prefix_path) using defaults
[0.279s] Level 5:colcon.colcon_core.verb:set package 'cf_control_msgs' build argument 'cmake_args' from command line to 'None'
[0.279s] Level 5:colcon.colcon_core.verb:set package 'cf_control_msgs' build argument 'cmake_target' from command line to 'None'
[0.279s] Level 5:colcon.colcon_core.verb:set package 'cf_control_msgs' build argument 'cmake_target_skip_unavailable' from command line to 'False'
[0.279s] Level 5:colcon.colcon_core.verb:set package 'cf_control_msgs' build argument 'cmake_clean_cache' from command line to 'False'
[0.279s] Level 5:colcon.colcon_core.verb:set package 'cf_control_msgs' build argument 'cmake_clean_first' from command line to 'False'
[0.279s] Level 5:colcon.colcon_core.verb:set package 'cf_control_msgs' build argument 'cmake_force_configure' from command line to 'False'
[0.279s] Level 5:colcon.colcon_core.verb:set package 'cf_control_msgs' build argument 'ament_cmake_args' from command line to 'None'
[0.279s] Level 5:colcon.colcon_core.verb:set package 'cf_control_msgs' build argument 'catkin_cmake_args' from command line to 'None'
[0.279s] Level 5:colcon.colcon_core.verb:set package 'cf_control_msgs' build argument 'catkin_skip_building_tests' from command line to 'False'
[0.279s] DEBUG:colcon.colcon_core.verb:Building package 'cf_control_msgs' with the following arguments: {'ament_cmake_args': None, 'build_base': '/home/developer/ros2_ws/src/build/cf_control_msgs', 'catkin_cmake_args': None, 'catkin_skip_building_tests': False, 'cmake_args': None, 'cmake_clean_cache': False, 'cmake_clean_first': False, 'cmake_force_configure': False, 'cmake_target': None, 'cmake_target_skip_unavailable': False, 'install_base': '/home/developer/ros2_ws/src/install/cf_control_msgs', 'merge_install': False, 'path': '/home/developer/ros2_ws/src/cf_control_msgs', 'symlink_install': False, 'test_result_base': None}
[0.280s] Level 5:colcon.colcon_core.verb:set package 'ros_gz_crazyflie_bringup' build argument 'cmake_args' from command line to 'None'
[0.280s] Level 5:colcon.colcon_core.verb:set package 'ros_gz_crazyflie_bringup' build argument 'cmake_target' from command line to 'None'
[0.280s] Level 5:colcon.colcon_core.verb:set package 'ros_gz_crazyflie_bringup' build argument 'cmake_target_skip_unavailable' from command line to 'False'
[0.280s] Level 5:colcon.colcon_core.verb:set package 'ros_gz_crazyflie_bringup' build argument 'cmake_clean_cache' from command line to 'False'
[0.280s] Level 5:colcon.colcon_core.verb:set package 'ros_gz_crazyflie_bringup' build argument 'cmake_clean_first' from command line to 'False'
[0.280s] Level 5:colcon.colcon_core.verb:set package 'ros_gz_crazyflie_bringup' build argument 'cmake_force_configure' from command line to 'False'
[0.280s] Level 5:colcon.colcon_core.verb:set package 'ros_gz_crazyflie_bringup' build argument 'ament_cmake_args' from command line to 'None'
[0.280s] Level 5:colcon.colcon_core.verb:set package 'ros_gz_crazyflie_bringup' build argument 'catkin_cmake_args' from command line to 'None'
[0.280s] Level 5:colcon.colcon_core.verb:set package 'ros_gz_crazyflie_bringup' build argument 'catkin_skip_building_tests' from command line to 'False'
[0.280s] DEBUG:colcon.colcon_core.verb:Building package 'ros_gz_crazyflie_bringup' with the following arguments: {'ament_cmake_args': None, 'build_base': '/home/developer/ros2_ws/src/build/ros_gz_crazyflie_bringup', 'catkin_cmake_args': None, 'catkin_skip_building_tests': False, 'cmake_args': None, 'cmake_clean_cache': False, 'cmake_clean_first': False, 'cmake_force_configure': False, 'cmake_target': None, 'cmake_target_skip_unavailable': False, 'install_base': '/home/developer/ros2_ws/src/install/ros_gz_crazyflie_bringup', 'merge_install': False, 'path': '/home/developer/ros2_ws/src/ros_gz_crazyflie_bringup', 'symlink_install': False, 'test_result_base': None}
[0.280s] Level 5:colcon.colcon_core.verb:set package 'uavsandbox' build argument 'cmake_args' from command line to 'None'
[0.280s] Level 5:colcon.colcon_core.verb:set package 'uavsandbox' build argument 'cmake_target' from command line to 'None'
[0.280s] Level 5:colcon.colcon_core.verb:set package 'uavsandbox' build argument 'cmake_target_skip_unavailable' from command line to 'False'
[0.280s] Level 5:colcon.colcon_core.verb:set package 'uavsandbox' build argument 'cmake_clean_cache' from command line to 'False'
[0.280s] Level 5:colcon.colcon_core.verb:set package 'uavsandbox' build argument 'cmake_clean_first' from command line to 'False'
[0.280s] Level 5:colcon.colcon_core.verb:set package 'uavsandbox' build argument 'cmake_force_configure' from command line to 'False'
[0.280s] Level 5:colcon.colcon_core.verb:set package 'uavsandbox' build argument 'ament_cmake_args' from command line to 'None'
[0.280s] Level 5:colcon.colcon_core.verb:set package 'uavsandbox' build argument 'catkin_cmake_args' from command line to 'None'
[0.280s] Level 5:colcon.colcon_core.verb:set package 'uavsandbox' build argument 'catkin_skip_building_tests' from command line to 'False'
[0.280s] DEBUG:colcon.colcon_core.verb:Building package 'uavsandbox' with the following arguments: {'ament_cmake_args': None, 'build_base': '/home/developer/ros2_ws/src/build/uavsandbox', 'catkin_cmake_args': None, 'catkin_skip_building_tests': False, 'cmake_args': None, 'cmake_clean_cache': False, 'cmake_clean_first': False, 'cmake_force_configure': False, 'cmake_target': None, 'cmake_target_skip_unavailable': False, 'install_base': '/home/developer/ros2_ws/src/install/uavsandbox', 'merge_install': False, 'path': '/home/developer/ros2_ws/src/uavsandbox', 'symlink_install': False, 'test_result_base': None}
[0.280s] Level 5:colcon.colcon_core.verb:set package 'cf_control' build argument 'cmake_args' from command line to 'None'
[0.280s] Level 5:colcon.colcon_core.verb:set package 'cf_control' build argument 'cmake_target' from command line to 'None'
[0.280s] Level 5:colcon.colcon_core.verb:set package 'cf_control' build argument 'cmake_target_skip_unavailable' from command line to 'False'
[0.280s] Level 5:colcon.colcon_core.verb:set package 'cf_control' build argument 'cmake_clean_cache' from command line to 'False'
[0.280s] Level 5:colcon.colcon_core.verb:set package 'cf_control' build argument 'cmake_clean_first' from command line to 'False'
[0.280s] Level 5:colcon.colcon_core.verb:set package 'cf_control' build argument 'cmake_force_configure' from command line to 'False'
[0.280s] Level 5:colcon.colcon_core.verb:set package 'cf_control' build argument 'ament_cmake_args' from command line to 'None'
[0.280s] Level 5:colcon.colcon_core.verb:set package 'cf_control' build argument 'catkin_cmake_args' from command line to 'None'
[0.280s] Level 5:colcon.colcon_core.verb:set package 'cf_control' build argument 'catkin_skip_building_tests' from command line to 'False'
[0.280s] DEBUG:colcon.colcon_core.verb:Building package 'cf_control' with the following arguments: {'ament_cmake_args': None, 'build_base': '/home/developer/ros2_ws/src/build/cf_control', 'catkin_cmake_args': None, 'catkin_skip_building_tests': False, 'cmake_args': None, 'cmake_clean_cache': False, 'cmake_clean_first': False, 'cmake_force_configure': False, 'cmake_target': None, 'cmake_target_skip_unavailable': False, 'install_base': '/home/developer/ros2_ws/src/install/cf_control', 'merge_install': False, 'path': '/home/developer/ros2_ws/src/cf_control', 'symlink_install': False, 'test_result_base': None}
[0.281s] INFO:colcon.colcon_core.executor:Executing jobs using 'parallel' executor
[0.281s] DEBUG:colcon.colcon_parallel_executor.executor.parallel:run_until_complete
[0.282s] INFO:colcon.colcon_ros.task.ament_cmake.build:Building ROS package in '/home/developer/ros2_ws/src/cf_control_msgs' with build type 'ament_cmake'
[0.282s] INFO:colcon.colcon_cmake.task.cmake.build:Building CMake package in '/home/developer/ros2_ws/src/cf_control_msgs'
[0.284s] INFO:colcon.colcon_core.plugin_system:Skipping extension 'colcon_core.shell.bat': Not used on non-Windows systems
[0.284s] INFO:colcon.colcon_core.shell:Skip shell extension 'powershell' for command environment: Not usable outside of PowerShell
[0.284s] DEBUG:colcon.colcon_core.shell:Skip shell extension 'dsv' for command environment
[0.289s] INFO:colcon.colcon_ros.task.ament_cmake.build:Building ROS package in '/home/developer/ros2_ws/src/ros_gz_crazyflie_bringup' with build type 'ament_cmake'
[0.289s] INFO:colcon.colcon_cmake.task.cmake.build:Building CMake package in '/home/developer/ros2_ws/src/ros_gz_crazyflie_bringup'
[0.289s] INFO:colcon.colcon_core.shell:Skip shell extension 'powershell' for command environment: Not usable outside of PowerShell
[0.289s] DEBUG:colcon.colcon_core.shell:Skip shell extension 'dsv' for command environment
[0.292s] INFO:colcon.colcon_ros.task.ament_python.build:Building ROS package in '/home/developer/ros2_ws/src/uavsandbox' with build type 'ament_python'
[0.293s] Level 1:colcon.colcon_core.shell:create_environment_hook('uavsandbox', 'ament_prefix_path')
[0.293s] INFO:colcon.colcon_core.shell:Creating environment hook '/home/developer/ros2_ws/src/install/uavsandbox/share/uavsandbox/hook/ament_prefix_path.ps1'
[0.293s] INFO:colcon.colcon_core.shell:Creating environment descriptor '/home/developer/ros2_ws/src/install/uavsandbox/share/uavsandbox/hook/ament_prefix_path.dsv'
[0.294s] INFO:colcon.colcon_core.shell:Creating environment hook '/home/developer/ros2_ws/src/install/uavsandbox/share/uavsandbox/hook/ament_prefix_path.sh'
[0.294s] INFO:colcon.colcon_core.shell:Skip shell extension 'powershell' for command environment: Not usable outside of PowerShell
[0.294s] DEBUG:colcon.colcon_core.shell:Skip shell extension 'dsv' for command environment
[0.303s] DEBUG:colcon.colcon_core.event_handler.log_command:Invoking command in '/home/developer/ros2_ws/src/build/cf_control_msgs': CMAKE_PREFIX_PATH=${CMAKE_PREFIX_PATH}:/opt/ros/humble /usr/local/bin/cmake --build /home/developer/ros2_ws/src/build/cf_control_msgs -- -j24 -l24
[0.305s] DEBUG:colcon.colcon_core.event_handler.log_command:Invoking command in '/home/developer/ros2_ws/src/build/ros_gz_crazyflie_bringup': CMAKE_PREFIX_PATH=${CMAKE_PREFIX_PATH}:/opt/ros/humble /usr/local/bin/cmake --build /home/developer/ros2_ws/src/build/ros_gz_crazyflie_bringup -- -j24 -l24
[0.500s] INFO:colcon.colcon_core.task.python.build:Building Python package in '/home/developer/ros2_ws/src/uavsandbox'
[0.500s] INFO:colcon.colcon_core.shell:Skip shell extension 'powershell' for command environment: Not usable outside of PowerShell
[0.500s] DEBUG:colcon.colcon_core.shell:Skip shell extension 'dsv' for command environment
[0.506s] DEBUG:colcon.colcon_core.event_handler.log_command:Invoked command in '/home/developer/ros2_ws/src/build/ros_gz_crazyflie_bringup' returned '0': CMAKE_PREFIX_PATH=${CMAKE_PREFIX_PATH}:/opt/ros/humble /usr/local/bin/cmake --build /home/developer/ros2_ws/src/build/ros_gz_crazyflie_bringup -- -j24 -l24
[0.541s] DEBUG:colcon.colcon_core.event_handler.log_command:Invoking command in '/home/developer/ros2_ws/src/build/ros_gz_crazyflie_bringup': CMAKE_PREFIX_PATH=${CMAKE_PREFIX_PATH}:/opt/ros/humble /usr/local/bin/cmake --install /home/developer/ros2_ws/src/build/ros_gz_crazyflie_bringup
[0.577s] Level 1:colcon.colcon_core.environment:create_environment_scripts_only(ros_gz_crazyflie_bringup)
[0.578s] DEBUG:colcon.colcon_core.event_handler.log_command:Invoked command in '/home/developer/ros2_ws/src/build/ros_gz_crazyflie_bringup' returned '0': CMAKE_PREFIX_PATH=${CMAKE_PREFIX_PATH}:/opt/ros/humble /usr/local/bin/cmake --install /home/developer/ros2_ws/src/build/ros_gz_crazyflie_bringup
[0.581s] Level 1:colcon.colcon_core.environment:checking '/home/developer/ros2_ws/src/install/ros_gz_crazyflie_bringup' for CMake module files
[0.582s] Level 1:colcon.colcon_core.environment:checking '/home/developer/ros2_ws/src/install/ros_gz_crazyflie_bringup' for CMake config files
[0.582s] Level 1:colcon.colcon_core.shell:create_environment_hook('ros_gz_crazyflie_bringup', 'cmake_prefix_path')
[0.582s] INFO:colcon.colcon_core.shell:Creating environment hook '/home/developer/ros2_ws/src/install/ros_gz_crazyflie_bringup/share/ros_gz_crazyflie_bringup/hook/cmake_prefix_path.ps1'
[0.583s] INFO:colcon.colcon_core.shell:Creating environment descriptor '/home/developer/ros2_ws/src/install/ros_gz_crazyflie_bringup/share/ros_gz_crazyflie_bringup/hook/cmake_prefix_path.dsv'
[0.583s] INFO:colcon.colcon_core.shell:Creating environment hook '/home/developer/ros2_ws/src/install/ros_gz_crazyflie_bringup/share/ros_gz_crazyflie_bringup/hook/cmake_prefix_path.sh'
[0.583s] Level 1:colcon.colcon_core.environment:checking '/home/developer/ros2_ws/src/install/ros_gz_crazyflie_bringup/bin'
[0.583s] Level 1:colcon.colcon_core.environment:checking '/home/developer/ros2_ws/src/install/ros_gz_crazyflie_bringup/lib/pkgconfig/ros_gz_crazyflie_bringup.pc'
[0.584s] Level 1:colcon.colcon_core.environment:checking '/home/developer/ros2_ws/src/install/ros_gz_crazyflie_bringup/lib/python3.10/site-packages'
[0.584s] Level 1:colcon.colcon_core.environment:checking '/home/developer/ros2_ws/src/install/ros_gz_crazyflie_bringup/bin'
[0.584s] INFO:colcon.colcon_core.shell:Creating package script '/home/developer/ros2_ws/src/install/ros_gz_crazyflie_bringup/share/ros_gz_crazyflie_bringup/package.ps1'
[0.585s] INFO:colcon.colcon_core.shell:Creating package descriptor '/home/developer/ros2_ws/src/install/ros_gz_crazyflie_bringup/share/ros_gz_crazyflie_bringup/package.dsv'
[0.585s] INFO:colcon.colcon_core.shell:Creating package script '/home/developer/ros2_ws/src/install/ros_gz_crazyflie_bringup/share/ros_gz_crazyflie_bringup/package.sh'
[0.586s] INFO:colcon.colcon_core.shell:Creating package script '/home/developer/ros2_ws/src/install/ros_gz_crazyflie_bringup/share/ros_gz_crazyflie_bringup/package.bash'
[0.587s] INFO:colcon.colcon_core.shell:Creating package script '/home/developer/ros2_ws/src/install/ros_gz_crazyflie_bringup/share/ros_gz_crazyflie_bringup/package.zsh'
[0.588s] Level 1:colcon.colcon_core.environment:create_file_with_runtime_dependencies(/home/developer/ros2_ws/src/install/ros_gz_crazyflie_bringup/share/colcon-core/packages/ros_gz_crazyflie_bringup)
[0.588s] Level 1:colcon.colcon_core.environment:create_environment_scripts_only(ros_gz_crazyflie_bringup)
[0.589s] Level 1:colcon.colcon_core.environment:checking '/home/developer/ros2_ws/src/install/ros_gz_crazyflie_bringup' for CMake module files
[0.589s] Level 1:colcon.colcon_core.environment:checking '/home/developer/ros2_ws/src/install/ros_gz_crazyflie_bringup' for CMake config files
[0.589s] Level 1:colcon.colcon_core.shell:create_environment_hook('ros_gz_crazyflie_bringup', 'cmake_prefix_path')
[0.589s] INFO:colcon.colcon_core.shell:Creating environment hook '/home/developer/ros2_ws/src/install/ros_gz_crazyflie_bringup/share/ros_gz_crazyflie_bringup/hook/cmake_prefix_path.ps1'
[0.590s] INFO:colcon.colcon_core.shell:Creating environment descriptor '/home/developer/ros2_ws/src/install/ros_gz_crazyflie_bringup/share/ros_gz_crazyflie_bringup/hook/cmake_prefix_path.dsv'
[0.590s] INFO:colcon.colcon_core.shell:Creating environment hook '/home/developer/ros2_ws/src/install/ros_gz_crazyflie_bringup/share/ros_gz_crazyflie_bringup/hook/cmake_prefix_path.sh'
[0.590s] Level 1:colcon.colcon_core.environment:checking '/home/developer/ros2_ws/src/install/ros_gz_crazyflie_bringup/bin'
[0.590s] Level 1:colcon.colcon_core.environment:checking '/home/developer/ros2_ws/src/install/ros_gz_crazyflie_bringup/lib/pkgconfig/ros_gz_crazyflie_bringup.pc'
[0.590s] Level 1:colcon.colcon_core.environment:checking '/home/developer/ros2_ws/src/install/ros_gz_crazyflie_bringup/lib/python3.10/site-packages'
[0.591s] Level 1:colcon.colcon_core.environment:checking '/home/developer/ros2_ws/src/install/ros_gz_crazyflie_bringup/bin'
[0.591s] INFO:colcon.colcon_core.shell:Creating package script '/home/developer/ros2_ws/src/install/ros_gz_crazyflie_bringup/share/ros_gz_crazyflie_bringup/package.ps1'
[0.591s] INFO:colcon.colcon_core.shell:Creating package descriptor '/home/developer/ros2_ws/src/install/ros_gz_crazyflie_bringup/share/ros_gz_crazyflie_bringup/package.dsv'
[0.591s] INFO:colcon.colcon_core.shell:Creating package script '/home/developer/ros2_ws/src/install/ros_gz_crazyflie_bringup/share/ros_gz_crazyflie_bringup/package.sh'
[0.592s] INFO:colcon.colcon_core.shell:Creating package script '/home/developer/ros2_ws/src/install/ros_gz_crazyflie_bringup/share/ros_gz_crazyflie_bringup/package.bash'
[0.592s] INFO:colcon.colcon_core.shell:Creating package script '/home/developer/ros2_ws/src/install/ros_gz_crazyflie_bringup/share/ros_gz_crazyflie_bringup/package.zsh'
[0.592s] Level 1:colcon.colcon_core.environment:create_file_with_runtime_dependencies(/home/developer/ros2_ws/src/install/ros_gz_crazyflie_bringup/share/colcon-core/packages/ros_gz_crazyflie_bringup)
[0.697s] DEBUG:colcon.colcon_core.event_handler.log_command:Invoked command in '/home/developer/ros2_ws/src/build/cf_control_msgs' returned '0': CMAKE_PREFIX_PATH=${CMAKE_PREFIX_PATH}:/opt/ros/humble /usr/local/bin/cmake --build /home/developer/ros2_ws/src/build/cf_control_msgs -- -j24 -l24
[0.699s] DEBUG:colcon.colcon_core.event_handler.log_command:Invoking command in '/home/developer/ros2_ws/src/build/cf_control_msgs': CMAKE_PREFIX_PATH=${CMAKE_PREFIX_PATH}:/opt/ros/humble /usr/local/bin/cmake --install /home/developer/ros2_ws/src/build/cf_control_msgs
[0.785s] Level 1:colcon.colcon_core.environment:create_environment_scripts_only(cf_control_msgs)
[0.785s] Level 1:colcon.colcon_core.environment:checking '/home/developer/ros2_ws/src/install/cf_control_msgs' for CMake module files
[0.786s] DEBUG:colcon.colcon_core.event_handler.log_command:Invoked command in '/home/developer/ros2_ws/src/build/cf_control_msgs' returned '0': CMAKE_PREFIX_PATH=${CMAKE_PREFIX_PATH}:/opt/ros/humble /usr/local/bin/cmake --install /home/developer/ros2_ws/src/build/cf_control_msgs
[0.786s] Level 1:colcon.colcon_core.environment:checking '/home/developer/ros2_ws/src/install/cf_control_msgs' for CMake config files
[0.787s] Level 1:colcon.colcon_core.shell:create_environment_hook('cf_control_msgs', 'cmake_prefix_path')
[0.787s] INFO:colcon.colcon_core.shell:Creating environment hook '/home/developer/ros2_ws/src/install/cf_control_msgs/share/cf_control_msgs/hook/cmake_prefix_path.ps1'
[0.787s] INFO:colcon.colcon_core.shell:Creating environment descriptor '/home/developer/ros2_ws/src/install/cf_control_msgs/share/cf_control_msgs/hook/cmake_prefix_path.dsv'
[0.788s] INFO:colcon.colcon_core.shell:Creating environment hook '/home/developer/ros2_ws/src/install/cf_control_msgs/share/cf_control_msgs/hook/cmake_prefix_path.sh'
[0.788s] Level 1:colcon.colcon_core.environment:checking '/home/developer/ros2_ws/src/install/cf_control_msgs/lib'
[0.788s] Level 1:colcon.colcon_core.shell:create_environment_hook('cf_control_msgs', 'ld_library_path_lib')
[0.788s] INFO:colcon.colcon_core.shell:Creating environment hook '/home/developer/ros2_ws/src/install/cf_control_msgs/share/cf_control_msgs/hook/ld_library_path_lib.ps1'
[0.789s] INFO:colcon.colcon_core.shell:Creating environment descriptor '/home/developer/ros2_ws/src/install/cf_control_msgs/share/cf_control_msgs/hook/ld_library_path_lib.dsv'
[0.789s] INFO:colcon.colcon_core.shell:Creating environment hook '/home/developer/ros2_ws/src/install/cf_control_msgs/share/cf_control_msgs/hook/ld_library_path_lib.sh'
[0.789s] Level 1:colcon.colcon_core.environment:checking '/home/developer/ros2_ws/src/install/cf_control_msgs/bin'
[0.789s] Level 1:colcon.colcon_core.environment:checking '/home/developer/ros2_ws/src/install/cf_control_msgs/lib/pkgconfig/cf_control_msgs.pc'
[0.789s] Level 1:colcon.colcon_core.environment:checking '/home/developer/ros2_ws/src/install/cf_control_msgs/lib/python3.10/site-packages'
[0.790s] Level 1:colcon.colcon_core.environment:checking '/home/developer/ros2_ws/src/install/cf_control_msgs/bin'
[0.790s] INFO:colcon.colcon_core.shell:Creating package script '/home/developer/ros2_ws/src/install/cf_control_msgs/share/cf_control_msgs/package.ps1'
[0.791s] INFO:colcon.colcon_core.shell:Creating package descriptor '/home/developer/ros2_ws/src/install/cf_control_msgs/share/cf_control_msgs/package.dsv'
[0.791s] INFO:colcon.colcon_core.shell:Creating package script '/home/developer/ros2_ws/src/install/cf_control_msgs/share/cf_control_msgs/package.sh'
[0.791s] INFO:colcon.colcon_core.shell:Creating package script '/home/developer/ros2_ws/src/install/cf_control_msgs/share/cf_control_msgs/package.bash'
[0.792s] INFO:colcon.colcon_core.shell:Creating package script '/home/developer/ros2_ws/src/install/cf_control_msgs/share/cf_control_msgs/package.zsh'
[0.792s] Level 1:colcon.colcon_core.environment:create_file_with_runtime_dependencies(/home/developer/ros2_ws/src/install/cf_control_msgs/share/colcon-core/packages/cf_control_msgs)
[0.792s] Level 1:colcon.colcon_core.environment:create_environment_scripts_only(cf_control_msgs)
[0.792s] Level 1:colcon.colcon_core.environment:checking '/home/developer/ros2_ws/src/install/cf_control_msgs' for CMake module files
[0.793s] Level 1:colcon.colcon_core.environment:checking '/home/developer/ros2_ws/src/install/cf_control_msgs' for CMake config files
[0.793s] Level 1:colcon.colcon_core.shell:create_environment_hook('cf_control_msgs', 'cmake_prefix_path')
[0.793s] INFO:colcon.colcon_core.shell:Creating environment hook '/home/developer/ros2_ws/src/install/cf_control_msgs/share/cf_control_msgs/hook/cmake_prefix_path.ps1'
[0.794s] INFO:colcon.colcon_core.shell:Creating environment descriptor '/home/developer/ros2_ws/src/install/cf_control_msgs/share/cf_control_msgs/hook/cmake_prefix_path.dsv'
[0.794s] INFO:colcon.colcon_core.shell:Creating environment hook '/home/developer/ros2_ws/src/install/cf_control_msgs/share/cf_control_msgs/hook/cmake_prefix_path.sh'
[0.794s] Level 1:colcon.colcon_core.environment:checking '/home/developer/ros2_ws/src/install/cf_control_msgs/lib'
[0.795s] Level 1:colcon.colcon_core.shell:create_environment_hook('cf_control_msgs', 'ld_library_path_lib')
[0.795s] INFO:colcon.colcon_core.shell:Creating environment hook '/home/developer/ros2_ws/src/install/cf_control_msgs/share/cf_control_msgs/hook/ld_library_path_lib.ps1'
[0.795s] INFO:colcon.colcon_core.shell:Creating environment descriptor '/home/developer/ros2_ws/src/install/cf_control_msgs/share/cf_control_msgs/hook/ld_library_path_lib.dsv'
[0.795s] INFO:colcon.colcon_core.shell:Creating environment hook '/home/developer/ros2_ws/src/install/cf_control_msgs/share/cf_control_msgs/hook/ld_library_path_lib.sh'
[0.796s] Level 1:colcon.colcon_core.environment:checking '/home/developer/ros2_ws/src/install/cf_control_msgs/bin'
[0.796s] Level 1:colcon.colcon_core.environment:checking '/home/developer/ros2_ws/src/install/cf_control_msgs/lib/pkgconfig/cf_control_msgs.pc'
[0.796s] Level 1:colcon.colcon_core.environment:checking '/home/developer/ros2_ws/src/install/cf_control_msgs/lib/python3.10/site-packages'
[0.796s] Level 1:colcon.colcon_core.environment:checking '/home/developer/ros2_ws/src/install/cf_control_msgs/bin'
[0.796s] INFO:colcon.colcon_core.shell:Creating package script '/home/developer/ros2_ws/src/install/cf_control_msgs/share/cf_control_msgs/package.ps1'
[0.797s] INFO:colcon.colcon_core.shell:Creating package descriptor '/home/developer/ros2_ws/src/install/cf_control_msgs/share/cf_control_msgs/package.dsv'
[0.797s] INFO:colcon.colcon_core.shell:Creating package script '/home/developer/ros2_ws/src/install/cf_control_msgs/share/cf_control_msgs/package.sh'
[0.798s] INFO:colcon.colcon_core.shell:Creating package script '/home/developer/ros2_ws/src/install/cf_control_msgs/share/cf_control_msgs/package.bash'
[0.798s] INFO:colcon.colcon_core.shell:Creating package script '/home/developer/ros2_ws/src/install/cf_control_msgs/share/cf_control_msgs/package.zsh'
[0.798s] Level 1:colcon.colcon_core.environment:create_file_with_runtime_dependencies(/home/developer/ros2_ws/src/install/cf_control_msgs/share/colcon-core/packages/cf_control_msgs)
[0.798s] INFO:colcon.colcon_ros.task.ament_cmake.build:Building ROS package in '/home/developer/ros2_ws/src/cf_control' with build type 'ament_cmake'
[0.799s] INFO:colcon.colcon_cmake.task.cmake.build:Building CMake package in '/home/developer/ros2_ws/src/cf_control'
[0.799s] INFO:colcon.colcon_core.shell:Skip shell extension 'powershell' for command environment: Not usable outside of PowerShell
[0.799s] DEBUG:colcon.colcon_core.shell:Skip shell extension 'dsv' for command environment
[0.812s] DEBUG:colcon.colcon_core.event_handler.log_command:Invoking command in '/home/developer/ros2_ws/src/build/cf_control': CMAKE_PREFIX_PATH=/home/developer/ros2_ws/src/install/cf_control_msgs:/home/developer/ros2_ws/src/install/ros_gz_crazyflie_bringup:/home/developer/ros2_ws/src/install/cf_control:/home/developer/ros2_ws/install:/opt/ros/humble LD_LIBRARY_PATH=/home/developer/ros2_ws/src/install/cf_control_msgs/lib:/home/developer/ros2_ws/src/install/cf_control/lib:/home/developer/ros2_ws/install/lib:/opt/ros/humble/opt/rviz_ogre_vendor/lib:/opt/ros/humble/lib/x86_64-linux-gnu:/opt/ros/humble/lib:/usr/local/cuda/lib64:/home/developer/acados/lib /usr/local/bin/cmake --build /home/developer/ros2_ws/src/build/cf_control -- -j24 -l24
[0.896s] DEBUG:colcon.colcon_core.event_handler.log_command:Invoked command in '/home/developer/ros2_ws/src/build/cf_control' returned '0': CMAKE_PREFIX_PATH=/home/developer/ros2_ws/src/install/cf_control_msgs:/home/developer/ros2_ws/src/install/ros_gz_crazyflie_bringup:/home/developer/ros2_ws/src/install/cf_control:/home/developer/ros2_ws/install:/opt/ros/humble LD_LIBRARY_PATH=/home/developer/ros2_ws/src/install/cf_control_msgs/lib:/home/developer/ros2_ws/src/install/cf_control/lib:/home/developer/ros2_ws/install/lib:/opt/ros/humble/opt/rviz_ogre_vendor/lib:/opt/ros/humble/lib/x86_64-linux-gnu:/opt/ros/humble/lib:/usr/local/cuda/lib64:/home/developer/acados/lib /usr/local/bin/cmake --build /home/developer/ros2_ws/src/build/cf_control -- -j24 -l24
[0.898s] DEBUG:colcon.colcon_core.event_handler.log_command:Invoking command in '/home/developer/ros2_ws/src/build/cf_control': CMAKE_PREFIX_PATH=/home/developer/ros2_ws/src/install/cf_control_msgs:/home/developer/ros2_ws/src/install/ros_gz_crazyflie_bringup:/home/developer/ros2_ws/src/install/cf_control:/home/developer/ros2_ws/install:/opt/ros/humble LD_LIBRARY_PATH=/home/developer/ros2_ws/src/install/cf_control_msgs/lib:/home/developer/ros2_ws/src/install/cf_control/lib:/home/developer/ros2_ws/install/lib:/opt/ros/humble/opt/rviz_ogre_vendor/lib:/opt/ros/humble/lib/x86_64-linux-gnu:/opt/ros/humble/lib:/usr/local/cuda/lib64:/home/developer/acados/lib /usr/local/bin/cmake --install /home/developer/ros2_ws/src/build/cf_control
[0.938s] Level 1:colcon.colcon_core.environment:create_environment_scripts_only(cf_control)
[0.939s] Level 1:colcon.colcon_core.environment:checking '/home/developer/ros2_ws/src/install/cf_control' for CMake module files
[0.940s] Level 1:colcon.colcon_core.environment:checking '/home/developer/ros2_ws/src/install/cf_control' for CMake config files
[0.940s] Level 1:colcon.colcon_core.shell:create_environment_hook('cf_control', 'cmake_prefix_path')
[0.941s] INFO:colcon.colcon_core.shell:Creating environment hook '/home/developer/ros2_ws/src/install/cf_control/share/cf_control/hook/cmake_prefix_path.ps1'
[0.941s] DEBUG:colcon.colcon_core.event_handler.log_command:Invoked command in '/home/developer/ros2_ws/src/build/cf_control' returned '0': CMAKE_PREFIX_PATH=/home/developer/ros2_ws/src/install/cf_control_msgs:/home/developer/ros2_ws/src/install/ros_gz_crazyflie_bringup:/home/developer/ros2_ws/src/install/cf_control:/home/developer/ros2_ws/install:/opt/ros/humble LD_LIBRARY_PATH=/home/developer/ros2_ws/src/install/cf_control_msgs/lib:/home/developer/ros2_ws/src/install/cf_control/lib:/home/developer/ros2_ws/install/lib:/opt/ros/humble/opt/rviz_ogre_vendor/lib:/opt/ros/humble/lib/x86_64-linux-gnu:/opt/ros/humble/lib:/usr/local/cuda/lib64:/home/developer/acados/lib /usr/local/bin/cmake --install /home/developer/ros2_ws/src/build/cf_control
[0.942s] INFO:colcon.colcon_core.shell:Creating environment descriptor '/home/developer/ros2_ws/src/install/cf_control/share/cf_control/hook/cmake_prefix_path.dsv'
[0.943s] INFO:colcon.colcon_core.shell:Creating environment hook '/home/developer/ros2_ws/src/install/cf_control/share/cf_control/hook/cmake_prefix_path.sh'
[0.943s] Level 1:colcon.colcon_core.environment:checking '/home/developer/ros2_ws/src/install/cf_control/lib'
[0.944s] Level 1:colcon.colcon_core.shell:create_environment_hook('cf_control', 'ld_library_path_lib')
[0.944s] INFO:colcon.colcon_core.shell:Creating environment hook '/home/developer/ros2_ws/src/install/cf_control/share/cf_control/hook/ld_library_path_lib.ps1'
[0.944s] INFO:colcon.colcon_core.shell:Creating environment descriptor '/home/developer/ros2_ws/src/install/cf_control/share/cf_control/hook/ld_library_path_lib.dsv'
[0.945s] INFO:colcon.colcon_core.shell:Creating environment hook '/home/developer/ros2_ws/src/install/cf_control/share/cf_control/hook/ld_library_path_lib.sh'
[0.945s] Level 1:colcon.colcon_core.environment:checking '/home/developer/ros2_ws/src/install/cf_control/bin'
[0.946s] Level 1:colcon.colcon_core.environment:checking '/home/developer/ros2_ws/src/install/cf_control/lib/pkgconfig/cf_control.pc'
[0.946s] Level 1:colcon.colcon_core.environment:checking '/home/developer/ros2_ws/src/install/cf_control/lib/python3.10/site-packages'
[0.946s] Level 1:colcon.colcon_core.environment:checking '/home/developer/ros2_ws/src/install/cf_control/bin'
[0.947s] INFO:colcon.colcon_core.shell:Creating package script '/home/developer/ros2_ws/src/install/cf_control/share/cf_control/package.ps1'
[0.947s] INFO:colcon.colcon_core.shell:Creating package descriptor '/home/developer/ros2_ws/src/install/cf_control/share/cf_control/package.dsv'
[0.948s] INFO:colcon.colcon_core.shell:Creating package script '/home/developer/ros2_ws/src/install/cf_control/share/cf_control/package.sh'
[0.949s] INFO:colcon.colcon_core.shell:Creating package script '/home/developer/ros2_ws/src/install/cf_control/share/cf_control/package.bash'
[0.949s] INFO:colcon.colcon_core.shell:Creating package script '/home/developer/ros2_ws/src/install/cf_control/share/cf_control/package.zsh'
[0.950s] Level 1:colcon.colcon_core.environment:create_file_with_runtime_dependencies(/home/developer/ros2_ws/src/install/cf_control/share/colcon-core/packages/cf_control)
[0.951s] Level 1:colcon.colcon_core.environment:create_environment_scripts_only(cf_control)
[0.951s] Level 1:colcon.colcon_core.environment:checking '/home/developer/ros2_ws/src/install/cf_control' for CMake module files
[0.952s] Level 1:colcon.colcon_core.environment:checking '/home/developer/ros2_ws/src/install/cf_control' for CMake config files
[0.953s] Level 1:colcon.colcon_core.shell:create_environment_hook('cf_control', 'cmake_prefix_path')
[0.953s] INFO:colcon.colcon_core.shell:Creating environment hook '/home/developer/ros2_ws/src/install/cf_control/share/cf_control/hook/cmake_prefix_path.ps1'
[0.954s] INFO:colcon.colcon_core.shell:Creating environment descriptor '/home/developer/ros2_ws/src/install/cf_control/share/cf_control/hook/cmake_prefix_path.dsv'
[0.954s] INFO:colcon.colcon_core.shell:Creating environment hook '/home/developer/ros2_ws/src/install/cf_control/share/cf_control/hook/cmake_prefix_path.sh'
[0.955s] Level 1:colcon.colcon_core.environment:checking '/home/developer/ros2_ws/src/install/cf_control/lib'
[0.955s] Level 1:colcon.colcon_core.shell:create_environment_hook('cf_control', 'ld_library_path_lib')
[0.956s] INFO:colcon.colcon_core.shell:Creating environment hook '/home/developer/ros2_ws/src/install/cf_control/share/cf_control/hook/ld_library_path_lib.ps1'
[0.956s] INFO:colcon.colcon_core.shell:Creating environment descriptor '/home/developer/ros2_ws/src/install/cf_control/share/cf_control/hook/ld_library_path_lib.dsv'
[0.957s] INFO:colcon.colcon_core.shell:Creating environment hook '/home/developer/ros2_ws/src/install/cf_control/share/cf_control/hook/ld_library_path_lib.sh'
[0.957s] Level 1:colcon.colcon_core.environment:checking '/home/developer/ros2_ws/src/install/cf_control/bin'
[0.957s] Level 1:colcon.colcon_core.environment:checking '/home/developer/ros2_ws/src/install/cf_control/lib/pkgconfig/cf_control.pc'
[0.958s] Level 1:colcon.colcon_core.environment:checking '/home/developer/ros2_ws/src/install/cf_control/lib/python3.10/site-packages'
[0.958s] Level 1:colcon.colcon_core.environment:checking '/home/developer/ros2_ws/src/install/cf_control/bin'
[0.958s] INFO:colcon.colcon_core.shell:Creating package script '/home/developer/ros2_ws/src/install/cf_control/share/cf_control/package.ps1'
[0.959s] INFO:colcon.colcon_core.shell:Creating package descriptor '/home/developer/ros2_ws/src/install/cf_control/share/cf_control/package.dsv'
[0.960s] INFO:colcon.colcon_core.shell:Creating package script '/home/developer/ros2_ws/src/install/cf_control/share/cf_control/package.sh'
[0.961s] INFO:colcon.colcon_core.shell:Creating package script '/home/developer/ros2_ws/src/install/cf_control/share/cf_control/package.bash'
[0.961s] INFO:colcon.colcon_core.shell:Creating package script '/home/developer/ros2_ws/src/install/cf_control/share/cf_control/package.zsh'
[0.962s] Level 1:colcon.colcon_core.environment:create_file_with_runtime_dependencies(/home/developer/ros2_ws/src/install/cf_control/share/colcon-core/packages/cf_control)
[1.081s] DEBUG:colcon.colcon_core.event_handler.log_command:Invoking command in '/home/developer/ros2_ws/src/uavsandbox': PYTHONPATH=/home/developer/ros2_ws/src/build/uavsandbox/prefix_override:/usr/lib/python3/dist-packages/colcon_core/task/python/colcon_distutils_commands:/home/developer/ros2_ws/src/install/uavsandbox/lib/python3.10/site-packages:${PYTHONPATH} /usr/bin/python3 -W ignore:setup.py install is deprecated -W ignore:easy_install command is deprecated setup.py egg_info --egg-base ../build/uavsandbox build --build-base /home/developer/ros2_ws/src/build/uavsandbox/build install --record /home/developer/ros2_ws/src/build/uavsandbox/install.log --single-version-externally-managed install_data
[1.501s] Level 1:colcon.colcon_core.environment:checking '/home/developer/ros2_ws/src/install/uavsandbox' for CMake module files
[1.502s] DEBUG:colcon.colcon_core.event_handler.log_command:Invoked command in '/home/developer/ros2_ws/src/uavsandbox' returned '0': PYTHONPATH=/home/developer/ros2_ws/src/build/uavsandbox/prefix_override:/usr/lib/python3/dist-packages/colcon_core/task/python/colcon_distutils_commands:/home/developer/ros2_ws/src/install/uavsandbox/lib/python3.10/site-packages:${PYTHONPATH} /usr/bin/python3 -W ignore:setup.py install is deprecated -W ignore:easy_install command is deprecated setup.py egg_info --egg-base ../build/uavsandbox build --build-base /home/developer/ros2_ws/src/build/uavsandbox/build install --record /home/developer/ros2_ws/src/build/uavsandbox/install.log --single-version-externally-managed install_data
[1.502s] Level 1:colcon.colcon_core.environment:checking '/home/developer/ros2_ws/src/install/uavsandbox' for CMake config files
[1.503s] Level 1:colcon.colcon_core.environment:checking '/home/developer/ros2_ws/src/install/uavsandbox/lib'
[1.504s] Level 1:colcon.colcon_core.environment:checking '/home/developer/ros2_ws/src/install/uavsandbox/bin'
[1.504s] Level 1:colcon.colcon_core.environment:checking '/home/developer/ros2_ws/src/install/uavsandbox/lib/pkgconfig/uavsandbox.pc'
[1.504s] Level 1:colcon.colcon_core.environment:checking '/home/developer/ros2_ws/src/install/uavsandbox/lib/python3.10/site-packages'
[1.504s] Level 1:colcon.colcon_core.shell:create_environment_hook('uavsandbox', 'pythonpath')
[1.505s] INFO:colcon.colcon_core.shell:Creating environment hook '/home/developer/ros2_ws/src/install/uavsandbox/share/uavsandbox/hook/pythonpath.ps1'
[1.505s] INFO:colcon.colcon_core.shell:Creating environment descriptor '/home/developer/ros2_ws/src/install/uavsandbox/share/uavsandbox/hook/pythonpath.dsv'
[1.506s] INFO:colcon.colcon_core.shell:Creating environment hook '/home/developer/ros2_ws/src/install/uavsandbox/share/uavsandbox/hook/pythonpath.sh'
[1.507s] Level 1:colcon.colcon_core.environment:checking '/home/developer/ros2_ws/src/install/uavsandbox/bin'
[1.507s] Level 1:colcon.colcon_core.environment:create_environment_scripts_only(uavsandbox)
[1.508s] INFO:colcon.colcon_core.shell:Creating package script '/home/developer/ros2_ws/src/install/uavsandbox/share/uavsandbox/package.ps1'
[1.508s] INFO:colcon.colcon_core.shell:Creating package descriptor '/home/developer/ros2_ws/src/install/uavsandbox/share/uavsandbox/package.dsv'
[1.509s] INFO:colcon.colcon_core.shell:Creating package script '/home/developer/ros2_ws/src/install/uavsandbox/share/uavsandbox/package.sh'
[1.509s] INFO:colcon.colcon_core.shell:Creating package script '/home/developer/ros2_ws/src/install/uavsandbox/share/uavsandbox/package.bash'
[1.510s] INFO:colcon.colcon_core.shell:Creating package script '/home/developer/ros2_ws/src/install/uavsandbox/share/uavsandbox/package.zsh'
[1.510s] Level 1:colcon.colcon_core.environment:create_file_with_runtime_dependencies(/home/developer/ros2_ws/src/install/uavsandbox/share/colcon-core/packages/uavsandbox)
[1.511s] DEBUG:colcon.colcon_parallel_executor.executor.parallel:closing loop
[1.511s] DEBUG:colcon.colcon_parallel_executor.executor.parallel:loop closed
[1.511s] DEBUG:colcon.colcon_parallel_executor.executor.parallel:run_until_complete finished with '0'
[1.511s] DEBUG:colcon.colcon_core.event_reactor:joining thread
[1.521s] INFO:colcon.colcon_core.plugin_system:Skipping extension 'colcon_notification.desktop_notification.notify_send': Could not find 'notify-send'
[1.521s] INFO:colcon.colcon_core.plugin_system:Skipping extension 'colcon_notification.desktop_notification.terminal_notifier': Not used on non-Darwin systems
[1.521s] INFO:colcon.colcon_core.plugin_system:Skipping extension 'colcon_notification.desktop_notification.win32': Not used on non-Windows systems
[1.521s] INFO:colcon.colcon_notification.desktop_notification:Sending desktop notification using 'notify2'
[1.525s] DEBUG:colcon.colcon_notification.desktop_notification.notify2:Failed to initialize notify2: org.freedesktop.DBus.Error.Spawn.ExecFailed: /usr/bin/dbus-launch terminated abnormally without any error message
[1.525s] DEBUG:colcon.colcon_core.event_reactor:joined thread
[1.526s] INFO:colcon.colcon_core.shell:Creating prefix script '/home/developer/ros2_ws/src/install/local_setup.ps1'
[1.528s] INFO:colcon.colcon_core.shell:Creating prefix util module '/home/developer/ros2_ws/src/install/_local_setup_util_ps1.py'
[1.530s] INFO:colcon.colcon_core.shell:Creating prefix chain script '/home/developer/ros2_ws/src/install/setup.ps1'
[1.532s] INFO:colcon.colcon_core.shell:Creating prefix script '/home/developer/ros2_ws/src/install/local_setup.sh'
[1.533s] INFO:colcon.colcon_core.shell:Creating prefix util module '/home/developer/ros2_ws/src/install/_local_setup_util_sh.py'
[1.534s] INFO:colcon.colcon_core.shell:Creating prefix chain script '/home/developer/ros2_ws/src/install/setup.sh'
[1.536s] INFO:colcon.colcon_core.shell:Creating prefix script '/home/developer/ros2_ws/src/install/local_setup.bash'
[1.537s] INFO:colcon.colcon_core.shell:Creating prefix chain script '/home/developer/ros2_ws/src/install/setup.bash'
[1.539s] INFO:colcon.colcon_core.shell:Creating prefix script '/home/developer/ros2_ws/src/install/local_setup.zsh'
[1.540s] INFO:colcon.colcon_core.shell:Creating prefix chain script '/home/developer/ros2_ws/src/install/setup.zsh'
