[0.009s] Invoking command in '/home/developer/ros2_ws/src/build/ros_gz_crazyflie_bringup': CMAKE_PREFIX_PATH=${CMAKE_PREFIX_PATH}:/opt/ros/humble /usr/local/bin/cmake /home/developer/ros2_ws/src/ros_gz_crazyflie_bringup -DCMAKE_INSTALL_PREFIX=/home/developer/ros2_ws/src/install/ros_gz_crazyflie_bringup
[0.111s] -- The C compiler identification is GNU 11.4.0
[0.186s] -- The CXX compiler identification is GNU 11.4.0
[0.211s] -- Detecting C compiler ABI info
[0.282s] -- Detecting C compiler ABI info - done
[0.303s] -- Check for working C compiler: /usr/bin/cc - skipped
[0.303s] -- Detecting C compile features
[0.305s] -- Detecting C compile features - done
[0.319s] -- Detecting CXX compiler ABI info
[0.396s] -- Detecting CXX compiler ABI info - done
[0.408s] -- Check for working CXX compiler: /usr/bin/c++ - skipped
[0.408s] -- Detecting CXX compile features
[0.409s] -- Detecting CXX compile features - done
[0.419s] -- Found ament_cmake: 1.3.13 (/opt/ros/humble/share/ament_cmake/cmake)
[0.571s] -- Found Python3: /usr/bin/python3 (found version "3.10.12") found components: Interpreter 
[0.683s] -- Found ament_lint_auto: 0.12.15 (/opt/ros/humble/share/ament_lint_auto/cmake)
[0.759s] -- Configuring done (0.7s)
[0.763s] -- Generating done (0.0s)
[0.765s] -- Build files have been written to: /home/developer/ros2_ws/src/build/ros_gz_crazyflie_bringup
[0.772s] Invoked command in '/home/developer/ros2_ws/src/build/ros_gz_crazyflie_bringup' returned '0': CMAKE_PREFIX_PATH=${CMAKE_PREFIX_PATH}:/opt/ros/humble /usr/local/bin/cmake /home/developer/ros2_ws/src/ros_gz_crazyflie_bringup -DCMAKE_INSTALL_PREFIX=/home/developer/ros2_ws/src/install/ros_gz_crazyflie_bringup
[0.775s] Invoking command in '/home/developer/ros2_ws/src/build/ros_gz_crazyflie_bringup': CMAKE_PREFIX_PATH=${CMAKE_PREFIX_PATH}:/opt/ros/humble /usr/local/bin/cmake --build /home/developer/ros2_ws/src/build/ros_gz_crazyflie_bringup -- -j24 -l24
[0.818s] Invoked command in '/home/developer/ros2_ws/src/build/ros_gz_crazyflie_bringup' returned '0': CMAKE_PREFIX_PATH=${CMAKE_PREFIX_PATH}:/opt/ros/humble /usr/local/bin/cmake --build /home/developer/ros2_ws/src/build/ros_gz_crazyflie_bringup -- -j24 -l24
[0.850s] Invoking command in '/home/developer/ros2_ws/src/build/ros_gz_crazyflie_bringup': CMAKE_PREFIX_PATH=${CMAKE_PREFIX_PATH}:/opt/ros/humble /usr/local/bin/cmake --install /home/developer/ros2_ws/src/build/ros_gz_crazyflie_bringup
[0.875s] -- Install configuration: ""
[0.875s] -- Installing: /home/developer/ros2_ws/src/install/ros_gz_crazyflie_bringup/share/ros_gz_crazyflie_bringup/launch
[0.875s] -- Installing: /home/developer/ros2_ws/src/install/ros_gz_crazyflie_bringup/share/ros_gz_crazyflie_bringup/launch/crazyflie_simulation.launch.py
[0.875s] -- Installing: /home/developer/ros2_ws/src/install/ros_gz_crazyflie_bringup/share/ros_gz_crazyflie_bringup/config
[0.875s] -- Installing: /home/developer/ros2_ws/src/install/ros_gz_crazyflie_bringup/share/ros_gz_crazyflie_bringup/config/ros_gz_crazyflie_bridge.yaml
[0.875s] -- Installing: /home/developer/ros2_ws/src/install/ros_gz_crazyflie_bringup/share/ros_gz_crazyflie_bringup/gazebo_files
[0.875s] -- Installing: /home/developer/ros2_ws/src/install/ros_gz_crazyflie_bringup/share/ros_gz_crazyflie_bringup/gazebo_files/LICENSE
[0.876s] -- Installing: /home/developer/ros2_ws/src/install/ros_gz_crazyflie_bringup/share/ros_gz_crazyflie_bringup/gazebo_files/meshes
[0.876s] -- Installing: /home/developer/ros2_ws/src/install/ros_gz_crazyflie_bringup/share/ros_gz_crazyflie_bringup/gazebo_files/meshes/collada_files
[0.876s] -- Installing: /home/developer/ros2_ws/src/install/ros_gz_crazyflie_bringup/share/ros_gz_crazyflie_bringup/gazebo_files/meshes/collada_files/ccw_prop.dae
[0.876s] -- Installing: /home/developer/ros2_ws/src/install/ros_gz_crazyflie_bringup/share/ros_gz_crazyflie_bringup/gazebo_files/meshes/collada_files/cf2_assembly.dae
[0.876s] -- Installing: /home/developer/ros2_ws/src/install/ros_gz_crazyflie_bringup/share/ros_gz_crazyflie_bringup/gazebo_files/meshes/collada_files/cw_prop.dae
[0.876s] -- Installing: /home/developer/ros2_ws/src/install/ros_gz_crazyflie_bringup/share/ros_gz_crazyflie_bringup/gazebo_files/meshes/collada_files/cf2_assembly_with_props.dae
[0.877s] -- Installing: /home/developer/ros2_ws/src/install/ros_gz_crazyflie_bringup/share/ros_gz_crazyflie_bringup/gazebo_files/meshes/stl_files
[0.877s] -- Installing: /home/developer/ros2_ws/src/install/ros_gz_crazyflie_bringup/share/ros_gz_crazyflie_bringup/gazebo_files/meshes/stl_files/2_pinheaders.stl
[0.877s] -- Installing: /home/developer/ros2_ws/src/install/ros_gz_crazyflie_bringup/share/ros_gz_crazyflie_bringup/gazebo_files/meshes/stl_files/4_motormounts.stl
[0.877s] -- Installing: /home/developer/ros2_ws/src/install/ros_gz_crazyflie_bringup/share/ros_gz_crazyflie_bringup/gazebo_files/meshes/stl_files/cw_prop.stl
[0.877s] -- Installing: /home/developer/ros2_ws/src/install/ros_gz_crazyflie_bringup/share/ros_gz_crazyflie_bringup/gazebo_files/meshes/stl_files/battery_holder.stl
[0.878s] -- Installing: /home/developer/ros2_ws/src/install/ros_gz_crazyflie_bringup/share/ros_gz_crazyflie_bringup/gazebo_files/meshes/stl_files/motor_mount.stl
[0.878s] -- Installing: /home/developer/ros2_ws/src/install/ros_gz_crazyflie_bringup/share/ros_gz_crazyflie_bringup/gazebo_files/meshes/stl_files/cf2_assembly.stl
[0.878s] -- Installing: /home/developer/ros2_ws/src/install/ros_gz_crazyflie_bringup/share/ros_gz_crazyflie_bringup/gazebo_files/meshes/stl_files/4_motors.stl
[0.878s] -- Installing: /home/developer/ros2_ws/src/install/ros_gz_crazyflie_bringup/share/ros_gz_crazyflie_bringup/gazebo_files/meshes/stl_files/cf_body.stl
[0.878s] -- Installing: /home/developer/ros2_ws/src/install/ros_gz_crazyflie_bringup/share/ros_gz_crazyflie_bringup/gazebo_files/meshes/stl_files/pin_headers.stl
[0.879s] -- Installing: /home/developer/ros2_ws/src/install/ros_gz_crazyflie_bringup/share/ros_gz_crazyflie_bringup/gazebo_files/meshes/stl_files/battery.stl
[0.879s] -- Installing: /home/developer/ros2_ws/src/install/ros_gz_crazyflie_bringup/share/ros_gz_crazyflie_bringup/gazebo_files/meshes/stl_files/ccw_prop.stl
[0.879s] -- Installing: /home/developer/ros2_ws/src/install/ros_gz_crazyflie_bringup/share/ros_gz_crazyflie_bringup/gazebo_files/meshes/blender_files
[0.879s] -- Installing: /home/developer/ros2_ws/src/install/ros_gz_crazyflie_bringup/share/ros_gz_crazyflie_bringup/gazebo_files/meshes/blender_files/battery_holder.blend
[0.880s] -- Installing: /home/developer/ros2_ws/src/install/ros_gz_crazyflie_bringup/share/ros_gz_crazyflie_bringup/gazebo_files/meshes/blender_files/cf_body.blend
[0.881s] -- Installing: /home/developer/ros2_ws/src/install/ros_gz_crazyflie_bringup/share/ros_gz_crazyflie_bringup/gazebo_files/meshes/blender_files/battery.blend
[0.882s] -- Installing: /home/developer/ros2_ws/src/install/ros_gz_crazyflie_bringup/share/ros_gz_crazyflie_bringup/gazebo_files/meshes/blender_files/cw_prop.blend
[0.883s] -- Installing: /home/developer/ros2_ws/src/install/ros_gz_crazyflie_bringup/share/ros_gz_crazyflie_bringup/gazebo_files/meshes/blender_files/motor_mount.blend
[0.884s] -- Installing: /home/developer/ros2_ws/src/install/ros_gz_crazyflie_bringup/share/ros_gz_crazyflie_bringup/gazebo_files/meshes/blender_files/cf2_assembly.blend
[0.885s] -- Installing: /home/developer/ros2_ws/src/install/ros_gz_crazyflie_bringup/share/ros_gz_crazyflie_bringup/gazebo_files/meshes/blender_files/pin_headers.blend
[0.886s] -- Installing: /home/developer/ros2_ws/src/install/ros_gz_crazyflie_bringup/share/ros_gz_crazyflie_bringup/gazebo_files/meshes/textures
[0.886s] -- Installing: /home/developer/ros2_ws/src/install/ros_gz_crazyflie_bringup/share/ros_gz_crazyflie_bringup/gazebo_files/meshes/textures/fast_helix.png
[0.887s] -- Installing: /home/developer/ros2_ws/src/install/ros_gz_crazyflie_bringup/share/ros_gz_crazyflie_bringup/gazebo_files/gazebo
[0.887s] -- Installing: /home/developer/ros2_ws/src/install/ros_gz_crazyflie_bringup/share/ros_gz_crazyflie_bringup/gazebo_files/gazebo/crazyflie
[0.887s] -- Installing: /home/developer/ros2_ws/src/install/ros_gz_crazyflie_bringup/share/ros_gz_crazyflie_bringup/gazebo_files/gazebo/crazyflie/model.sdf
[0.887s] -- Installing: /home/developer/ros2_ws/src/install/ros_gz_crazyflie_bringup/share/ros_gz_crazyflie_bringup/gazebo_files/gazebo/crazyflie/model.config
[0.887s] -- Installing: /home/developer/ros2_ws/src/install/ros_gz_crazyflie_bringup/share/ros_gz_crazyflie_bringup/gazebo_files/gazebo/worlds
[0.887s] -- Installing: /home/developer/ros2_ws/src/install/ros_gz_crazyflie_bringup/share/ros_gz_crazyflie_bringup/gazebo_files/gazebo/worlds/crazyflie_world.sdf
[0.888s] -- Installing: /home/developer/ros2_ws/src/install/ros_gz_crazyflie_bringup/share/ament_index/resource_index/package_run_dependencies/ros_gz_crazyflie_bringup
[0.888s] -- Installing: /home/developer/ros2_ws/src/install/ros_gz_crazyflie_bringup/share/ament_index/resource_index/parent_prefix_path/ros_gz_crazyflie_bringup
[0.888s] -- Installing: /home/developer/ros2_ws/src/install/ros_gz_crazyflie_bringup/share/ros_gz_crazyflie_bringup/environment/ament_prefix_path.sh
[0.888s] -- Installing: /home/developer/ros2_ws/src/install/ros_gz_crazyflie_bringup/share/ros_gz_crazyflie_bringup/environment/ament_prefix_path.dsv
[0.888s] -- Installing: /home/developer/ros2_ws/src/install/ros_gz_crazyflie_bringup/share/ros_gz_crazyflie_bringup/environment/path.sh
[0.889s] -- Installing: /home/developer/ros2_ws/src/install/ros_gz_crazyflie_bringup/share/ros_gz_crazyflie_bringup/environment/path.dsv
[0.889s] -- Installing: /home/developer/ros2_ws/src/install/ros_gz_crazyflie_bringup/share/ros_gz_crazyflie_bringup/local_setup.bash
[0.889s] -- Installing: /home/developer/ros2_ws/src/install/ros_gz_crazyflie_bringup/share/ros_gz_crazyflie_bringup/local_setup.sh
[0.889s] -- Installing: /home/developer/ros2_ws/src/install/ros_gz_crazyflie_bringup/share/ros_gz_crazyflie_bringup/local_setup.zsh
[0.889s] -- Installing: /home/developer/ros2_ws/src/install/ros_gz_crazyflie_bringup/share/ros_gz_crazyflie_bringup/local_setup.dsv
[0.889s] -- Installing: /home/developer/ros2_ws/src/install/ros_gz_crazyflie_bringup/share/ros_gz_crazyflie_bringup/package.dsv
[0.890s] -- Installing: /home/developer/ros2_ws/src/install/ros_gz_crazyflie_bringup/share/ament_index/resource_index/packages/ros_gz_crazyflie_bringup
[0.890s] -- Installing: /home/developer/ros2_ws/src/install/ros_gz_crazyflie_bringup/share/ros_gz_crazyflie_bringup/cmake/ros_gz_crazyflie_bringupConfig.cmake
[0.890s] -- Installing: /home/developer/ros2_ws/src/install/ros_gz_crazyflie_bringup/share/ros_gz_crazyflie_bringup/cmake/ros_gz_crazyflie_bringupConfig-version.cmake
[0.890s] -- Installing: /home/developer/ros2_ws/src/install/ros_gz_crazyflie_bringup/share/ros_gz_crazyflie_bringup/package.xml
[0.894s] Invoked command in '/home/developer/ros2_ws/src/build/ros_gz_crazyflie_bringup' returned '0': CMAKE_PREFIX_PATH=${CMAKE_PREFIX_PATH}:/opt/ros/humble /usr/local/bin/cmake --install /home/developer/ros2_ws/src/build/ros_gz_crazyflie_bringup
