[ 50%] Built target mixer_lib
[100%] Built target mixer
-- Install configuration: ""
-- Up-to-date: /home/developer/ros2_ws/src/install/cf_control/lib/cf_control/mixer
-- Up-to-date: /home/developer/ros2_ws/src/install/cf_control/lib/libmixer_lib.so
-- Up-to-date: /home/developer/ros2_ws/src/install/cf_control/share/ament_index/resource_index/package_run_dependencies/cf_control
-- Up-to-date: /home/developer/ros2_ws/src/install/cf_control/share/ament_index/resource_index/parent_prefix_path/cf_control
-- Up-to-date: /home/developer/ros2_ws/src/install/cf_control/share/cf_control/environment/ament_prefix_path.sh
-- Up-to-date: /home/developer/ros2_ws/src/install/cf_control/share/cf_control/environment/ament_prefix_path.dsv
-- Up-to-date: /home/developer/ros2_ws/src/install/cf_control/share/cf_control/environment/path.sh
-- Up-to-date: /home/developer/ros2_ws/src/install/cf_control/share/cf_control/environment/path.dsv
-- Up-to-date: /home/developer/ros2_ws/src/install/cf_control/share/cf_control/local_setup.bash
-- Up-to-date: /home/developer/ros2_ws/src/install/cf_control/share/cf_control/local_setup.sh
-- Up-to-date: /home/developer/ros2_ws/src/install/cf_control/share/cf_control/local_setup.zsh
-- Up-to-date: /home/developer/ros2_ws/src/install/cf_control/share/cf_control/local_setup.dsv
-- Installing: /home/developer/ros2_ws/src/install/cf_control/share/cf_control/package.dsv
-- Up-to-date: /home/developer/ros2_ws/src/install/cf_control/share/ament_index/resource_index/packages/cf_control
-- Up-to-date: /home/developer/ros2_ws/src/install/cf_control/share/ament_index/resource_index/rclcpp_components/cf_control
-- Up-to-date: /home/developer/ros2_ws/src/install/cf_control/share/cf_control/cmake/export_cf_controlExport.cmake
-- Up-to-date: /home/developer/ros2_ws/src/install/cf_control/share/cf_control/cmake/export_cf_controlExport-noconfig.cmake
-- Up-to-date: /home/developer/ros2_ws/src/install/cf_control/share/cf_control/cmake/ament_cmake_export_targets-extras.cmake
-- Up-to-date: /home/developer/ros2_ws/src/install/cf_control/share/cf_control/cmake/cf_controlConfig.cmake
-- Up-to-date: /home/developer/ros2_ws/src/install/cf_control/share/cf_control/cmake/cf_controlConfig-version.cmake
-- Up-to-date: /home/developer/ros2_ws/src/install/cf_control/share/cf_control/package.xml
