running egg_info
writing ../build/uavsandbox/uavsandbox.egg-info/PKG-INFO
writing dependency_links to ../build/uavsandbox/uavsandbox.egg-info/dependency_links.txt
writing requirements to ../build/uavsandbox/uavsandbox.egg-info/requires.txt
writing top-level names to ../build/uavsandbox/uavsandbox.egg-info/top_level.txt
reading manifest file '../build/uavsandbox/uavsandbox.egg-info/SOURCES.txt'
adding license file 'LICENSE'
writing manifest file '../build/uavsandbox/uavsandbox.egg-info/SOURCES.txt'
running build
running build_py
copying uavsandbox/sandbox.py -> /home/developer/ros2_ws/src/build/uavsandbox/build/lib/uavsandbox
copying uavsandbox/__init__.py -> /home/developer/ros2_ws/src/build/uavsandbox/build/lib/uavsandbox
running install
running install_lib
running install_data
copying resource/uavsandbox -> /home/developer/ros2_ws/src/install/uavsandbox/share/ament_index/resource_index/packages
copying package.xml -> /home/developer/ros2_ws/src/install/uavsandbox/share/uavsandbox
running install_egg_info
removing '/home/developer/ros2_ws/src/install/uavsandbox/lib/python3.10/site-packages/uavsandbox-0.0.0-py3.10.egg-info' (and everything under it)
Copying ../build/uavsandbox/uavsandbox.egg-info to /home/developer/ros2_ws/src/install/uavsandbox/lib/python3.10/site-packages/uavsandbox-0.0.0-py3.10.egg-info
running install_scripts
writing list of installed files to '/home/developer/ros2_ws/src/build/uavsandbox/install.log'
