running egg_info
creating ../build/uavsandbox/uavsandbox.egg-info
writing ../build/uavsandbox/uavsandbox.egg-info/PKG-INFO
writing dependency_links to ../build/uavsandbox/uavsandbox.egg-info/dependency_links.txt
writing requirements to ../build/uavsandbox/uavsandbox.egg-info/requires.txt
writing top-level names to ../build/uavsandbox/uavsandbox.egg-info/top_level.txt
writing manifest file '../build/uavsandbox/uavsandbox.egg-info/SOURCES.txt'
reading manifest file '../build/uavsandbox/uavsandbox.egg-info/SOURCES.txt'
adding license file 'LICENSE'
writing manifest file '../build/uavsandbox/uavsandbox.egg-info/SOURCES.txt'
running build
running build_py
creating /home/developer/ros2_ws/src/build/uavsandbox/build/lib/uavsandbox
copying uavsandbox/sandbox.py -> /home/developer/ros2_ws/src/build/uavsandbox/build/lib/uavsandbox
copying uavsandbox/__init__.py -> /home/developer/ros2_ws/src/build/uavsandbox/build/lib/uavsandbox
running install
running install_lib
creating /home/developer/ros2_ws/src/install/uavsandbox/lib/python3.10/site-packages/uavsandbox
copying /home/developer/ros2_ws/src/build/uavsandbox/build/lib/uavsandbox/sandbox.py -> /home/developer/ros2_ws/src/install/uavsandbox/lib/python3.10/site-packages/uavsandbox
copying /home/developer/ros2_ws/src/build/uavsandbox/build/lib/uavsandbox/__init__.py -> /home/developer/ros2_ws/src/install/uavsandbox/lib/python3.10/site-packages/uavsandbox
byte-compiling /home/developer/ros2_ws/src/install/uavsandbox/lib/python3.10/site-packages/uavsandbox/sandbox.py to sandbox.cpython-310.pyc
byte-compiling /home/developer/ros2_ws/src/install/uavsandbox/lib/python3.10/site-packages/uavsandbox/__init__.py to __init__.cpython-310.pyc
running install_data
creating /home/developer/ros2_ws/src/install/uavsandbox/share/ament_index/resource_index/packages
copying resource/uavsandbox -> /home/developer/ros2_ws/src/install/uavsandbox/share/ament_index/resource_index/packages
copying package.xml -> /home/developer/ros2_ws/src/install/uavsandbox/share/uavsandbox
running install_egg_info
Copying ../build/uavsandbox/uavsandbox.egg-info to /home/developer/ros2_ws/src/install/uavsandbox/lib/python3.10/site-packages/uavsandbox-0.0.0-py3.10.egg-info
running install_scripts
writing list of installed files to '/home/developer/ros2_ws/src/build/uavsandbox/install.log'
