[0.132s] DEBUG:colcon:Command line arguments: ['/usr/bin/colcon', 'build']
[0.132s] DEBUG:colcon:Parsed command line arguments: Namespace(log_base=None, log_level=None, verb_name='build', build_base='build', install_base='install', merge_install=False, symlink_install=False, test_result_base=None, continue_on_error=False, executor='parallel', parallel_workers=24, event_handlers=None, ignore_user_meta=False, metas=['./colcon.meta'], base_paths=['.'], packages_ignore=None, packages_ignore_regex=None, paths=None, packages_up_to=None, packages_up_to_regex=None, packages_above=None, packages_above_and_dependencies=None, packages_above_depth=None, packages_select_by_dep=None, packages_skip_by_dep=None, packages_skip_up_to=None, packages_select_build_failed=False, packages_skip_build_finished=False, packages_select_test_failures=False, packages_skip_test_passed=False, packages_select=None, packages_skip=None, packages_select_regex=None, packages_skip_regex=None, packages_start=None, packages_end=None, allow_overriding=[], cmake_args=None, cmake_target=None, cmake_target_skip_unavailable=False, cmake_clean_cache=False, cmake_clean_first=False, cmake_force_configure=False, ament_cmake_args=None, catkin_cmake_args=None, catkin_skip_building_tests=False, mixin_files=None, mixin=None, verb_parser=<colcon_mixin.mixin.mixin_argument.MixinArgumentDecorator object at 0x70323a1d9120>, verb_extension=<colcon_core.verb.build.BuildVerb object at 0x70323a1d8940>, main=<bound method BuildVerb.main of <colcon_core.verb.build.BuildVerb object at 0x70323a1d8940>>, mixin_verb=('build',))
[0.177s] Level 1:colcon.colcon_core.package_discovery:discover_packages(colcon_meta) check parameters
[0.177s] Level 1:colcon.colcon_core.package_discovery:discover_packages(recursive) check parameters
[0.177s] Level 1:colcon.colcon_core.package_discovery:discover_packages(ignore) check parameters
[0.177s] Level 1:colcon.colcon_core.package_discovery:discover_packages(path) check parameters
[0.177s] Level 1:colcon.colcon_core.package_discovery:discover_packages(colcon_meta) discover
[0.177s] Level 1:colcon.colcon_core.package_discovery:discover_packages(recursive) discover
[0.177s] INFO:colcon.colcon_core.package_discovery:Crawling recursively for packages in '/home/developer/ros2_ws/src'
[0.177s] Level 1:colcon.colcon_core.package_identification:_identify(.) by extensions ['ignore', 'ignore_ament_install']
[0.177s] Level 1:colcon.colcon_core.package_identification:_identify(.) by extension 'ignore'
[0.177s] Level 1:colcon.colcon_core.package_identification:_identify(.) by extension 'ignore_ament_install'
[0.177s] Level 1:colcon.colcon_core.package_identification:_identify(.) by extensions ['colcon_pkg']
[0.177s] Level 1:colcon.colcon_core.package_identification:_identify(.) by extension 'colcon_pkg'
[0.177s] Level 1:colcon.colcon_core.package_identification:_identify(.) by extensions ['colcon_meta']
[0.177s] Level 1:colcon.colcon_core.package_identification:_identify(.) by extension 'colcon_meta'
[0.177s] Level 1:colcon.colcon_core.package_identification:_identify(.) by extensions ['ros']
[0.177s] Level 1:colcon.colcon_core.package_identification:_identify(.) by extension 'ros'
[0.204s] Level 1:colcon.colcon_core.package_identification:_identify(.) by extensions ['cmake', 'python']
[0.204s] Level 1:colcon.colcon_core.package_identification:_identify(.) by extension 'cmake'
[0.204s] Level 1:colcon.colcon_core.package_identification:_identify(.) by extension 'python'
[0.204s] Level 1:colcon.colcon_core.package_identification:_identify(.) by extensions ['python_setup_py']
[0.204s] Level 1:colcon.colcon_core.package_identification:_identify(.) by extension 'python_setup_py'
[0.204s] Level 1:colcon.colcon_core.package_identification:_identify(bag_files) by extensions ['ignore', 'ignore_ament_install']
[0.204s] Level 1:colcon.colcon_core.package_identification:_identify(bag_files) by extension 'ignore'
[0.205s] Level 1:colcon.colcon_core.package_identification:_identify(bag_files) by extension 'ignore_ament_install'
[0.205s] Level 1:colcon.colcon_core.package_identification:_identify(bag_files) by extensions ['colcon_pkg']
[0.205s] Level 1:colcon.colcon_core.package_identification:_identify(bag_files) by extension 'colcon_pkg'
[0.205s] Level 1:colcon.colcon_core.package_identification:_identify(bag_files) by extensions ['colcon_meta']
[0.205s] Level 1:colcon.colcon_core.package_identification:_identify(bag_files) by extension 'colcon_meta'
[0.205s] Level 1:colcon.colcon_core.package_identification:_identify(bag_files) by extensions ['ros']
[0.205s] Level 1:colcon.colcon_core.package_identification:_identify(bag_files) by extension 'ros'
[0.205s] Level 1:colcon.colcon_core.package_identification:_identify(bag_files) by extensions ['cmake', 'python']
[0.205s] Level 1:colcon.colcon_core.package_identification:_identify(bag_files) by extension 'cmake'
[0.205s] Level 1:colcon.colcon_core.package_identification:_identify(bag_files) by extension 'python'
[0.205s] Level 1:colcon.colcon_core.package_identification:_identify(bag_files) by extensions ['python_setup_py']
[0.205s] Level 1:colcon.colcon_core.package_identification:_identify(bag_files) by extension 'python_setup_py'
[0.205s] Level 1:colcon.colcon_core.package_identification:_identify(bag_files/rosbag2_2026_03_18-10_49_19) by extensions ['ignore', 'ignore_ament_install']
[0.205s] Level 1:colcon.colcon_core.package_identification:_identify(bag_files/rosbag2_2026_03_18-10_49_19) by extension 'ignore'
[0.205s] Level 1:colcon.colcon_core.package_identification:_identify(bag_files/rosbag2_2026_03_18-10_49_19) by extension 'ignore_ament_install'
[0.205s] Level 1:colcon.colcon_core.package_identification:_identify(bag_files/rosbag2_2026_03_18-10_49_19) by extensions ['colcon_pkg']
[0.205s] Level 1:colcon.colcon_core.package_identification:_identify(bag_files/rosbag2_2026_03_18-10_49_19) by extension 'colcon_pkg'
[0.205s] Level 1:colcon.colcon_core.package_identification:_identify(bag_files/rosbag2_2026_03_18-10_49_19) by extensions ['colcon_meta']
[0.205s] Level 1:colcon.colcon_core.package_identification:_identify(bag_files/rosbag2_2026_03_18-10_49_19) by extension 'colcon_meta'
[0.205s] Level 1:colcon.colcon_core.package_identification:_identify(bag_files/rosbag2_2026_03_18-10_49_19) by extensions ['ros']
[0.205s] Level 1:colcon.colcon_core.package_identification:_identify(bag_files/rosbag2_2026_03_18-10_49_19) by extension 'ros'
[0.205s] Level 1:colcon.colcon_core.package_identification:_identify(bag_files/rosbag2_2026_03_18-10_49_19) by extensions ['cmake', 'python']
[0.205s] Level 1:colcon.colcon_core.package_identification:_identify(bag_files/rosbag2_2026_03_18-10_49_19) by extension 'cmake'
[0.205s] Level 1:colcon.colcon_core.package_identification:_identify(bag_files/rosbag2_2026_03_18-10_49_19) by extension 'python'
[0.205s] Level 1:colcon.colcon_core.package_identification:_identify(bag_files/rosbag2_2026_03_18-10_49_19) by extensions ['python_setup_py']
[0.205s] Level 1:colcon.colcon_core.package_identification:_identify(bag_files/rosbag2_2026_03_18-10_49_19) by extension 'python_setup_py'
[0.206s] Level 1:colcon.colcon_core.package_identification:_identify(bag_files/rosbag2_2026_03_18-10_51_23) by extensions ['ignore', 'ignore_ament_install']
[0.206s] Level 1:colcon.colcon_core.package_identification:_identify(bag_files/rosbag2_2026_03_18-10_51_23) by extension 'ignore'
[0.206s] Level 1:colcon.colcon_core.package_identification:_identify(bag_files/rosbag2_2026_03_18-10_51_23) by extension 'ignore_ament_install'
[0.206s] Level 1:colcon.colcon_core.package_identification:_identify(bag_files/rosbag2_2026_03_18-10_51_23) by extensions ['colcon_pkg']
[0.206s] Level 1:colcon.colcon_core.package_identification:_identify(bag_files/rosbag2_2026_03_18-10_51_23) by extension 'colcon_pkg'
[0.206s] Level 1:colcon.colcon_core.package_identification:_identify(bag_files/rosbag2_2026_03_18-10_51_23) by extensions ['colcon_meta']
[0.206s] Level 1:colcon.colcon_core.package_identification:_identify(bag_files/rosbag2_2026_03_18-10_51_23) by extension 'colcon_meta'
[0.206s] Level 1:colcon.colcon_core.package_identification:_identify(bag_files/rosbag2_2026_03_18-10_51_23) by extensions ['ros']
[0.206s] Level 1:colcon.colcon_core.package_identification:_identify(bag_files/rosbag2_2026_03_18-10_51_23) by extension 'ros'
[0.206s] Level 1:colcon.colcon_core.package_identification:_identify(bag_files/rosbag2_2026_03_18-10_51_23) by extensions ['cmake', 'python']
[0.206s] Level 1:colcon.colcon_core.package_identification:_identify(bag_files/rosbag2_2026_03_18-10_51_23) by extension 'cmake'
[0.206s] Level 1:colcon.colcon_core.package_identification:_identify(bag_files/rosbag2_2026_03_18-10_51_23) by extension 'python'
[0.206s] Level 1:colcon.colcon_core.package_identification:_identify(bag_files/rosbag2_2026_03_18-10_51_23) by extensions ['python_setup_py']
[0.206s] Level 1:colcon.colcon_core.package_identification:_identify(bag_files/rosbag2_2026_03_18-10_51_23) by extension 'python_setup_py'
[0.206s] Level 1:colcon.colcon_core.package_identification:_identify(build) by extensions ['ignore', 'ignore_ament_install']
[0.206s] Level 1:colcon.colcon_core.package_identification:_identify(build) by extension 'ignore'
[0.206s] Level 1:colcon.colcon_core.package_identification:_identify(build) ignored
[0.206s] Level 1:colcon.colcon_core.package_identification:_identify(cf_control) by extensions ['ignore', 'ignore_ament_install']
[0.206s] Level 1:colcon.colcon_core.package_identification:_identify(cf_control) by extension 'ignore'
[0.206s] Level 1:colcon.colcon_core.package_identification:_identify(cf_control) by extension 'ignore_ament_install'
[0.206s] Level 1:colcon.colcon_core.package_identification:_identify(cf_control) by extensions ['colcon_pkg']
[0.206s] Level 1:colcon.colcon_core.package_identification:_identify(cf_control) by extension 'colcon_pkg'
[0.206s] Level 1:colcon.colcon_core.package_identification:_identify(cf_control) by extensions ['colcon_meta']
[0.207s] Level 1:colcon.colcon_core.package_identification:_identify(cf_control) by extension 'colcon_meta'
[0.207s] Level 1:colcon.colcon_core.package_identification:_identify(cf_control) by extensions ['ros']
[0.207s] Level 1:colcon.colcon_core.package_identification:_identify(cf_control) by extension 'ros'
[0.209s] DEBUG:colcon.colcon_core.package_identification:Package 'cf_control' with type 'ros.ament_cmake' and name 'cf_control'
[0.209s] Level 1:colcon.colcon_core.package_identification:_identify(cf_control_msgs) by extensions ['ignore', 'ignore_ament_install']
[0.209s] Level 1:colcon.colcon_core.package_identification:_identify(cf_control_msgs) by extension 'ignore'
[0.209s] Level 1:colcon.colcon_core.package_identification:_identify(cf_control_msgs) by extension 'ignore_ament_install'
[0.209s] Level 1:colcon.colcon_core.package_identification:_identify(cf_control_msgs) by extensions ['colcon_pkg']
[0.209s] Level 1:colcon.colcon_core.package_identification:_identify(cf_control_msgs) by extension 'colcon_pkg'
[0.209s] Level 1:colcon.colcon_core.package_identification:_identify(cf_control_msgs) by extensions ['colcon_meta']
[0.209s] Level 1:colcon.colcon_core.package_identification:_identify(cf_control_msgs) by extension 'colcon_meta'
[0.209s] Level 1:colcon.colcon_core.package_identification:_identify(cf_control_msgs) by extensions ['ros']
[0.209s] Level 1:colcon.colcon_core.package_identification:_identify(cf_control_msgs) by extension 'ros'
[0.210s] DEBUG:colcon.colcon_core.package_identification:Package 'cf_control_msgs' with type 'ros.ament_cmake' and name 'cf_control_msgs'
[0.210s] Level 1:colcon.colcon_core.package_identification:_identify(install) by extensions ['ignore', 'ignore_ament_install']
[0.210s] Level 1:colcon.colcon_core.package_identification:_identify(install) by extension 'ignore'
[0.210s] Level 1:colcon.colcon_core.package_identification:_identify(install) ignored
[0.210s] Level 1:colcon.colcon_core.package_identification:_identify(log) by extensions ['ignore', 'ignore_ament_install']
[0.210s] Level 1:colcon.colcon_core.package_identification:_identify(log) by extension 'ignore'
[0.210s] Level 1:colcon.colcon_core.package_identification:_identify(log) ignored
[0.210s] Level 1:colcon.colcon_core.package_identification:_identify(logs) by extensions ['ignore', 'ignore_ament_install']
[0.210s] Level 1:colcon.colcon_core.package_identification:_identify(logs) by extension 'ignore'
[0.211s] Level 1:colcon.colcon_core.package_identification:_identify(logs) by extension 'ignore_ament_install'
[0.211s] Level 1:colcon.colcon_core.package_identification:_identify(logs) by extensions ['colcon_pkg']
[0.211s] Level 1:colcon.colcon_core.package_identification:_identify(logs) by extension 'colcon_pkg'
[0.211s] Level 1:colcon.colcon_core.package_identification:_identify(logs) by extensions ['colcon_meta']
[0.211s] Level 1:colcon.colcon_core.package_identification:_identify(logs) by extension 'colcon_meta'
[0.211s] Level 1:colcon.colcon_core.package_identification:_identify(logs) by extensions ['ros']
[0.211s] Level 1:colcon.colcon_core.package_identification:_identify(logs) by extension 'ros'
[0.211s] Level 1:colcon.colcon_core.package_identification:_identify(logs) by extensions ['cmake', 'python']
[0.211s] Level 1:colcon.colcon_core.package_identification:_identify(logs) by extension 'cmake'
[0.211s] Level 1:colcon.colcon_core.package_identification:_identify(logs) by extension 'python'
[0.211s] Level 1:colcon.colcon_core.package_identification:_identify(logs) by extensions ['python_setup_py']
[0.211s] Level 1:colcon.colcon_core.package_identification:_identify(logs) by extension 'python_setup_py'
[0.211s] Level 1:colcon.colcon_core.package_identification:_identify(logs/2026-03-18-10-07-43-621960-lsriw-swinica-1357) by extensions ['ignore', 'ignore_ament_install']
[0.211s] Level 1:colcon.colcon_core.package_identification:_identify(logs/2026-03-18-10-07-43-621960-lsriw-swinica-1357) by extension 'ignore'
[0.211s] Level 1:colcon.colcon_core.package_identification:_identify(logs/2026-03-18-10-07-43-621960-lsriw-swinica-1357) by extension 'ignore_ament_install'
[0.211s] Level 1:colcon.colcon_core.package_identification:_identify(logs/2026-03-18-10-07-43-621960-lsriw-swinica-1357) by extensions ['colcon_pkg']
[0.211s] Level 1:colcon.colcon_core.package_identification:_identify(logs/2026-03-18-10-07-43-621960-lsriw-swinica-1357) by extension 'colcon_pkg'
[0.211s] Level 1:colcon.colcon_core.package_identification:_identify(logs/2026-03-18-10-07-43-621960-lsriw-swinica-1357) by extensions ['colcon_meta']
[0.211s] Level 1:colcon.colcon_core.package_identification:_identify(logs/2026-03-18-10-07-43-621960-lsriw-swinica-1357) by extension 'colcon_meta'
[0.211s] Level 1:colcon.colcon_core.package_identification:_identify(logs/2026-03-18-10-07-43-621960-lsriw-swinica-1357) by extensions ['ros']
[0.211s] Level 1:colcon.colcon_core.package_identification:_identify(logs/2026-03-18-10-07-43-621960-lsriw-swinica-1357) by extension 'ros'
[0.211s] Level 1:colcon.colcon_core.package_identification:_identify(logs/2026-03-18-10-07-43-621960-lsriw-swinica-1357) by extensions ['cmake', 'python']
[0.211s] Level 1:colcon.colcon_core.package_identification:_identify(logs/2026-03-18-10-07-43-621960-lsriw-swinica-1357) by extension 'cmake'
[0.211s] Level 1:colcon.colcon_core.package_identification:_identify(logs/2026-03-18-10-07-43-621960-lsriw-swinica-1357) by extension 'python'
[0.211s] Level 1:colcon.colcon_core.package_identification:_identify(logs/2026-03-18-10-07-43-621960-lsriw-swinica-1357) by extensions ['python_setup_py']
[0.212s] Level 1:colcon.colcon_core.package_identification:_identify(logs/2026-03-18-10-07-43-621960-lsriw-swinica-1357) by extension 'python_setup_py'
[0.212s] Level 1:colcon.colcon_core.package_identification:_identify(logs/2026-03-18-10-57-05-514676-lsriw-swinica-18309) by extensions ['ignore', 'ignore_ament_install']
[0.212s] Level 1:colcon.colcon_core.package_identification:_identify(logs/2026-03-18-10-57-05-514676-lsriw-swinica-18309) by extension 'ignore'
[0.212s] Level 1:colcon.colcon_core.package_identification:_identify(logs/2026-03-18-10-57-05-514676-lsriw-swinica-18309) by extension 'ignore_ament_install'
[0.212s] Level 1:colcon.colcon_core.package_identification:_identify(logs/2026-03-18-10-57-05-514676-lsriw-swinica-18309) by extensions ['colcon_pkg']
[0.212s] Level 1:colcon.colcon_core.package_identification:_identify(logs/2026-03-18-10-57-05-514676-lsriw-swinica-18309) by extension 'colcon_pkg'
[0.212s] Level 1:colcon.colcon_core.package_identification:_identify(logs/2026-03-18-10-57-05-514676-lsriw-swinica-18309) by extensions ['colcon_meta']
[0.212s] Level 1:colcon.colcon_core.package_identification:_identify(logs/2026-03-18-10-57-05-514676-lsriw-swinica-18309) by extension 'colcon_meta'
[0.212s] Level 1:colcon.colcon_core.package_identification:_identify(logs/2026-03-18-10-57-05-514676-lsriw-swinica-18309) by extensions ['ros']
[0.212s] Level 1:colcon.colcon_core.package_identification:_identify(logs/2026-03-18-10-57-05-514676-lsriw-swinica-18309) by extension 'ros'
[0.212s] Level 1:colcon.colcon_core.package_identification:_identify(logs/2026-03-18-10-57-05-514676-lsriw-swinica-18309) by extensions ['cmake', 'python']
[0.212s] Level 1:colcon.colcon_core.package_identification:_identify(logs/2026-03-18-10-57-05-514676-lsriw-swinica-18309) by extension 'cmake'
[0.212s] Level 1:colcon.colcon_core.package_identification:_identify(logs/2026-03-18-10-57-05-514676-lsriw-swinica-18309) by extension 'python'
[0.212s] Level 1:colcon.colcon_core.package_identification:_identify(logs/2026-03-18-10-57-05-514676-lsriw-swinica-18309) by extensions ['python_setup_py']
[0.212s] Level 1:colcon.colcon_core.package_identification:_identify(logs/2026-03-18-10-57-05-514676-lsriw-swinica-18309) by extension 'python_setup_py'
[0.212s] Level 1:colcon.colcon_core.package_identification:_identify(logs/2026-03-18-10-59-20-490885-lsriw-swinica-19082) by extensions ['ignore', 'ignore_ament_install']
[0.212s] Level 1:colcon.colcon_core.package_identification:_identify(logs/2026-03-18-10-59-20-490885-lsriw-swinica-19082) by extension 'ignore'
[0.212s] Level 1:colcon.colcon_core.package_identification:_identify(logs/2026-03-18-10-59-20-490885-lsriw-swinica-19082) by extension 'ignore_ament_install'
[0.212s] Level 1:colcon.colcon_core.package_identification:_identify(logs/2026-03-18-10-59-20-490885-lsriw-swinica-19082) by extensions ['colcon_pkg']
[0.212s] Level 1:colcon.colcon_core.package_identification:_identify(logs/2026-03-18-10-59-20-490885-lsriw-swinica-19082) by extension 'colcon_pkg'
[0.212s] Level 1:colcon.colcon_core.package_identification:_identify(logs/2026-03-18-10-59-20-490885-lsriw-swinica-19082) by extensions ['colcon_meta']
[0.212s] Level 1:colcon.colcon_core.package_identification:_identify(logs/2026-03-18-10-59-20-490885-lsriw-swinica-19082) by extension 'colcon_meta'
[0.212s] Level 1:colcon.colcon_core.package_identification:_identify(logs/2026-03-18-10-59-20-490885-lsriw-swinica-19082) by extensions ['ros']
[0.212s] Level 1:colcon.colcon_core.package_identification:_identify(logs/2026-03-18-10-59-20-490885-lsriw-swinica-19082) by extension 'ros'
[0.212s] Level 1:colcon.colcon_core.package_identification:_identify(logs/2026-03-18-10-59-20-490885-lsriw-swinica-19082) by extensions ['cmake', 'python']
[0.213s] Level 1:colcon.colcon_core.package_identification:_identify(logs/2026-03-18-10-59-20-490885-lsriw-swinica-19082) by extension 'cmake'
[0.213s] Level 1:colcon.colcon_core.package_identification:_identify(logs/2026-03-18-10-59-20-490885-lsriw-swinica-19082) by extension 'python'
[0.213s] Level 1:colcon.colcon_core.package_identification:_identify(logs/2026-03-18-10-59-20-490885-lsriw-swinica-19082) by extensions ['python_setup_py']
[0.213s] Level 1:colcon.colcon_core.package_identification:_identify(logs/2026-03-18-10-59-20-490885-lsriw-swinica-19082) by extension 'python_setup_py'
[0.213s] Level 1:colcon.colcon_core.package_identification:_identify(logs/2026-03-18-11-02-01-688828-lsriw-swinica-20620) by extensions ['ignore', 'ignore_ament_install']
[0.213s] Level 1:colcon.colcon_core.package_identification:_identify(logs/2026-03-18-11-02-01-688828-lsriw-swinica-20620) by extension 'ignore'
[0.213s] Level 1:colcon.colcon_core.package_identification:_identify(logs/2026-03-18-11-02-01-688828-lsriw-swinica-20620) by extension 'ignore_ament_install'
[0.213s] Level 1:colcon.colcon_core.package_identification:_identify(logs/2026-03-18-11-02-01-688828-lsriw-swinica-20620) by extensions ['colcon_pkg']
[0.213s] Level 1:colcon.colcon_core.package_identification:_identify(logs/2026-03-18-11-02-01-688828-lsriw-swinica-20620) by extension 'colcon_pkg'
[0.213s] Level 1:colcon.colcon_core.package_identification:_identify(logs/2026-03-18-11-02-01-688828-lsriw-swinica-20620) by extensions ['colcon_meta']
[0.213s] Level 1:colcon.colcon_core.package_identification:_identify(logs/2026-03-18-11-02-01-688828-lsriw-swinica-20620) by extension 'colcon_meta'
[0.213s] Level 1:colcon.colcon_core.package_identification:_identify(logs/2026-03-18-11-02-01-688828-lsriw-swinica-20620) by extensions ['ros']
[0.213s] Level 1:colcon.colcon_core.package_identification:_identify(logs/2026-03-18-11-02-01-688828-lsriw-swinica-20620) by extension 'ros'
[0.213s] Level 1:colcon.colcon_core.package_identification:_identify(logs/2026-03-18-11-02-01-688828-lsriw-swinica-20620) by extensions ['cmake', 'python']
[0.213s] Level 1:colcon.colcon_core.package_identification:_identify(logs/2026-03-18-11-02-01-688828-lsriw-swinica-20620) by extension 'cmake'
[0.213s] Level 1:colcon.colcon_core.package_identification:_identify(logs/2026-03-18-11-02-01-688828-lsriw-swinica-20620) by extension 'python'
[0.213s] Level 1:colcon.colcon_core.package_identification:_identify(logs/2026-03-18-11-02-01-688828-lsriw-swinica-20620) by extensions ['python_setup_py']
[0.213s] Level 1:colcon.colcon_core.package_identification:_identify(logs/2026-03-18-11-02-01-688828-lsriw-swinica-20620) by extension 'python_setup_py'
[0.213s] Level 1:colcon.colcon_core.package_identification:_identify(logs/2026-03-18-11-02-51-263322-lsriw-swinica-21098) by extensions ['ignore', 'ignore_ament_install']
[0.213s] Level 1:colcon.colcon_core.package_identification:_identify(logs/2026-03-18-11-02-51-263322-lsriw-swinica-21098) by extension 'ignore'
[0.213s] Level 1:colcon.colcon_core.package_identification:_identify(logs/2026-03-18-11-02-51-263322-lsriw-swinica-21098) by extension 'ignore_ament_install'
[0.213s] Level 1:colcon.colcon_core.package_identification:_identify(logs/2026-03-18-11-02-51-263322-lsriw-swinica-21098) by extensions ['colcon_pkg']
[0.213s] Level 1:colcon.colcon_core.package_identification:_identify(logs/2026-03-18-11-02-51-263322-lsriw-swinica-21098) by extension 'colcon_pkg'
[0.213s] Level 1:colcon.colcon_core.package_identification:_identify(logs/2026-03-18-11-02-51-263322-lsriw-swinica-21098) by extensions ['colcon_meta']
[0.213s] Level 1:colcon.colcon_core.package_identification:_identify(logs/2026-03-18-11-02-51-263322-lsriw-swinica-21098) by extension 'colcon_meta'
[0.213s] Level 1:colcon.colcon_core.package_identification:_identify(logs/2026-03-18-11-02-51-263322-lsriw-swinica-21098) by extensions ['ros']
[0.214s] Level 1:colcon.colcon_core.package_identification:_identify(logs/2026-03-18-11-02-51-263322-lsriw-swinica-21098) by extension 'ros'
[0.214s] Level 1:colcon.colcon_core.package_identification:_identify(logs/2026-03-18-11-02-51-263322-lsriw-swinica-21098) by extensions ['cmake', 'python']
[0.214s] Level 1:colcon.colcon_core.package_identification:_identify(logs/2026-03-18-11-02-51-263322-lsriw-swinica-21098) by extension 'cmake'
[0.214s] Level 1:colcon.colcon_core.package_identification:_identify(logs/2026-03-18-11-02-51-263322-lsriw-swinica-21098) by extension 'python'
[0.214s] Level 1:colcon.colcon_core.package_identification:_identify(logs/2026-03-18-11-02-51-263322-lsriw-swinica-21098) by extensions ['python_setup_py']
[0.214s] Level 1:colcon.colcon_core.package_identification:_identify(logs/2026-03-18-11-02-51-263322-lsriw-swinica-21098) by extension 'python_setup_py'
[0.214s] Level 1:colcon.colcon_core.package_identification:_identify(logs/2026-03-18-11-05-22-318247-lsriw-swinica-22789) by extensions ['ignore', 'ignore_ament_install']
[0.214s] Level 1:colcon.colcon_core.package_identification:_identify(logs/2026-03-18-11-05-22-318247-lsriw-swinica-22789) by extension 'ignore'
[0.214s] Level 1:colcon.colcon_core.package_identification:_identify(logs/2026-03-18-11-05-22-318247-lsriw-swinica-22789) by extension 'ignore_ament_install'
[0.214s] Level 1:colcon.colcon_core.package_identification:_identify(logs/2026-03-18-11-05-22-318247-lsriw-swinica-22789) by extensions ['colcon_pkg']
[0.214s] Level 1:colcon.colcon_core.package_identification:_identify(logs/2026-03-18-11-05-22-318247-lsriw-swinica-22789) by extension 'colcon_pkg'
[0.214s] Level 1:colcon.colcon_core.package_identification:_identify(logs/2026-03-18-11-05-22-318247-lsriw-swinica-22789) by extensions ['colcon_meta']
[0.214s] Level 1:colcon.colcon_core.package_identification:_identify(logs/2026-03-18-11-05-22-318247-lsriw-swinica-22789) by extension 'colcon_meta'
[0.214s] Level 1:colcon.colcon_core.package_identification:_identify(logs/2026-03-18-11-05-22-318247-lsriw-swinica-22789) by extensions ['ros']
[0.214s] Level 1:colcon.colcon_core.package_identification:_identify(logs/2026-03-18-11-05-22-318247-lsriw-swinica-22789) by extension 'ros'
[0.214s] Level 1:colcon.colcon_core.package_identification:_identify(logs/2026-03-18-11-05-22-318247-lsriw-swinica-22789) by extensions ['cmake', 'python']
[0.214s] Level 1:colcon.colcon_core.package_identification:_identify(logs/2026-03-18-11-05-22-318247-lsriw-swinica-22789) by extension 'cmake'
[0.214s] Level 1:colcon.colcon_core.package_identification:_identify(logs/2026-03-18-11-05-22-318247-lsriw-swinica-22789) by extension 'python'
[0.214s] Level 1:colcon.colcon_core.package_identification:_identify(logs/2026-03-18-11-05-22-318247-lsriw-swinica-22789) by extensions ['python_setup_py']
[0.214s] Level 1:colcon.colcon_core.package_identification:_identify(logs/2026-03-18-11-05-22-318247-lsriw-swinica-22789) by extension 'python_setup_py'
[0.214s] Level 1:colcon.colcon_core.package_identification:_identify(logs/2026-03-18-11-08-30-636703-lsriw-swinica-23659) by extensions ['ignore', 'ignore_ament_install']
[0.214s] Level 1:colcon.colcon_core.package_identification:_identify(logs/2026-03-18-11-08-30-636703-lsriw-swinica-23659) by extension 'ignore'
[0.214s] Level 1:colcon.colcon_core.package_identification:_identify(logs/2026-03-18-11-08-30-636703-lsriw-swinica-23659) by extension 'ignore_ament_install'
[0.214s] Level 1:colcon.colcon_core.package_identification:_identify(logs/2026-03-18-11-08-30-636703-lsriw-swinica-23659) by extensions ['colcon_pkg']
[0.214s] Level 1:colcon.colcon_core.package_identification:_identify(logs/2026-03-18-11-08-30-636703-lsriw-swinica-23659) by extension 'colcon_pkg'
[0.215s] Level 1:colcon.colcon_core.package_identification:_identify(logs/2026-03-18-11-08-30-636703-lsriw-swinica-23659) by extensions ['colcon_meta']
[0.215s] Level 1:colcon.colcon_core.package_identification:_identify(logs/2026-03-18-11-08-30-636703-lsriw-swinica-23659) by extension 'colcon_meta'
[0.215s] Level 1:colcon.colcon_core.package_identification:_identify(logs/2026-03-18-11-08-30-636703-lsriw-swinica-23659) by extensions ['ros']
[0.215s] Level 1:colcon.colcon_core.package_identification:_identify(logs/2026-03-18-11-08-30-636703-lsriw-swinica-23659) by extension 'ros'
[0.215s] Level 1:colcon.colcon_core.package_identification:_identify(logs/2026-03-18-11-08-30-636703-lsriw-swinica-23659) by extensions ['cmake', 'python']
[0.215s] Level 1:colcon.colcon_core.package_identification:_identify(logs/2026-03-18-11-08-30-636703-lsriw-swinica-23659) by extension 'cmake'
[0.215s] Level 1:colcon.colcon_core.package_identification:_identify(logs/2026-03-18-11-08-30-636703-lsriw-swinica-23659) by extension 'python'
[0.215s] Level 1:colcon.colcon_core.package_identification:_identify(logs/2026-03-18-11-08-30-636703-lsriw-swinica-23659) by extensions ['python_setup_py']
[0.215s] Level 1:colcon.colcon_core.package_identification:_identify(logs/2026-03-18-11-08-30-636703-lsriw-swinica-23659) by extension 'python_setup_py'
[0.215s] Level 1:colcon.colcon_core.package_identification:_identify(logs/2026-03-25-10-28-20-317018-lsriw-swinica-11122) by extensions ['ignore', 'ignore_ament_install']
[0.215s] Level 1:colcon.colcon_core.package_identification:_identify(logs/2026-03-25-10-28-20-317018-lsriw-swinica-11122) by extension 'ignore'
[0.215s] Level 1:colcon.colcon_core.package_identification:_identify(logs/2026-03-25-10-28-20-317018-lsriw-swinica-11122) by extension 'ignore_ament_install'
[0.215s] Level 1:colcon.colcon_core.package_identification:_identify(logs/2026-03-25-10-28-20-317018-lsriw-swinica-11122) by extensions ['colcon_pkg']
[0.215s] Level 1:colcon.colcon_core.package_identification:_identify(logs/2026-03-25-10-28-20-317018-lsriw-swinica-11122) by extension 'colcon_pkg'
[0.215s] Level 1:colcon.colcon_core.package_identification:_identify(logs/2026-03-25-10-28-20-317018-lsriw-swinica-11122) by extensions ['colcon_meta']
[0.215s] Level 1:colcon.colcon_core.package_identification:_identify(logs/2026-03-25-10-28-20-317018-lsriw-swinica-11122) by extension 'colcon_meta'
[0.215s] Level 1:colcon.colcon_core.package_identification:_identify(logs/2026-03-25-10-28-20-317018-lsriw-swinica-11122) by extensions ['ros']
[0.215s] Level 1:colcon.colcon_core.package_identification:_identify(logs/2026-03-25-10-28-20-317018-lsriw-swinica-11122) by extension 'ros'
[0.215s] Level 1:colcon.colcon_core.package_identification:_identify(logs/2026-03-25-10-28-20-317018-lsriw-swinica-11122) by extensions ['cmake', 'python']
[0.215s] Level 1:colcon.colcon_core.package_identification:_identify(logs/2026-03-25-10-28-20-317018-lsriw-swinica-11122) by extension 'cmake'
[0.215s] Level 1:colcon.colcon_core.package_identification:_identify(logs/2026-03-25-10-28-20-317018-lsriw-swinica-11122) by extension 'python'
[0.215s] Level 1:colcon.colcon_core.package_identification:_identify(logs/2026-03-25-10-28-20-317018-lsriw-swinica-11122) by extensions ['python_setup_py']
[0.215s] Level 1:colcon.colcon_core.package_identification:_identify(logs/2026-03-25-10-28-20-317018-lsriw-swinica-11122) by extension 'python_setup_py'
[0.215s] Level 1:colcon.colcon_core.package_identification:_identify(logs/2026-04-01-09-51-30-276284-lsriw-swinica-1876) by extensions ['ignore', 'ignore_ament_install']
[0.215s] Level 1:colcon.colcon_core.package_identification:_identify(logs/2026-04-01-09-51-30-276284-lsriw-swinica-1876) by extension 'ignore'
[0.216s] Level 1:colcon.colcon_core.package_identification:_identify(logs/2026-04-01-09-51-30-276284-lsriw-swinica-1876) by extension 'ignore_ament_install'
[0.216s] Level 1:colcon.colcon_core.package_identification:_identify(logs/2026-04-01-09-51-30-276284-lsriw-swinica-1876) by extensions ['colcon_pkg']
[0.216s] Level 1:colcon.colcon_core.package_identification:_identify(logs/2026-04-01-09-51-30-276284-lsriw-swinica-1876) by extension 'colcon_pkg'
[0.216s] Level 1:colcon.colcon_core.package_identification:_identify(logs/2026-04-01-09-51-30-276284-lsriw-swinica-1876) by extensions ['colcon_meta']
[0.216s] Level 1:colcon.colcon_core.package_identification:_identify(logs/2026-04-01-09-51-30-276284-lsriw-swinica-1876) by extension 'colcon_meta'
[0.216s] Level 1:colcon.colcon_core.package_identification:_identify(logs/2026-04-01-09-51-30-276284-lsriw-swinica-1876) by extensions ['ros']
[0.216s] Level 1:colcon.colcon_core.package_identification:_identify(logs/2026-04-01-09-51-30-276284-lsriw-swinica-1876) by extension 'ros'
[0.216s] Level 1:colcon.colcon_core.package_identification:_identify(logs/2026-04-01-09-51-30-276284-lsriw-swinica-1876) by extensions ['cmake', 'python']
[0.216s] Level 1:colcon.colcon_core.package_identification:_identify(logs/2026-04-01-09-51-30-276284-lsriw-swinica-1876) by extension 'cmake'
[0.216s] Level 1:colcon.colcon_core.package_identification:_identify(logs/2026-04-01-09-51-30-276284-lsriw-swinica-1876) by extension 'python'
[0.216s] Level 1:colcon.colcon_core.package_identification:_identify(logs/2026-04-01-09-51-30-276284-lsriw-swinica-1876) by extensions ['python_setup_py']
[0.216s] Level 1:colcon.colcon_core.package_identification:_identify(logs/2026-04-01-09-51-30-276284-lsriw-swinica-1876) by extension 'python_setup_py'
[0.216s] Level 1:colcon.colcon_core.package_identification:_identify(logs/2026-04-01-10-17-17-684912-lsriw-swinica-8497) by extensions ['ignore', 'ignore_ament_install']
[0.216s] Level 1:colcon.colcon_core.package_identification:_identify(logs/2026-04-01-10-17-17-684912-lsriw-swinica-8497) by extension 'ignore'
[0.216s] Level 1:colcon.colcon_core.package_identification:_identify(logs/2026-04-01-10-17-17-684912-lsriw-swinica-8497) by extension 'ignore_ament_install'
[0.216s] Level 1:colcon.colcon_core.package_identification:_identify(logs/2026-04-01-10-17-17-684912-lsriw-swinica-8497) by extensions ['colcon_pkg']
[0.216s] Level 1:colcon.colcon_core.package_identification:_identify(logs/2026-04-01-10-17-17-684912-lsriw-swinica-8497) by extension 'colcon_pkg'
[0.216s] Level 1:colcon.colcon_core.package_identification:_identify(logs/2026-04-01-10-17-17-684912-lsriw-swinica-8497) by extensions ['colcon_meta']
[0.216s] Level 1:colcon.colcon_core.package_identification:_identify(logs/2026-04-01-10-17-17-684912-lsriw-swinica-8497) by extension 'colcon_meta'
[0.216s] Level 1:colcon.colcon_core.package_identification:_identify(logs/2026-04-01-10-17-17-684912-lsriw-swinica-8497) by extensions ['ros']
[0.216s] Level 1:colcon.colcon_core.package_identification:_identify(logs/2026-04-01-10-17-17-684912-lsriw-swinica-8497) by extension 'ros'
[0.216s] Level 1:colcon.colcon_core.package_identification:_identify(logs/2026-04-01-10-17-17-684912-lsriw-swinica-8497) by extensions ['cmake', 'python']
[0.216s] Level 1:colcon.colcon_core.package_identification:_identify(logs/2026-04-01-10-17-17-684912-lsriw-swinica-8497) by extension 'cmake'
[0.216s] Level 1:colcon.colcon_core.package_identification:_identify(logs/2026-04-01-10-17-17-684912-lsriw-swinica-8497) by extension 'python'
[0.216s] Level 1:colcon.colcon_core.package_identification:_identify(logs/2026-04-01-10-17-17-684912-lsriw-swinica-8497) by extensions ['python_setup_py']
[0.216s] Level 1:colcon.colcon_core.package_identification:_identify(logs/2026-04-01-10-17-17-684912-lsriw-swinica-8497) by extension 'python_setup_py'
[0.216s] Level 1:colcon.colcon_core.package_identification:_identify(logs/2026-04-01-10-46-54-992249-lsriw-swinica-15026) by extensions ['ignore', 'ignore_ament_install']
[0.217s] Level 1:colcon.colcon_core.package_identification:_identify(logs/2026-04-01-10-46-54-992249-lsriw-swinica-15026) by extension 'ignore'
[0.217s] Level 1:colcon.colcon_core.package_identification:_identify(logs/2026-04-01-10-46-54-992249-lsriw-swinica-15026) by extension 'ignore_ament_install'
[0.217s] Level 1:colcon.colcon_core.package_identification:_identify(logs/2026-04-01-10-46-54-992249-lsriw-swinica-15026) by extensions ['colcon_pkg']
[0.217s] Level 1:colcon.colcon_core.package_identification:_identify(logs/2026-04-01-10-46-54-992249-lsriw-swinica-15026) by extension 'colcon_pkg'
[0.217s] Level 1:colcon.colcon_core.package_identification:_identify(logs/2026-04-01-10-46-54-992249-lsriw-swinica-15026) by extensions ['colcon_meta']
[0.217s] Level 1:colcon.colcon_core.package_identification:_identify(logs/2026-04-01-10-46-54-992249-lsriw-swinica-15026) by extension 'colcon_meta'
[0.217s] Level 1:colcon.colcon_core.package_identification:_identify(logs/2026-04-01-10-46-54-992249-lsriw-swinica-15026) by extensions ['ros']
[0.217s] Level 1:colcon.colcon_core.package_identification:_identify(logs/2026-04-01-10-46-54-992249-lsriw-swinica-15026) by extension 'ros'
[0.217s] Level 1:colcon.colcon_core.package_identification:_identify(logs/2026-04-01-10-46-54-992249-lsriw-swinica-15026) by extensions ['cmake', 'python']
[0.217s] Level 1:colcon.colcon_core.package_identification:_identify(logs/2026-04-01-10-46-54-992249-lsriw-swinica-15026) by extension 'cmake'
[0.217s] Level 1:colcon.colcon_core.package_identification:_identify(logs/2026-04-01-10-46-54-992249-lsriw-swinica-15026) by extension 'python'
[0.217s] Level 1:colcon.colcon_core.package_identification:_identify(logs/2026-04-01-10-46-54-992249-lsriw-swinica-15026) by extensions ['python_setup_py']
[0.217s] Level 1:colcon.colcon_core.package_identification:_identify(logs/2026-04-01-10-46-54-992249-lsriw-swinica-15026) by extension 'python_setup_py'
[0.217s] Level 1:colcon.colcon_core.package_identification:_identify(logs/2026-04-01-10-55-52-824284-lsriw-swinica-18262) by extensions ['ignore', 'ignore_ament_install']
[0.217s] Level 1:colcon.colcon_core.package_identification:_identify(logs/2026-04-01-10-55-52-824284-lsriw-swinica-18262) by extension 'ignore'
[0.217s] Level 1:colcon.colcon_core.package_identification:_identify(logs/2026-04-01-10-55-52-824284-lsriw-swinica-18262) by extension 'ignore_ament_install'
[0.217s] Level 1:colcon.colcon_core.package_identification:_identify(logs/2026-04-01-10-55-52-824284-lsriw-swinica-18262) by extensions ['colcon_pkg']
[0.217s] Level 1:colcon.colcon_core.package_identification:_identify(logs/2026-04-01-10-55-52-824284-lsriw-swinica-18262) by extension 'colcon_pkg'
[0.217s] Level 1:colcon.colcon_core.package_identification:_identify(logs/2026-04-01-10-55-52-824284-lsriw-swinica-18262) by extensions ['colcon_meta']
[0.217s] Level 1:colcon.colcon_core.package_identification:_identify(logs/2026-04-01-10-55-52-824284-lsriw-swinica-18262) by extension 'colcon_meta'
[0.217s] Level 1:colcon.colcon_core.package_identification:_identify(logs/2026-04-01-10-55-52-824284-lsriw-swinica-18262) by extensions ['ros']
[0.217s] Level 1:colcon.colcon_core.package_identification:_identify(logs/2026-04-01-10-55-52-824284-lsriw-swinica-18262) by extension 'ros'
[0.217s] Level 1:colcon.colcon_core.package_identification:_identify(logs/2026-04-01-10-55-52-824284-lsriw-swinica-18262) by extensions ['cmake', 'python']
[0.217s] Level 1:colcon.colcon_core.package_identification:_identify(logs/2026-04-01-10-55-52-824284-lsriw-swinica-18262) by extension 'cmake'
[0.217s] Level 1:colcon.colcon_core.package_identification:_identify(logs/2026-04-01-10-55-52-824284-lsriw-swinica-18262) by extension 'python'
[0.218s] Level 1:colcon.colcon_core.package_identification:_identify(logs/2026-04-01-10-55-52-824284-lsriw-swinica-18262) by extensions ['python_setup_py']
[0.218s] Level 1:colcon.colcon_core.package_identification:_identify(logs/2026-04-01-10-55-52-824284-lsriw-swinica-18262) by extension 'python_setup_py'
[0.218s] Level 1:colcon.colcon_core.package_identification:_identify(logs/2026-04-01-11-04-06-461076-lsriw-swinica-21247) by extensions ['ignore', 'ignore_ament_install']
[0.218s] Level 1:colcon.colcon_core.package_identification:_identify(logs/2026-04-01-11-04-06-461076-lsriw-swinica-21247) by extension 'ignore'
[0.218s] Level 1:colcon.colcon_core.package_identification:_identify(logs/2026-04-01-11-04-06-461076-lsriw-swinica-21247) by extension 'ignore_ament_install'
[0.218s] Level 1:colcon.colcon_core.package_identification:_identify(logs/2026-04-01-11-04-06-461076-lsriw-swinica-21247) by extensions ['colcon_pkg']
[0.218s] Level 1:colcon.colcon_core.package_identification:_identify(logs/2026-04-01-11-04-06-461076-lsriw-swinica-21247) by extension 'colcon_pkg'
[0.218s] Level 1:colcon.colcon_core.package_identification:_identify(logs/2026-04-01-11-04-06-461076-lsriw-swinica-21247) by extensions ['colcon_meta']
[0.218s] Level 1:colcon.colcon_core.package_identification:_identify(logs/2026-04-01-11-04-06-461076-lsriw-swinica-21247) by extension 'colcon_meta'
[0.218s] Level 1:colcon.colcon_core.package_identification:_identify(logs/2026-04-01-11-04-06-461076-lsriw-swinica-21247) by extensions ['ros']
[0.218s] Level 1:colcon.colcon_core.package_identification:_identify(logs/2026-04-01-11-04-06-461076-lsriw-swinica-21247) by extension 'ros'
[0.218s] Level 1:colcon.colcon_core.package_identification:_identify(logs/2026-04-01-11-04-06-461076-lsriw-swinica-21247) by extensions ['cmake', 'python']
[0.218s] Level 1:colcon.colcon_core.package_identification:_identify(logs/2026-04-01-11-04-06-461076-lsriw-swinica-21247) by extension 'cmake'
[0.218s] Level 1:colcon.colcon_core.package_identification:_identify(logs/2026-04-01-11-04-06-461076-lsriw-swinica-21247) by extension 'python'
[0.218s] Level 1:colcon.colcon_core.package_identification:_identify(logs/2026-04-01-11-04-06-461076-lsriw-swinica-21247) by extensions ['python_setup_py']
[0.218s] Level 1:colcon.colcon_core.package_identification:_identify(logs/2026-04-01-11-04-06-461076-lsriw-swinica-21247) by extension 'python_setup_py'
[0.218s] Level 1:colcon.colcon_core.package_identification:_identify(logs/2026-04-01-11-06-02-725354-lsriw-swinica-22240) by extensions ['ignore', 'ignore_ament_install']
[0.218s] Level 1:colcon.colcon_core.package_identification:_identify(logs/2026-04-01-11-06-02-725354-lsriw-swinica-22240) by extension 'ignore'
[0.218s] Level 1:colcon.colcon_core.package_identification:_identify(logs/2026-04-01-11-06-02-725354-lsriw-swinica-22240) by extension 'ignore_ament_install'
[0.218s] Level 1:colcon.colcon_core.package_identification:_identify(logs/2026-04-01-11-06-02-725354-lsriw-swinica-22240) by extensions ['colcon_pkg']
[0.218s] Level 1:colcon.colcon_core.package_identification:_identify(logs/2026-04-01-11-06-02-725354-lsriw-swinica-22240) by extension 'colcon_pkg'
[0.218s] Level 1:colcon.colcon_core.package_identification:_identify(logs/2026-04-01-11-06-02-725354-lsriw-swinica-22240) by extensions ['colcon_meta']
[0.218s] Level 1:colcon.colcon_core.package_identification:_identify(logs/2026-04-01-11-06-02-725354-lsriw-swinica-22240) by extension 'colcon_meta'
[0.219s] Level 1:colcon.colcon_core.package_identification:_identify(logs/2026-04-01-11-06-02-725354-lsriw-swinica-22240) by extensions ['ros']
[0.219s] Level 1:colcon.colcon_core.package_identification:_identify(logs/2026-04-01-11-06-02-725354-lsriw-swinica-22240) by extension 'ros'
[0.219s] Level 1:colcon.colcon_core.package_identification:_identify(logs/2026-04-01-11-06-02-725354-lsriw-swinica-22240) by extensions ['cmake', 'python']
[0.219s] Level 1:colcon.colcon_core.package_identification:_identify(logs/2026-04-01-11-06-02-725354-lsriw-swinica-22240) by extension 'cmake'
[0.219s] Level 1:colcon.colcon_core.package_identification:_identify(logs/2026-04-01-11-06-02-725354-lsriw-swinica-22240) by extension 'python'
[0.219s] Level 1:colcon.colcon_core.package_identification:_identify(logs/2026-04-01-11-06-02-725354-lsriw-swinica-22240) by extensions ['python_setup_py']
[0.219s] Level 1:colcon.colcon_core.package_identification:_identify(logs/2026-04-01-11-06-02-725354-lsriw-swinica-22240) by extension 'python_setup_py'
[0.219s] Level 1:colcon.colcon_core.package_identification:_identify(logs/2026-04-08-10-28-37-038390-lsriw-swinica-2515) by extensions ['ignore', 'ignore_ament_install']
[0.219s] Level 1:colcon.colcon_core.package_identification:_identify(logs/2026-04-08-10-28-37-038390-lsriw-swinica-2515) by extension 'ignore'
[0.219s] Level 1:colcon.colcon_core.package_identification:_identify(logs/2026-04-08-10-28-37-038390-lsriw-swinica-2515) by extension 'ignore_ament_install'
[0.219s] Level 1:colcon.colcon_core.package_identification:_identify(logs/2026-04-08-10-28-37-038390-lsriw-swinica-2515) by extensions ['colcon_pkg']
[0.219s] Level 1:colcon.colcon_core.package_identification:_identify(logs/2026-04-08-10-28-37-038390-lsriw-swinica-2515) by extension 'colcon_pkg'
[0.219s] Level 1:colcon.colcon_core.package_identification:_identify(logs/2026-04-08-10-28-37-038390-lsriw-swinica-2515) by extensions ['colcon_meta']
[0.219s] Level 1:colcon.colcon_core.package_identification:_identify(logs/2026-04-08-10-28-37-038390-lsriw-swinica-2515) by extension 'colcon_meta'
[0.219s] Level 1:colcon.colcon_core.package_identification:_identify(logs/2026-04-08-10-28-37-038390-lsriw-swinica-2515) by extensions ['ros']
[0.219s] Level 1:colcon.colcon_core.package_identification:_identify(logs/2026-04-08-10-28-37-038390-lsriw-swinica-2515) by extension 'ros'
[0.219s] Level 1:colcon.colcon_core.package_identification:_identify(logs/2026-04-08-10-28-37-038390-lsriw-swinica-2515) by extensions ['cmake', 'python']
[0.219s] Level 1:colcon.colcon_core.package_identification:_identify(logs/2026-04-08-10-28-37-038390-lsriw-swinica-2515) by extension 'cmake'
[0.219s] Level 1:colcon.colcon_core.package_identification:_identify(logs/2026-04-08-10-28-37-038390-lsriw-swinica-2515) by extension 'python'
[0.219s] Level 1:colcon.colcon_core.package_identification:_identify(logs/2026-04-08-10-28-37-038390-lsriw-swinica-2515) by extensions ['python_setup_py']
[0.219s] Level 1:colcon.colcon_core.package_identification:_identify(logs/2026-04-08-10-28-37-038390-lsriw-swinica-2515) by extension 'python_setup_py'
[0.219s] Level 1:colcon.colcon_core.package_identification:_identify(logs/2026-04-08-10-29-35-770509-lsriw-swinica-3089) by extensions ['ignore', 'ignore_ament_install']
[0.219s] Level 1:colcon.colcon_core.package_identification:_identify(logs/2026-04-08-10-29-35-770509-lsriw-swinica-3089) by extension 'ignore'
[0.219s] Level 1:colcon.colcon_core.package_identification:_identify(logs/2026-04-08-10-29-35-770509-lsriw-swinica-3089) by extension 'ignore_ament_install'
[0.220s] Level 1:colcon.colcon_core.package_identification:_identify(logs/2026-04-08-10-29-35-770509-lsriw-swinica-3089) by extensions ['colcon_pkg']
[0.220s] Level 1:colcon.colcon_core.package_identification:_identify(logs/2026-04-08-10-29-35-770509-lsriw-swinica-3089) by extension 'colcon_pkg'
[0.220s] Level 1:colcon.colcon_core.package_identification:_identify(logs/2026-04-08-10-29-35-770509-lsriw-swinica-3089) by extensions ['colcon_meta']
[0.220s] Level 1:colcon.colcon_core.package_identification:_identify(logs/2026-04-08-10-29-35-770509-lsriw-swinica-3089) by extension 'colcon_meta'
[0.220s] Level 1:colcon.colcon_core.package_identification:_identify(logs/2026-04-08-10-29-35-770509-lsriw-swinica-3089) by extensions ['ros']
[0.220s] Level 1:colcon.colcon_core.package_identification:_identify(logs/2026-04-08-10-29-35-770509-lsriw-swinica-3089) by extension 'ros'
[0.220s] Level 1:colcon.colcon_core.package_identification:_identify(logs/2026-04-08-10-29-35-770509-lsriw-swinica-3089) by extensions ['cmake', 'python']
[0.220s] Level 1:colcon.colcon_core.package_identification:_identify(logs/2026-04-08-10-29-35-770509-lsriw-swinica-3089) by extension 'cmake'
[0.220s] Level 1:colcon.colcon_core.package_identification:_identify(logs/2026-04-08-10-29-35-770509-lsriw-swinica-3089) by extension 'python'
[0.220s] Level 1:colcon.colcon_core.package_identification:_identify(logs/2026-04-08-10-29-35-770509-lsriw-swinica-3089) by extensions ['python_setup_py']
[0.220s] Level 1:colcon.colcon_core.package_identification:_identify(logs/2026-04-08-10-29-35-770509-lsriw-swinica-3089) by extension 'python_setup_py'
[0.220s] Level 1:colcon.colcon_core.package_identification:_identify(logs/2026-04-22-09-50-55-756907-lsriw-swinica-1853) by extensions ['ignore', 'ignore_ament_install']
[0.220s] Level 1:colcon.colcon_core.package_identification:_identify(logs/2026-04-22-09-50-55-756907-lsriw-swinica-1853) by extension 'ignore'
[0.220s] Level 1:colcon.colcon_core.package_identification:_identify(logs/2026-04-22-09-50-55-756907-lsriw-swinica-1853) by extension 'ignore_ament_install'
[0.220s] Level 1:colcon.colcon_core.package_identification:_identify(logs/2026-04-22-09-50-55-756907-lsriw-swinica-1853) by extensions ['colcon_pkg']
[0.220s] Level 1:colcon.colcon_core.package_identification:_identify(logs/2026-04-22-09-50-55-756907-lsriw-swinica-1853) by extension 'colcon_pkg'
[0.220s] Level 1:colcon.colcon_core.package_identification:_identify(logs/2026-04-22-09-50-55-756907-lsriw-swinica-1853) by extensions ['colcon_meta']
[0.220s] Level 1:colcon.colcon_core.package_identification:_identify(logs/2026-04-22-09-50-55-756907-lsriw-swinica-1853) by extension 'colcon_meta'
[0.220s] Level 1:colcon.colcon_core.package_identification:_identify(logs/2026-04-22-09-50-55-756907-lsriw-swinica-1853) by extensions ['ros']
[0.220s] Level 1:colcon.colcon_core.package_identification:_identify(logs/2026-04-22-09-50-55-756907-lsriw-swinica-1853) by extension 'ros'
[0.220s] Level 1:colcon.colcon_core.package_identification:_identify(logs/2026-04-22-09-50-55-756907-lsriw-swinica-1853) by extensions ['cmake', 'python']
[0.220s] Level 1:colcon.colcon_core.package_identification:_identify(logs/2026-04-22-09-50-55-756907-lsriw-swinica-1853) by extension 'cmake'
[0.220s] Level 1:colcon.colcon_core.package_identification:_identify(logs/2026-04-22-09-50-55-756907-lsriw-swinica-1853) by extension 'python'
[0.220s] Level 1:colcon.colcon_core.package_identification:_identify(logs/2026-04-22-09-50-55-756907-lsriw-swinica-1853) by extensions ['python_setup_py']
[0.221s] Level 1:colcon.colcon_core.package_identification:_identify(logs/2026-04-22-09-50-55-756907-lsriw-swinica-1853) by extension 'python_setup_py'
[0.221s] Level 1:colcon.colcon_core.package_identification:_identify(ros_gz_crazyflie_bringup) by extensions ['ignore', 'ignore_ament_install']
[0.221s] Level 1:colcon.colcon_core.package_identification:_identify(ros_gz_crazyflie_bringup) by extension 'ignore'
[0.221s] Level 1:colcon.colcon_core.package_identification:_identify(ros_gz_crazyflie_bringup) by extension 'ignore_ament_install'
[0.221s] Level 1:colcon.colcon_core.package_identification:_identify(ros_gz_crazyflie_bringup) by extensions ['colcon_pkg']
[0.221s] Level 1:colcon.colcon_core.package_identification:_identify(ros_gz_crazyflie_bringup) by extension 'colcon_pkg'
[0.221s] Level 1:colcon.colcon_core.package_identification:_identify(ros_gz_crazyflie_bringup) by extensions ['colcon_meta']
[0.221s] Level 1:colcon.colcon_core.package_identification:_identify(ros_gz_crazyflie_bringup) by extension 'colcon_meta'
[0.221s] Level 1:colcon.colcon_core.package_identification:_identify(ros_gz_crazyflie_bringup) by extensions ['ros']
[0.221s] Level 1:colcon.colcon_core.package_identification:_identify(ros_gz_crazyflie_bringup) by extension 'ros'
[0.222s] DEBUG:colcon.colcon_core.package_identification:Package 'ros_gz_crazyflie_bringup' with type 'ros.ament_cmake' and name 'ros_gz_crazyflie_bringup'
[0.222s] Level 1:colcon.colcon_core.package_identification:_identify(uavsandbox) by extensions ['ignore', 'ignore_ament_install']
[0.222s] Level 1:colcon.colcon_core.package_identification:_identify(uavsandbox) by extension 'ignore'
[0.222s] Level 1:colcon.colcon_core.package_identification:_identify(uavsandbox) by extension 'ignore_ament_install'
[0.222s] Level 1:colcon.colcon_core.package_identification:_identify(uavsandbox) by extensions ['colcon_pkg']
[0.222s] Level 1:colcon.colcon_core.package_identification:_identify(uavsandbox) by extension 'colcon_pkg'
[0.222s] Level 1:colcon.colcon_core.package_identification:_identify(uavsandbox) by extensions ['colcon_meta']
[0.222s] Level 1:colcon.colcon_core.package_identification:_identify(uavsandbox) by extension 'colcon_meta'
[0.222s] Level 1:colcon.colcon_core.package_identification:_identify(uavsandbox) by extensions ['ros']
[0.222s] Level 1:colcon.colcon_core.package_identification:_identify(uavsandbox) by extension 'ros'
[0.223s] DEBUG:colcon.colcon_core.package_identification:Package 'uavsandbox' with type 'ros.ament_python' and name 'uavsandbox'
[0.223s] Level 1:colcon.colcon_core.package_discovery:discover_packages(recursive) using defaults
[0.223s] Level 1:colcon.colcon_core.package_discovery:discover_packages(ignore) discover
[0.223s] Level 1:colcon.colcon_core.package_discovery:discover_packages(ignore) using defaults
[0.223s] Level 1:colcon.colcon_core.package_discovery:discover_packages(path) discover
[0.223s] Level 1:colcon.colcon_core.package_discovery:discover_packages(path) using defaults
[0.248s] Level 1:colcon.colcon_core.package_discovery:discover_packages(prefix_path) check parameters
[0.248s] Level 1:colcon.colcon_core.package_discovery:discover_packages(prefix_path) discover
[0.250s] DEBUG:colcon.colcon_installed_package_information.package_discovery:Found 4 installed packages in /home/developer/ros2_ws/src/install
[0.251s] DEBUG:colcon.colcon_installed_package_information.package_discovery:Found 4 installed packages in /home/developer/ros2_ws/install
[0.253s] DEBUG:colcon.colcon_installed_package_information.package_discovery:Found 294 installed packages in /opt/ros/humble
[0.254s] Level 1:colcon.colcon_core.package_discovery:discover_packages(prefix_path) using defaults
[0.287s] Level 5:colcon.colcon_core.verb:set package 'cf_control_msgs' build argument 'cmake_args' from command line to 'None'
[0.287s] Level 5:colcon.colcon_core.verb:set package 'cf_control_msgs' build argument 'cmake_target' from command line to 'None'
[0.287s] Level 5:colcon.colcon_core.verb:set package 'cf_control_msgs' build argument 'cmake_target_skip_unavailable' from command line to 'False'
[0.287s] Level 5:colcon.colcon_core.verb:set package 'cf_control_msgs' build argument 'cmake_clean_cache' from command line to 'False'
[0.287s] Level 5:colcon.colcon_core.verb:set package 'cf_control_msgs' build argument 'cmake_clean_first' from command line to 'False'
[0.287s] Level 5:colcon.colcon_core.verb:set package 'cf_control_msgs' build argument 'cmake_force_configure' from command line to 'False'
[0.287s] Level 5:colcon.colcon_core.verb:set package 'cf_control_msgs' build argument 'ament_cmake_args' from command line to 'None'
[0.287s] Level 5:colcon.colcon_core.verb:set package 'cf_control_msgs' build argument 'catkin_cmake_args' from command line to 'None'
[0.287s] Level 5:colcon.colcon_core.verb:set package 'cf_control_msgs' build argument 'catkin_skip_building_tests' from command line to 'False'
[0.287s] DEBUG:colcon.colcon_core.verb:Building package 'cf_control_msgs' with the following arguments: {'ament_cmake_args': None, 'build_base': '/home/developer/ros2_ws/src/build/cf_control_msgs', 'catkin_cmake_args': None, 'catkin_skip_building_tests': False, 'cmake_args': None, 'cmake_clean_cache': False, 'cmake_clean_first': False, 'cmake_force_configure': False, 'cmake_target': None, 'cmake_target_skip_unavailable': False, 'install_base': '/home/developer/ros2_ws/src/install/cf_control_msgs', 'merge_install': False, 'path': '/home/developer/ros2_ws/src/cf_control_msgs', 'symlink_install': False, 'test_result_base': None}
[0.287s] Level 5:colcon.colcon_core.verb:set package 'ros_gz_crazyflie_bringup' build argument 'cmake_args' from command line to 'None'
[0.287s] Level 5:colcon.colcon_core.verb:set package 'ros_gz_crazyflie_bringup' build argument 'cmake_target' from command line to 'None'
[0.287s] Level 5:colcon.colcon_core.verb:set package 'ros_gz_crazyflie_bringup' build argument 'cmake_target_skip_unavailable' from command line to 'False'
[0.287s] Level 5:colcon.colcon_core.verb:set package 'ros_gz_crazyflie_bringup' build argument 'cmake_clean_cache' from command line to 'False'
[0.287s] Level 5:colcon.colcon_core.verb:set package 'ros_gz_crazyflie_bringup' build argument 'cmake_clean_first' from command line to 'False'
[0.287s] Level 5:colcon.colcon_core.verb:set package 'ros_gz_crazyflie_bringup' build argument 'cmake_force_configure' from command line to 'False'
[0.287s] Level 5:colcon.colcon_core.verb:set package 'ros_gz_crazyflie_bringup' build argument 'ament_cmake_args' from command line to 'None'
[0.287s] Level 5:colcon.colcon_core.verb:set package 'ros_gz_crazyflie_bringup' build argument 'catkin_cmake_args' from command line to 'None'
[0.287s] Level 5:colcon.colcon_core.verb:set package 'ros_gz_crazyflie_bringup' build argument 'catkin_skip_building_tests' from command line to 'False'
[0.288s] DEBUG:colcon.colcon_core.verb:Building package 'ros_gz_crazyflie_bringup' with the following arguments: {'ament_cmake_args': None, 'build_base': '/home/developer/ros2_ws/src/build/ros_gz_crazyflie_bringup', 'catkin_cmake_args': None, 'catkin_skip_building_tests': False, 'cmake_args': None, 'cmake_clean_cache': False, 'cmake_clean_first': False, 'cmake_force_configure': False, 'cmake_target': None, 'cmake_target_skip_unavailable': False, 'install_base': '/home/developer/ros2_ws/src/install/ros_gz_crazyflie_bringup', 'merge_install': False, 'path': '/home/developer/ros2_ws/src/ros_gz_crazyflie_bringup', 'symlink_install': False, 'test_result_base': None}
[0.288s] Level 5:colcon.colcon_core.verb:set package 'uavsandbox' build argument 'cmake_args' from command line to 'None'
[0.288s] Level 5:colcon.colcon_core.verb:set package 'uavsandbox' build argument 'cmake_target' from command line to 'None'
[0.288s] Level 5:colcon.colcon_core.verb:set package 'uavsandbox' build argument 'cmake_target_skip_unavailable' from command line to 'False'
[0.288s] Level 5:colcon.colcon_core.verb:set package 'uavsandbox' build argument 'cmake_clean_cache' from command line to 'False'
[0.288s] Level 5:colcon.colcon_core.verb:set package 'uavsandbox' build argument 'cmake_clean_first' from command line to 'False'
[0.288s] Level 5:colcon.colcon_core.verb:set package 'uavsandbox' build argument 'cmake_force_configure' from command line to 'False'
[0.288s] Level 5:colcon.colcon_core.verb:set package 'uavsandbox' build argument 'ament_cmake_args' from command line to 'None'
[0.288s] Level 5:colcon.colcon_core.verb:set package 'uavsandbox' build argument 'catkin_cmake_args' from command line to 'None'
[0.288s] Level 5:colcon.colcon_core.verb:set package 'uavsandbox' build argument 'catkin_skip_building_tests' from command line to 'False'
[0.288s] DEBUG:colcon.colcon_core.verb:Building package 'uavsandbox' with the following arguments: {'ament_cmake_args': None, 'build_base': '/home/developer/ros2_ws/src/build/uavsandbox', 'catkin_cmake_args': None, 'catkin_skip_building_tests': False, 'cmake_args': None, 'cmake_clean_cache': False, 'cmake_clean_first': False, 'cmake_force_configure': False, 'cmake_target': None, 'cmake_target_skip_unavailable': False, 'install_base': '/home/developer/ros2_ws/src/install/uavsandbox', 'merge_install': False, 'path': '/home/developer/ros2_ws/src/uavsandbox', 'symlink_install': False, 'test_result_base': None}
[0.288s] Level 5:colcon.colcon_core.verb:set package 'cf_control' build argument 'cmake_args' from command line to 'None'
[0.288s] Level 5:colcon.colcon_core.verb:set package 'cf_control' build argument 'cmake_target' from command line to 'None'
[0.288s] Level 5:colcon.colcon_core.verb:set package 'cf_control' build argument 'cmake_target_skip_unavailable' from command line to 'False'
[0.288s] Level 5:colcon.colcon_core.verb:set package 'cf_control' build argument 'cmake_clean_cache' from command line to 'False'
[0.288s] Level 5:colcon.colcon_core.verb:set package 'cf_control' build argument 'cmake_clean_first' from command line to 'False'
[0.288s] Level 5:colcon.colcon_core.verb:set package 'cf_control' build argument 'cmake_force_configure' from command line to 'False'
[0.288s] Level 5:colcon.colcon_core.verb:set package 'cf_control' build argument 'ament_cmake_args' from command line to 'None'
[0.288s] Level 5:colcon.colcon_core.verb:set package 'cf_control' build argument 'catkin_cmake_args' from command line to 'None'
[0.288s] Level 5:colcon.colcon_core.verb:set package 'cf_control' build argument 'catkin_skip_building_tests' from command line to 'False'
[0.288s] DEBUG:colcon.colcon_core.verb:Building package 'cf_control' with the following arguments: {'ament_cmake_args': None, 'build_base': '/home/developer/ros2_ws/src/build/cf_control', 'catkin_cmake_args': None, 'catkin_skip_building_tests': False, 'cmake_args': None, 'cmake_clean_cache': False, 'cmake_clean_first': False, 'cmake_force_configure': False, 'cmake_target': None, 'cmake_target_skip_unavailable': False, 'install_base': '/home/developer/ros2_ws/src/install/cf_control', 'merge_install': False, 'path': '/home/developer/ros2_ws/src/cf_control', 'symlink_install': False, 'test_result_base': None}
[0.289s] INFO:colcon.colcon_core.executor:Executing jobs using 'parallel' executor
[0.289s] DEBUG:colcon.colcon_parallel_executor.executor.parallel:run_until_complete
[0.290s] INFO:colcon.colcon_ros.task.ament_cmake.build:Building ROS package in '/home/developer/ros2_ws/src/cf_control_msgs' with build type 'ament_cmake'
[0.290s] INFO:colcon.colcon_cmake.task.cmake.build:Building CMake package in '/home/developer/ros2_ws/src/cf_control_msgs'
[0.292s] INFO:colcon.colcon_core.plugin_system:Skipping extension 'colcon_core.shell.bat': Not used on non-Windows systems
[0.292s] INFO:colcon.colcon_core.shell:Skip shell extension 'powershell' for command environment: Not usable outside of PowerShell
[0.292s] DEBUG:colcon.colcon_core.shell:Skip shell extension 'dsv' for command environment
[0.296s] INFO:colcon.colcon_ros.task.ament_cmake.build:Building ROS package in '/home/developer/ros2_ws/src/ros_gz_crazyflie_bringup' with build type 'ament_cmake'
[0.296s] INFO:colcon.colcon_cmake.task.cmake.build:Building CMake package in '/home/developer/ros2_ws/src/ros_gz_crazyflie_bringup'
[0.296s] INFO:colcon.colcon_core.shell:Skip shell extension 'powershell' for command environment: Not usable outside of PowerShell
[0.296s] DEBUG:colcon.colcon_core.shell:Skip shell extension 'dsv' for command environment
[0.300s] INFO:colcon.colcon_ros.task.ament_python.build:Building ROS package in '/home/developer/ros2_ws/src/uavsandbox' with build type 'ament_python'
[0.300s] Level 1:colcon.colcon_core.shell:create_environment_hook('uavsandbox', 'ament_prefix_path')
[0.300s] INFO:colcon.colcon_core.shell:Creating environment hook '/home/developer/ros2_ws/src/install/uavsandbox/share/uavsandbox/hook/ament_prefix_path.ps1'
[0.300s] INFO:colcon.colcon_core.shell:Creating environment descriptor '/home/developer/ros2_ws/src/install/uavsandbox/share/uavsandbox/hook/ament_prefix_path.dsv'
[0.301s] INFO:colcon.colcon_core.shell:Creating environment hook '/home/developer/ros2_ws/src/install/uavsandbox/share/uavsandbox/hook/ament_prefix_path.sh'
[0.302s] INFO:colcon.colcon_core.shell:Skip shell extension 'powershell' for command environment: Not usable outside of PowerShell
[0.302s] DEBUG:colcon.colcon_core.shell:Skip shell extension 'dsv' for command environment
[0.310s] DEBUG:colcon.colcon_core.event_handler.log_command:Invoking command in '/home/developer/ros2_ws/src/build/cf_control_msgs': CMAKE_PREFIX_PATH=${CMAKE_PREFIX_PATH}:/home/developer/ros2_ws/src/install/uavsandbox:/opt/ros/humble /usr/local/bin/cmake --build /home/developer/ros2_ws/src/build/cf_control_msgs -- -j24 -l24
[0.314s] DEBUG:colcon.colcon_core.event_handler.log_command:Invoking command in '/home/developer/ros2_ws/src/build/ros_gz_crazyflie_bringup': CMAKE_PREFIX_PATH=${CMAKE_PREFIX_PATH}:/home/developer/ros2_ws/src/install/uavsandbox:/opt/ros/humble /usr/local/bin/cmake --build /home/developer/ros2_ws/src/build/ros_gz_crazyflie_bringup -- -j24 -l24
[0.513s] INFO:colcon.colcon_core.task.python.build:Building Python package in '/home/developer/ros2_ws/src/uavsandbox'
[0.513s] INFO:colcon.colcon_core.shell:Skip shell extension 'powershell' for command environment: Not usable outside of PowerShell
[0.513s] DEBUG:colcon.colcon_core.shell:Skip shell extension 'dsv' for command environment
[0.518s] DEBUG:colcon.colcon_core.event_handler.log_command:Invoked command in '/home/developer/ros2_ws/src/build/ros_gz_crazyflie_bringup' returned '0': CMAKE_PREFIX_PATH=${CMAKE_PREFIX_PATH}:/home/developer/ros2_ws/src/install/uavsandbox:/opt/ros/humble /usr/local/bin/cmake --build /home/developer/ros2_ws/src/build/ros_gz_crazyflie_bringup -- -j24 -l24
[0.552s] DEBUG:colcon.colcon_core.event_handler.log_command:Invoking command in '/home/developer/ros2_ws/src/build/ros_gz_crazyflie_bringup': CMAKE_PREFIX_PATH=${CMAKE_PREFIX_PATH}:/home/developer/ros2_ws/src/install/uavsandbox:/opt/ros/humble /usr/local/bin/cmake --install /home/developer/ros2_ws/src/build/ros_gz_crazyflie_bringup
[0.590s] Level 1:colcon.colcon_core.environment:create_environment_scripts_only(ros_gz_crazyflie_bringup)
[0.591s] DEBUG:colcon.colcon_core.event_handler.log_command:Invoked command in '/home/developer/ros2_ws/src/build/ros_gz_crazyflie_bringup' returned '0': CMAKE_PREFIX_PATH=${CMAKE_PREFIX_PATH}:/home/developer/ros2_ws/src/install/uavsandbox:/opt/ros/humble /usr/local/bin/cmake --install /home/developer/ros2_ws/src/build/ros_gz_crazyflie_bringup
[0.593s] Level 1:colcon.colcon_core.environment:checking '/home/developer/ros2_ws/src/install/ros_gz_crazyflie_bringup' for CMake module files
[0.594s] Level 1:colcon.colcon_core.environment:checking '/home/developer/ros2_ws/src/install/ros_gz_crazyflie_bringup' for CMake config files
[0.594s] Level 1:colcon.colcon_core.shell:create_environment_hook('ros_gz_crazyflie_bringup', 'cmake_prefix_path')
[0.594s] INFO:colcon.colcon_core.shell:Creating environment hook '/home/developer/ros2_ws/src/install/ros_gz_crazyflie_bringup/share/ros_gz_crazyflie_bringup/hook/cmake_prefix_path.ps1'
[0.594s] INFO:colcon.colcon_core.shell:Creating environment descriptor '/home/developer/ros2_ws/src/install/ros_gz_crazyflie_bringup/share/ros_gz_crazyflie_bringup/hook/cmake_prefix_path.dsv'
[0.595s] INFO:colcon.colcon_core.shell:Creating environment hook '/home/developer/ros2_ws/src/install/ros_gz_crazyflie_bringup/share/ros_gz_crazyflie_bringup/hook/cmake_prefix_path.sh'
[0.595s] Level 1:colcon.colcon_core.environment:checking '/home/developer/ros2_ws/src/install/ros_gz_crazyflie_bringup/bin'
[0.595s] Level 1:colcon.colcon_core.environment:checking '/home/developer/ros2_ws/src/install/ros_gz_crazyflie_bringup/lib/pkgconfig/ros_gz_crazyflie_bringup.pc'
[0.595s] Level 1:colcon.colcon_core.environment:checking '/home/developer/ros2_ws/src/install/ros_gz_crazyflie_bringup/lib/python3.10/site-packages'
[0.596s] Level 1:colcon.colcon_core.environment:checking '/home/developer/ros2_ws/src/install/ros_gz_crazyflie_bringup/bin'
[0.596s] INFO:colcon.colcon_core.shell:Creating package script '/home/developer/ros2_ws/src/install/ros_gz_crazyflie_bringup/share/ros_gz_crazyflie_bringup/package.ps1'
[0.597s] INFO:colcon.colcon_core.shell:Creating package descriptor '/home/developer/ros2_ws/src/install/ros_gz_crazyflie_bringup/share/ros_gz_crazyflie_bringup/package.dsv'
[0.597s] INFO:colcon.colcon_core.shell:Creating package script '/home/developer/ros2_ws/src/install/ros_gz_crazyflie_bringup/share/ros_gz_crazyflie_bringup/package.sh'
[0.598s] INFO:colcon.colcon_core.shell:Creating package script '/home/developer/ros2_ws/src/install/ros_gz_crazyflie_bringup/share/ros_gz_crazyflie_bringup/package.bash'
[0.598s] INFO:colcon.colcon_core.shell:Creating package script '/home/developer/ros2_ws/src/install/ros_gz_crazyflie_bringup/share/ros_gz_crazyflie_bringup/package.zsh'
[0.599s] Level 1:colcon.colcon_core.environment:create_file_with_runtime_dependencies(/home/developer/ros2_ws/src/install/ros_gz_crazyflie_bringup/share/colcon-core/packages/ros_gz_crazyflie_bringup)
[0.599s] Level 1:colcon.colcon_core.environment:create_environment_scripts_only(ros_gz_crazyflie_bringup)
[0.600s] Level 1:colcon.colcon_core.environment:checking '/home/developer/ros2_ws/src/install/ros_gz_crazyflie_bringup' for CMake module files
[0.600s] Level 1:colcon.colcon_core.environment:checking '/home/developer/ros2_ws/src/install/ros_gz_crazyflie_bringup' for CMake config files
[0.600s] Level 1:colcon.colcon_core.shell:create_environment_hook('ros_gz_crazyflie_bringup', 'cmake_prefix_path')
[0.601s] INFO:colcon.colcon_core.shell:Creating environment hook '/home/developer/ros2_ws/src/install/ros_gz_crazyflie_bringup/share/ros_gz_crazyflie_bringup/hook/cmake_prefix_path.ps1'
[0.601s] INFO:colcon.colcon_core.shell:Creating environment descriptor '/home/developer/ros2_ws/src/install/ros_gz_crazyflie_bringup/share/ros_gz_crazyflie_bringup/hook/cmake_prefix_path.dsv'
[0.601s] INFO:colcon.colcon_core.shell:Creating environment hook '/home/developer/ros2_ws/src/install/ros_gz_crazyflie_bringup/share/ros_gz_crazyflie_bringup/hook/cmake_prefix_path.sh'
[0.601s] Level 1:colcon.colcon_core.environment:checking '/home/developer/ros2_ws/src/install/ros_gz_crazyflie_bringup/bin'
[0.602s] Level 1:colcon.colcon_core.environment:checking '/home/developer/ros2_ws/src/install/ros_gz_crazyflie_bringup/lib/pkgconfig/ros_gz_crazyflie_bringup.pc'
[0.602s] Level 1:colcon.colcon_core.environment:checking '/home/developer/ros2_ws/src/install/ros_gz_crazyflie_bringup/lib/python3.10/site-packages'
[0.602s] Level 1:colcon.colcon_core.environment:checking '/home/developer/ros2_ws/src/install/ros_gz_crazyflie_bringup/bin'
[0.602s] INFO:colcon.colcon_core.shell:Creating package script '/home/developer/ros2_ws/src/install/ros_gz_crazyflie_bringup/share/ros_gz_crazyflie_bringup/package.ps1'
[0.603s] INFO:colcon.colcon_core.shell:Creating package descriptor '/home/developer/ros2_ws/src/install/ros_gz_crazyflie_bringup/share/ros_gz_crazyflie_bringup/package.dsv'
[0.603s] INFO:colcon.colcon_core.shell:Creating package script '/home/developer/ros2_ws/src/install/ros_gz_crazyflie_bringup/share/ros_gz_crazyflie_bringup/package.sh'
[0.603s] INFO:colcon.colcon_core.shell:Creating package script '/home/developer/ros2_ws/src/install/ros_gz_crazyflie_bringup/share/ros_gz_crazyflie_bringup/package.bash'
[0.604s] INFO:colcon.colcon_core.shell:Creating package script '/home/developer/ros2_ws/src/install/ros_gz_crazyflie_bringup/share/ros_gz_crazyflie_bringup/package.zsh'
[0.604s] Level 1:colcon.colcon_core.environment:create_file_with_runtime_dependencies(/home/developer/ros2_ws/src/install/ros_gz_crazyflie_bringup/share/colcon-core/packages/ros_gz_crazyflie_bringup)
[0.704s] DEBUG:colcon.colcon_core.event_handler.log_command:Invoked command in '/home/developer/ros2_ws/src/build/cf_control_msgs' returned '0': CMAKE_PREFIX_PATH=${CMAKE_PREFIX_PATH}:/home/developer/ros2_ws/src/install/uavsandbox:/opt/ros/humble /usr/local/bin/cmake --build /home/developer/ros2_ws/src/build/cf_control_msgs -- -j24 -l24
[0.707s] DEBUG:colcon.colcon_core.event_handler.log_command:Invoking command in '/home/developer/ros2_ws/src/build/cf_control_msgs': CMAKE_PREFIX_PATH=${CMAKE_PREFIX_PATH}:/home/developer/ros2_ws/src/install/uavsandbox:/opt/ros/humble /usr/local/bin/cmake --install /home/developer/ros2_ws/src/build/cf_control_msgs
[0.789s] Level 1:colcon.colcon_core.environment:create_environment_scripts_only(cf_control_msgs)
[0.789s] Level 1:colcon.colcon_core.environment:checking '/home/developer/ros2_ws/src/install/cf_control_msgs' for CMake module files
[0.790s] DEBUG:colcon.colcon_core.event_handler.log_command:Invoked command in '/home/developer/ros2_ws/src/build/cf_control_msgs' returned '0': CMAKE_PREFIX_PATH=${CMAKE_PREFIX_PATH}:/home/developer/ros2_ws/src/install/uavsandbox:/opt/ros/humble /usr/local/bin/cmake --install /home/developer/ros2_ws/src/build/cf_control_msgs
[0.791s] Level 1:colcon.colcon_core.environment:checking '/home/developer/ros2_ws/src/install/cf_control_msgs' for CMake config files
[0.791s] Level 1:colcon.colcon_core.shell:create_environment_hook('cf_control_msgs', 'cmake_prefix_path')
[0.791s] INFO:colcon.colcon_core.shell:Creating environment hook '/home/developer/ros2_ws/src/install/cf_control_msgs/share/cf_control_msgs/hook/cmake_prefix_path.ps1'
[0.792s] INFO:colcon.colcon_core.shell:Creating environment descriptor '/home/developer/ros2_ws/src/install/cf_control_msgs/share/cf_control_msgs/hook/cmake_prefix_path.dsv'
[0.792s] INFO:colcon.colcon_core.shell:Creating environment hook '/home/developer/ros2_ws/src/install/cf_control_msgs/share/cf_control_msgs/hook/cmake_prefix_path.sh'
[0.793s] Level 1:colcon.colcon_core.environment:checking '/home/developer/ros2_ws/src/install/cf_control_msgs/lib'
[0.793s] Level 1:colcon.colcon_core.shell:create_environment_hook('cf_control_msgs', 'ld_library_path_lib')
[0.793s] INFO:colcon.colcon_core.shell:Creating environment hook '/home/developer/ros2_ws/src/install/cf_control_msgs/share/cf_control_msgs/hook/ld_library_path_lib.ps1'
[0.793s] INFO:colcon.colcon_core.shell:Creating environment descriptor '/home/developer/ros2_ws/src/install/cf_control_msgs/share/cf_control_msgs/hook/ld_library_path_lib.dsv'
[0.793s] INFO:colcon.colcon_core.shell:Creating environment hook '/home/developer/ros2_ws/src/install/cf_control_msgs/share/cf_control_msgs/hook/ld_library_path_lib.sh'
[0.794s] Level 1:colcon.colcon_core.environment:checking '/home/developer/ros2_ws/src/install/cf_control_msgs/bin'
[0.794s] Level 1:colcon.colcon_core.environment:checking '/home/developer/ros2_ws/src/install/cf_control_msgs/lib/pkgconfig/cf_control_msgs.pc'
[0.794s] Level 1:colcon.colcon_core.environment:checking '/home/developer/ros2_ws/src/install/cf_control_msgs/lib/python3.10/site-packages'
[0.794s] Level 1:colcon.colcon_core.environment:checking '/home/developer/ros2_ws/src/install/cf_control_msgs/bin'
[0.794s] INFO:colcon.colcon_core.shell:Creating package script '/home/developer/ros2_ws/src/install/cf_control_msgs/share/cf_control_msgs/package.ps1'
[0.795s] INFO:colcon.colcon_core.shell:Creating package descriptor '/home/developer/ros2_ws/src/install/cf_control_msgs/share/cf_control_msgs/package.dsv'
[0.795s] INFO:colcon.colcon_core.shell:Creating package script '/home/developer/ros2_ws/src/install/cf_control_msgs/share/cf_control_msgs/package.sh'
[0.795s] INFO:colcon.colcon_core.shell:Creating package script '/home/developer/ros2_ws/src/install/cf_control_msgs/share/cf_control_msgs/package.bash'
[0.796s] INFO:colcon.colcon_core.shell:Creating package script '/home/developer/ros2_ws/src/install/cf_control_msgs/share/cf_control_msgs/package.zsh'
[0.796s] Level 1:colcon.colcon_core.environment:create_file_with_runtime_dependencies(/home/developer/ros2_ws/src/install/cf_control_msgs/share/colcon-core/packages/cf_control_msgs)
[0.796s] Level 1:colcon.colcon_core.environment:create_environment_scripts_only(cf_control_msgs)
[0.797s] Level 1:colcon.colcon_core.environment:checking '/home/developer/ros2_ws/src/install/cf_control_msgs' for CMake module files
[0.797s] Level 1:colcon.colcon_core.environment:checking '/home/developer/ros2_ws/src/install/cf_control_msgs' for CMake config files
[0.797s] Level 1:colcon.colcon_core.shell:create_environment_hook('cf_control_msgs', 'cmake_prefix_path')
[0.797s] INFO:colcon.colcon_core.shell:Creating environment hook '/home/developer/ros2_ws/src/install/cf_control_msgs/share/cf_control_msgs/hook/cmake_prefix_path.ps1'
[0.798s] INFO:colcon.colcon_core.shell:Creating environment descriptor '/home/developer/ros2_ws/src/install/cf_control_msgs/share/cf_control_msgs/hook/cmake_prefix_path.dsv'
[0.798s] INFO:colcon.colcon_core.shell:Creating environment hook '/home/developer/ros2_ws/src/install/cf_control_msgs/share/cf_control_msgs/hook/cmake_prefix_path.sh'
[0.798s] Level 1:colcon.colcon_core.environment:checking '/home/developer/ros2_ws/src/install/cf_control_msgs/lib'
[0.798s] Level 1:colcon.colcon_core.shell:create_environment_hook('cf_control_msgs', 'ld_library_path_lib')
[0.799s] INFO:colcon.colcon_core.shell:Creating environment hook '/home/developer/ros2_ws/src/install/cf_control_msgs/share/cf_control_msgs/hook/ld_library_path_lib.ps1'
[0.799s] INFO:colcon.colcon_core.shell:Creating environment descriptor '/home/developer/ros2_ws/src/install/cf_control_msgs/share/cf_control_msgs/hook/ld_library_path_lib.dsv'
[0.799s] INFO:colcon.colcon_core.shell:Creating environment hook '/home/developer/ros2_ws/src/install/cf_control_msgs/share/cf_control_msgs/hook/ld_library_path_lib.sh'
[0.799s] Level 1:colcon.colcon_core.environment:checking '/home/developer/ros2_ws/src/install/cf_control_msgs/bin'
[0.799s] Level 1:colcon.colcon_core.environment:checking '/home/developer/ros2_ws/src/install/cf_control_msgs/lib/pkgconfig/cf_control_msgs.pc'
[0.800s] Level 1:colcon.colcon_core.environment:checking '/home/developer/ros2_ws/src/install/cf_control_msgs/lib/python3.10/site-packages'
[0.800s] Level 1:colcon.colcon_core.environment:checking '/home/developer/ros2_ws/src/install/cf_control_msgs/bin'
[0.800s] INFO:colcon.colcon_core.shell:Creating package script '/home/developer/ros2_ws/src/install/cf_control_msgs/share/cf_control_msgs/package.ps1'
[0.800s] INFO:colcon.colcon_core.shell:Creating package descriptor '/home/developer/ros2_ws/src/install/cf_control_msgs/share/cf_control_msgs/package.dsv'
[0.801s] INFO:colcon.colcon_core.shell:Creating package script '/home/developer/ros2_ws/src/install/cf_control_msgs/share/cf_control_msgs/package.sh'
[0.801s] INFO:colcon.colcon_core.shell:Creating package script '/home/developer/ros2_ws/src/install/cf_control_msgs/share/cf_control_msgs/package.bash'
[0.801s] INFO:colcon.colcon_core.shell:Creating package script '/home/developer/ros2_ws/src/install/cf_control_msgs/share/cf_control_msgs/package.zsh'
[0.802s] Level 1:colcon.colcon_core.environment:create_file_with_runtime_dependencies(/home/developer/ros2_ws/src/install/cf_control_msgs/share/colcon-core/packages/cf_control_msgs)
[0.802s] INFO:colcon.colcon_ros.task.ament_cmake.build:Building ROS package in '/home/developer/ros2_ws/src/cf_control' with build type 'ament_cmake'
[0.802s] INFO:colcon.colcon_cmake.task.cmake.build:Building CMake package in '/home/developer/ros2_ws/src/cf_control'
[0.802s] INFO:colcon.colcon_core.shell:Skip shell extension 'powershell' for command environment: Not usable outside of PowerShell
[0.802s] DEBUG:colcon.colcon_core.shell:Skip shell extension 'dsv' for command environment
[0.821s] DEBUG:colcon.colcon_core.event_handler.log_command:Invoking command in '/home/developer/ros2_ws/src/build/cf_control': CMAKE_PREFIX_PATH=/home/developer/ros2_ws/src/install/cf_control_msgs:/home/developer/ros2_ws/src/install/ros_gz_crazyflie_bringup:/home/developer/ros2_ws/src/install/cf_control:/home/developer/ros2_ws/install:/home/developer/ros2_ws/src/install/uavsandbox:/opt/ros/humble LD_LIBRARY_PATH=/home/developer/ros2_ws/src/install/cf_control_msgs/lib:/home/developer/ros2_ws/src/install/cf_control/lib:/home/developer/ros2_ws/install/lib:/opt/ros/humble/opt/rviz_ogre_vendor/lib:/opt/ros/humble/lib/x86_64-linux-gnu:/opt/ros/humble/lib:/usr/local/cuda/lib64:/home/developer/acados/lib /usr/local/bin/cmake --build /home/developer/ros2_ws/src/build/cf_control -- -j24 -l24
[0.914s] DEBUG:colcon.colcon_core.event_handler.log_command:Invoked command in '/home/developer/ros2_ws/src/build/cf_control' returned '0': CMAKE_PREFIX_PATH=/home/developer/ros2_ws/src/install/cf_control_msgs:/home/developer/ros2_ws/src/install/ros_gz_crazyflie_bringup:/home/developer/ros2_ws/src/install/cf_control:/home/developer/ros2_ws/install:/home/developer/ros2_ws/src/install/uavsandbox:/opt/ros/humble LD_LIBRARY_PATH=/home/developer/ros2_ws/src/install/cf_control_msgs/lib:/home/developer/ros2_ws/src/install/cf_control/lib:/home/developer/ros2_ws/install/lib:/opt/ros/humble/opt/rviz_ogre_vendor/lib:/opt/ros/humble/lib/x86_64-linux-gnu:/opt/ros/humble/lib:/usr/local/cuda/lib64:/home/developer/acados/lib /usr/local/bin/cmake --build /home/developer/ros2_ws/src/build/cf_control -- -j24 -l24
[0.916s] DEBUG:colcon.colcon_core.event_handler.log_command:Invoking command in '/home/developer/ros2_ws/src/build/cf_control': CMAKE_PREFIX_PATH=/home/developer/ros2_ws/src/install/cf_control_msgs:/home/developer/ros2_ws/src/install/ros_gz_crazyflie_bringup:/home/developer/ros2_ws/src/install/cf_control:/home/developer/ros2_ws/install:/home/developer/ros2_ws/src/install/uavsandbox:/opt/ros/humble LD_LIBRARY_PATH=/home/developer/ros2_ws/src/install/cf_control_msgs/lib:/home/developer/ros2_ws/src/install/cf_control/lib:/home/developer/ros2_ws/install/lib:/opt/ros/humble/opt/rviz_ogre_vendor/lib:/opt/ros/humble/lib/x86_64-linux-gnu:/opt/ros/humble/lib:/usr/local/cuda/lib64:/home/developer/acados/lib /usr/local/bin/cmake --install /home/developer/ros2_ws/src/build/cf_control
[0.951s] Level 1:colcon.colcon_core.environment:create_environment_scripts_only(cf_control)
[0.952s] Level 1:colcon.colcon_core.environment:checking '/home/developer/ros2_ws/src/install/cf_control' for CMake module files
[0.952s] DEBUG:colcon.colcon_core.event_handler.log_command:Invoked command in '/home/developer/ros2_ws/src/build/cf_control' returned '0': CMAKE_PREFIX_PATH=/home/developer/ros2_ws/src/install/cf_control_msgs:/home/developer/ros2_ws/src/install/ros_gz_crazyflie_bringup:/home/developer/ros2_ws/src/install/cf_control:/home/developer/ros2_ws/install:/home/developer/ros2_ws/src/install/uavsandbox:/opt/ros/humble LD_LIBRARY_PATH=/home/developer/ros2_ws/src/install/cf_control_msgs/lib:/home/developer/ros2_ws/src/install/cf_control/lib:/home/developer/ros2_ws/install/lib:/opt/ros/humble/opt/rviz_ogre_vendor/lib:/opt/ros/humble/lib/x86_64-linux-gnu:/opt/ros/humble/lib:/usr/local/cuda/lib64:/home/developer/acados/lib /usr/local/bin/cmake --install /home/developer/ros2_ws/src/build/cf_control
[0.953s] Level 1:colcon.colcon_core.environment:checking '/home/developer/ros2_ws/src/install/cf_control' for CMake config files
[0.953s] Level 1:colcon.colcon_core.shell:create_environment_hook('cf_control', 'cmake_prefix_path')
[0.953s] INFO:colcon.colcon_core.shell:Creating environment hook '/home/developer/ros2_ws/src/install/cf_control/share/cf_control/hook/cmake_prefix_path.ps1'
[0.954s] INFO:colcon.colcon_core.shell:Creating environment descriptor '/home/developer/ros2_ws/src/install/cf_control/share/cf_control/hook/cmake_prefix_path.dsv'
[0.954s] INFO:colcon.colcon_core.shell:Creating environment hook '/home/developer/ros2_ws/src/install/cf_control/share/cf_control/hook/cmake_prefix_path.sh'
[0.954s] Level 1:colcon.colcon_core.environment:checking '/home/developer/ros2_ws/src/install/cf_control/lib'
[0.954s] Level 1:colcon.colcon_core.shell:create_environment_hook('cf_control', 'ld_library_path_lib')
[0.955s] INFO:colcon.colcon_core.shell:Creating environment hook '/home/developer/ros2_ws/src/install/cf_control/share/cf_control/hook/ld_library_path_lib.ps1'
[0.955s] INFO:colcon.colcon_core.shell:Creating environment descriptor '/home/developer/ros2_ws/src/install/cf_control/share/cf_control/hook/ld_library_path_lib.dsv'
[0.955s] INFO:colcon.colcon_core.shell:Creating environment hook '/home/developer/ros2_ws/src/install/cf_control/share/cf_control/hook/ld_library_path_lib.sh'
[0.955s] Level 1:colcon.colcon_core.environment:checking '/home/developer/ros2_ws/src/install/cf_control/bin'
[0.955s] Level 1:colcon.colcon_core.environment:checking '/home/developer/ros2_ws/src/install/cf_control/lib/pkgconfig/cf_control.pc'
[0.956s] Level 1:colcon.colcon_core.environment:checking '/home/developer/ros2_ws/src/install/cf_control/lib/python3.10/site-packages'
[0.956s] Level 1:colcon.colcon_core.environment:checking '/home/developer/ros2_ws/src/install/cf_control/bin'
[0.956s] INFO:colcon.colcon_core.shell:Creating package script '/home/developer/ros2_ws/src/install/cf_control/share/cf_control/package.ps1'
[0.957s] INFO:colcon.colcon_core.shell:Creating package descriptor '/home/developer/ros2_ws/src/install/cf_control/share/cf_control/package.dsv'
[0.957s] INFO:colcon.colcon_core.shell:Creating package script '/home/developer/ros2_ws/src/install/cf_control/share/cf_control/package.sh'
[0.957s] INFO:colcon.colcon_core.shell:Creating package script '/home/developer/ros2_ws/src/install/cf_control/share/cf_control/package.bash'
[0.958s] INFO:colcon.colcon_core.shell:Creating package script '/home/developer/ros2_ws/src/install/cf_control/share/cf_control/package.zsh'
[0.958s] Level 1:colcon.colcon_core.environment:create_file_with_runtime_dependencies(/home/developer/ros2_ws/src/install/cf_control/share/colcon-core/packages/cf_control)
[0.958s] Level 1:colcon.colcon_core.environment:create_environment_scripts_only(cf_control)
[0.958s] Level 1:colcon.colcon_core.environment:checking '/home/developer/ros2_ws/src/install/cf_control' for CMake module files
[0.959s] Level 1:colcon.colcon_core.environment:checking '/home/developer/ros2_ws/src/install/cf_control' for CMake config files
[0.959s] Level 1:colcon.colcon_core.shell:create_environment_hook('cf_control', 'cmake_prefix_path')
[0.959s] INFO:colcon.colcon_core.shell:Creating environment hook '/home/developer/ros2_ws/src/install/cf_control/share/cf_control/hook/cmake_prefix_path.ps1'
[0.960s] INFO:colcon.colcon_core.shell:Creating environment descriptor '/home/developer/ros2_ws/src/install/cf_control/share/cf_control/hook/cmake_prefix_path.dsv'
[0.960s] INFO:colcon.colcon_core.shell:Creating environment hook '/home/developer/ros2_ws/src/install/cf_control/share/cf_control/hook/cmake_prefix_path.sh'
[0.960s] Level 1:colcon.colcon_core.environment:checking '/home/developer/ros2_ws/src/install/cf_control/lib'
[0.960s] Level 1:colcon.colcon_core.shell:create_environment_hook('cf_control', 'ld_library_path_lib')
[0.960s] INFO:colcon.colcon_core.shell:Creating environment hook '/home/developer/ros2_ws/src/install/cf_control/share/cf_control/hook/ld_library_path_lib.ps1'
[0.961s] INFO:colcon.colcon_core.shell:Creating environment descriptor '/home/developer/ros2_ws/src/install/cf_control/share/cf_control/hook/ld_library_path_lib.dsv'
[0.961s] INFO:colcon.colcon_core.shell:Creating environment hook '/home/developer/ros2_ws/src/install/cf_control/share/cf_control/hook/ld_library_path_lib.sh'
[0.961s] Level 1:colcon.colcon_core.environment:checking '/home/developer/ros2_ws/src/install/cf_control/bin'
[0.961s] Level 1:colcon.colcon_core.environment:checking '/home/developer/ros2_ws/src/install/cf_control/lib/pkgconfig/cf_control.pc'
[0.961s] Level 1:colcon.colcon_core.environment:checking '/home/developer/ros2_ws/src/install/cf_control/lib/python3.10/site-packages'
[0.962s] Level 1:colcon.colcon_core.environment:checking '/home/developer/ros2_ws/src/install/cf_control/bin'
[0.962s] INFO:colcon.colcon_core.shell:Creating package script '/home/developer/ros2_ws/src/install/cf_control/share/cf_control/package.ps1'
[0.962s] INFO:colcon.colcon_core.shell:Creating package descriptor '/home/developer/ros2_ws/src/install/cf_control/share/cf_control/package.dsv'
[0.962s] INFO:colcon.colcon_core.shell:Creating package script '/home/developer/ros2_ws/src/install/cf_control/share/cf_control/package.sh'
[0.963s] INFO:colcon.colcon_core.shell:Creating package script '/home/developer/ros2_ws/src/install/cf_control/share/cf_control/package.bash'
[0.963s] INFO:colcon.colcon_core.shell:Creating package script '/home/developer/ros2_ws/src/install/cf_control/share/cf_control/package.zsh'
[0.963s] Level 1:colcon.colcon_core.environment:create_file_with_runtime_dependencies(/home/developer/ros2_ws/src/install/cf_control/share/colcon-core/packages/cf_control)
[1.038s] DEBUG:colcon.colcon_core.event_handler.log_command:Invoking command in '/home/developer/ros2_ws/src/uavsandbox': PYTHONPATH=/home/developer/ros2_ws/src/build/uavsandbox/prefix_override:/usr/lib/python3/dist-packages/colcon_core/task/python/colcon_distutils_commands:/home/developer/ros2_ws/src/install/uavsandbox/lib/python3.10/site-packages:${PYTHONPATH} /usr/bin/python3 -W ignore:setup.py install is deprecated -W ignore:easy_install command is deprecated setup.py egg_info --egg-base ../build/uavsandbox build --build-base /home/developer/ros2_ws/src/build/uavsandbox/build install --record /home/developer/ros2_ws/src/build/uavsandbox/install.log --single-version-externally-managed install_data
[1.444s] Level 1:colcon.colcon_core.environment:checking '/home/developer/ros2_ws/src/install/uavsandbox' for CMake module files
[1.445s] DEBUG:colcon.colcon_core.event_handler.log_command:Invoked command in '/home/developer/ros2_ws/src/uavsandbox' returned '0': PYTHONPATH=/home/developer/ros2_ws/src/build/uavsandbox/prefix_override:/usr/lib/python3/dist-packages/colcon_core/task/python/colcon_distutils_commands:/home/developer/ros2_ws/src/install/uavsandbox/lib/python3.10/site-packages:${PYTHONPATH} /usr/bin/python3 -W ignore:setup.py install is deprecated -W ignore:easy_install command is deprecated setup.py egg_info --egg-base ../build/uavsandbox build --build-base /home/developer/ros2_ws/src/build/uavsandbox/build install --record /home/developer/ros2_ws/src/build/uavsandbox/install.log --single-version-externally-managed install_data
[1.446s] Level 1:colcon.colcon_core.environment:checking '/home/developer/ros2_ws/src/install/uavsandbox' for CMake config files
[1.447s] Level 1:colcon.colcon_core.environment:checking '/home/developer/ros2_ws/src/install/uavsandbox/lib'
[1.447s] Level 1:colcon.colcon_core.environment:checking '/home/developer/ros2_ws/src/install/uavsandbox/bin'
[1.447s] Level 1:colcon.colcon_core.environment:checking '/home/developer/ros2_ws/src/install/uavsandbox/lib/pkgconfig/uavsandbox.pc'
[1.447s] Level 1:colcon.colcon_core.environment:checking '/home/developer/ros2_ws/src/install/uavsandbox/lib/python3.10/site-packages'
[1.448s] Level 1:colcon.colcon_core.shell:create_environment_hook('uavsandbox', 'pythonpath')
[1.448s] INFO:colcon.colcon_core.shell:Creating environment hook '/home/developer/ros2_ws/src/install/uavsandbox/share/uavsandbox/hook/pythonpath.ps1'
[1.449s] INFO:colcon.colcon_core.shell:Creating environment descriptor '/home/developer/ros2_ws/src/install/uavsandbox/share/uavsandbox/hook/pythonpath.dsv'
[1.449s] INFO:colcon.colcon_core.shell:Creating environment hook '/home/developer/ros2_ws/src/install/uavsandbox/share/uavsandbox/hook/pythonpath.sh'
[1.451s] Level 1:colcon.colcon_core.environment:checking '/home/developer/ros2_ws/src/install/uavsandbox/bin'
[1.451s] Level 1:colcon.colcon_core.environment:create_environment_scripts_only(uavsandbox)
[1.451s] INFO:colcon.colcon_core.shell:Creating package script '/home/developer/ros2_ws/src/install/uavsandbox/share/uavsandbox/package.ps1'
[1.452s] INFO:colcon.colcon_core.shell:Creating package descriptor '/home/developer/ros2_ws/src/install/uavsandbox/share/uavsandbox/package.dsv'
[1.453s] INFO:colcon.colcon_core.shell:Creating package script '/home/developer/ros2_ws/src/install/uavsandbox/share/uavsandbox/package.sh'
[1.454s] INFO:colcon.colcon_core.shell:Creating package script '/home/developer/ros2_ws/src/install/uavsandbox/share/uavsandbox/package.bash'
[1.455s] INFO:colcon.colcon_core.shell:Creating package script '/home/developer/ros2_ws/src/install/uavsandbox/share/uavsandbox/package.zsh'
[1.455s] Level 1:colcon.colcon_core.environment:create_file_with_runtime_dependencies(/home/developer/ros2_ws/src/install/uavsandbox/share/colcon-core/packages/uavsandbox)
[1.456s] DEBUG:colcon.colcon_parallel_executor.executor.parallel:closing loop
[1.456s] DEBUG:colcon.colcon_parallel_executor.executor.parallel:loop closed
[1.456s] DEBUG:colcon.colcon_parallel_executor.executor.parallel:run_until_complete finished with '0'
[1.457s] DEBUG:colcon.colcon_core.event_reactor:joining thread
[1.466s] INFO:colcon.colcon_core.plugin_system:Skipping extension 'colcon_notification.desktop_notification.notify_send': Could not find 'notify-send'
[1.466s] INFO:colcon.colcon_core.plugin_system:Skipping extension 'colcon_notification.desktop_notification.terminal_notifier': Not used on non-Darwin systems
[1.466s] INFO:colcon.colcon_core.plugin_system:Skipping extension 'colcon_notification.desktop_notification.win32': Not used on non-Windows systems
[1.466s] INFO:colcon.colcon_notification.desktop_notification:Sending desktop notification using 'notify2'
[1.469s] DEBUG:colcon.colcon_notification.desktop_notification.notify2:Failed to initialize notify2: org.freedesktop.DBus.Error.Spawn.ExecFailed: /usr/bin/dbus-launch terminated abnormally without any error message
[1.470s] DEBUG:colcon.colcon_core.event_reactor:joined thread
[1.471s] INFO:colcon.colcon_core.shell:Creating prefix script '/home/developer/ros2_ws/src/install/local_setup.ps1'
[1.473s] INFO:colcon.colcon_core.shell:Creating prefix util module '/home/developer/ros2_ws/src/install/_local_setup_util_ps1.py'
[1.476s] INFO:colcon.colcon_core.shell:Creating prefix chain script '/home/developer/ros2_ws/src/install/setup.ps1'
[1.478s] INFO:colcon.colcon_core.shell:Creating prefix script '/home/developer/ros2_ws/src/install/local_setup.sh'
[1.480s] INFO:colcon.colcon_core.shell:Creating prefix util module '/home/developer/ros2_ws/src/install/_local_setup_util_sh.py'
[1.481s] INFO:colcon.colcon_core.shell:Creating prefix chain script '/home/developer/ros2_ws/src/install/setup.sh'
[1.483s] INFO:colcon.colcon_core.shell:Creating prefix script '/home/developer/ros2_ws/src/install/local_setup.bash'
[1.484s] INFO:colcon.colcon_core.shell:Creating prefix chain script '/home/developer/ros2_ws/src/install/setup.bash'
[1.485s] INFO:colcon.colcon_core.shell:Creating prefix script '/home/developer/ros2_ws/src/install/local_setup.zsh'
[1.486s] INFO:colcon.colcon_core.shell:Creating prefix chain script '/home/developer/ros2_ws/src/install/setup.zsh'
