[0.115s] DEBUG:colcon:Command line arguments: ['/usr/bin/colcon', 'build', '--packages-select', 'crazyflie_interfaces']
[0.115s] DEBUG:colcon:Parsed command line arguments: Namespace(log_base=None, log_level=None, verb_name='build', build_base='build', install_base='install', merge_install=False, symlink_install=False, test_result_base=None, continue_on_error=False, executor='parallel', parallel_workers=24, event_handlers=None, ignore_user_meta=False, metas=['./colcon.meta'], base_paths=['.'], packages_ignore=None, packages_ignore_regex=None, paths=None, packages_up_to=None, packages_up_to_regex=None, packages_above=None, packages_above_and_dependencies=None, packages_above_depth=None, packages_select_by_dep=None, packages_skip_by_dep=None, packages_skip_up_to=None, packages_select_build_failed=False, packages_skip_build_finished=False, packages_select_test_failures=False, packages_skip_test_passed=False, packages_select=['crazyflie_interfaces'], packages_skip=None, packages_select_regex=None, packages_skip_regex=None, packages_start=None, packages_end=None, allow_overriding=[], cmake_args=None, cmake_target=None, cmake_target_skip_unavailable=False, cmake_clean_cache=False, cmake_clean_first=False, cmake_force_configure=False, ament_cmake_args=None, catkin_cmake_args=None, catkin_skip_building_tests=False, mixin_files=None, mixin=None, verb_parser=<colcon_mixin.mixin.mixin_argument.MixinArgumentDecorator object at 0x7a76bbf9d1b0>, verb_extension=<colcon_core.verb.build.BuildVerb object at 0x7a76bbf9c9d0>, main=<bound method BuildVerb.main of <colcon_core.verb.build.BuildVerb object at 0x7a76bbf9c9d0>>, mixin_verb=('build',))
[0.148s] Level 1:colcon.colcon_core.package_discovery:discover_packages(colcon_meta) check parameters
[0.149s] Level 1:colcon.colcon_core.package_discovery:discover_packages(recursive) check parameters
[0.149s] Level 1:colcon.colcon_core.package_discovery:discover_packages(ignore) check parameters
[0.149s] Level 1:colcon.colcon_core.package_discovery:discover_packages(path) check parameters
[0.149s] Level 1:colcon.colcon_core.package_discovery:discover_packages(colcon_meta) discover
[0.149s] Level 1:colcon.colcon_core.package_discovery:discover_packages(recursive) discover
[0.149s] INFO:colcon.colcon_core.package_discovery:Crawling recursively for packages in '/home/developer/ros2_ws/src/crazyflie_interfaces'
[0.149s] Level 1:colcon.colcon_core.package_identification:_identify(.) by extensions ['ignore', 'ignore_ament_install']
[0.149s] Level 1:colcon.colcon_core.package_identification:_identify(.) by extension 'ignore'
[0.149s] Level 1:colcon.colcon_core.package_identification:_identify(.) by extension 'ignore_ament_install'
[0.149s] Level 1:colcon.colcon_core.package_identification:_identify(.) by extensions ['colcon_pkg']
[0.149s] Level 1:colcon.colcon_core.package_identification:_identify(.) by extension 'colcon_pkg'
[0.149s] Level 1:colcon.colcon_core.package_identification:_identify(.) by extensions ['colcon_meta']
[0.149s] Level 1:colcon.colcon_core.package_identification:_identify(.) by extension 'colcon_meta'
[0.149s] Level 1:colcon.colcon_core.package_identification:_identify(.) by extensions ['ros']
[0.149s] Level 1:colcon.colcon_core.package_identification:_identify(.) by extension 'ros'
[0.175s] DEBUG:colcon.colcon_core.package_identification:Package '.' with type 'ros.ament_cmake' and name 'crazyflie_interfaces'
[0.175s] Level 1:colcon.colcon_core.package_discovery:discover_packages(recursive) using defaults
[0.175s] Level 1:colcon.colcon_core.package_discovery:discover_packages(ignore) discover
[0.175s] Level 1:colcon.colcon_core.package_discovery:discover_packages(ignore) using defaults
[0.175s] Level 1:colcon.colcon_core.package_discovery:discover_packages(path) discover
[0.175s] Level 1:colcon.colcon_core.package_discovery:discover_packages(path) using defaults
[0.200s] Level 1:colcon.colcon_core.package_discovery:discover_packages(prefix_path) check parameters
[0.200s] Level 1:colcon.colcon_core.package_discovery:discover_packages(prefix_path) discover
[0.202s] DEBUG:colcon.colcon_installed_package_information.package_discovery:Found 1 installed packages in /home/developer/ros2_ws/src/crazyflie_interfaces/install
[0.203s] DEBUG:colcon.colcon_installed_package_information.package_discovery:Found 4 installed packages in /home/developer/ros2_ws/src/install
[0.203s] DEBUG:colcon.colcon_installed_package_information.package_discovery:Found 4 installed packages in /home/developer/ros2_ws/install
[0.205s] DEBUG:colcon.colcon_installed_package_information.package_discovery:Found 294 installed packages in /opt/ros/humble
[0.206s] Level 1:colcon.colcon_core.package_discovery:discover_packages(prefix_path) using defaults
[0.239s] Level 5:colcon.colcon_core.verb:set package 'crazyflie_interfaces' build argument 'cmake_args' from command line to 'None'
[0.239s] Level 5:colcon.colcon_core.verb:set package 'crazyflie_interfaces' build argument 'cmake_target' from command line to 'None'
[0.239s] Level 5:colcon.colcon_core.verb:set package 'crazyflie_interfaces' build argument 'cmake_target_skip_unavailable' from command line to 'False'
[0.240s] Level 5:colcon.colcon_core.verb:set package 'crazyflie_interfaces' build argument 'cmake_clean_cache' from command line to 'False'
[0.240s] Level 5:colcon.colcon_core.verb:set package 'crazyflie_interfaces' build argument 'cmake_clean_first' from command line to 'False'
[0.240s] Level 5:colcon.colcon_core.verb:set package 'crazyflie_interfaces' build argument 'cmake_force_configure' from command line to 'False'
[0.240s] Level 5:colcon.colcon_core.verb:set package 'crazyflie_interfaces' build argument 'ament_cmake_args' from command line to 'None'
[0.240s] Level 5:colcon.colcon_core.verb:set package 'crazyflie_interfaces' build argument 'catkin_cmake_args' from command line to 'None'
[0.240s] Level 5:colcon.colcon_core.verb:set package 'crazyflie_interfaces' build argument 'catkin_skip_building_tests' from command line to 'False'
[0.240s] DEBUG:colcon.colcon_core.verb:Building package 'crazyflie_interfaces' with the following arguments: {'ament_cmake_args': None, 'build_base': '/home/developer/ros2_ws/src/crazyflie_interfaces/build/crazyflie_interfaces', 'catkin_cmake_args': None, 'catkin_skip_building_tests': False, 'cmake_args': None, 'cmake_clean_cache': False, 'cmake_clean_first': False, 'cmake_force_configure': False, 'cmake_target': None, 'cmake_target_skip_unavailable': False, 'install_base': '/home/developer/ros2_ws/src/crazyflie_interfaces/install/crazyflie_interfaces', 'merge_install': False, 'path': '/home/developer/ros2_ws/src/crazyflie_interfaces', 'symlink_install': False, 'test_result_base': None}
[0.240s] INFO:colcon.colcon_core.executor:Executing jobs using 'parallel' executor
[0.241s] DEBUG:colcon.colcon_parallel_executor.executor.parallel:run_until_complete
[0.241s] INFO:colcon.colcon_ros.task.ament_cmake.build:Building ROS package in '/home/developer/ros2_ws/src/crazyflie_interfaces' with build type 'ament_cmake'
[0.241s] INFO:colcon.colcon_cmake.task.cmake.build:Building CMake package in '/home/developer/ros2_ws/src/crazyflie_interfaces'
[0.243s] INFO:colcon.colcon_core.plugin_system:Skipping extension 'colcon_core.shell.bat': Not used on non-Windows systems
[0.243s] INFO:colcon.colcon_core.shell:Skip shell extension 'powershell' for command environment: Not usable outside of PowerShell
[0.243s] DEBUG:colcon.colcon_core.shell:Skip shell extension 'dsv' for command environment
[0.256s] DEBUG:colcon.colcon_core.event_handler.log_command:Invoking command in '/home/developer/ros2_ws/src/crazyflie_interfaces/build/crazyflie_interfaces': CMAKE_PREFIX_PATH=${CMAKE_PREFIX_PATH}:/home/developer/ros2_ws/src/install/uavsandbox:/opt/ros/humble /usr/local/bin/cmake --build /home/developer/ros2_ws/src/crazyflie_interfaces/build/crazyflie_interfaces -- -j24 -l24
[4.683s] DEBUG:colcon.colcon_core.event_handler.log_command:Invoked command in '/home/developer/ros2_ws/src/crazyflie_interfaces/build/crazyflie_interfaces' returned '0': CMAKE_PREFIX_PATH=${CMAKE_PREFIX_PATH}:/home/developer/ros2_ws/src/install/uavsandbox:/opt/ros/humble /usr/local/bin/cmake --build /home/developer/ros2_ws/src/crazyflie_interfaces/build/crazyflie_interfaces -- -j24 -l24
[4.717s] DEBUG:colcon.colcon_core.event_handler.log_command:Invoking command in '/home/developer/ros2_ws/src/crazyflie_interfaces/build/crazyflie_interfaces': CMAKE_PREFIX_PATH=${CMAKE_PREFIX_PATH}:/home/developer/ros2_ws/src/install/uavsandbox:/opt/ros/humble /usr/local/bin/cmake --install /home/developer/ros2_ws/src/crazyflie_interfaces/build/crazyflie_interfaces
[4.809s] Level 1:colcon.colcon_core.environment:create_environment_scripts_only(crazyflie_interfaces)
[4.810s] DEBUG:colcon.colcon_core.event_handler.log_command:Invoked command in '/home/developer/ros2_ws/src/crazyflie_interfaces/build/crazyflie_interfaces' returned '0': CMAKE_PREFIX_PATH=${CMAKE_PREFIX_PATH}:/home/developer/ros2_ws/src/install/uavsandbox:/opt/ros/humble /usr/local/bin/cmake --install /home/developer/ros2_ws/src/crazyflie_interfaces/build/crazyflie_interfaces
[4.814s] Level 1:colcon.colcon_core.environment:checking '/home/developer/ros2_ws/src/crazyflie_interfaces/install/crazyflie_interfaces' for CMake module files
[4.815s] Level 1:colcon.colcon_core.environment:checking '/home/developer/ros2_ws/src/crazyflie_interfaces/install/crazyflie_interfaces' for CMake config files
[4.816s] Level 1:colcon.colcon_core.shell:create_environment_hook('crazyflie_interfaces', 'cmake_prefix_path')
[4.816s] INFO:colcon.colcon_core.shell:Creating environment hook '/home/developer/ros2_ws/src/crazyflie_interfaces/install/crazyflie_interfaces/share/crazyflie_interfaces/hook/cmake_prefix_path.ps1'
[4.817s] INFO:colcon.colcon_core.shell:Creating environment descriptor '/home/developer/ros2_ws/src/crazyflie_interfaces/install/crazyflie_interfaces/share/crazyflie_interfaces/hook/cmake_prefix_path.dsv'
[4.818s] INFO:colcon.colcon_core.shell:Creating environment hook '/home/developer/ros2_ws/src/crazyflie_interfaces/install/crazyflie_interfaces/share/crazyflie_interfaces/hook/cmake_prefix_path.sh'
[4.819s] Level 1:colcon.colcon_core.environment:checking '/home/developer/ros2_ws/src/crazyflie_interfaces/install/crazyflie_interfaces/lib'
[4.820s] Level 1:colcon.colcon_core.shell:create_environment_hook('crazyflie_interfaces', 'ld_library_path_lib')
[4.820s] INFO:colcon.colcon_core.shell:Creating environment hook '/home/developer/ros2_ws/src/crazyflie_interfaces/install/crazyflie_interfaces/share/crazyflie_interfaces/hook/ld_library_path_lib.ps1'
[4.821s] INFO:colcon.colcon_core.shell:Creating environment descriptor '/home/developer/ros2_ws/src/crazyflie_interfaces/install/crazyflie_interfaces/share/crazyflie_interfaces/hook/ld_library_path_lib.dsv'
[4.821s] INFO:colcon.colcon_core.shell:Creating environment hook '/home/developer/ros2_ws/src/crazyflie_interfaces/install/crazyflie_interfaces/share/crazyflie_interfaces/hook/ld_library_path_lib.sh'
[4.822s] Level 1:colcon.colcon_core.environment:checking '/home/developer/ros2_ws/src/crazyflie_interfaces/install/crazyflie_interfaces/bin'
[4.822s] Level 1:colcon.colcon_core.environment:checking '/home/developer/ros2_ws/src/crazyflie_interfaces/install/crazyflie_interfaces/lib/pkgconfig/crazyflie_interfaces.pc'
[4.822s] Level 1:colcon.colcon_core.environment:checking '/home/developer/ros2_ws/src/crazyflie_interfaces/install/crazyflie_interfaces/lib/python3.10/site-packages'
[4.823s] Level 1:colcon.colcon_core.environment:checking '/home/developer/ros2_ws/src/crazyflie_interfaces/install/crazyflie_interfaces/bin'
[4.823s] INFO:colcon.colcon_core.shell:Creating package script '/home/developer/ros2_ws/src/crazyflie_interfaces/install/crazyflie_interfaces/share/crazyflie_interfaces/package.ps1'
[4.825s] INFO:colcon.colcon_core.shell:Creating package descriptor '/home/developer/ros2_ws/src/crazyflie_interfaces/install/crazyflie_interfaces/share/crazyflie_interfaces/package.dsv'
[4.825s] INFO:colcon.colcon_core.shell:Creating package script '/home/developer/ros2_ws/src/crazyflie_interfaces/install/crazyflie_interfaces/share/crazyflie_interfaces/package.sh'
[4.825s] INFO:colcon.colcon_core.shell:Creating package script '/home/developer/ros2_ws/src/crazyflie_interfaces/install/crazyflie_interfaces/share/crazyflie_interfaces/package.bash'
[4.826s] INFO:colcon.colcon_core.shell:Creating package script '/home/developer/ros2_ws/src/crazyflie_interfaces/install/crazyflie_interfaces/share/crazyflie_interfaces/package.zsh'
[4.826s] Level 1:colcon.colcon_core.environment:create_file_with_runtime_dependencies(/home/developer/ros2_ws/src/crazyflie_interfaces/install/crazyflie_interfaces/share/colcon-core/packages/crazyflie_interfaces)
[4.827s] Level 1:colcon.colcon_core.environment:create_environment_scripts_only(crazyflie_interfaces)
[4.827s] Level 1:colcon.colcon_core.environment:checking '/home/developer/ros2_ws/src/crazyflie_interfaces/install/crazyflie_interfaces' for CMake module files
[4.828s] Level 1:colcon.colcon_core.environment:checking '/home/developer/ros2_ws/src/crazyflie_interfaces/install/crazyflie_interfaces' for CMake config files
[4.828s] Level 1:colcon.colcon_core.shell:create_environment_hook('crazyflie_interfaces', 'cmake_prefix_path')
[4.828s] INFO:colcon.colcon_core.shell:Creating environment hook '/home/developer/ros2_ws/src/crazyflie_interfaces/install/crazyflie_interfaces/share/crazyflie_interfaces/hook/cmake_prefix_path.ps1'
[4.828s] INFO:colcon.colcon_core.shell:Creating environment descriptor '/home/developer/ros2_ws/src/crazyflie_interfaces/install/crazyflie_interfaces/share/crazyflie_interfaces/hook/cmake_prefix_path.dsv'
[4.828s] INFO:colcon.colcon_core.shell:Creating environment hook '/home/developer/ros2_ws/src/crazyflie_interfaces/install/crazyflie_interfaces/share/crazyflie_interfaces/hook/cmake_prefix_path.sh'
[4.829s] Level 1:colcon.colcon_core.environment:checking '/home/developer/ros2_ws/src/crazyflie_interfaces/install/crazyflie_interfaces/lib'
[4.829s] Level 1:colcon.colcon_core.shell:create_environment_hook('crazyflie_interfaces', 'ld_library_path_lib')
[4.829s] INFO:colcon.colcon_core.shell:Creating environment hook '/home/developer/ros2_ws/src/crazyflie_interfaces/install/crazyflie_interfaces/share/crazyflie_interfaces/hook/ld_library_path_lib.ps1'
[4.829s] INFO:colcon.colcon_core.shell:Creating environment descriptor '/home/developer/ros2_ws/src/crazyflie_interfaces/install/crazyflie_interfaces/share/crazyflie_interfaces/hook/ld_library_path_lib.dsv'
[4.830s] INFO:colcon.colcon_core.shell:Creating environment hook '/home/developer/ros2_ws/src/crazyflie_interfaces/install/crazyflie_interfaces/share/crazyflie_interfaces/hook/ld_library_path_lib.sh'
[4.830s] Level 1:colcon.colcon_core.environment:checking '/home/developer/ros2_ws/src/crazyflie_interfaces/install/crazyflie_interfaces/bin'
[4.830s] Level 1:colcon.colcon_core.environment:checking '/home/developer/ros2_ws/src/crazyflie_interfaces/install/crazyflie_interfaces/lib/pkgconfig/crazyflie_interfaces.pc'
[4.830s] Level 1:colcon.colcon_core.environment:checking '/home/developer/ros2_ws/src/crazyflie_interfaces/install/crazyflie_interfaces/lib/python3.10/site-packages'
[4.830s] Level 1:colcon.colcon_core.environment:checking '/home/developer/ros2_ws/src/crazyflie_interfaces/install/crazyflie_interfaces/bin'
[4.830s] INFO:colcon.colcon_core.shell:Creating package script '/home/developer/ros2_ws/src/crazyflie_interfaces/install/crazyflie_interfaces/share/crazyflie_interfaces/package.ps1'
[4.831s] INFO:colcon.colcon_core.shell:Creating package descriptor '/home/developer/ros2_ws/src/crazyflie_interfaces/install/crazyflie_interfaces/share/crazyflie_interfaces/package.dsv'
[4.831s] INFO:colcon.colcon_core.shell:Creating package script '/home/developer/ros2_ws/src/crazyflie_interfaces/install/crazyflie_interfaces/share/crazyflie_interfaces/package.sh'
[4.832s] INFO:colcon.colcon_core.shell:Creating package script '/home/developer/ros2_ws/src/crazyflie_interfaces/install/crazyflie_interfaces/share/crazyflie_interfaces/package.bash'
[4.832s] INFO:colcon.colcon_core.shell:Creating package script '/home/developer/ros2_ws/src/crazyflie_interfaces/install/crazyflie_interfaces/share/crazyflie_interfaces/package.zsh'
[4.832s] Level 1:colcon.colcon_core.environment:create_file_with_runtime_dependencies(/home/developer/ros2_ws/src/crazyflie_interfaces/install/crazyflie_interfaces/share/colcon-core/packages/crazyflie_interfaces)
[4.832s] DEBUG:colcon.colcon_parallel_executor.executor.parallel:closing loop
[4.833s] DEBUG:colcon.colcon_parallel_executor.executor.parallel:loop closed
[4.833s] DEBUG:colcon.colcon_parallel_executor.executor.parallel:run_until_complete finished with '0'
[4.833s] DEBUG:colcon.colcon_core.event_reactor:joining thread
[4.842s] INFO:colcon.colcon_core.plugin_system:Skipping extension 'colcon_notification.desktop_notification.notify_send': Could not find 'notify-send'
[4.842s] INFO:colcon.colcon_core.plugin_system:Skipping extension 'colcon_notification.desktop_notification.terminal_notifier': Not used on non-Darwin systems
[4.842s] INFO:colcon.colcon_core.plugin_system:Skipping extension 'colcon_notification.desktop_notification.win32': Not used on non-Windows systems
[4.842s] INFO:colcon.colcon_notification.desktop_notification:Sending desktop notification using 'notify2'
[4.847s] DEBUG:colcon.colcon_notification.desktop_notification.notify2:Failed to initialize notify2: org.freedesktop.DBus.Error.Spawn.ExecFailed: /usr/bin/dbus-launch terminated abnormally without any error message
[4.847s] DEBUG:colcon.colcon_core.event_reactor:joined thread
[4.848s] INFO:colcon.colcon_core.shell:Creating prefix script '/home/developer/ros2_ws/src/crazyflie_interfaces/install/local_setup.ps1'
[4.849s] INFO:colcon.colcon_core.shell:Creating prefix util module '/home/developer/ros2_ws/src/crazyflie_interfaces/install/_local_setup_util_ps1.py'
[4.851s] INFO:colcon.colcon_core.shell:Creating prefix chain script '/home/developer/ros2_ws/src/crazyflie_interfaces/install/setup.ps1'
[4.853s] INFO:colcon.colcon_core.shell:Creating prefix script '/home/developer/ros2_ws/src/crazyflie_interfaces/install/local_setup.sh'
[4.854s] INFO:colcon.colcon_core.shell:Creating prefix util module '/home/developer/ros2_ws/src/crazyflie_interfaces/install/_local_setup_util_sh.py'
[4.856s] INFO:colcon.colcon_core.shell:Creating prefix chain script '/home/developer/ros2_ws/src/crazyflie_interfaces/install/setup.sh'
[4.858s] INFO:colcon.colcon_core.shell:Creating prefix script '/home/developer/ros2_ws/src/crazyflie_interfaces/install/local_setup.bash'
[4.858s] INFO:colcon.colcon_core.shell:Creating prefix chain script '/home/developer/ros2_ws/src/crazyflie_interfaces/install/setup.bash'
[4.860s] INFO:colcon.colcon_core.shell:Creating prefix script '/home/developer/ros2_ws/src/crazyflie_interfaces/install/local_setup.zsh'
[4.861s] INFO:colcon.colcon_core.shell:Creating prefix chain script '/home/developer/ros2_ws/src/crazyflie_interfaces/install/setup.zsh'
