[0.116s] DEBUG:colcon:Command line arguments: ['/usr/bin/colcon', 'build']
[0.116s] DEBUG:colcon:Parsed command line arguments: Namespace(log_base=None, log_level=None, verb_name='build', build_base='build', install_base='install', merge_install=False, symlink_install=False, test_result_base=None, continue_on_error=False, executor='parallel', parallel_workers=24, event_handlers=None, ignore_user_meta=False, metas=['./colcon.meta'], base_paths=['.'], packages_ignore=None, packages_ignore_regex=None, paths=None, packages_up_to=None, packages_up_to_regex=None, packages_above=None, packages_above_and_dependencies=None, packages_above_depth=None, packages_select_by_dep=None, packages_skip_by_dep=None, packages_skip_up_to=None, packages_select_build_failed=False, packages_skip_build_finished=False, packages_select_test_failures=False, packages_skip_test_passed=False, packages_select=None, packages_skip=None, packages_select_regex=None, packages_skip_regex=None, packages_start=None, packages_end=None, allow_overriding=[], cmake_args=None, cmake_target=None, cmake_target_skip_unavailable=False, cmake_clean_cache=False, cmake_clean_first=False, cmake_force_configure=False, ament_cmake_args=None, catkin_cmake_args=None, catkin_skip_building_tests=False, mixin_files=None, mixin=None, verb_parser=<colcon_mixin.mixin.mixin_argument.MixinArgumentDecorator object at 0x7eebaf5b14e0>, verb_extension=<colcon_core.verb.build.BuildVerb object at 0x7eebaf5b0d00>, main=<bound method BuildVerb.main of <colcon_core.verb.build.BuildVerb object at 0x7eebaf5b0d00>>, mixin_verb=('build',))
[0.150s] Level 1:colcon.colcon_core.package_discovery:discover_packages(colcon_meta) check parameters
[0.150s] Level 1:colcon.colcon_core.package_discovery:discover_packages(recursive) check parameters
[0.150s] Level 1:colcon.colcon_core.package_discovery:discover_packages(ignore) check parameters
[0.150s] Level 1:colcon.colcon_core.package_discovery:discover_packages(path) check parameters
[0.150s] Level 1:colcon.colcon_core.package_discovery:discover_packages(colcon_meta) discover
[0.150s] Level 1:colcon.colcon_core.package_discovery:discover_packages(recursive) discover
[0.150s] INFO:colcon.colcon_core.package_discovery:Crawling recursively for packages in '/home/developer/ros2_ws/src'
[0.150s] Level 1:colcon.colcon_core.package_identification:_identify(.) by extensions ['ignore', 'ignore_ament_install']
[0.150s] Level 1:colcon.colcon_core.package_identification:_identify(.) by extension 'ignore'
[0.150s] Level 1:colcon.colcon_core.package_identification:_identify(.) by extension 'ignore_ament_install'
[0.150s] Level 1:colcon.colcon_core.package_identification:_identify(.) by extensions ['colcon_pkg']
[0.150s] Level 1:colcon.colcon_core.package_identification:_identify(.) by extension 'colcon_pkg'
[0.150s] Level 1:colcon.colcon_core.package_identification:_identify(.) by extensions ['colcon_meta']
[0.150s] Level 1:colcon.colcon_core.package_identification:_identify(.) by extension 'colcon_meta'
[0.150s] Level 1:colcon.colcon_core.package_identification:_identify(.) by extensions ['ros']
[0.150s] Level 1:colcon.colcon_core.package_identification:_identify(.) by extension 'ros'
[0.175s] Level 1:colcon.colcon_core.package_identification:_identify(.) by extensions ['cmake', 'python']
[0.175s] Level 1:colcon.colcon_core.package_identification:_identify(.) by extension 'cmake'
[0.175s] Level 1:colcon.colcon_core.package_identification:_identify(.) by extension 'python'
[0.175s] Level 1:colcon.colcon_core.package_identification:_identify(.) by extensions ['python_setup_py']
[0.175s] Level 1:colcon.colcon_core.package_identification:_identify(.) by extension 'python_setup_py'
[0.175s] Level 1:colcon.colcon_core.package_identification:_identify(bag_files) by extensions ['ignore', 'ignore_ament_install']
[0.175s] Level 1:colcon.colcon_core.package_identification:_identify(bag_files) by extension 'ignore'
[0.175s] Level 1:colcon.colcon_core.package_identification:_identify(bag_files) by extension 'ignore_ament_install'
[0.175s] Level 1:colcon.colcon_core.package_identification:_identify(bag_files) by extensions ['colcon_pkg']
[0.175s] Level 1:colcon.colcon_core.package_identification:_identify(bag_files) by extension 'colcon_pkg'
[0.175s] Level 1:colcon.colcon_core.package_identification:_identify(bag_files) by extensions ['colcon_meta']
[0.175s] Level 1:colcon.colcon_core.package_identification:_identify(bag_files) by extension 'colcon_meta'
[0.175s] Level 1:colcon.colcon_core.package_identification:_identify(bag_files) by extensions ['ros']
[0.175s] Level 1:colcon.colcon_core.package_identification:_identify(bag_files) by extension 'ros'
[0.175s] Level 1:colcon.colcon_core.package_identification:_identify(bag_files) by extensions ['cmake', 'python']
[0.175s] Level 1:colcon.colcon_core.package_identification:_identify(bag_files) by extension 'cmake'
[0.175s] Level 1:colcon.colcon_core.package_identification:_identify(bag_files) by extension 'python'
[0.175s] Level 1:colcon.colcon_core.package_identification:_identify(bag_files) by extensions ['python_setup_py']
[0.175s] Level 1:colcon.colcon_core.package_identification:_identify(bag_files) by extension 'python_setup_py'
[0.175s] Level 1:colcon.colcon_core.package_identification:_identify(bag_files/rosbag2_2026_03_18-10_49_19) by extensions ['ignore', 'ignore_ament_install']
[0.175s] Level 1:colcon.colcon_core.package_identification:_identify(bag_files/rosbag2_2026_03_18-10_49_19) by extension 'ignore'
[0.175s] Level 1:colcon.colcon_core.package_identification:_identify(bag_files/rosbag2_2026_03_18-10_49_19) by extension 'ignore_ament_install'
[0.176s] Level 1:colcon.colcon_core.package_identification:_identify(bag_files/rosbag2_2026_03_18-10_49_19) by extensions ['colcon_pkg']
[0.176s] Level 1:colcon.colcon_core.package_identification:_identify(bag_files/rosbag2_2026_03_18-10_49_19) by extension 'colcon_pkg'
[0.176s] Level 1:colcon.colcon_core.package_identification:_identify(bag_files/rosbag2_2026_03_18-10_49_19) by extensions ['colcon_meta']
[0.176s] Level 1:colcon.colcon_core.package_identification:_identify(bag_files/rosbag2_2026_03_18-10_49_19) by extension 'colcon_meta'
[0.176s] Level 1:colcon.colcon_core.package_identification:_identify(bag_files/rosbag2_2026_03_18-10_49_19) by extensions ['ros']
[0.176s] Level 1:colcon.colcon_core.package_identification:_identify(bag_files/rosbag2_2026_03_18-10_49_19) by extension 'ros'
[0.176s] Level 1:colcon.colcon_core.package_identification:_identify(bag_files/rosbag2_2026_03_18-10_49_19) by extensions ['cmake', 'python']
[0.176s] Level 1:colcon.colcon_core.package_identification:_identify(bag_files/rosbag2_2026_03_18-10_49_19) by extension 'cmake'
[0.176s] Level 1:colcon.colcon_core.package_identification:_identify(bag_files/rosbag2_2026_03_18-10_49_19) by extension 'python'
[0.176s] Level 1:colcon.colcon_core.package_identification:_identify(bag_files/rosbag2_2026_03_18-10_49_19) by extensions ['python_setup_py']
[0.176s] Level 1:colcon.colcon_core.package_identification:_identify(bag_files/rosbag2_2026_03_18-10_49_19) by extension 'python_setup_py'
[0.176s] Level 1:colcon.colcon_core.package_identification:_identify(bag_files/rosbag2_2026_03_18-10_51_23) by extensions ['ignore', 'ignore_ament_install']
[0.176s] Level 1:colcon.colcon_core.package_identification:_identify(bag_files/rosbag2_2026_03_18-10_51_23) by extension 'ignore'
[0.176s] Level 1:colcon.colcon_core.package_identification:_identify(bag_files/rosbag2_2026_03_18-10_51_23) by extension 'ignore_ament_install'
[0.176s] Level 1:colcon.colcon_core.package_identification:_identify(bag_files/rosbag2_2026_03_18-10_51_23) by extensions ['colcon_pkg']
[0.176s] Level 1:colcon.colcon_core.package_identification:_identify(bag_files/rosbag2_2026_03_18-10_51_23) by extension 'colcon_pkg'
[0.176s] Level 1:colcon.colcon_core.package_identification:_identify(bag_files/rosbag2_2026_03_18-10_51_23) by extensions ['colcon_meta']
[0.176s] Level 1:colcon.colcon_core.package_identification:_identify(bag_files/rosbag2_2026_03_18-10_51_23) by extension 'colcon_meta'
[0.176s] Level 1:colcon.colcon_core.package_identification:_identify(bag_files/rosbag2_2026_03_18-10_51_23) by extensions ['ros']
[0.176s] Level 1:colcon.colcon_core.package_identification:_identify(bag_files/rosbag2_2026_03_18-10_51_23) by extension 'ros'
[0.176s] Level 1:colcon.colcon_core.package_identification:_identify(bag_files/rosbag2_2026_03_18-10_51_23) by extensions ['cmake', 'python']
[0.176s] Level 1:colcon.colcon_core.package_identification:_identify(bag_files/rosbag2_2026_03_18-10_51_23) by extension 'cmake'
[0.176s] Level 1:colcon.colcon_core.package_identification:_identify(bag_files/rosbag2_2026_03_18-10_51_23) by extension 'python'
[0.176s] Level 1:colcon.colcon_core.package_identification:_identify(bag_files/rosbag2_2026_03_18-10_51_23) by extensions ['python_setup_py']
[0.176s] Level 1:colcon.colcon_core.package_identification:_identify(bag_files/rosbag2_2026_03_18-10_51_23) by extension 'python_setup_py'
[0.176s] Level 1:colcon.colcon_core.package_identification:_identify(build) by extensions ['ignore', 'ignore_ament_install']
[0.177s] Level 1:colcon.colcon_core.package_identification:_identify(build) by extension 'ignore'
[0.177s] Level 1:colcon.colcon_core.package_identification:_identify(build) ignored
[0.177s] Level 1:colcon.colcon_core.package_identification:_identify(cf_control) by extensions ['ignore', 'ignore_ament_install']
[0.177s] Level 1:colcon.colcon_core.package_identification:_identify(cf_control) by extension 'ignore'
[0.177s] Level 1:colcon.colcon_core.package_identification:_identify(cf_control) by extension 'ignore_ament_install'
[0.177s] Level 1:colcon.colcon_core.package_identification:_identify(cf_control) by extensions ['colcon_pkg']
[0.177s] Level 1:colcon.colcon_core.package_identification:_identify(cf_control) by extension 'colcon_pkg'
[0.177s] Level 1:colcon.colcon_core.package_identification:_identify(cf_control) by extensions ['colcon_meta']
[0.177s] Level 1:colcon.colcon_core.package_identification:_identify(cf_control) by extension 'colcon_meta'
[0.177s] Level 1:colcon.colcon_core.package_identification:_identify(cf_control) by extensions ['ros']
[0.177s] Level 1:colcon.colcon_core.package_identification:_identify(cf_control) by extension 'ros'
[0.179s] DEBUG:colcon.colcon_core.package_identification:Package 'cf_control' with type 'ros.ament_cmake' and name 'cf_control'
[0.179s] Level 1:colcon.colcon_core.package_identification:_identify(cf_control_msgs) by extensions ['ignore', 'ignore_ament_install']
[0.179s] Level 1:colcon.colcon_core.package_identification:_identify(cf_control_msgs) by extension 'ignore'
[0.179s] Level 1:colcon.colcon_core.package_identification:_identify(cf_control_msgs) by extension 'ignore_ament_install'
[0.179s] Level 1:colcon.colcon_core.package_identification:_identify(cf_control_msgs) by extensions ['colcon_pkg']
[0.179s] Level 1:colcon.colcon_core.package_identification:_identify(cf_control_msgs) by extension 'colcon_pkg'
[0.179s] Level 1:colcon.colcon_core.package_identification:_identify(cf_control_msgs) by extensions ['colcon_meta']
[0.179s] Level 1:colcon.colcon_core.package_identification:_identify(cf_control_msgs) by extension 'colcon_meta'
[0.179s] Level 1:colcon.colcon_core.package_identification:_identify(cf_control_msgs) by extensions ['ros']
[0.179s] Level 1:colcon.colcon_core.package_identification:_identify(cf_control_msgs) by extension 'ros'
[0.180s] DEBUG:colcon.colcon_core.package_identification:Package 'cf_control_msgs' with type 'ros.ament_cmake' and name 'cf_control_msgs'
[0.180s] Level 1:colcon.colcon_core.package_identification:_identify(install) by extensions ['ignore', 'ignore_ament_install']
[0.180s] Level 1:colcon.colcon_core.package_identification:_identify(install) by extension 'ignore'
[0.180s] Level 1:colcon.colcon_core.package_identification:_identify(install) ignored
[0.180s] Level 1:colcon.colcon_core.package_identification:_identify(log) by extensions ['ignore', 'ignore_ament_install']
[0.180s] Level 1:colcon.colcon_core.package_identification:_identify(log) by extension 'ignore'
[0.180s] Level 1:colcon.colcon_core.package_identification:_identify(log) ignored
[0.180s] Level 1:colcon.colcon_core.package_identification:_identify(logs) by extensions ['ignore', 'ignore_ament_install']
[0.180s] Level 1:colcon.colcon_core.package_identification:_identify(logs) by extension 'ignore'
[0.180s] Level 1:colcon.colcon_core.package_identification:_identify(logs) by extension 'ignore_ament_install'
[0.180s] Level 1:colcon.colcon_core.package_identification:_identify(logs) by extensions ['colcon_pkg']
[0.180s] Level 1:colcon.colcon_core.package_identification:_identify(logs) by extension 'colcon_pkg'
[0.180s] Level 1:colcon.colcon_core.package_identification:_identify(logs) by extensions ['colcon_meta']
[0.180s] Level 1:colcon.colcon_core.package_identification:_identify(logs) by extension 'colcon_meta'
[0.180s] Level 1:colcon.colcon_core.package_identification:_identify(logs) by extensions ['ros']
[0.180s] Level 1:colcon.colcon_core.package_identification:_identify(logs) by extension 'ros'
[0.181s] Level 1:colcon.colcon_core.package_identification:_identify(logs) by extensions ['cmake', 'python']
[0.181s] Level 1:colcon.colcon_core.package_identification:_identify(logs) by extension 'cmake'
[0.181s] Level 1:colcon.colcon_core.package_identification:_identify(logs) by extension 'python'
[0.181s] Level 1:colcon.colcon_core.package_identification:_identify(logs) by extensions ['python_setup_py']
[0.181s] Level 1:colcon.colcon_core.package_identification:_identify(logs) by extension 'python_setup_py'
[0.181s] Level 1:colcon.colcon_core.package_identification:_identify(logs/2026-03-18-10-07-43-621960-lsriw-swinica-1357) by extensions ['ignore', 'ignore_ament_install']
[0.181s] Level 1:colcon.colcon_core.package_identification:_identify(logs/2026-03-18-10-07-43-621960-lsriw-swinica-1357) by extension 'ignore'
[0.181s] Level 1:colcon.colcon_core.package_identification:_identify(logs/2026-03-18-10-07-43-621960-lsriw-swinica-1357) by extension 'ignore_ament_install'
[0.181s] Level 1:colcon.colcon_core.package_identification:_identify(logs/2026-03-18-10-07-43-621960-lsriw-swinica-1357) by extensions ['colcon_pkg']
[0.181s] Level 1:colcon.colcon_core.package_identification:_identify(logs/2026-03-18-10-07-43-621960-lsriw-swinica-1357) by extension 'colcon_pkg'
[0.181s] Level 1:colcon.colcon_core.package_identification:_identify(logs/2026-03-18-10-07-43-621960-lsriw-swinica-1357) by extensions ['colcon_meta']
[0.181s] Level 1:colcon.colcon_core.package_identification:_identify(logs/2026-03-18-10-07-43-621960-lsriw-swinica-1357) by extension 'colcon_meta'
[0.181s] Level 1:colcon.colcon_core.package_identification:_identify(logs/2026-03-18-10-07-43-621960-lsriw-swinica-1357) by extensions ['ros']
[0.181s] Level 1:colcon.colcon_core.package_identification:_identify(logs/2026-03-18-10-07-43-621960-lsriw-swinica-1357) by extension 'ros'
[0.181s] Level 1:colcon.colcon_core.package_identification:_identify(logs/2026-03-18-10-07-43-621960-lsriw-swinica-1357) by extensions ['cmake', 'python']
[0.181s] Level 1:colcon.colcon_core.package_identification:_identify(logs/2026-03-18-10-07-43-621960-lsriw-swinica-1357) by extension 'cmake'
[0.181s] Level 1:colcon.colcon_core.package_identification:_identify(logs/2026-03-18-10-07-43-621960-lsriw-swinica-1357) by extension 'python'
[0.181s] Level 1:colcon.colcon_core.package_identification:_identify(logs/2026-03-18-10-07-43-621960-lsriw-swinica-1357) by extensions ['python_setup_py']
[0.181s] Level 1:colcon.colcon_core.package_identification:_identify(logs/2026-03-18-10-07-43-621960-lsriw-swinica-1357) by extension 'python_setup_py'
[0.181s] Level 1:colcon.colcon_core.package_identification:_identify(logs/2026-03-18-10-57-05-514676-lsriw-swinica-18309) by extensions ['ignore', 'ignore_ament_install']
[0.181s] Level 1:colcon.colcon_core.package_identification:_identify(logs/2026-03-18-10-57-05-514676-lsriw-swinica-18309) by extension 'ignore'
[0.181s] Level 1:colcon.colcon_core.package_identification:_identify(logs/2026-03-18-10-57-05-514676-lsriw-swinica-18309) by extension 'ignore_ament_install'
[0.181s] Level 1:colcon.colcon_core.package_identification:_identify(logs/2026-03-18-10-57-05-514676-lsriw-swinica-18309) by extensions ['colcon_pkg']
[0.181s] Level 1:colcon.colcon_core.package_identification:_identify(logs/2026-03-18-10-57-05-514676-lsriw-swinica-18309) by extension 'colcon_pkg'
[0.181s] Level 1:colcon.colcon_core.package_identification:_identify(logs/2026-03-18-10-57-05-514676-lsriw-swinica-18309) by extensions ['colcon_meta']
[0.181s] Level 1:colcon.colcon_core.package_identification:_identify(logs/2026-03-18-10-57-05-514676-lsriw-swinica-18309) by extension 'colcon_meta'
[0.182s] Level 1:colcon.colcon_core.package_identification:_identify(logs/2026-03-18-10-57-05-514676-lsriw-swinica-18309) by extensions ['ros']
[0.182s] Level 1:colcon.colcon_core.package_identification:_identify(logs/2026-03-18-10-57-05-514676-lsriw-swinica-18309) by extension 'ros'
[0.182s] Level 1:colcon.colcon_core.package_identification:_identify(logs/2026-03-18-10-57-05-514676-lsriw-swinica-18309) by extensions ['cmake', 'python']
[0.182s] Level 1:colcon.colcon_core.package_identification:_identify(logs/2026-03-18-10-57-05-514676-lsriw-swinica-18309) by extension 'cmake'
[0.182s] Level 1:colcon.colcon_core.package_identification:_identify(logs/2026-03-18-10-57-05-514676-lsriw-swinica-18309) by extension 'python'
[0.182s] Level 1:colcon.colcon_core.package_identification:_identify(logs/2026-03-18-10-57-05-514676-lsriw-swinica-18309) by extensions ['python_setup_py']
[0.182s] Level 1:colcon.colcon_core.package_identification:_identify(logs/2026-03-18-10-57-05-514676-lsriw-swinica-18309) by extension 'python_setup_py'
[0.182s] Level 1:colcon.colcon_core.package_identification:_identify(logs/2026-03-18-10-59-20-490885-lsriw-swinica-19082) by extensions ['ignore', 'ignore_ament_install']
[0.182s] Level 1:colcon.colcon_core.package_identification:_identify(logs/2026-03-18-10-59-20-490885-lsriw-swinica-19082) by extension 'ignore'
[0.182s] Level 1:colcon.colcon_core.package_identification:_identify(logs/2026-03-18-10-59-20-490885-lsriw-swinica-19082) by extension 'ignore_ament_install'
[0.182s] Level 1:colcon.colcon_core.package_identification:_identify(logs/2026-03-18-10-59-20-490885-lsriw-swinica-19082) by extensions ['colcon_pkg']
[0.182s] Level 1:colcon.colcon_core.package_identification:_identify(logs/2026-03-18-10-59-20-490885-lsriw-swinica-19082) by extension 'colcon_pkg'
[0.182s] Level 1:colcon.colcon_core.package_identification:_identify(logs/2026-03-18-10-59-20-490885-lsriw-swinica-19082) by extensions ['colcon_meta']
[0.182s] Level 1:colcon.colcon_core.package_identification:_identify(logs/2026-03-18-10-59-20-490885-lsriw-swinica-19082) by extension 'colcon_meta'
[0.182s] Level 1:colcon.colcon_core.package_identification:_identify(logs/2026-03-18-10-59-20-490885-lsriw-swinica-19082) by extensions ['ros']
[0.182s] Level 1:colcon.colcon_core.package_identification:_identify(logs/2026-03-18-10-59-20-490885-lsriw-swinica-19082) by extension 'ros'
[0.182s] Level 1:colcon.colcon_core.package_identification:_identify(logs/2026-03-18-10-59-20-490885-lsriw-swinica-19082) by extensions ['cmake', 'python']
[0.182s] Level 1:colcon.colcon_core.package_identification:_identify(logs/2026-03-18-10-59-20-490885-lsriw-swinica-19082) by extension 'cmake'
[0.182s] Level 1:colcon.colcon_core.package_identification:_identify(logs/2026-03-18-10-59-20-490885-lsriw-swinica-19082) by extension 'python'
[0.182s] Level 1:colcon.colcon_core.package_identification:_identify(logs/2026-03-18-10-59-20-490885-lsriw-swinica-19082) by extensions ['python_setup_py']
[0.182s] Level 1:colcon.colcon_core.package_identification:_identify(logs/2026-03-18-10-59-20-490885-lsriw-swinica-19082) by extension 'python_setup_py'
[0.182s] Level 1:colcon.colcon_core.package_identification:_identify(logs/2026-03-18-11-02-01-688828-lsriw-swinica-20620) by extensions ['ignore', 'ignore_ament_install']
[0.182s] Level 1:colcon.colcon_core.package_identification:_identify(logs/2026-03-18-11-02-01-688828-lsriw-swinica-20620) by extension 'ignore'
[0.182s] Level 1:colcon.colcon_core.package_identification:_identify(logs/2026-03-18-11-02-01-688828-lsriw-swinica-20620) by extension 'ignore_ament_install'
[0.182s] Level 1:colcon.colcon_core.package_identification:_identify(logs/2026-03-18-11-02-01-688828-lsriw-swinica-20620) by extensions ['colcon_pkg']
[0.182s] Level 1:colcon.colcon_core.package_identification:_identify(logs/2026-03-18-11-02-01-688828-lsriw-swinica-20620) by extension 'colcon_pkg'
[0.183s] Level 1:colcon.colcon_core.package_identification:_identify(logs/2026-03-18-11-02-01-688828-lsriw-swinica-20620) by extensions ['colcon_meta']
[0.183s] Level 1:colcon.colcon_core.package_identification:_identify(logs/2026-03-18-11-02-01-688828-lsriw-swinica-20620) by extension 'colcon_meta'
[0.183s] Level 1:colcon.colcon_core.package_identification:_identify(logs/2026-03-18-11-02-01-688828-lsriw-swinica-20620) by extensions ['ros']
[0.183s] Level 1:colcon.colcon_core.package_identification:_identify(logs/2026-03-18-11-02-01-688828-lsriw-swinica-20620) by extension 'ros'
[0.183s] Level 1:colcon.colcon_core.package_identification:_identify(logs/2026-03-18-11-02-01-688828-lsriw-swinica-20620) by extensions ['cmake', 'python']
[0.183s] Level 1:colcon.colcon_core.package_identification:_identify(logs/2026-03-18-11-02-01-688828-lsriw-swinica-20620) by extension 'cmake'
[0.183s] Level 1:colcon.colcon_core.package_identification:_identify(logs/2026-03-18-11-02-01-688828-lsriw-swinica-20620) by extension 'python'
[0.183s] Level 1:colcon.colcon_core.package_identification:_identify(logs/2026-03-18-11-02-01-688828-lsriw-swinica-20620) by extensions ['python_setup_py']
[0.183s] Level 1:colcon.colcon_core.package_identification:_identify(logs/2026-03-18-11-02-01-688828-lsriw-swinica-20620) by extension 'python_setup_py'
[0.183s] Level 1:colcon.colcon_core.package_identification:_identify(logs/2026-03-18-11-02-51-263322-lsriw-swinica-21098) by extensions ['ignore', 'ignore_ament_install']
[0.183s] Level 1:colcon.colcon_core.package_identification:_identify(logs/2026-03-18-11-02-51-263322-lsriw-swinica-21098) by extension 'ignore'
[0.183s] Level 1:colcon.colcon_core.package_identification:_identify(logs/2026-03-18-11-02-51-263322-lsriw-swinica-21098) by extension 'ignore_ament_install'
[0.183s] Level 1:colcon.colcon_core.package_identification:_identify(logs/2026-03-18-11-02-51-263322-lsriw-swinica-21098) by extensions ['colcon_pkg']
[0.183s] Level 1:colcon.colcon_core.package_identification:_identify(logs/2026-03-18-11-02-51-263322-lsriw-swinica-21098) by extension 'colcon_pkg'
[0.183s] Level 1:colcon.colcon_core.package_identification:_identify(logs/2026-03-18-11-02-51-263322-lsriw-swinica-21098) by extensions ['colcon_meta']
[0.183s] Level 1:colcon.colcon_core.package_identification:_identify(logs/2026-03-18-11-02-51-263322-lsriw-swinica-21098) by extension 'colcon_meta'
[0.183s] Level 1:colcon.colcon_core.package_identification:_identify(logs/2026-03-18-11-02-51-263322-lsriw-swinica-21098) by extensions ['ros']
[0.183s] Level 1:colcon.colcon_core.package_identification:_identify(logs/2026-03-18-11-02-51-263322-lsriw-swinica-21098) by extension 'ros'
[0.183s] Level 1:colcon.colcon_core.package_identification:_identify(logs/2026-03-18-11-02-51-263322-lsriw-swinica-21098) by extensions ['cmake', 'python']
[0.183s] Level 1:colcon.colcon_core.package_identification:_identify(logs/2026-03-18-11-02-51-263322-lsriw-swinica-21098) by extension 'cmake'
[0.183s] Level 1:colcon.colcon_core.package_identification:_identify(logs/2026-03-18-11-02-51-263322-lsriw-swinica-21098) by extension 'python'
[0.183s] Level 1:colcon.colcon_core.package_identification:_identify(logs/2026-03-18-11-02-51-263322-lsriw-swinica-21098) by extensions ['python_setup_py']
[0.183s] Level 1:colcon.colcon_core.package_identification:_identify(logs/2026-03-18-11-02-51-263322-lsriw-swinica-21098) by extension 'python_setup_py'
[0.183s] Level 1:colcon.colcon_core.package_identification:_identify(logs/2026-03-18-11-05-22-318247-lsriw-swinica-22789) by extensions ['ignore', 'ignore_ament_install']
[0.183s] Level 1:colcon.colcon_core.package_identification:_identify(logs/2026-03-18-11-05-22-318247-lsriw-swinica-22789) by extension 'ignore'
[0.183s] Level 1:colcon.colcon_core.package_identification:_identify(logs/2026-03-18-11-05-22-318247-lsriw-swinica-22789) by extension 'ignore_ament_install'
[0.184s] Level 1:colcon.colcon_core.package_identification:_identify(logs/2026-03-18-11-05-22-318247-lsriw-swinica-22789) by extensions ['colcon_pkg']
[0.184s] Level 1:colcon.colcon_core.package_identification:_identify(logs/2026-03-18-11-05-22-318247-lsriw-swinica-22789) by extension 'colcon_pkg'
[0.184s] Level 1:colcon.colcon_core.package_identification:_identify(logs/2026-03-18-11-05-22-318247-lsriw-swinica-22789) by extensions ['colcon_meta']
[0.184s] Level 1:colcon.colcon_core.package_identification:_identify(logs/2026-03-18-11-05-22-318247-lsriw-swinica-22789) by extension 'colcon_meta'
[0.184s] Level 1:colcon.colcon_core.package_identification:_identify(logs/2026-03-18-11-05-22-318247-lsriw-swinica-22789) by extensions ['ros']
[0.184s] Level 1:colcon.colcon_core.package_identification:_identify(logs/2026-03-18-11-05-22-318247-lsriw-swinica-22789) by extension 'ros'
[0.184s] Level 1:colcon.colcon_core.package_identification:_identify(logs/2026-03-18-11-05-22-318247-lsriw-swinica-22789) by extensions ['cmake', 'python']
[0.184s] Level 1:colcon.colcon_core.package_identification:_identify(logs/2026-03-18-11-05-22-318247-lsriw-swinica-22789) by extension 'cmake'
[0.184s] Level 1:colcon.colcon_core.package_identification:_identify(logs/2026-03-18-11-05-22-318247-lsriw-swinica-22789) by extension 'python'
[0.184s] Level 1:colcon.colcon_core.package_identification:_identify(logs/2026-03-18-11-05-22-318247-lsriw-swinica-22789) by extensions ['python_setup_py']
[0.184s] Level 1:colcon.colcon_core.package_identification:_identify(logs/2026-03-18-11-05-22-318247-lsriw-swinica-22789) by extension 'python_setup_py'
[0.184s] Level 1:colcon.colcon_core.package_identification:_identify(logs/2026-03-18-11-08-30-636703-lsriw-swinica-23659) by extensions ['ignore', 'ignore_ament_install']
[0.184s] Level 1:colcon.colcon_core.package_identification:_identify(logs/2026-03-18-11-08-30-636703-lsriw-swinica-23659) by extension 'ignore'
[0.184s] Level 1:colcon.colcon_core.package_identification:_identify(logs/2026-03-18-11-08-30-636703-lsriw-swinica-23659) by extension 'ignore_ament_install'
[0.184s] Level 1:colcon.colcon_core.package_identification:_identify(logs/2026-03-18-11-08-30-636703-lsriw-swinica-23659) by extensions ['colcon_pkg']
[0.184s] Level 1:colcon.colcon_core.package_identification:_identify(logs/2026-03-18-11-08-30-636703-lsriw-swinica-23659) by extension 'colcon_pkg'
[0.184s] Level 1:colcon.colcon_core.package_identification:_identify(logs/2026-03-18-11-08-30-636703-lsriw-swinica-23659) by extensions ['colcon_meta']
[0.184s] Level 1:colcon.colcon_core.package_identification:_identify(logs/2026-03-18-11-08-30-636703-lsriw-swinica-23659) by extension 'colcon_meta'
[0.184s] Level 1:colcon.colcon_core.package_identification:_identify(logs/2026-03-18-11-08-30-636703-lsriw-swinica-23659) by extensions ['ros']
[0.184s] Level 1:colcon.colcon_core.package_identification:_identify(logs/2026-03-18-11-08-30-636703-lsriw-swinica-23659) by extension 'ros'
[0.184s] Level 1:colcon.colcon_core.package_identification:_identify(logs/2026-03-18-11-08-30-636703-lsriw-swinica-23659) by extensions ['cmake', 'python']
[0.184s] Level 1:colcon.colcon_core.package_identification:_identify(logs/2026-03-18-11-08-30-636703-lsriw-swinica-23659) by extension 'cmake'
[0.184s] Level 1:colcon.colcon_core.package_identification:_identify(logs/2026-03-18-11-08-30-636703-lsriw-swinica-23659) by extension 'python'
[0.184s] Level 1:colcon.colcon_core.package_identification:_identify(logs/2026-03-18-11-08-30-636703-lsriw-swinica-23659) by extensions ['python_setup_py']
[0.184s] Level 1:colcon.colcon_core.package_identification:_identify(logs/2026-03-18-11-08-30-636703-lsriw-swinica-23659) by extension 'python_setup_py'
[0.184s] Level 1:colcon.colcon_core.package_identification:_identify(logs/2026-03-25-10-28-20-317018-lsriw-swinica-11122) by extensions ['ignore', 'ignore_ament_install']
[0.185s] Level 1:colcon.colcon_core.package_identification:_identify(logs/2026-03-25-10-28-20-317018-lsriw-swinica-11122) by extension 'ignore'
[0.185s] Level 1:colcon.colcon_core.package_identification:_identify(logs/2026-03-25-10-28-20-317018-lsriw-swinica-11122) by extension 'ignore_ament_install'
[0.185s] Level 1:colcon.colcon_core.package_identification:_identify(logs/2026-03-25-10-28-20-317018-lsriw-swinica-11122) by extensions ['colcon_pkg']
[0.185s] Level 1:colcon.colcon_core.package_identification:_identify(logs/2026-03-25-10-28-20-317018-lsriw-swinica-11122) by extension 'colcon_pkg'
[0.185s] Level 1:colcon.colcon_core.package_identification:_identify(logs/2026-03-25-10-28-20-317018-lsriw-swinica-11122) by extensions ['colcon_meta']
[0.185s] Level 1:colcon.colcon_core.package_identification:_identify(logs/2026-03-25-10-28-20-317018-lsriw-swinica-11122) by extension 'colcon_meta'
[0.185s] Level 1:colcon.colcon_core.package_identification:_identify(logs/2026-03-25-10-28-20-317018-lsriw-swinica-11122) by extensions ['ros']
[0.185s] Level 1:colcon.colcon_core.package_identification:_identify(logs/2026-03-25-10-28-20-317018-lsriw-swinica-11122) by extension 'ros'
[0.185s] Level 1:colcon.colcon_core.package_identification:_identify(logs/2026-03-25-10-28-20-317018-lsriw-swinica-11122) by extensions ['cmake', 'python']
[0.185s] Level 1:colcon.colcon_core.package_identification:_identify(logs/2026-03-25-10-28-20-317018-lsriw-swinica-11122) by extension 'cmake'
[0.185s] Level 1:colcon.colcon_core.package_identification:_identify(logs/2026-03-25-10-28-20-317018-lsriw-swinica-11122) by extension 'python'
[0.185s] Level 1:colcon.colcon_core.package_identification:_identify(logs/2026-03-25-10-28-20-317018-lsriw-swinica-11122) by extensions ['python_setup_py']
[0.185s] Level 1:colcon.colcon_core.package_identification:_identify(logs/2026-03-25-10-28-20-317018-lsriw-swinica-11122) by extension 'python_setup_py'
[0.185s] Level 1:colcon.colcon_core.package_identification:_identify(logs/2026-04-01-09-51-30-276284-lsriw-swinica-1876) by extensions ['ignore', 'ignore_ament_install']
[0.185s] Level 1:colcon.colcon_core.package_identification:_identify(logs/2026-04-01-09-51-30-276284-lsriw-swinica-1876) by extension 'ignore'
[0.185s] Level 1:colcon.colcon_core.package_identification:_identify(logs/2026-04-01-09-51-30-276284-lsriw-swinica-1876) by extension 'ignore_ament_install'
[0.185s] Level 1:colcon.colcon_core.package_identification:_identify(logs/2026-04-01-09-51-30-276284-lsriw-swinica-1876) by extensions ['colcon_pkg']
[0.185s] Level 1:colcon.colcon_core.package_identification:_identify(logs/2026-04-01-09-51-30-276284-lsriw-swinica-1876) by extension 'colcon_pkg'
[0.185s] Level 1:colcon.colcon_core.package_identification:_identify(logs/2026-04-01-09-51-30-276284-lsriw-swinica-1876) by extensions ['colcon_meta']
[0.185s] Level 1:colcon.colcon_core.package_identification:_identify(logs/2026-04-01-09-51-30-276284-lsriw-swinica-1876) by extension 'colcon_meta'
[0.185s] Level 1:colcon.colcon_core.package_identification:_identify(logs/2026-04-01-09-51-30-276284-lsriw-swinica-1876) by extensions ['ros']
[0.185s] Level 1:colcon.colcon_core.package_identification:_identify(logs/2026-04-01-09-51-30-276284-lsriw-swinica-1876) by extension 'ros'
[0.185s] Level 1:colcon.colcon_core.package_identification:_identify(logs/2026-04-01-09-51-30-276284-lsriw-swinica-1876) by extensions ['cmake', 'python']
[0.185s] Level 1:colcon.colcon_core.package_identification:_identify(logs/2026-04-01-09-51-30-276284-lsriw-swinica-1876) by extension 'cmake'
[0.185s] Level 1:colcon.colcon_core.package_identification:_identify(logs/2026-04-01-09-51-30-276284-lsriw-swinica-1876) by extension 'python'
[0.185s] Level 1:colcon.colcon_core.package_identification:_identify(logs/2026-04-01-09-51-30-276284-lsriw-swinica-1876) by extensions ['python_setup_py']
[0.185s] Level 1:colcon.colcon_core.package_identification:_identify(logs/2026-04-01-09-51-30-276284-lsriw-swinica-1876) by extension 'python_setup_py'
[0.186s] Level 1:colcon.colcon_core.package_identification:_identify(ros_gz_crazyflie_bringup) by extensions ['ignore', 'ignore_ament_install']
[0.186s] Level 1:colcon.colcon_core.package_identification:_identify(ros_gz_crazyflie_bringup) by extension 'ignore'
[0.186s] Level 1:colcon.colcon_core.package_identification:_identify(ros_gz_crazyflie_bringup) by extension 'ignore_ament_install'
[0.186s] Level 1:colcon.colcon_core.package_identification:_identify(ros_gz_crazyflie_bringup) by extensions ['colcon_pkg']
[0.186s] Level 1:colcon.colcon_core.package_identification:_identify(ros_gz_crazyflie_bringup) by extension 'colcon_pkg'
[0.186s] Level 1:colcon.colcon_core.package_identification:_identify(ros_gz_crazyflie_bringup) by extensions ['colcon_meta']
[0.186s] Level 1:colcon.colcon_core.package_identification:_identify(ros_gz_crazyflie_bringup) by extension 'colcon_meta'
[0.186s] Level 1:colcon.colcon_core.package_identification:_identify(ros_gz_crazyflie_bringup) by extensions ['ros']
[0.186s] Level 1:colcon.colcon_core.package_identification:_identify(ros_gz_crazyflie_bringup) by extension 'ros'
[0.186s] DEBUG:colcon.colcon_core.package_identification:Package 'ros_gz_crazyflie_bringup' with type 'ros.ament_cmake' and name 'ros_gz_crazyflie_bringup'
[0.187s] Level 1:colcon.colcon_core.package_identification:_identify(uavsandbox) by extensions ['ignore', 'ignore_ament_install']
[0.187s] Level 1:colcon.colcon_core.package_identification:_identify(uavsandbox) by extension 'ignore'
[0.187s] Level 1:colcon.colcon_core.package_identification:_identify(uavsandbox) by extension 'ignore_ament_install'
[0.187s] Level 1:colcon.colcon_core.package_identification:_identify(uavsandbox) by extensions ['colcon_pkg']
[0.187s] Level 1:colcon.colcon_core.package_identification:_identify(uavsandbox) by extension 'colcon_pkg'
[0.187s] Level 1:colcon.colcon_core.package_identification:_identify(uavsandbox) by extensions ['colcon_meta']
[0.187s] Level 1:colcon.colcon_core.package_identification:_identify(uavsandbox) by extension 'colcon_meta'
[0.187s] Level 1:colcon.colcon_core.package_identification:_identify(uavsandbox) by extensions ['ros']
[0.187s] Level 1:colcon.colcon_core.package_identification:_identify(uavsandbox) by extension 'ros'
[0.187s] DEBUG:colcon.colcon_core.package_identification:Package 'uavsandbox' with type 'ros.ament_python' and name 'uavsandbox'
[0.187s] Level 1:colcon.colcon_core.package_discovery:discover_packages(recursive) using defaults
[0.187s] Level 1:colcon.colcon_core.package_discovery:discover_packages(ignore) discover
[0.187s] Level 1:colcon.colcon_core.package_discovery:discover_packages(ignore) using defaults
[0.187s] Level 1:colcon.colcon_core.package_discovery:discover_packages(path) discover
[0.187s] Level 1:colcon.colcon_core.package_discovery:discover_packages(path) using defaults
[0.211s] Level 1:colcon.colcon_core.package_discovery:discover_packages(prefix_path) check parameters
[0.211s] Level 1:colcon.colcon_core.package_discovery:discover_packages(prefix_path) discover
[0.213s] DEBUG:colcon.colcon_installed_package_information.package_discovery:Found 5 installed packages in /home/developer/ros2_ws/install
[0.215s] DEBUG:colcon.colcon_installed_package_information.package_discovery:Found 347 installed packages in /opt/ros/humble
[0.216s] Level 1:colcon.colcon_core.package_discovery:discover_packages(prefix_path) using defaults
[0.254s] Level 5:colcon.colcon_core.verb:set package 'cf_control_msgs' build argument 'cmake_args' from command line to 'None'
[0.254s] Level 5:colcon.colcon_core.verb:set package 'cf_control_msgs' build argument 'cmake_target' from command line to 'None'
[0.254s] Level 5:colcon.colcon_core.verb:set package 'cf_control_msgs' build argument 'cmake_target_skip_unavailable' from command line to 'False'
[0.254s] Level 5:colcon.colcon_core.verb:set package 'cf_control_msgs' build argument 'cmake_clean_cache' from command line to 'False'
[0.254s] Level 5:colcon.colcon_core.verb:set package 'cf_control_msgs' build argument 'cmake_clean_first' from command line to 'False'
[0.254s] Level 5:colcon.colcon_core.verb:set package 'cf_control_msgs' build argument 'cmake_force_configure' from command line to 'False'
[0.254s] Level 5:colcon.colcon_core.verb:set package 'cf_control_msgs' build argument 'ament_cmake_args' from command line to 'None'
[0.254s] Level 5:colcon.colcon_core.verb:set package 'cf_control_msgs' build argument 'catkin_cmake_args' from command line to 'None'
[0.254s] Level 5:colcon.colcon_core.verb:set package 'cf_control_msgs' build argument 'catkin_skip_building_tests' from command line to 'False'
[0.255s] DEBUG:colcon.colcon_core.verb:Building package 'cf_control_msgs' with the following arguments: {'ament_cmake_args': None, 'build_base': '/home/developer/ros2_ws/src/build/cf_control_msgs', 'catkin_cmake_args': None, 'catkin_skip_building_tests': False, 'cmake_args': None, 'cmake_clean_cache': False, 'cmake_clean_first': False, 'cmake_force_configure': False, 'cmake_target': None, 'cmake_target_skip_unavailable': False, 'install_base': '/home/developer/ros2_ws/src/install/cf_control_msgs', 'merge_install': False, 'path': '/home/developer/ros2_ws/src/cf_control_msgs', 'symlink_install': False, 'test_result_base': None}
[0.255s] Level 5:colcon.colcon_core.verb:set package 'ros_gz_crazyflie_bringup' build argument 'cmake_args' from command line to 'None'
[0.255s] Level 5:colcon.colcon_core.verb:set package 'ros_gz_crazyflie_bringup' build argument 'cmake_target' from command line to 'None'
[0.255s] Level 5:colcon.colcon_core.verb:set package 'ros_gz_crazyflie_bringup' build argument 'cmake_target_skip_unavailable' from command line to 'False'
[0.255s] Level 5:colcon.colcon_core.verb:set package 'ros_gz_crazyflie_bringup' build argument 'cmake_clean_cache' from command line to 'False'
[0.255s] Level 5:colcon.colcon_core.verb:set package 'ros_gz_crazyflie_bringup' build argument 'cmake_clean_first' from command line to 'False'
[0.255s] Level 5:colcon.colcon_core.verb:set package 'ros_gz_crazyflie_bringup' build argument 'cmake_force_configure' from command line to 'False'
[0.255s] Level 5:colcon.colcon_core.verb:set package 'ros_gz_crazyflie_bringup' build argument 'ament_cmake_args' from command line to 'None'
[0.255s] Level 5:colcon.colcon_core.verb:set package 'ros_gz_crazyflie_bringup' build argument 'catkin_cmake_args' from command line to 'None'
[0.255s] Level 5:colcon.colcon_core.verb:set package 'ros_gz_crazyflie_bringup' build argument 'catkin_skip_building_tests' from command line to 'False'
[0.255s] DEBUG:colcon.colcon_core.verb:Building package 'ros_gz_crazyflie_bringup' with the following arguments: {'ament_cmake_args': None, 'build_base': '/home/developer/ros2_ws/src/build/ros_gz_crazyflie_bringup', 'catkin_cmake_args': None, 'catkin_skip_building_tests': False, 'cmake_args': None, 'cmake_clean_cache': False, 'cmake_clean_first': False, 'cmake_force_configure': False, 'cmake_target': None, 'cmake_target_skip_unavailable': False, 'install_base': '/home/developer/ros2_ws/src/install/ros_gz_crazyflie_bringup', 'merge_install': False, 'path': '/home/developer/ros2_ws/src/ros_gz_crazyflie_bringup', 'symlink_install': False, 'test_result_base': None}
[0.255s] Level 5:colcon.colcon_core.verb:set package 'uavsandbox' build argument 'cmake_args' from command line to 'None'
[0.255s] Level 5:colcon.colcon_core.verb:set package 'uavsandbox' build argument 'cmake_target' from command line to 'None'
[0.255s] Level 5:colcon.colcon_core.verb:set package 'uavsandbox' build argument 'cmake_target_skip_unavailable' from command line to 'False'
[0.255s] Level 5:colcon.colcon_core.verb:set package 'uavsandbox' build argument 'cmake_clean_cache' from command line to 'False'
[0.255s] Level 5:colcon.colcon_core.verb:set package 'uavsandbox' build argument 'cmake_clean_first' from command line to 'False'
[0.255s] Level 5:colcon.colcon_core.verb:set package 'uavsandbox' build argument 'cmake_force_configure' from command line to 'False'
[0.255s] Level 5:colcon.colcon_core.verb:set package 'uavsandbox' build argument 'ament_cmake_args' from command line to 'None'
[0.255s] Level 5:colcon.colcon_core.verb:set package 'uavsandbox' build argument 'catkin_cmake_args' from command line to 'None'
[0.255s] Level 5:colcon.colcon_core.verb:set package 'uavsandbox' build argument 'catkin_skip_building_tests' from command line to 'False'
[0.255s] DEBUG:colcon.colcon_core.verb:Building package 'uavsandbox' with the following arguments: {'ament_cmake_args': None, 'build_base': '/home/developer/ros2_ws/src/build/uavsandbox', 'catkin_cmake_args': None, 'catkin_skip_building_tests': False, 'cmake_args': None, 'cmake_clean_cache': False, 'cmake_clean_first': False, 'cmake_force_configure': False, 'cmake_target': None, 'cmake_target_skip_unavailable': False, 'install_base': '/home/developer/ros2_ws/src/install/uavsandbox', 'merge_install': False, 'path': '/home/developer/ros2_ws/src/uavsandbox', 'symlink_install': False, 'test_result_base': None}
[0.256s] Level 5:colcon.colcon_core.verb:set package 'cf_control' build argument 'cmake_args' from command line to 'None'
[0.256s] Level 5:colcon.colcon_core.verb:set package 'cf_control' build argument 'cmake_target' from command line to 'None'
[0.256s] Level 5:colcon.colcon_core.verb:set package 'cf_control' build argument 'cmake_target_skip_unavailable' from command line to 'False'
[0.256s] Level 5:colcon.colcon_core.verb:set package 'cf_control' build argument 'cmake_clean_cache' from command line to 'False'
[0.256s] Level 5:colcon.colcon_core.verb:set package 'cf_control' build argument 'cmake_clean_first' from command line to 'False'
[0.256s] Level 5:colcon.colcon_core.verb:set package 'cf_control' build argument 'cmake_force_configure' from command line to 'False'
[0.256s] Level 5:colcon.colcon_core.verb:set package 'cf_control' build argument 'ament_cmake_args' from command line to 'None'
[0.256s] Level 5:colcon.colcon_core.verb:set package 'cf_control' build argument 'catkin_cmake_args' from command line to 'None'
[0.256s] Level 5:colcon.colcon_core.verb:set package 'cf_control' build argument 'catkin_skip_building_tests' from command line to 'False'
[0.256s] DEBUG:colcon.colcon_core.verb:Building package 'cf_control' with the following arguments: {'ament_cmake_args': None, 'build_base': '/home/developer/ros2_ws/src/build/cf_control', 'catkin_cmake_args': None, 'catkin_skip_building_tests': False, 'cmake_args': None, 'cmake_clean_cache': False, 'cmake_clean_first': False, 'cmake_force_configure': False, 'cmake_target': None, 'cmake_target_skip_unavailable': False, 'install_base': '/home/developer/ros2_ws/src/install/cf_control', 'merge_install': False, 'path': '/home/developer/ros2_ws/src/cf_control', 'symlink_install': False, 'test_result_base': None}
[0.256s] INFO:colcon.colcon_core.executor:Executing jobs using 'parallel' executor
[0.257s] DEBUG:colcon.colcon_parallel_executor.executor.parallel:run_until_complete
[0.257s] INFO:colcon.colcon_ros.task.ament_cmake.build:Building ROS package in '/home/developer/ros2_ws/src/cf_control_msgs' with build type 'ament_cmake'
[0.257s] INFO:colcon.colcon_cmake.task.cmake.build:Building CMake package in '/home/developer/ros2_ws/src/cf_control_msgs'
[0.259s] INFO:colcon.colcon_core.plugin_system:Skipping extension 'colcon_core.shell.bat': Not used on non-Windows systems
[0.259s] INFO:colcon.colcon_core.shell:Skip shell extension 'powershell' for command environment: Not usable outside of PowerShell
[0.259s] DEBUG:colcon.colcon_core.shell:Skip shell extension 'dsv' for command environment
[0.263s] INFO:colcon.colcon_ros.task.ament_cmake.build:Building ROS package in '/home/developer/ros2_ws/src/ros_gz_crazyflie_bringup' with build type 'ament_cmake'
[0.263s] INFO:colcon.colcon_cmake.task.cmake.build:Building CMake package in '/home/developer/ros2_ws/src/ros_gz_crazyflie_bringup'
[0.263s] INFO:colcon.colcon_core.shell:Skip shell extension 'powershell' for command environment: Not usable outside of PowerShell
[0.263s] DEBUG:colcon.colcon_core.shell:Skip shell extension 'dsv' for command environment
[0.267s] INFO:colcon.colcon_ros.task.ament_python.build:Building ROS package in '/home/developer/ros2_ws/src/uavsandbox' with build type 'ament_python'
[0.267s] Level 1:colcon.colcon_core.shell:create_environment_hook('uavsandbox', 'ament_prefix_path')
[0.267s] INFO:colcon.colcon_core.shell:Creating environment hook '/home/developer/ros2_ws/src/install/uavsandbox/share/uavsandbox/hook/ament_prefix_path.ps1'
[0.267s] INFO:colcon.colcon_core.shell:Creating environment descriptor '/home/developer/ros2_ws/src/install/uavsandbox/share/uavsandbox/hook/ament_prefix_path.dsv'
[0.268s] INFO:colcon.colcon_core.shell:Creating environment hook '/home/developer/ros2_ws/src/install/uavsandbox/share/uavsandbox/hook/ament_prefix_path.sh'
[0.268s] INFO:colcon.colcon_core.shell:Skip shell extension 'powershell' for command environment: Not usable outside of PowerShell
[0.268s] DEBUG:colcon.colcon_core.shell:Skip shell extension 'dsv' for command environment
[0.277s] DEBUG:colcon.colcon_core.event_handler.log_command:Invoking command in '/home/developer/ros2_ws/src/build/cf_control_msgs': CMAKE_PREFIX_PATH=${CMAKE_PREFIX_PATH}:/opt/ros/humble /usr/local/bin/cmake --build /home/developer/ros2_ws/src/build/cf_control_msgs -- -j24 -l24
[0.280s] DEBUG:colcon.colcon_core.event_handler.log_command:Invoking command in '/home/developer/ros2_ws/src/build/ros_gz_crazyflie_bringup': CMAKE_PREFIX_PATH=${CMAKE_PREFIX_PATH}:/opt/ros/humble /usr/local/bin/cmake --build /home/developer/ros2_ws/src/build/ros_gz_crazyflie_bringup -- -j24 -l24
[0.481s] INFO:colcon.colcon_core.task.python.build:Building Python package in '/home/developer/ros2_ws/src/uavsandbox'
[0.481s] INFO:colcon.colcon_core.shell:Skip shell extension 'powershell' for command environment: Not usable outside of PowerShell
[0.481s] DEBUG:colcon.colcon_core.shell:Skip shell extension 'dsv' for command environment
[0.486s] DEBUG:colcon.colcon_core.event_handler.log_command:Invoked command in '/home/developer/ros2_ws/src/build/ros_gz_crazyflie_bringup' returned '0': CMAKE_PREFIX_PATH=${CMAKE_PREFIX_PATH}:/opt/ros/humble /usr/local/bin/cmake --build /home/developer/ros2_ws/src/build/ros_gz_crazyflie_bringup -- -j24 -l24
[0.521s] DEBUG:colcon.colcon_core.event_handler.log_command:Invoking command in '/home/developer/ros2_ws/src/build/ros_gz_crazyflie_bringup': CMAKE_PREFIX_PATH=${CMAKE_PREFIX_PATH}:/opt/ros/humble /usr/local/bin/cmake --install /home/developer/ros2_ws/src/build/ros_gz_crazyflie_bringup
[0.566s] Level 1:colcon.colcon_core.environment:create_environment_scripts_only(ros_gz_crazyflie_bringup)
[0.567s] DEBUG:colcon.colcon_core.event_handler.log_command:Invoked command in '/home/developer/ros2_ws/src/build/ros_gz_crazyflie_bringup' returned '0': CMAKE_PREFIX_PATH=${CMAKE_PREFIX_PATH}:/opt/ros/humble /usr/local/bin/cmake --install /home/developer/ros2_ws/src/build/ros_gz_crazyflie_bringup
[0.571s] Level 1:colcon.colcon_core.environment:checking '/home/developer/ros2_ws/src/install/ros_gz_crazyflie_bringup' for CMake module files
[0.571s] Level 1:colcon.colcon_core.environment:checking '/home/developer/ros2_ws/src/install/ros_gz_crazyflie_bringup' for CMake config files
[0.572s] Level 1:colcon.colcon_core.shell:create_environment_hook('ros_gz_crazyflie_bringup', 'cmake_prefix_path')
[0.572s] INFO:colcon.colcon_core.shell:Creating environment hook '/home/developer/ros2_ws/src/install/ros_gz_crazyflie_bringup/share/ros_gz_crazyflie_bringup/hook/cmake_prefix_path.ps1'
[0.573s] INFO:colcon.colcon_core.shell:Creating environment descriptor '/home/developer/ros2_ws/src/install/ros_gz_crazyflie_bringup/share/ros_gz_crazyflie_bringup/hook/cmake_prefix_path.dsv'
[0.574s] INFO:colcon.colcon_core.shell:Creating environment hook '/home/developer/ros2_ws/src/install/ros_gz_crazyflie_bringup/share/ros_gz_crazyflie_bringup/hook/cmake_prefix_path.sh'
[0.575s] Level 1:colcon.colcon_core.environment:checking '/home/developer/ros2_ws/src/install/ros_gz_crazyflie_bringup/bin'
[0.575s] Level 1:colcon.colcon_core.environment:checking '/home/developer/ros2_ws/src/install/ros_gz_crazyflie_bringup/lib/pkgconfig/ros_gz_crazyflie_bringup.pc'
[0.575s] Level 1:colcon.colcon_core.environment:checking '/home/developer/ros2_ws/src/install/ros_gz_crazyflie_bringup/lib/python3.10/site-packages'
[0.576s] Level 1:colcon.colcon_core.environment:checking '/home/developer/ros2_ws/src/install/ros_gz_crazyflie_bringup/bin'
[0.576s] INFO:colcon.colcon_core.shell:Creating package script '/home/developer/ros2_ws/src/install/ros_gz_crazyflie_bringup/share/ros_gz_crazyflie_bringup/package.ps1'
[0.577s] INFO:colcon.colcon_core.shell:Creating package descriptor '/home/developer/ros2_ws/src/install/ros_gz_crazyflie_bringup/share/ros_gz_crazyflie_bringup/package.dsv'
[0.578s] INFO:colcon.colcon_core.shell:Creating package script '/home/developer/ros2_ws/src/install/ros_gz_crazyflie_bringup/share/ros_gz_crazyflie_bringup/package.sh'
[0.579s] INFO:colcon.colcon_core.shell:Creating package script '/home/developer/ros2_ws/src/install/ros_gz_crazyflie_bringup/share/ros_gz_crazyflie_bringup/package.bash'
[0.580s] INFO:colcon.colcon_core.shell:Creating package script '/home/developer/ros2_ws/src/install/ros_gz_crazyflie_bringup/share/ros_gz_crazyflie_bringup/package.zsh'
[0.581s] Level 1:colcon.colcon_core.environment:create_file_with_runtime_dependencies(/home/developer/ros2_ws/src/install/ros_gz_crazyflie_bringup/share/colcon-core/packages/ros_gz_crazyflie_bringup)
[0.582s] Level 1:colcon.colcon_core.environment:create_environment_scripts_only(ros_gz_crazyflie_bringup)
[0.582s] Level 1:colcon.colcon_core.environment:checking '/home/developer/ros2_ws/src/install/ros_gz_crazyflie_bringup' for CMake module files
[0.583s] Level 1:colcon.colcon_core.environment:checking '/home/developer/ros2_ws/src/install/ros_gz_crazyflie_bringup' for CMake config files
[0.583s] Level 1:colcon.colcon_core.shell:create_environment_hook('ros_gz_crazyflie_bringup', 'cmake_prefix_path')
[0.583s] INFO:colcon.colcon_core.shell:Creating environment hook '/home/developer/ros2_ws/src/install/ros_gz_crazyflie_bringup/share/ros_gz_crazyflie_bringup/hook/cmake_prefix_path.ps1'
[0.584s] INFO:colcon.colcon_core.shell:Creating environment descriptor '/home/developer/ros2_ws/src/install/ros_gz_crazyflie_bringup/share/ros_gz_crazyflie_bringup/hook/cmake_prefix_path.dsv'
[0.584s] INFO:colcon.colcon_core.shell:Creating environment hook '/home/developer/ros2_ws/src/install/ros_gz_crazyflie_bringup/share/ros_gz_crazyflie_bringup/hook/cmake_prefix_path.sh'
[0.585s] Level 1:colcon.colcon_core.environment:checking '/home/developer/ros2_ws/src/install/ros_gz_crazyflie_bringup/bin'
[0.585s] Level 1:colcon.colcon_core.environment:checking '/home/developer/ros2_ws/src/install/ros_gz_crazyflie_bringup/lib/pkgconfig/ros_gz_crazyflie_bringup.pc'
[0.586s] Level 1:colcon.colcon_core.environment:checking '/home/developer/ros2_ws/src/install/ros_gz_crazyflie_bringup/lib/python3.10/site-packages'
[0.586s] Level 1:colcon.colcon_core.environment:checking '/home/developer/ros2_ws/src/install/ros_gz_crazyflie_bringup/bin'
[0.587s] INFO:colcon.colcon_core.shell:Creating package script '/home/developer/ros2_ws/src/install/ros_gz_crazyflie_bringup/share/ros_gz_crazyflie_bringup/package.ps1'
[0.587s] INFO:colcon.colcon_core.shell:Creating package descriptor '/home/developer/ros2_ws/src/install/ros_gz_crazyflie_bringup/share/ros_gz_crazyflie_bringup/package.dsv'
[0.588s] INFO:colcon.colcon_core.shell:Creating package script '/home/developer/ros2_ws/src/install/ros_gz_crazyflie_bringup/share/ros_gz_crazyflie_bringup/package.sh'
[0.589s] INFO:colcon.colcon_core.shell:Creating package script '/home/developer/ros2_ws/src/install/ros_gz_crazyflie_bringup/share/ros_gz_crazyflie_bringup/package.bash'
[0.589s] INFO:colcon.colcon_core.shell:Creating package script '/home/developer/ros2_ws/src/install/ros_gz_crazyflie_bringup/share/ros_gz_crazyflie_bringup/package.zsh'
[0.590s] Level 1:colcon.colcon_core.environment:create_file_with_runtime_dependencies(/home/developer/ros2_ws/src/install/ros_gz_crazyflie_bringup/share/colcon-core/packages/ros_gz_crazyflie_bringup)
[0.654s] DEBUG:colcon.colcon_core.event_handler.log_command:Invoked command in '/home/developer/ros2_ws/src/build/cf_control_msgs' returned '0': CMAKE_PREFIX_PATH=${CMAKE_PREFIX_PATH}:/opt/ros/humble /usr/local/bin/cmake --build /home/developer/ros2_ws/src/build/cf_control_msgs -- -j24 -l24
[0.657s] DEBUG:colcon.colcon_core.event_handler.log_command:Invoking command in '/home/developer/ros2_ws/src/build/cf_control_msgs': CMAKE_PREFIX_PATH=${CMAKE_PREFIX_PATH}:/opt/ros/humble /usr/local/bin/cmake --install /home/developer/ros2_ws/src/build/cf_control_msgs
[0.743s] Level 1:colcon.colcon_core.environment:create_environment_scripts_only(cf_control_msgs)
[0.744s] Level 1:colcon.colcon_core.environment:checking '/home/developer/ros2_ws/src/install/cf_control_msgs' for CMake module files
[0.744s] DEBUG:colcon.colcon_core.event_handler.log_command:Invoked command in '/home/developer/ros2_ws/src/build/cf_control_msgs' returned '0': CMAKE_PREFIX_PATH=${CMAKE_PREFIX_PATH}:/opt/ros/humble /usr/local/bin/cmake --install /home/developer/ros2_ws/src/build/cf_control_msgs
[0.745s] Level 1:colcon.colcon_core.environment:checking '/home/developer/ros2_ws/src/install/cf_control_msgs' for CMake config files
[0.746s] Level 1:colcon.colcon_core.shell:create_environment_hook('cf_control_msgs', 'cmake_prefix_path')
[0.746s] INFO:colcon.colcon_core.shell:Creating environment hook '/home/developer/ros2_ws/src/install/cf_control_msgs/share/cf_control_msgs/hook/cmake_prefix_path.ps1'
[0.746s] INFO:colcon.colcon_core.shell:Creating environment descriptor '/home/developer/ros2_ws/src/install/cf_control_msgs/share/cf_control_msgs/hook/cmake_prefix_path.dsv'
[0.747s] INFO:colcon.colcon_core.shell:Creating environment hook '/home/developer/ros2_ws/src/install/cf_control_msgs/share/cf_control_msgs/hook/cmake_prefix_path.sh'
[0.747s] Level 1:colcon.colcon_core.environment:checking '/home/developer/ros2_ws/src/install/cf_control_msgs/lib'
[0.747s] Level 1:colcon.colcon_core.shell:create_environment_hook('cf_control_msgs', 'ld_library_path_lib')
[0.747s] INFO:colcon.colcon_core.shell:Creating environment hook '/home/developer/ros2_ws/src/install/cf_control_msgs/share/cf_control_msgs/hook/ld_library_path_lib.ps1'
[0.748s] INFO:colcon.colcon_core.shell:Creating environment descriptor '/home/developer/ros2_ws/src/install/cf_control_msgs/share/cf_control_msgs/hook/ld_library_path_lib.dsv'
[0.748s] INFO:colcon.colcon_core.shell:Creating environment hook '/home/developer/ros2_ws/src/install/cf_control_msgs/share/cf_control_msgs/hook/ld_library_path_lib.sh'
[0.748s] Level 1:colcon.colcon_core.environment:checking '/home/developer/ros2_ws/src/install/cf_control_msgs/bin'
[0.748s] Level 1:colcon.colcon_core.environment:checking '/home/developer/ros2_ws/src/install/cf_control_msgs/lib/pkgconfig/cf_control_msgs.pc'
[0.748s] Level 1:colcon.colcon_core.environment:checking '/home/developer/ros2_ws/src/install/cf_control_msgs/lib/python3.10/site-packages'
[0.749s] Level 1:colcon.colcon_core.environment:checking '/home/developer/ros2_ws/src/install/cf_control_msgs/bin'
[0.749s] INFO:colcon.colcon_core.shell:Creating package script '/home/developer/ros2_ws/src/install/cf_control_msgs/share/cf_control_msgs/package.ps1'
[0.749s] INFO:colcon.colcon_core.shell:Creating package descriptor '/home/developer/ros2_ws/src/install/cf_control_msgs/share/cf_control_msgs/package.dsv'
[0.750s] INFO:colcon.colcon_core.shell:Creating package script '/home/developer/ros2_ws/src/install/cf_control_msgs/share/cf_control_msgs/package.sh'
[0.750s] INFO:colcon.colcon_core.shell:Creating package script '/home/developer/ros2_ws/src/install/cf_control_msgs/share/cf_control_msgs/package.bash'
[0.750s] INFO:colcon.colcon_core.shell:Creating package script '/home/developer/ros2_ws/src/install/cf_control_msgs/share/cf_control_msgs/package.zsh'
[0.750s] Level 1:colcon.colcon_core.environment:create_file_with_runtime_dependencies(/home/developer/ros2_ws/src/install/cf_control_msgs/share/colcon-core/packages/cf_control_msgs)
[0.751s] Level 1:colcon.colcon_core.environment:create_environment_scripts_only(cf_control_msgs)
[0.751s] Level 1:colcon.colcon_core.environment:checking '/home/developer/ros2_ws/src/install/cf_control_msgs' for CMake module files
[0.752s] Level 1:colcon.colcon_core.environment:checking '/home/developer/ros2_ws/src/install/cf_control_msgs' for CMake config files
[0.752s] Level 1:colcon.colcon_core.shell:create_environment_hook('cf_control_msgs', 'cmake_prefix_path')
[0.752s] INFO:colcon.colcon_core.shell:Creating environment hook '/home/developer/ros2_ws/src/install/cf_control_msgs/share/cf_control_msgs/hook/cmake_prefix_path.ps1'
[0.752s] INFO:colcon.colcon_core.shell:Creating environment descriptor '/home/developer/ros2_ws/src/install/cf_control_msgs/share/cf_control_msgs/hook/cmake_prefix_path.dsv'
[0.753s] INFO:colcon.colcon_core.shell:Creating environment hook '/home/developer/ros2_ws/src/install/cf_control_msgs/share/cf_control_msgs/hook/cmake_prefix_path.sh'
[0.753s] Level 1:colcon.colcon_core.environment:checking '/home/developer/ros2_ws/src/install/cf_control_msgs/lib'
[0.753s] Level 1:colcon.colcon_core.shell:create_environment_hook('cf_control_msgs', 'ld_library_path_lib')
[0.753s] INFO:colcon.colcon_core.shell:Creating environment hook '/home/developer/ros2_ws/src/install/cf_control_msgs/share/cf_control_msgs/hook/ld_library_path_lib.ps1'
[0.754s] INFO:colcon.colcon_core.shell:Creating environment descriptor '/home/developer/ros2_ws/src/install/cf_control_msgs/share/cf_control_msgs/hook/ld_library_path_lib.dsv'
[0.754s] INFO:colcon.colcon_core.shell:Creating environment hook '/home/developer/ros2_ws/src/install/cf_control_msgs/share/cf_control_msgs/hook/ld_library_path_lib.sh'
[0.754s] Level 1:colcon.colcon_core.environment:checking '/home/developer/ros2_ws/src/install/cf_control_msgs/bin'
[0.754s] Level 1:colcon.colcon_core.environment:checking '/home/developer/ros2_ws/src/install/cf_control_msgs/lib/pkgconfig/cf_control_msgs.pc'
[0.754s] Level 1:colcon.colcon_core.environment:checking '/home/developer/ros2_ws/src/install/cf_control_msgs/lib/python3.10/site-packages'
[0.755s] Level 1:colcon.colcon_core.environment:checking '/home/developer/ros2_ws/src/install/cf_control_msgs/bin'
[0.755s] INFO:colcon.colcon_core.shell:Creating package script '/home/developer/ros2_ws/src/install/cf_control_msgs/share/cf_control_msgs/package.ps1'
[0.755s] INFO:colcon.colcon_core.shell:Creating package descriptor '/home/developer/ros2_ws/src/install/cf_control_msgs/share/cf_control_msgs/package.dsv'
[0.756s] INFO:colcon.colcon_core.shell:Creating package script '/home/developer/ros2_ws/src/install/cf_control_msgs/share/cf_control_msgs/package.sh'
[0.756s] INFO:colcon.colcon_core.shell:Creating package script '/home/developer/ros2_ws/src/install/cf_control_msgs/share/cf_control_msgs/package.bash'
[0.756s] INFO:colcon.colcon_core.shell:Creating package script '/home/developer/ros2_ws/src/install/cf_control_msgs/share/cf_control_msgs/package.zsh'
[0.757s] Level 1:colcon.colcon_core.environment:create_file_with_runtime_dependencies(/home/developer/ros2_ws/src/install/cf_control_msgs/share/colcon-core/packages/cf_control_msgs)
[0.757s] INFO:colcon.colcon_ros.task.ament_cmake.build:Building ROS package in '/home/developer/ros2_ws/src/cf_control' with build type 'ament_cmake'
[0.757s] INFO:colcon.colcon_cmake.task.cmake.build:Building CMake package in '/home/developer/ros2_ws/src/cf_control'
[0.757s] INFO:colcon.colcon_core.shell:Skip shell extension 'powershell' for command environment: Not usable outside of PowerShell
[0.757s] DEBUG:colcon.colcon_core.shell:Skip shell extension 'dsv' for command environment
[0.771s] DEBUG:colcon.colcon_core.event_handler.log_command:Invoking command in '/home/developer/ros2_ws/src/build/cf_control': AMENT_PREFIX_PATH=/home/developer/ros2_ws/src/install/cf_control_msgs:${AMENT_PREFIX_PATH} CMAKE_PREFIX_PATH=/home/developer/ros2_ws/src/install/cf_control_msgs:/home/developer/ros2_ws/install:/opt/ros/humble LD_LIBRARY_PATH=/home/developer/ros2_ws/src/install/cf_control_msgs/lib:${LD_LIBRARY_PATH} PYTHONPATH=/home/developer/ros2_ws/src/install/cf_control_msgs/local/lib/python3.10/dist-packages:${PYTHONPATH} /usr/local/bin/cmake --build /home/developer/ros2_ws/src/build/cf_control -- -j24 -l24
[0.844s] DEBUG:colcon.colcon_core.event_handler.log_command:Invoked command in '/home/developer/ros2_ws/src/build/cf_control' returned '0': AMENT_PREFIX_PATH=/home/developer/ros2_ws/src/install/cf_control_msgs:${AMENT_PREFIX_PATH} CMAKE_PREFIX_PATH=/home/developer/ros2_ws/src/install/cf_control_msgs:/home/developer/ros2_ws/install:/opt/ros/humble LD_LIBRARY_PATH=/home/developer/ros2_ws/src/install/cf_control_msgs/lib:${LD_LIBRARY_PATH} PYTHONPATH=/home/developer/ros2_ws/src/install/cf_control_msgs/local/lib/python3.10/dist-packages:${PYTHONPATH} /usr/local/bin/cmake --build /home/developer/ros2_ws/src/build/cf_control -- -j24 -l24
[0.846s] DEBUG:colcon.colcon_core.event_handler.log_command:Invoking command in '/home/developer/ros2_ws/src/build/cf_control': AMENT_PREFIX_PATH=/home/developer/ros2_ws/src/install/cf_control_msgs:${AMENT_PREFIX_PATH} CMAKE_PREFIX_PATH=/home/developer/ros2_ws/src/install/cf_control_msgs:/home/developer/ros2_ws/install:/opt/ros/humble LD_LIBRARY_PATH=/home/developer/ros2_ws/src/install/cf_control_msgs/lib:${LD_LIBRARY_PATH} PYTHONPATH=/home/developer/ros2_ws/src/install/cf_control_msgs/local/lib/python3.10/dist-packages:${PYTHONPATH} /usr/local/bin/cmake --install /home/developer/ros2_ws/src/build/cf_control
[0.880s] Level 1:colcon.colcon_core.environment:create_environment_scripts_only(cf_control)
[0.881s] Level 1:colcon.colcon_core.environment:checking '/home/developer/ros2_ws/src/install/cf_control' for CMake module files
[0.881s] DEBUG:colcon.colcon_core.event_handler.log_command:Invoked command in '/home/developer/ros2_ws/src/build/cf_control' returned '0': AMENT_PREFIX_PATH=/home/developer/ros2_ws/src/install/cf_control_msgs:${AMENT_PREFIX_PATH} CMAKE_PREFIX_PATH=/home/developer/ros2_ws/src/install/cf_control_msgs:/home/developer/ros2_ws/install:/opt/ros/humble LD_LIBRARY_PATH=/home/developer/ros2_ws/src/install/cf_control_msgs/lib:${LD_LIBRARY_PATH} PYTHONPATH=/home/developer/ros2_ws/src/install/cf_control_msgs/local/lib/python3.10/dist-packages:${PYTHONPATH} /usr/local/bin/cmake --install /home/developer/ros2_ws/src/build/cf_control
[0.882s] Level 1:colcon.colcon_core.environment:checking '/home/developer/ros2_ws/src/install/cf_control' for CMake config files
[0.883s] Level 1:colcon.colcon_core.shell:create_environment_hook('cf_control', 'cmake_prefix_path')
[0.883s] INFO:colcon.colcon_core.shell:Creating environment hook '/home/developer/ros2_ws/src/install/cf_control/share/cf_control/hook/cmake_prefix_path.ps1'
[0.884s] INFO:colcon.colcon_core.shell:Creating environment descriptor '/home/developer/ros2_ws/src/install/cf_control/share/cf_control/hook/cmake_prefix_path.dsv'
[0.884s] INFO:colcon.colcon_core.shell:Creating environment hook '/home/developer/ros2_ws/src/install/cf_control/share/cf_control/hook/cmake_prefix_path.sh'
[0.885s] Level 1:colcon.colcon_core.environment:checking '/home/developer/ros2_ws/src/install/cf_control/lib'
[0.885s] Level 1:colcon.colcon_core.shell:create_environment_hook('cf_control', 'ld_library_path_lib')
[0.886s] INFO:colcon.colcon_core.shell:Creating environment hook '/home/developer/ros2_ws/src/install/cf_control/share/cf_control/hook/ld_library_path_lib.ps1'
[0.886s] INFO:colcon.colcon_core.shell:Creating environment descriptor '/home/developer/ros2_ws/src/install/cf_control/share/cf_control/hook/ld_library_path_lib.dsv'
[0.887s] INFO:colcon.colcon_core.shell:Creating environment hook '/home/developer/ros2_ws/src/install/cf_control/share/cf_control/hook/ld_library_path_lib.sh'
[0.887s] Level 1:colcon.colcon_core.environment:checking '/home/developer/ros2_ws/src/install/cf_control/bin'
[0.888s] Level 1:colcon.colcon_core.environment:checking '/home/developer/ros2_ws/src/install/cf_control/lib/pkgconfig/cf_control.pc'
[0.888s] Level 1:colcon.colcon_core.environment:checking '/home/developer/ros2_ws/src/install/cf_control/lib/python3.10/site-packages'
[0.888s] Level 1:colcon.colcon_core.environment:checking '/home/developer/ros2_ws/src/install/cf_control/bin'
[0.889s] INFO:colcon.colcon_core.shell:Creating package script '/home/developer/ros2_ws/src/install/cf_control/share/cf_control/package.ps1'
[0.890s] INFO:colcon.colcon_core.shell:Creating package descriptor '/home/developer/ros2_ws/src/install/cf_control/share/cf_control/package.dsv'
[0.890s] INFO:colcon.colcon_core.shell:Creating package script '/home/developer/ros2_ws/src/install/cf_control/share/cf_control/package.sh'
[0.891s] INFO:colcon.colcon_core.shell:Creating package script '/home/developer/ros2_ws/src/install/cf_control/share/cf_control/package.bash'
[0.892s] INFO:colcon.colcon_core.shell:Creating package script '/home/developer/ros2_ws/src/install/cf_control/share/cf_control/package.zsh'
[0.892s] Level 1:colcon.colcon_core.environment:create_file_with_runtime_dependencies(/home/developer/ros2_ws/src/install/cf_control/share/colcon-core/packages/cf_control)
[0.893s] Level 1:colcon.colcon_core.environment:create_environment_scripts_only(cf_control)
[0.893s] Level 1:colcon.colcon_core.environment:checking '/home/developer/ros2_ws/src/install/cf_control' for CMake module files
[0.894s] Level 1:colcon.colcon_core.environment:checking '/home/developer/ros2_ws/src/install/cf_control' for CMake config files
[0.895s] Level 1:colcon.colcon_core.shell:create_environment_hook('cf_control', 'cmake_prefix_path')
[0.895s] INFO:colcon.colcon_core.shell:Creating environment hook '/home/developer/ros2_ws/src/install/cf_control/share/cf_control/hook/cmake_prefix_path.ps1'
[0.896s] INFO:colcon.colcon_core.shell:Creating environment descriptor '/home/developer/ros2_ws/src/install/cf_control/share/cf_control/hook/cmake_prefix_path.dsv'
[0.896s] INFO:colcon.colcon_core.shell:Creating environment hook '/home/developer/ros2_ws/src/install/cf_control/share/cf_control/hook/cmake_prefix_path.sh'
[0.897s] Level 1:colcon.colcon_core.environment:checking '/home/developer/ros2_ws/src/install/cf_control/lib'
[0.897s] Level 1:colcon.colcon_core.shell:create_environment_hook('cf_control', 'ld_library_path_lib')
[0.897s] INFO:colcon.colcon_core.shell:Creating environment hook '/home/developer/ros2_ws/src/install/cf_control/share/cf_control/hook/ld_library_path_lib.ps1'
[0.898s] INFO:colcon.colcon_core.shell:Creating environment descriptor '/home/developer/ros2_ws/src/install/cf_control/share/cf_control/hook/ld_library_path_lib.dsv'
[0.898s] INFO:colcon.colcon_core.shell:Creating environment hook '/home/developer/ros2_ws/src/install/cf_control/share/cf_control/hook/ld_library_path_lib.sh'
[0.899s] Level 1:colcon.colcon_core.environment:checking '/home/developer/ros2_ws/src/install/cf_control/bin'
[0.899s] Level 1:colcon.colcon_core.environment:checking '/home/developer/ros2_ws/src/install/cf_control/lib/pkgconfig/cf_control.pc'
[0.899s] Level 1:colcon.colcon_core.environment:checking '/home/developer/ros2_ws/src/install/cf_control/lib/python3.10/site-packages'
[0.900s] Level 1:colcon.colcon_core.environment:checking '/home/developer/ros2_ws/src/install/cf_control/bin'
[0.900s] INFO:colcon.colcon_core.shell:Creating package script '/home/developer/ros2_ws/src/install/cf_control/share/cf_control/package.ps1'
[0.901s] INFO:colcon.colcon_core.shell:Creating package descriptor '/home/developer/ros2_ws/src/install/cf_control/share/cf_control/package.dsv'
[0.902s] INFO:colcon.colcon_core.shell:Creating package script '/home/developer/ros2_ws/src/install/cf_control/share/cf_control/package.sh'
[0.902s] INFO:colcon.colcon_core.shell:Creating package script '/home/developer/ros2_ws/src/install/cf_control/share/cf_control/package.bash'
[0.903s] INFO:colcon.colcon_core.shell:Creating package script '/home/developer/ros2_ws/src/install/cf_control/share/cf_control/package.zsh'
[0.904s] Level 1:colcon.colcon_core.environment:create_file_with_runtime_dependencies(/home/developer/ros2_ws/src/install/cf_control/share/colcon-core/packages/cf_control)
[1.038s] DEBUG:colcon.colcon_core.event_handler.log_command:Invoking command in '/home/developer/ros2_ws/src/uavsandbox': PYTHONPATH=/home/developer/ros2_ws/src/build/uavsandbox/prefix_override:/usr/lib/python3/dist-packages/colcon_core/task/python/colcon_distutils_commands:/home/developer/ros2_ws/src/install/uavsandbox/lib/python3.10/site-packages:${PYTHONPATH} /usr/bin/python3 -W ignore:setup.py install is deprecated -W ignore:easy_install command is deprecated setup.py egg_info --egg-base ../build/uavsandbox build --build-base /home/developer/ros2_ws/src/build/uavsandbox/build install --record /home/developer/ros2_ws/src/build/uavsandbox/install.log --single-version-externally-managed install_data
[1.452s] Level 1:colcon.colcon_core.environment:checking '/home/developer/ros2_ws/src/install/uavsandbox' for CMake module files
[1.452s] DEBUG:colcon.colcon_core.event_handler.log_command:Invoked command in '/home/developer/ros2_ws/src/uavsandbox' returned '0': PYTHONPATH=/home/developer/ros2_ws/src/build/uavsandbox/prefix_override:/usr/lib/python3/dist-packages/colcon_core/task/python/colcon_distutils_commands:/home/developer/ros2_ws/src/install/uavsandbox/lib/python3.10/site-packages:${PYTHONPATH} /usr/bin/python3 -W ignore:setup.py install is deprecated -W ignore:easy_install command is deprecated setup.py egg_info --egg-base ../build/uavsandbox build --build-base /home/developer/ros2_ws/src/build/uavsandbox/build install --record /home/developer/ros2_ws/src/build/uavsandbox/install.log --single-version-externally-managed install_data
[1.453s] Level 1:colcon.colcon_core.environment:checking '/home/developer/ros2_ws/src/install/uavsandbox' for CMake config files
[1.454s] Level 1:colcon.colcon_core.environment:checking '/home/developer/ros2_ws/src/install/uavsandbox/lib'
[1.454s] Level 1:colcon.colcon_core.environment:checking '/home/developer/ros2_ws/src/install/uavsandbox/bin'
[1.454s] Level 1:colcon.colcon_core.environment:checking '/home/developer/ros2_ws/src/install/uavsandbox/lib/pkgconfig/uavsandbox.pc'
[1.455s] Level 1:colcon.colcon_core.environment:checking '/home/developer/ros2_ws/src/install/uavsandbox/lib/python3.10/site-packages'
[1.455s] Level 1:colcon.colcon_core.shell:create_environment_hook('uavsandbox', 'pythonpath')
[1.455s] INFO:colcon.colcon_core.shell:Creating environment hook '/home/developer/ros2_ws/src/install/uavsandbox/share/uavsandbox/hook/pythonpath.ps1'
[1.456s] INFO:colcon.colcon_core.shell:Creating environment descriptor '/home/developer/ros2_ws/src/install/uavsandbox/share/uavsandbox/hook/pythonpath.dsv'
[1.457s] INFO:colcon.colcon_core.shell:Creating environment hook '/home/developer/ros2_ws/src/install/uavsandbox/share/uavsandbox/hook/pythonpath.sh'
[1.458s] Level 1:colcon.colcon_core.environment:checking '/home/developer/ros2_ws/src/install/uavsandbox/bin'
[1.458s] Level 1:colcon.colcon_core.environment:create_environment_scripts_only(uavsandbox)
[1.459s] INFO:colcon.colcon_core.shell:Creating package script '/home/developer/ros2_ws/src/install/uavsandbox/share/uavsandbox/package.ps1'
[1.460s] INFO:colcon.colcon_core.shell:Creating package descriptor '/home/developer/ros2_ws/src/install/uavsandbox/share/uavsandbox/package.dsv'
[1.460s] INFO:colcon.colcon_core.shell:Creating package script '/home/developer/ros2_ws/src/install/uavsandbox/share/uavsandbox/package.sh'
[1.461s] INFO:colcon.colcon_core.shell:Creating package script '/home/developer/ros2_ws/src/install/uavsandbox/share/uavsandbox/package.bash'
[1.462s] INFO:colcon.colcon_core.shell:Creating package script '/home/developer/ros2_ws/src/install/uavsandbox/share/uavsandbox/package.zsh'
[1.462s] Level 1:colcon.colcon_core.environment:create_file_with_runtime_dependencies(/home/developer/ros2_ws/src/install/uavsandbox/share/colcon-core/packages/uavsandbox)
[1.462s] DEBUG:colcon.colcon_parallel_executor.executor.parallel:closing loop
[1.463s] DEBUG:colcon.colcon_parallel_executor.executor.parallel:loop closed
[1.463s] DEBUG:colcon.colcon_parallel_executor.executor.parallel:run_until_complete finished with '0'
[1.463s] DEBUG:colcon.colcon_core.event_reactor:joining thread
[1.467s] INFO:colcon.colcon_core.plugin_system:Skipping extension 'colcon_notification.desktop_notification.notify_send': Could not find 'notify-send'
[1.468s] INFO:colcon.colcon_core.plugin_system:Skipping extension 'colcon_notification.desktop_notification.terminal_notifier': Not used on non-Darwin systems
[1.468s] INFO:colcon.colcon_core.plugin_system:Skipping extension 'colcon_notification.desktop_notification.win32': Not used on non-Windows systems
[1.468s] INFO:colcon.colcon_notification.desktop_notification:Sending desktop notification using 'notify2'
[1.472s] DEBUG:colcon.colcon_notification.desktop_notification.notify2:Failed to initialize notify2: org.freedesktop.DBus.Error.Spawn.ExecFailed: /usr/bin/dbus-launch terminated abnormally without any error message
[1.472s] DEBUG:colcon.colcon_core.event_reactor:joined thread
[1.473s] INFO:colcon.colcon_core.shell:Creating prefix script '/home/developer/ros2_ws/src/install/local_setup.ps1'
[1.474s] INFO:colcon.colcon_core.shell:Creating prefix util module '/home/developer/ros2_ws/src/install/_local_setup_util_ps1.py'
[1.475s] INFO:colcon.colcon_core.shell:Creating prefix chain script '/home/developer/ros2_ws/src/install/setup.ps1'
[1.475s] INFO:colcon.colcon_core.shell:Creating prefix script '/home/developer/ros2_ws/src/install/local_setup.sh'
[1.476s] INFO:colcon.colcon_core.shell:Creating prefix util module '/home/developer/ros2_ws/src/install/_local_setup_util_sh.py'
[1.476s] INFO:colcon.colcon_core.shell:Creating prefix chain script '/home/developer/ros2_ws/src/install/setup.sh'
[1.477s] INFO:colcon.colcon_core.shell:Creating prefix script '/home/developer/ros2_ws/src/install/local_setup.bash'
[1.477s] INFO:colcon.colcon_core.shell:Creating prefix chain script '/home/developer/ros2_ws/src/install/setup.bash'
[1.478s] INFO:colcon.colcon_core.shell:Creating prefix script '/home/developer/ros2_ws/src/install/local_setup.zsh'
[1.479s] INFO:colcon.colcon_core.shell:Creating prefix chain script '/home/developer/ros2_ws/src/install/setup.zsh'
